<html>
<body>
<pre>
<h1>礦ision Build Log</h1>
<h2>Tool Versions:</h2>
IDE-Version: μVision V5.18.0.0
Copyright (C) 2016 ARM Ltd and ARM Germany GmbH. All rights reserved.
License Information: z z, z, LIC=50D7S-L4PH6-5BEEB-2V6W2-DZAPS-6AWYG
 
Tool Versions:
Toolchain:       MDK-ARM Professional  Version: 5.18
Toolchain Path:  D:\Program Files\Keil_v5\ARM\ARMCC\Bin
C Compiler:      Armcc.exe V5.06 update 1 (build 61)
Assembler:       Armasm.exe V5.06 update 1 (build 61)
Linker/Locator:  ArmLink.exe V5.06 update 1 (build 61)
Library Manager: ArmAr.exe V5.06 update 1 (build 61)
Hex Converter:   FromElf.exe V5.06 update 1 (build 61)
CPU DLL:         SARMCM3.DLL V5.18
Dialog DLL:      DCM.DLL V1.13.6.0
Target DLL:      CMSIS_AGDI.dll V1.25.7.0
Dialog DLL:      TCM.DLL V1.14.8.0
 
<h2>Project:</h2>
C:\Users\28336\Desktop\ARMCetui\MDK-ARM\ARMCetui.uvprojx
Project File Date:  04/02/2024

<h2>Output:</h2>
*** Using Compiler 'V5.06 update 1 (build 61)', folder: 'D:\Program Files\Keil_v5\ARM\ARMCC\Bin'
Rebuild target 'ARMCetui'
assembling startup_stm32f407xx.s...
compiling App.c...
..\Core\Src\App.c(66): warning:  #1035-D: single-precision operand implicitly converted to double-precision
  	Big_Position_Now=(float)((int)(
ig_Econder_TIM->CNT))*3.14f*Motor_Big_K/1000.0f+(float)Round_Cnt*65.535*3.14f*Motor_Big_K;//??
..\Core\Src\App.c(114): warning:  #550-D: variable "PWM" was set but never used
  		static float PWM=0.0f;//????量：占?毡龋????诘??泄?
..\Core\Src\App.c(204): warning:  #177-D: variable "i" was declared but never referenced
  		static uint16_t i = 0;
..\Core\Src\App.c(205): warning:  #177-D: variable "Shaft_Speed" was declared but never referenced
  		float Shaft_Speed = 0.0f;
..\Core\Src\App.c(206): warning:  #177-D: variable "Last_Count" was declared but never referenced
  		static int  Last_Count=0;
..\Core\Src\App.c(207): warning:  #177-D: variable "Capture_Count" was declared but never referenced
  		static int32_t Capture_Count=0; // 当前时???芗???值
..\Core\Src\App.c(338): warning:  #1035-D: single-precision operand implicitly converted to double-precision
  		x=x*3.1415926/180;
..\Core\Src\App.c(342): warning:  #1035-D: single-precision operand implicitly converted to double-precision
  		x=x*180/3.1415926;
..\Core\Src\App.c: 8 warnings, 0 errors
compiling pid.c...
compiling stm32f4xx_it.c...
compiling stm32f4xx_hal_msp.c...
compiling Tim_Init.c...
compiling usart.c...
compiling main.c...
compiling tim.c...
compiling gpio.c...
compiling protocol.c...
compiling Uart_Init.c...
..\Core\Src\Uart_Init.c(22): warning:  #177-D: function "Uart_Filter_Data" was declared but never referenced
  static void Uart_Filter_Data(uint8_t* _header,uint8_t* _input,uint8_t* _output,uint8_t _size)   //??止?荽?位
..\Core\Src\Uart_Init.c: 1 warning, 0 errors
compiling stm32f4xx_hal_rcc.c...
compiling stm32f4xx_hal_rcc_ex.c...
compiling stm32f4xx_hal_tim_ex.c...
compiling stm32f4xx_hal_flash.c...
compiling stm32f4xx_hal_pwr.c...
compiling stm32f4xx_hal_flash_ex.c...
compiling stm32f4xx_hal_flash_ramfunc.c...
compiling stm32f4xx_hal_dma.c...
compiling stm32f4xx_hal_gpio.c...
compiling stm32f4xx_hal_dma_ex.c...
compiling stm32f4xx_hal_tim.c...
compiling stm32f4xx_hal_pwr_ex.c...
compiling stm32f4xx_hal_cortex.c...
compiling stm32f4xx_hal.c...
compiling system_stm32f4xx.c...
compiling stm32f4xx_hal_exti.c...
compiling stm32f4xx_hal_uart.c...
linking...
Program Size: Code=13976 RO-data=448 RW-data=116 ZI-data=1636  
FromELF: creating hex file...
"ARMCetui\ARMCetui.axf" - 0 Error(s), 9 Warning(s).

<h2>Software Packages used:</h2>

Package Vendor: ARM
                http://www.keil.com/pack/ARM.CMSIS.4.5.0.pack
                ARM::CMSIS:CORE:4.3.0
                CMSIS (Cortex Microcontroller Software Interface Standard)
   * Component: CORE Version: 4.3.0

<h2>Collection of Component include folders:</h2>
  C:\Users\28336\Desktop\ARMCetui\MDK-ARM\RTE
  D:\Program Files\Keil_v5\ARM\PACK\ARM\CMSIS\4.5.0\CMSIS\Include
  D:\Program Files\Keil_v5\ARM\PACK\Keil\STM32F4xx_DFP\2.15.0\Drivers\CMSIS\Device\ST\STM32F4xx\Include

<h2>Collection of Component Files used:</h2>

   * Component: ARM::CMSIS:CORE:4.3.0
Build Time Elapsed:  00:00:06
</pre>
</body>
</html>
