<html>
<body>
<pre>
<h1>礦ision Build Log</h1>
<h2>Tool Versions:</h2>
IDE-Version: μVision V5.18.0.0
Copyright (C) 2016 ARM Ltd and ARM Germany GmbH. All rights reserved.
License Information: z z, z, LIC=50D7S-L4PH6-5BEEB-2V6W2-DZAPS-6AWYG
 
Tool Versions:
Toolchain:       MDK-ARM Professional  Version: 5.18
Toolchain Path:  D:\Program Files\Keil_v5\ARM\ARMCC\Bin
C Compiler:      Armcc.exe V5.06 update 1 (build 61)
Assembler:       Armasm.exe V5.06 update 1 (build 61)
Linker/Locator:  ArmLink.exe V5.06 update 1 (build 61)
Library Manager: ArmAr.exe V5.06 update 1 (build 61)
Hex Converter:   FromElf.exe V5.06 update 1 (build 61)
CPU DLL:         SARMCM3.DLL V5.18
Dialog DLL:      DCM.DLL V1.13.6.0
Target DLL:      CMSIS_AGDI.dll V1.25.7.0
Dialog DLL:      TCM.DLL V1.14.8.0
 
<h2>Project:</h2>
D:\Documents\KeTi\Arm-32\ArmCetui\ARM_CeTui_1\ARMCetui\MDK-ARM\ARMCetui.uvprojx
Project File Date:  06/08/2024

<h2>Output:</h2>
*** Using Compiler 'V5.06 update 1 (build 61)', folder: 'D:\Program Files\Keil_v5\ARM\ARMCC\Bin'
Rebuild target 'ARMCetui'
assembling startup_stm32f407xx.s...
compiling pid.c...
compiling App.c...
compiling dma.c...
compiling Uart_Init.c...
compiling main.c...
compiling gpio.c...
compiling Tim_Init.c...
compiling protocol.c...
compiling motor_control.c...
..\Core\Src\motor_control.c(9): warning:  #550-D: variable "_get" was set but never used
  		int16_t _get = 0;//实??转动?嵌?
..\Core\Src\motor_control.c(47): warning:  #550-D: variable "_get" was set but never used
  		 int16_t _get = 0;//实??转动?嵌?
..\Core\Src\motor_control.c(93): warning:  #550-D: variable "_get" was set but never used
  		 int16_t _get = 0;//实??转动?嵌?
..\Core\Src\motor_control.c(136): warning:  #550-D: variable "_get" was set but never used
  		int16_t _get = 0;//实??转动?嵌?
..\Core\Src\motor_control.c: 4 warnings, 0 errors
compiling tim.c...
compiling usart.c...
compiling stm32f4xx_hal_msp.c...
compiling stm32f4xx_it.c...
compiling stm32f4xx_hal_tim_ex.c...
compiling stm32f4xx_hal_gpio.c...
compiling stm32f4xx_hal_rcc.c...
compiling stm32f4xx_hal_flash_ex.c...
compiling stm32f4xx_hal_flash.c...
compiling stm32f4xx_hal_rcc_ex.c...
compiling stm32f4xx_hal_flash_ramfunc.c...
compiling stm32f4xx_hal_tim.c...
compiling stm32f4xx_hal_dma_ex.c...
compiling stm32f4xx_hal_pwr.c...
compiling stm32f4xx_hal_dma.c...
compiling stm32f4xx_hal_pwr_ex.c...
compiling system_stm32f4xx.c...
compiling stm32f4xx_hal.c...
compiling stm32f4xx_hal_cortex.c...
compiling stm32f4xx_hal_exti.c...
compiling stm32f4xx_hal_uart.c...
linking...
Program Size: Code=16574 RO-data=458 RW-data=84 ZI-data=2764  
FromELF: creating hex file...
"ARMCetui\ARMCetui.axf" - 0 Error(s), 4 Warning(s).

<h2>Software Packages used:</h2>

Package Vendor: ARM
                http://www.keil.com/pack/ARM.CMSIS.4.5.0.pack
                ARM::CMSIS:CORE:4.3.0
                CMSIS (Cortex Microcontroller Software Interface Standard)
   * Component: CORE Version: 4.3.0

<h2>Collection of Component include folders:</h2>
  D:\Documents\KeTi\Arm-32\ArmCetui\ARM_CeTui_1\ARMCetui\MDK-ARM\RTE
  D:\Program Files\Keil_v5\ARM\PACK\ARM\CMSIS\4.5.0\CMSIS\Include
  D:\Program Files\Keil_v5\ARM\PACK\Keil\STM32F4xx_DFP\2.15.0\Drivers\CMSIS\Device\ST\STM32F4xx\Include

<h2>Collection of Component Files used:</h2>

   * Component: ARM::CMSIS:CORE:4.3.0
Build Time Elapsed:  00:00:09
</pre>
</body>
</html>
