<html>
<body>
<pre>
<h1>礦ision Build Log</h1>
<h2>Tool Versions:</h2>
IDE-Version: μVision V5.18.0.0
Copyright (C) 2016 ARM Ltd and ARM Germany GmbH. All rights reserved.
License Information: z z, z, LIC=50D7S-L4PH6-5BEEB-2V6W2-DZAPS-6AWYG
 
Tool Versions:
Toolchain:       MDK-ARM Professional  Version: 5.18
Toolchain Path:  D:\Program Files\Keil_v5\ARM\ARMCC\Bin
C Compiler:      Armcc.exe V5.06 update 1 (build 61)
Assembler:       Armasm.exe V5.06 update 1 (build 61)
Linker/Locator:  ArmLink.exe V5.06 update 1 (build 61)
Library Manager: ArmAr.exe V5.06 update 1 (build 61)
Hex Converter:   FromElf.exe V5.06 update 1 (build 61)
CPU DLL:         SARMCM3.DLL V5.18
Dialog DLL:      DCM.DLL V1.13.6.0
Target DLL:      CMSIS_AGDI.dll V1.25.7.0
Dialog DLL:      TCM.DLL V1.14.8.0
 
<h2>Project:</h2>
D:\Documents\KeTi\Arm-32\ArmCetui\ARM_CeTui_1\ARMCetui\MDK-ARM\ARMCetui.uvprojx
Project File Date:  04/02/2024

<h2>Output:</h2>
*** Using Compiler 'V5.06 update 1 (build 61)', folder: 'D:\Program Files\Keil_v5\ARM\ARMCC\Bin'
Rebuild target 'ARMCetui'
assembling startup_stm32f407xx.s...
compiling App.c...
compiling pid.c...
compiling tim.c...
compiling main.c...
compiling stm32f4xx_hal_msp.c...
compiling stm32f4xx_it.c...
compiling Tim_Init.c...
compiling gpio.c...
compiling usart.c...
compiling protocol.c...
..\Core\Src\protocol.c(136): warning:  #223-D: function "memcpy" declared implicitly
          memcpy(buf + w_oft, data, data_len_part);                         // 写?牖?????尾
..\Core\Src\protocol.c(140): warning:  #223-D: function "memcpy" declared implicitly
          memcpy(buf + w_oft, data, data_len);    // ??写?牖?????
..\Core\Src\protocol.c(215): warning:  #223-D: function "memcpy" declared implicitly
              memcpy(data, parser.recv_ptr + parser.r_oft, data_len_part);
..\Core\Src\protocol.c(221): warning:  #223-D: function "memcpy" declared implicitly
              memcpy(data, parser.recv_ptr + parser.r_oft, parser.frame_len);
..\Core\Src\protocol.c(259): warning:  #223-D: function "memset" declared implicitly
      memset(&parser, 0, sizeof(struct prot_frame_parser_t));
..\Core\Src\protocol.c: 5 warnings, 0 errors
compiling Uart_Init.c...
..\Core\Src\Uart_Init.c(27): warning:  #223-D: function "memcpy" declared implicitly
          memcpy(_output,_input,_size);//将??全部复?乒?来
..\Core\Src\Uart_Init.c(34): warning:  #223-D: function "memcpy" declared implicitly
              memcpy(_output,_input+1,_size-1);//将帧头开始处???莞??频?前??来
..\Core\Src\Uart_Init.c(43): warning:  #223-D: function "memcpy" declared implicitly
                      memcpy(_output,_input+i,_size-i);//将帧头开始处???莞??频?前??
..\Core\Src\Uart_Init.c(23): warning:  #177-D: function "Uart_Filter_Data" was declared but never referenced
  static void Uart_Filter_Data(uint8_t* _header,uint8_t* _input,uint8_t* _output,uint8_t _size)   //??止?荽?位
..\Core\Src\Uart_Init.c: 4 warnings, 0 errors
compiling motor_control.c...
..\Core\Src\motor_control.c(7): warning:  #177-D: variable "set" was declared but never referenced
  	 static int set = 0;//?瓒?????值
..\Core\Src\motor_control.c(47): warning:  #177-D: variable "set" was declared but never referenced
  	 static int set = 0;//?瓒?????值
..\Core\Src\motor_control.c(138): warning:  #1035-D: single-precision operand implicitly converted to double-precision
  		x=x*3.1415926/180;
..\Core\Src\motor_control.c(142): warning:  #1035-D: single-precision operand implicitly converted to double-precision
  		x=x*180/3.1415926;
..\Core\Src\motor_control.c: 4 warnings, 0 errors
compiling stm32f4xx_hal_rcc.c...
compiling stm32f4xx_hal_tim_ex.c...
compiling stm32f4xx_hal_rcc_ex.c...
compiling stm32f4xx_hal_flash.c...
compiling stm32f4xx_hal_flash_ramfunc.c...
compiling stm32f4xx_hal_flash_ex.c...
compiling stm32f4xx_hal_gpio.c...
compiling stm32f4xx_hal_dma_ex.c...
compiling stm32f4xx_hal_tim.c...
compiling stm32f4xx_hal_pwr.c...
compiling stm32f4xx_hal_dma.c...
compiling stm32f4xx_hal_pwr_ex.c...
compiling stm32f4xx_hal.c...
compiling stm32f4xx_hal_cortex.c...
compiling system_stm32f4xx.c...
compiling stm32f4xx_hal_exti.c...
compiling stm32f4xx_hal_uart.c...
linking...
Program Size: Code=13892 RO-data=448 RW-data=88 ZI-data=1744  
FromELF: creating hex file...
"ARMCetui\ARMCetui.axf" - 0 Error(s), 13 Warning(s).

<h2>Software Packages used:</h2>

Package Vendor: ARM
                http://www.keil.com/pack/ARM.CMSIS.4.5.0.pack
                ARM::CMSIS:CORE:4.3.0
                CMSIS (Cortex Microcontroller Software Interface Standard)
   * Component: CORE Version: 4.3.0

<h2>Collection of Component include folders:</h2>
  D:\Documents\KeTi\Arm-32\ArmCetui\ARM_CeTui_1\ARMCetui\MDK-ARM\RTE
  D:\Program Files\Keil_v5\ARM\PACK\ARM\CMSIS\4.5.0\CMSIS\Include
  D:\Program Files\Keil_v5\ARM\PACK\Keil\STM32F4xx_DFP\2.15.0\Drivers\CMSIS\Device\ST\STM32F4xx\Include

<h2>Collection of Component Files used:</h2>

   * Component: ARM::CMSIS:CORE:4.3.0
Build Time Elapsed:  00:00:12
</pre>
</body>
</html>
