Component: ARM Compiler 5.06 update 1 (build 61) Tool: armlink [4d35a8]

==============================================================================

Section Cross References

    startup_stm32f407xx.o(RESET) refers to startup_stm32f407xx.o(STACK) for __initial_sp
    startup_stm32f407xx.o(RESET) refers to startup_stm32f407xx.o(.text) for Reset_Handler
    startup_stm32f407xx.o(RESET) refers to stm32f4xx_it.o(i.NMI_Handler) for NMI_Handler
    startup_stm32f407xx.o(RESET) refers to stm32f4xx_it.o(i.HardFault_Handler) for HardFault_Handler
    startup_stm32f407xx.o(RESET) refers to stm32f4xx_it.o(i.MemManage_Handler) for MemManage_Handler
    startup_stm32f407xx.o(RESET) refers to stm32f4xx_it.o(i.BusFault_Handler) for BusFault_Handler
    startup_stm32f407xx.o(RESET) refers to stm32f4xx_it.o(i.UsageFault_Handler) for UsageFault_Handler
    startup_stm32f407xx.o(RESET) refers to stm32f4xx_it.o(i.SVC_Handler) for SVC_Handler
    startup_stm32f407xx.o(RESET) refers to stm32f4xx_it.o(i.DebugMon_Handler) for DebugMon_Handler
    startup_stm32f407xx.o(RESET) refers to stm32f4xx_it.o(i.PendSV_Handler) for PendSV_Handler
    startup_stm32f407xx.o(RESET) refers to stm32f4xx_it.o(i.SysTick_Handler) for SysTick_Handler
    startup_stm32f407xx.o(RESET) refers to stm32f4xx_it.o(i.DMA1_Stream1_IRQHandler) for DMA1_Stream1_IRQHandler
    startup_stm32f407xx.o(RESET) refers to stm32f4xx_it.o(i.DMA1_Stream3_IRQHandler) for DMA1_Stream3_IRQHandler
    startup_stm32f407xx.o(RESET) refers to stm32f4xx_it.o(i.TIM1_UP_TIM10_IRQHandler) for TIM1_UP_TIM10_IRQHandler
    startup_stm32f407xx.o(RESET) refers to stm32f4xx_it.o(i.TIM2_IRQHandler) for TIM2_IRQHandler
    startup_stm32f407xx.o(RESET) refers to stm32f4xx_it.o(i.USART3_IRQHandler) for USART3_IRQHandler
    startup_stm32f407xx.o(RESET) refers to stm32f4xx_it.o(i.TIM6_DAC_IRQHandler) for TIM6_DAC_IRQHandler
    startup_stm32f407xx.o(.text) refers to system_stm32f4xx.o(i.SystemInit) for SystemInit
    startup_stm32f407xx.o(.text) refers to entry.o(.ARM.Collect$$$$00000000) for __main
    app.o(i.system_init) refers to tim_init.o(i.tim_pwm_enable) for tim_pwm_enable
    app.o(i.system_init) refers to uart_init.o(i.uart_enable) for uart_enable
    app.o(i.system_init) refers to tim_init.o(i.tim_basic_enable) for tim_basic_enable
    app.o(i.system_init) refers to tim_init.o(i.tim_econder_enable) for tim_econder_enable
    app.o(i.system_init) refers to pid.o(i.PID_struct_init) for PID_struct_init
    app.o(i.system_init) refers to uart_init.o(i.Usart_SendString) for Usart_SendString
    app.o(i.system_init) refers to pid.o(.bss) for Pid_Jian
    app.o(i.system_init) refers to tim.o(.bss) for htim12
    pid.o(i.PID_CascadeCalc) refers to pid.o(i.PID_calc) for PID_calc
    pid.o(i.PID_calc) refers to pid.o(i.abs_limit) for abs_limit
    pid.o(i.PID_struct_init) refers to pid.o(i.pid_param_init) for pid_param_init
    pid.o(i.PID_struct_init) refers to pid.o(i.pid_reset) for pid_reset
    protocol.o(i.protocol_data_recv) refers to protocol.o(i.recvbuf_put_data) for recvbuf_put_data
    protocol.o(i.protocol_data_recv) refers to protocol.o(.bss) for parser
    protocol.o(i.protocol_frame_parse) refers to protocol.o(i.recvbuf_get_len_to_parse) for recvbuf_get_len_to_parse
    protocol.o(i.protocol_frame_parse) refers to protocol.o(i.recvbuf_find_header) for recvbuf_find_header
    protocol.o(i.protocol_frame_parse) refers to protocol.o(i.get_frame_len) for get_frame_len
    protocol.o(i.protocol_frame_parse) refers to protocol.o(i.check_sum) for check_sum
    protocol.o(i.protocol_frame_parse) refers to protocol.o(i.get_frame_checksum) for get_frame_checksum
    protocol.o(i.protocol_frame_parse) refers to memcpya.o(.text) for __aeabi_memcpy
    protocol.o(i.protocol_frame_parse) refers to protocol.o(i.get_frame_type) for get_frame_type
    protocol.o(i.protocol_frame_parse) refers to protocol.o(.bss) for parser
    protocol.o(i.protocol_init) refers to protocol.o(.bss) for parser
    protocol.o(i.receiving_process) refers to protocol.o(i.protocol_frame_parse) for protocol_frame_parse
    protocol.o(i.receiving_process) refers to tim_init.o(i.tim_pwm_enable) for tim_pwm_enable
    protocol.o(i.receiving_process) refers to tim_init.o(i.tim_pwm_disable) for tim_pwm_disable
    protocol.o(i.receiving_process) refers to stm32f4xx_hal_cortex.o(i.HAL_NVIC_SystemReset) for HAL_NVIC_SystemReset
    protocol.o(i.receiving_process) refers to pid.o(.bss) for Pid_Big
    protocol.o(i.receiving_process) refers to tim.o(.bss) for htim6
    protocol.o(i.recvbuf_put_data) refers to memcpya.o(.text) for __aeabi_memcpy
    protocol.o(i.set_computer_value) refers to protocol.o(i.check_sum) for check_sum
    protocol.o(i.set_computer_value) refers to stm32f4xx_hal_uart.o(i.HAL_UART_Transmit) for HAL_UART_Transmit
    protocol.o(i.set_computer_value) refers to protocol.o(.bss) for set_packet
    protocol.o(i.set_computer_value) refers to usart.o(.bss) for huart3
[...]
    Removing stm32f4xx_hal_uart.o(i.HAL_UART_AbortTransmitCpltCallback), (2 bytes).
    Removing stm32f4xx_hal_uart.o(i.HAL_UART_AbortTransmit_IT), (144 bytes).
    Removing stm32f4xx_hal_uart.o(i.HAL_UART_Abort_IT), (336 bytes).
    Removing stm32f4xx_hal_uart.o(i.HAL_UART_DMAPause), (166 bytes).
    Removing stm32f4xx_hal_uart.o(i.HAL_UART_DMAResume), (170 bytes).
    Removing stm32f4xx_hal_uart.o(i.HAL_UART_DMAStop), (138 bytes).
    Removing stm32f4xx_hal_uart.o(i.HAL_UART_DeInit), (62 bytes).
    Removing stm32f4xx_hal_uart.o(i.HAL_UART_GetError), (6 bytes).
    Removing stm32f4xx_hal_uart.o(i.HAL_UART_GetState), (20 bytes).
    Removing stm32f4xx_hal_uart.o(i.HAL_UART_MspDeInit), (2 bytes).
    Removing stm32f4xx_hal_uart.o(i.HAL_UART_MspInit), (2 bytes).
    Removing stm32f4xx_hal_uart.o(i.HAL_UART_Receive), (194 bytes).
    Removing stm32f4xx_hal_uart.o(i.HAL_UART_Receive_DMA), (44 bytes).
    Removing stm32f4xx_hal_uart.o(i.HAL_UART_RxHalfCpltCallback), (2 bytes).
    Removing stm32f4xx_hal_uart.o(i.HAL_UART_Transmit_DMA), (140 bytes).
    Removing stm32f4xx_hal_uart.o(i.HAL_UART_Transmit_IT), (56 bytes).
    Removing stm32f4xx_hal_uart.o(i.HAL_UART_TxHalfCpltCallback), (2 bytes).
    Removing stm32f4xx_hal_uart.o(i.UART_DMAError), (80 bytes).
    Removing stm32f4xx_hal_uart.o(i.UART_DMAReceiveCplt), (180 bytes).
    Removing stm32f4xx_hal_uart.o(i.UART_DMARxAbortCallback), (56 bytes).
    Removing stm32f4xx_hal_uart.o(i.UART_DMARxHalfCplt), (36 bytes).
    Removing stm32f4xx_hal_uart.o(i.UART_DMARxOnlyAbortCallback), (28 bytes).
    Removing stm32f4xx_hal_uart.o(i.UART_DMATransmitCplt), (88 bytes).
    Removing stm32f4xx_hal_uart.o(i.UART_DMATxAbortCallback), (56 bytes).
    Removing stm32f4xx_hal_uart.o(i.UART_DMATxHalfCplt), (14 bytes).
    Removing stm32f4xx_hal_uart.o(i.UART_DMATxOnlyAbortCallback), (24 bytes).
    Removing stm32f4xx_hal_uart.o(i.UART_EndTxTransfer), (38 bytes).
    Removing stm32f4xx_hal_uart.o(i.UART_Start_Receive_DMA), (200 bytes).
    Removing system_stm32f4xx.o(.rev16_text), (4 bytes).
    Removing system_stm32f4xx.o(.revsh_text), (4 bytes).
    Removing system_stm32f4xx.o(.rrx_text), (6 bytes).
    Removing system_stm32f4xx.o(i.SystemCoreClockUpdate), (192 bytes).

444 unused section(s) (total 41258 bytes) removed from the image.

==============================================================================

Image Symbol Table

    Local Symbols

    Symbol Name                              Value     Ov Type        Size  Object(Section)

    ../Core/Src/dma.c                        0x00000000   Number         0  dma.o ABSOLUTE
    ../Core/Src/gpio.c                       0x00000000   Number         0  gpio.o ABSOLUTE
    ../Core/Src/main.c                       0x00000000   Number         0  main.o ABSOLUTE
    ../Core/Src/stm32f4xx_hal_msp.c          0x00000000   Number         0  stm32f4xx_hal_msp.o ABSOLUTE
    ../Core/Src/stm32f4xx_it.c               0x00000000   Number         0  stm32f4xx_it.o ABSOLUTE
    ../Core/Src/system_stm32f4xx.c           0x00000000   Number         0  system_stm32f4xx.o ABSOLUTE
    ../Core/Src/tim.c                        0x00000000   Number         0  tim.o ABSOLUTE
    ../Core/Src/usart.c                      0x00000000   Number         0  usart.o ABSOLUTE
    ../Drivers/STM32F4xx_HAL_Driver/Src/stm32f4xx_hal.c 0x00000000   Number         0  stm32f4xx_hal.o ABSOLUTE
    ../Drivers/STM32F4xx_HAL_Driver/Src/stm32f4xx_hal_cortex.c 0x00000000   Number         0  stm32f4xx_hal_cortex.o ABSOLUTE
    ../Drivers/STM32F4xx_HAL_Driver/Src/stm32f4xx_hal_dma.c 0x00000000   Number         0  stm32f4xx_hal_dma.o ABSOLUTE
    ../Drivers/STM32F4xx_HAL_Driver/Src/stm32f4xx_hal_dma_ex.c 0x00000000   Number         0  stm32f4xx_hal_dma_ex.o ABSOLUTE
    ../Drivers/STM32F4xx_HAL_Driver/Src/stm32f4xx_hal_exti.c 0x00000000   Number         0  stm32f4xx_hal_exti.o ABSOLUTE
    ../Drivers/STM32F4xx_HAL_Driver/Src/stm32f4xx_hal_flash.c 0x00000000   Number         0  stm32f4xx_hal_flash.o ABSOLUTE
    ../Drivers/STM32F4xx_HAL_Driver/Src/stm32f4xx_hal_flash_ex.c 0x00000000   Number         0  stm32f4xx_hal_flash_ex.o ABSOLUTE
    ../Drivers/STM32F4xx_HAL_Driver/Src/stm32f4xx_hal_flash_ramfunc.c 0x00000000   Number         0  stm32f4xx_hal_flash_ramfunc.o ABSOLUTE
    ../Drivers/STM32F4xx_HAL_Driver/Src/stm32f4xx_hal_gpio.c 0x00000000   Number         0  stm32f4xx_hal_gpio.o ABSOLUTE
    ../Drivers/STM32F4xx_HAL_Driver/Src/stm32f4xx_hal_pwr.c 0x00000000   Number         0  stm32f4xx_hal_pwr.o ABSOLUTE
    ../Drivers/STM32F4xx_HAL_Driver/Src/stm32f4xx_hal_pwr_ex.c 0x00000000   Number         0  stm32f4xx_hal_pwr_ex.o ABSOLUTE
    ../Drivers/STM32F4xx_HAL_Driver/Src/stm32f4xx_hal_rcc.c 0x00000000   Number         0  stm32f4xx_hal_rcc.o ABSOLUTE
    ../Drivers/STM32F4xx_HAL_Driver/Src/stm32f4xx_hal_rcc_ex.c 0x00000000   Number         0  stm32f4xx_hal_rcc_ex.o ABSOLUTE
    ../Drivers/STM32F4xx_HAL_Driver/Src/stm32f4xx_hal_tim.c 0x00000000   Number         0  stm32f4xx_hal_tim.o ABSOLUTE
    ../Drivers/STM32F4xx_HAL_Driver/Src/stm32f4xx_hal_tim_ex.c 0x00000000   Number         0  stm32f4xx_hal_tim_ex.o ABSOLUTE
    ../Drivers/STM32F4xx_HAL_Driver/Src/stm32f4xx_hal_uart.c 0x00000000   Number         0  stm32f4xx_hal_uart.o ABSOLUTE
    ../clib/microlib/division.c              0x00000000   Number         0  uldiv.o ABSOLUTE
    ../clib/microlib/division.c              0x00000000   Number         0  uidiv.o ABSOLUTE
    ../clib/microlib/init/entry.s            0x00000000   Number         0  entry10a.o ABSOLUTE
    ../clib/microlib/init/entry.s            0x00000000   Number         0  entry9a.o ABSOLUTE
    ../clib/microlib/init/entry.s            0x00000000   Number         0  entry10b.o ABSOLUTE
    ../clib/microlib/init/entry.s            0x00000000   Number         0  entry11a.o ABSOLUTE
    ../clib/microlib/init/entry.s            0x00000000   Number         0  entry8b.o ABSOLUTE
    ../clib/microlib/init/entry.s            0x00000000   Number         0  entry8a.o ABSOLUTE
    ../clib/microlib/init/entry.s            0x00000000   Number         0  entry7b.o ABSOLUTE
    ../clib/microlib/init/entry.s            0x00000000   Number         0  entry.o ABSOLUTE
    ../clib/microlib/init/entry.s            0x00000000   Number         0  entry11b.o ABSOLUTE
    ../clib/microlib/init/entry.s            0x00000000   Number         0  entry5.o ABSOLUTE
    ../clib/microlib/init/entry.s            0x00000000   Number         0  entry2.o ABSOLUTE
    ../clib/microlib/init/entry.s            0x00000000   Number         0  entry9b.o ABSOLUTE
    ../clib/microlib/init/entry.s            0x00000000   Number         0  entry7a.o ABSOLUTE
    ../clib/microlib/longlong.c              0x00000000   Number         0  llsshr.o ABSOLUTE
    ../clib/microlib/longlong.c              0x00000000   Number         0  llshl.o ABSOLUTE
    ../clib/microlib/longlong.c              0x00000000   Number         0  llushr.o ABSOLUTE
    ../clib/microlib/printf/printf.c         0x00000000   Number         0  printf0.o ABSOLUTE
    ../clib/microlib/printf/printf.c         0x00000000   Number         0  printf1.o ABSOLUTE
    ../clib/microlib/printf/printf.c         0x00000000   Number         0  printf4.o ABSOLUTE
    ../clib/microlib/printf/printf.c         0x00000000   Number         0  printf2.o ABSOLUTE
    ../clib/microlib/printf/printf.c         0x00000000   Number         0  printf3.o ABSOLUTE
    ../clib/microlib/printf/printf.c         0x00000000   Number         0  printf6.o ABSOLUTE
    ../clib/microlib/printf/printf.c         0x00000000   Number         0  printf7.o ABSOLUTE
    ../clib/microlib/printf/printf.c         0x00000000   Number         0  printf8.o ABSOLUTE
    ../clib/microlib/printf/printf.c         0x00000000   Number         0  printfa.o ABSOLUTE
    ../clib/microlib/printf/printf.c         0x00000000   Number         0  printf5.o ABSOLUTE
    ../clib/microlib/printf/printf.c         0x00000000   Number         0  printfb.o ABSOLUTE
    ../clib/microlib/printf/stubs.s          0x00000000   Number         0  stubs.o ABSOLUTE
    ../clib/microlib/stdio/streams.c         0x00000000   Number         0  stdout.o ABSOLUTE
    ../clib/microlib/string/memcpy.c         0x00000000   Number         0  memcpya.o ABSOLUTE
    ../clib/microlib/string/memcpy.c         0x00000000   Number         0  memcpyb.o ABSOLUTE
    ../clib/microlib/string/memset.c         0x00000000   Number         0  memseta.o ABSOLUTE
    ../clib/microlib/stubs.s                 0x00000000   Number         0  iusefp.o ABSOLUTE
    ../fplib/microlib/f2d.c                  0x00000000   Number         0  f2d.o ABSOLUTE
    ../fplib/microlib/fpadd.c                0x00000000   Number         0  dadd.o ABSOLUTE
    ../fplib/microlib/fpdiv.c                0x00000000   Number         0  ddiv.o ABSOLUTE
    ../fplib/microlib/fpepilogue.c           0x00000000   Number         0  depilogue.o ABSOLUTE
    ../fplib/microlib/fpfix.c                0x00000000   Number         0  dfixi.o ABSOLUTE
    ../fplib/microlib/fpfix.c                0x00000000   Number         0  dfixul.o ABSOLUTE
    ../fplib/microlib/fpflt.c                0x00000000   Number         0  dflti.o ABSOLUTE
    ../fplib/microlib/fpmul.c                0x00000000   Number         0  dmul.o ABSOLUTE
    ..\Core\Src\App.c                        0x00000000   Number         0  app.o ABSOLUTE
    ..\Core\Src\Tim_Init.c                   0x00000000   Number         0  tim_init.o ABSOLUTE
    ..\Core\Src\Uart_Init.c                  0x00000000   Number         0  uart_init.o ABSOLUTE
    ..\Core\Src\dma.c                        0x00000000   Number         0  dma.o ABSOLUTE
    ..\Core\Src\gpio.c                       0x00000000   Number         0  gpio.o ABSOLUTE
    ..\Core\Src\main.c                       0x00000000   Number         0  main.o ABSOLUTE
    ..\Core\Src\motor_control.c              0x00000000   Number         0  motor_control.o ABSOLUTE
    ..\Core\Src\pid.c                        0x00000000   Number         0  pid.o ABSOLUTE
    ..\Core\Src\protocol.c                   0x00000000   Number         0  protocol.o ABSOLUTE
    ..\Core\Src\stm32f4xx_hal_msp.c          0x00000000   Number         0  stm32f4xx_hal_msp.o ABSOLUTE
    ..\Core\Src\stm32f4xx_it.c               0x00000000   Number         0  stm32f4xx_it.o ABSOLUTE
    ..\Core\Src\system_stm32f4xx.c           0x00000000   Number         0  system_stm32f4xx.o ABSOLUTE
    ..\Core\Src\tim.c                        0x00000000   Number         0  tim.o ABSOLUTE
    ..\Core\Src\usart.c                      0x00000000   Number         0  usart.o ABSOLUTE
    ..\Drivers\STM32F4xx_HAL_Driver\Src\stm32f4xx_hal.c 0x00000000   Number         0  stm32f4xx_hal.o ABSOLUTE
    ..\Drivers\STM32F4xx_HAL_Driver\Src\stm32f4xx_hal_cortex.c 0x00000000   Number         0  stm32f4xx_hal_cortex.o ABSOLUTE
    ..\Drivers\STM32F4xx_HAL_Driver\Src\stm32f4xx_hal_dma.c 0x00000000   Number         0  stm32f4xx_hal_dma.o ABSOLUTE
    ..\Drivers\STM32F4xx_HAL_Driver\Src\stm32f4xx_hal_dma_ex.c 0x00000000   Number         0  stm32f4xx_hal_dma_ex.o ABSOLUTE
    ..\Drivers\STM32F4xx_HAL_Driver\Src\stm32f4xx_hal_exti.c 0x00000000   Number         0  stm32f4xx_hal_exti.o ABSOLUTE
    ..\Drivers\STM32F4xx_HAL_Driver\Src\stm32f4xx_hal_flash.c 0x00000000   Number         0  stm32f4xx_hal_flash.o ABSOLUTE
    ..\Drivers\STM32F4xx_HAL_Driver\Src\stm32f4xx_hal_flash_ex.c 0x00000000   Number         0  stm32f4xx_hal_flash_ex.o ABSOLUTE
    ..\Drivers\STM32F4xx_HAL_Driver\Src\stm32f4xx_hal_flash_ramfunc.c 0x00000000   Number         0  stm32f4xx_hal_flash_ramfunc.o ABSOLUTE
    ..\Drivers\STM32F4xx_HAL_Driver\Src\stm32f4xx_hal_gpio.c 0x00000000   Number         0  stm32f4xx_hal_gpio.o ABSOLUTE
    ..\Drivers\STM32F4xx_HAL_Driver\Src\stm32f4xx_hal_pwr.c 0x00000000   Number         0  stm32f4xx_hal_pwr.o ABSOLUTE
    ..\Drivers\STM32F4xx_HAL_Driver\Src\stm32f4xx_hal_pwr_ex.c 0x00000000   Number         0  stm32f4xx_hal_pwr_ex.o ABSOLUTE
    ..\Drivers\STM32F4xx_HAL_Driver\Src\stm32f4xx_hal_rcc.c 0x00000000   Number         0  stm32f4xx_hal_rcc.o ABSOLUTE
    ..\Drivers\STM32F4xx_HAL_Driver\Src\stm32f4xx_hal_rcc_ex.c 0x00000000   Number         0  stm32f4xx_hal_rcc_ex.o ABSOLUTE
    ..\Drivers\STM32F4xx_HAL_Driver\Src\stm32f4xx_hal_tim.c 0x00000000   Number         0  stm32f4xx_hal_tim.o ABSOLUTE
    ..\Drivers\STM32F4xx_HAL_Driver\Src\stm32f4xx_hal_tim_ex.c 0x00000000   Number         0  stm32f4xx_hal_tim_ex.o ABSOLUTE
    ..\Drivers\STM32F4xx_HAL_Driver\Src\stm32f4xx_hal_uart.c 0x00000000   Number         0  stm32f4xx_hal_uart.o ABSOLUTE
    ..\\Core\\Src\\App.c                     0x00000000   Number         0  app.o ABSOLUTE
    ..\\Core\\Src\\Tim_Init.c                0x00000000   Number         0  tim_init.o ABSOLUTE
    ..\\Core\\Src\\Uart_Init.c               0x00000000   Number         0  uart_init.o ABSOLUTE
    ..\\Core\\Src\\motor_control.c           0x00000000   Number         0  motor_control.o ABSOLUTE
    ..\\Core\\Src\\pid.c                     0x00000000   Number         0  pid.o ABSOLUTE
    ..\\Core\\Src\\protocol.c                0x00000000   Number         0  protocol.o ABSOLUTE
    cdrcmple.s                               0x00000000   Number         0  cdrcmple.o ABSOLUTE
    dc.s                                     0x00000000   Number         0  dc.o ABSOLUTE
    handlers.s                               0x00000000   Number         0  handlers.o ABSOLUTE
    init.s                                   0x00000000   Number         0  init.o ABSOLUTE
    startup_stm32f407xx.s                    0x00000000   Number         0  startup_stm32f407xx.o ABSOLUTE
    RESET                                    0x08000000   Section      392  startup_stm32f407xx.o(RESET)
    .ARM.Collect$$$$00000000                 0x08000188   Section        0  entry.o(.ARM.Collect$$$$00000000)
    .ARM.Collect$$$$00000001                 0x08000188   Section        4  entry2.o(.ARM.Collect$$$$00000001)
    .ARM.Collect$$$$00000004                 0x0800018c   Section        4  entry5.o(.ARM.Collect$$$$00000004)
    .ARM.Collect$$$$00000008                 0x08000190   Section        0  entry7b.o(.ARM.Collect$$$$00000008)
    .ARM.Collect$$$$0000000A                 0x08000190   Section        0  entry8b.o(.ARM.Collect$$$$0000000A)
    .ARM.Collect$$$$0000000B                 0x08000190   Section        8  entry9a.o(.ARM.Collect$$$$0000000B)
    .ARM.Collect$$$$0000000D                 0x08000198   Section        0  entry10a.o(.ARM.Collect$$$$0000000D)
    .ARM.Collect$$$$0000000F                 0x08000198   Section        0  entry11a.o(.ARM.Collect$$$$0000000F)
    .ARM.Collect$$$$00002712                 0x08000198   Section        4  entry2.o(.ARM.Collect$$$$00002712)
    __lit__00000000                          0x08000198   Data           4  entry2.o(.ARM.Collect$$$$00002712)
    .text                                    0x0800019c   Section       36  startup_stm32f407xx.o(.text)
    $v0                                      0x0800019c   Number         0  startup_stm32f407xx.o(.text)
    .text                                    0x080001c0   Section        0  uldiv.o(.text)
    .text                                    0x08000222   Section        0  memseta.o(.text)
    .text                                    0x08000246   Section        0  dadd.o(.text)
    .text                                    0x08000394   Section        0  dmul.o(.text)
    .text                                    0x08000478   Section        0  dflti.o(.text)
    .text                                    0x0800049a   Section        0  dfixi.o(.text)
    .text                                    0x080004d8   Section        0  f2d.o(.text)
    .text                                    0x080004fe   Section        0  uidiv.o(.text)
    .text                                    0x0800052a   Section        0  llshl.o(.text)
    .text                                    0x08000548   Section        0  llushr.o(.text)
    .text                                    0x08000568   Section        0  llsshr.o(.text)
    .text                                    0x0800058c   Section        0  iusefp.o(.text)
    .text                                    0x0800058c   Section        0  depilogue.o(.text)
    .text                                    0x08000646   Section        0  ddiv.o(.text)
    .text                                    0x08000724   Section        0  dfixul.o(.text)
    .text                                    0x08000754   Section       48  cdrcmple.o(.text)
    .text                                    0x08000784   Section       36  init.o(.text)
    i.BusFault_Handler                       0x080007a8   Section        0  stm32f4xx_it.o(i.BusFault_Handler)
    i.DMA1_Stream1_IRQHandler                0x080007ac   Section        0  stm32f4xx_it.o(i.DMA1_Stream1_IRQHandler)
    i.DMA1_Stream3_IRQHandler                0x080007bc   Section        0  stm32f4xx_it.o(i.DMA1_Stream3_IRQHandler)
    i.DMA_CalcBaseAndBitshift                0x080007cc   Section        0  stm32f4xx_hal_dma.o(i.DMA_CalcBaseAndBitshift)
    DMA_CalcBaseAndBitshift                  0x080007cd   Thumb Code    46  stm32f4xx_hal_dma.o(i.DMA_CalcBaseAndBitshift)
    i.DMA_CheckFifoParam                     0x08000800   Section        0  stm32f4xx_hal_dma.o(i.DMA_CheckFifoParam)
    DMA_CheckFifoParam                       0x08000801   Thumb Code   170  stm32f4xx_hal_dma.o(i.DMA_CheckFifoParam)
    i.DebugMon_Handler                       0x080008aa   Section        0  stm32f4xx_it.o(i.DebugMon_Handler)
    i.Error_Handler                          0x080008ac   Section        0  main.o(i.Error_Handler)
    i.HAL_DMA_Abort                          0x080008b2   Section        0  stm32f4xx_hal_dma.o(i.HAL_DMA_Abort)
    i.HAL_DMA_Abort_IT                       0x0800095e   Section        0  stm32f4xx_hal_dma.o(i.HAL_DMA_Abort_IT)
    i.HAL_DMA_IRQHandler                     0x08000988   Section        0  stm32f4xx_hal_dma.o(i.HAL_DMA_IRQHandler)
    i.HAL_DMA_Init                           0x08000bc8   Section        0  stm32f4xx_hal_dma.o(i.HAL_DMA_Init)
    i.HAL_Delay                              0x08000cb4   Section        0  stm32f4xx_hal.o(i.HAL_Delay)
    i.HAL_GPIO_Init                          0x08000cdc   Section        0  stm32f4xx_hal_gpio.o(i.HAL_GPIO_Init)
    i.HAL_GetTick                            0x08000ed0   Section        0  stm32f4xx_hal.o(i.HAL_GetTick)
    i.HAL_IncTick                            0x08000edc   Section        0  stm32f4xx_hal.o(i.HAL_IncTick)
    i.HAL_Init                               0x08000ef4   Section        0  stm32f4xx_hal.o(i.HAL_Init)
    i.HAL_InitTick                           0x08000f30   Section        0  stm32f4xx_hal.o(i.HAL_InitTick)
    i.HAL_MspInit                            0x08000f7c   Section        0  stm32f4xx_hal_msp.o(i.HAL_MspInit)
    i.HAL_NVIC_EnableIRQ                     0x08000fc4   Section        0  stm32f4xx_hal_cortex.o(i.HAL_NVIC_EnableIRQ)
    i.HAL_NVIC_SetPriority                   0x08000fec   Section        0  stm32f4xx_hal_cortex.o(i.HAL_NVIC_SetPriority)
    i.HAL_NVIC_SetPriorityGrouping           0x08001068   Section        0  stm32f4xx_hal_cortex.o(i.HAL_NVIC_SetPriorityGrouping)
    i.HAL_RCC_ClockConfig                    0x08001090   Section        0  stm32f4xx_hal_rcc.o(i.HAL_RCC_ClockConfig)
    i.HAL_RCC_GetHCLKFreq                    0x08001214   Section        0  stm32f4xx_hal_rcc.o(i.HAL_RCC_GetHCLKFreq)
    i.HAL_RCC_GetPCLK1Freq                   0x08001220   Section        0  stm32f4xx_hal_rcc.o(i.HAL_RCC_GetPCLK1Freq)
    i.HAL_RCC_GetPCLK2Freq                   0x08001240   Section        0  stm32f4xx_hal_rcc.o(i.HAL_RCC_GetPCLK2Freq)
    i.HAL_RCC_GetSysClockFreq                0x08001260   Section        0  stm32f4xx_hal_rcc.o(i.HAL_RCC_GetSysClockFreq)
    i.HAL_RCC_OscConfig                      0x08001310   Section        0  stm32f4xx_hal_rcc.o(i.HAL_RCC_OscConfig)
    i.HAL_SYSTICK_Config                     0x080017ac   Section        0  stm32f4xx_hal_cortex.o(i.HAL_SYSTICK_Config)
    i.HAL_TIMEx_BreakCallback                0x080017e0   Section        0  stm32f4xx_hal_tim_ex.o(i.HAL_TIMEx_BreakCallback)
    i.HAL_TIMEx_CommutCallback               0x080017e2   Section        0  stm32f4xx_hal_tim_ex.o(i.HAL_TIMEx_CommutCallback)
    i.HAL_TIMEx_ConfigBreakDeadTime          0x080017e4   Section        0  stm32f4xx_hal_tim_ex.o(i.HAL_TIMEx_ConfigBreakDeadTime)
    i.HAL_TIMEx_MasterConfigSynchronization  0x08001858   Section        0  stm32f4xx_hal_tim_ex.o(i.HAL_TIMEx_MasterConfigSynchronization)
    i.HAL_TIM_Base_Init                      0x0800190c   Section        0  stm32f4xx_hal_tim.o(i.HAL_TIM_Base_Init)
    i.HAL_TIM_Base_MspInit                   0x08001974   Section        0  tim.o(i.HAL_TIM_Base_MspInit)
    i.HAL_TIM_Base_Start_IT                  0x08001a74   Section        0  stm32f4xx_hal_tim.o(i.HAL_TIM_Base_Start_IT)
    i.HAL_TIM_ConfigClockSource              0x08001b1c   Section        0  stm32f4xx_hal_tim.o(i.HAL_TIM_ConfigClockSource)
    i.HAL_TIM_Encoder_Init                   0x08001c28   Section        0  stm32f4xx_hal_tim.o(i.HAL_TIM_Encoder_Init)
    i.HAL_TIM_Encoder_MspInit                0x08001cf0   Section        0  tim.o(i.HAL_TIM_Encoder_MspInit)
    i.HAL_TIM_Encoder_Start                  0x08001f28   Section        0  stm32f4xx_hal_tim.o(i.HAL_TIM_Encoder_Start)
    i.HAL_TIM_IC_CaptureCallback             0x08001ff4   Section        0  stm32f4xx_hal_tim.o(i.HAL_TIM_IC_CaptureCallback)
    i.HAL_TIM_IRQHandler                     0x08001ff6   Section        0  stm32f4xx_hal_tim.o(i.HAL_TIM_IRQHandler)
    i.HAL_TIM_MspPostInit                    0x08002164   Section        0  tim.o(i.HAL_TIM_MspPostInit)
    i.HAL_TIM_OC_DelayElapsedCallback        0x080022ac   Section        0  stm32f4xx_hal_tim.o(i.HAL_TIM_OC_DelayElapsedCallback)
    i.HAL_TIM_PWM_ConfigChannel              0x080022ae   Section        0  stm32f4xx_hal_tim.o(i.HAL_TIM_PWM_ConfigChannel)
    i.HAL_TIM_PWM_Init                       0x080023b2   Section        0  stm32f4xx_hal_tim.o(i.HAL_TIM_PWM_Init)
    i.HAL_TIM_PWM_MspInit                    0x08002418   Section        0  stm32f4xx_hal_tim.o(i.HAL_TIM_PWM_MspInit)
    i.HAL_TIM_PWM_PulseFinishedCallback      0x0800241a   Section        0  stm32f4xx_hal_tim.o(i.HAL_TIM_PWM_PulseFinishedCallback)
    i.HAL_TIM_PWM_Start                      0x0800241c   Section        0  stm32f4xx_hal_tim.o(i.HAL_TIM_PWM_Start)
    i.HAL_TIM_PeriodElapsedCallback          0x08002528   Section        0  tim_init.o(i.HAL_TIM_PeriodElapsedCallback)
    i.HAL_TIM_TriggerCallback                0x0800262c   Section        0  stm32f4xx_hal_tim.o(i.HAL_TIM_TriggerCallback)
    i.HAL_UARTEx_RxEventCallback             0x0800262e   Section        0  stm32f4xx_hal_uart.o(i.HAL_UARTEx_RxEventCallback)
    i.HAL_UART_ErrorCallback                 0x08002630   Section        0  stm32f4xx_hal_uart.o(i.HAL_UART_ErrorCallback)
    i.HAL_UART_IRQHandler                    0x08002634   Section        0  stm32f4xx_hal_uart.o(i.HAL_UART_IRQHandler)
    i.HAL_UART_Init                          0x0800291c   Section        0  stm32f4xx_hal_uart.o(i.HAL_UART_Init)
    i.HAL_UART_MspInit                       0x08002994   Section        0  usart.o(i.HAL_UART_MspInit)
    i.HAL_UART_Receive_IT                    0x08002ab0   Section        0  stm32f4xx_hal_uart.o(i.HAL_UART_Receive_IT)
    i.HAL_UART_RxCpltCallback                0x08002adc   Section        0  stm32f4xx_hal_uart.o(i.HAL_UART_RxCpltCallback)
    i.HAL_UART_Transmit                      0x08002ade   Section        0  stm32f4xx_hal_uart.o(i.HAL_UART_Transmit)
    i.HAL_UART_TxCpltCallback                0x08002b9c   Section        0  stm32f4xx_hal_uart.o(i.HAL_UART_TxCpltCallback)
    i.HardFault_Handler                      0x08002b9e   Section        0  stm32f4xx_it.o(i.HardFault_Handler)
    i.MX_DMA_Init                            0x08002ba4   Section        0  dma.o(i.MX_DMA_Init)
    i.MX_GPIO_Init                           0x08002bec   Section        0  gpio.o(i.MX_GPIO_Init)
    i.MX_TIM12_Init                          0x08002cac   Section        0  tim.o(i.MX_TIM12_Init)
    i.MX_TIM1_Init                           0x08002d48   Section        0  tim.o(i.MX_TIM1_Init)
    i.MX_TIM2_Init                           0x08002dc4   Section        0  tim.o(i.MX_TIM2_Init)
    i.MX_TIM3_Init                           0x08002e3c   Section        0  tim.o(i.MX_TIM3_Init)
    i.MX_TIM4_Init                           0x08002eb8   Section        0  tim.o(i.MX_TIM4_Init)
    i.MX_TIM5_Init                           0x08002f34   Section        0  tim.o(i.MX_TIM5_Init)
    i.MX_TIM6_Init                           0x08003008   Section        0  tim.o(i.MX_TIM6_Init)
    i.MX_TIM8_Init                           0x08003054   Section        0  tim.o(i.MX_TIM8_Init)
    i.MX_TIM9_Init                           0x0800315c   Section        0  tim.o(i.MX_TIM9_Init)
    i.MX_USART3_UART_Init                    0x080031f8   Section        0  usart.o(i.MX_USART3_UART_Init)
    i.MemManage_Handler                      0x08003230   Section        0  stm32f4xx_it.o(i.MemManage_Handler)
    i.NMI_Handler                            0x08003234   Section        0  stm32f4xx_it.o(i.NMI_Handler)
    i.PID_calc                               0x08003238   Section        0  pid.o(i.PID_calc)
    i.PID_struct_init                        0x08003408   Section        0  pid.o(i.PID_struct_init)
    i.PendSV_Handler                         0x08003484   Section        0  stm32f4xx_it.o(i.PendSV_Handler)
    i.SVC_Handler                            0x08003486   Section        0  stm32f4xx_it.o(i.SVC_Handler)
    i.SysTick_Handler                        0x08003488   Section        0  stm32f4xx_it.o(i.SysTick_Handler)
    i.SystemClock_Config                     0x08003490   Section        0  main.o(i.SystemClock_Config)
    i.SystemInit                             0x08003544   Section        0  system_stm32f4xx.o(i.SystemInit)
    i.TIM1_UP_TIM10_IRQHandler               0x08003558   Section        0  stm32f4xx_it.o(i.TIM1_UP_TIM10_IRQHandler)
    i.TIM2_IRQHandler                        0x08003568   Section        0  stm32f4xx_it.o(i.TIM2_IRQHandler)
    i.TIM6_DAC_IRQHandler                    0x08003578   Section        0  stm32f4xx_it.o(i.TIM6_DAC_IRQHandler)
    i.TIM_Base_SetConfig                     0x08003588   Section        0  stm32f4xx_hal_tim.o(i.TIM_Base_SetConfig)
    i.TIM_CCxChannelCmd                      0x08003670   Section        0  stm32f4xx_hal_tim.o(i.TIM_CCxChannelCmd)
    i.TIM_ETR_SetConfig                      0x08003692   Section        0  stm32f4xx_hal_tim.o(i.TIM_ETR_SetConfig)
    i.TIM_ITRx_SetConfig                     0x080036a8   Section        0  stm32f4xx_hal_tim.o(i.TIM_ITRx_SetConfig)
    TIM_ITRx_SetConfig                       0x080036a9   Thumb Code    18  stm32f4xx_hal_tim.o(i.TIM_ITRx_SetConfig)
    i.TIM_OC1_SetConfig                      0x080036bc   Section        0  stm32f4xx_hal_tim.o(i.TIM_OC1_SetConfig)
    TIM_OC1_SetConfig                        0x080036bd   Thumb Code   104  stm32f4xx_hal_tim.o(i.TIM_OC1_SetConfig)
    i.TIM_OC2_SetConfig                      0x0800372c   Section        0  stm32f4xx_hal_tim.o(i.TIM_OC2_SetConfig)
    i.TIM_OC3_SetConfig                      0x080037a8   Section        0  stm32f4xx_hal_tim.o(i.TIM_OC3_SetConfig)
    TIM_OC3_SetConfig                        0x080037a9   Thumb Code   112  stm32f4xx_hal_tim.o(i.TIM_OC3_SetConfig)
    i.TIM_OC4_SetConfig                      0x08003820   Section        0  stm32f4xx_hal_tim.o(i.TIM_OC4_SetConfig)
    TIM_OC4_SetConfig                        0x08003821   Thumb Code    74  stm32f4xx_hal_tim.o(i.TIM_OC4_SetConfig)
    i.TIM_TI1_ConfigInputStage               0x08003874   Section        0  stm32f4xx_hal_tim.o(i.TIM_TI1_ConfigInputStage)
    TIM_TI1_ConfigInputStage                 0x08003875   Thumb Code    38  stm32f4xx_hal_tim.o(i.TIM_TI1_ConfigInputStage)
    i.TIM_TI2_ConfigInputStage               0x0800389a   Section        0  stm32f4xx_hal_tim.o(i.TIM_TI2_ConfigInputStage)
    TIM_TI2_ConfigInputStage                 0x0800389b   Thumb Code    40  stm32f4xx_hal_tim.o(i.TIM_TI2_ConfigInputStage)
    i.UART_DMAAbortOnError                   0x080038c2   Section        0  stm32f4xx_hal_uart.o(i.UART_DMAAbortOnError)
    UART_DMAAbortOnError                     0x080038c3   Thumb Code    20  stm32f4xx_hal_uart.o(i.UART_DMAAbortOnError)
    i.UART_EndRxTransfer                     0x080038d6   Section        0  stm32f4xx_hal_uart.o(i.UART_EndRxTransfer)
    UART_EndRxTransfer                       0x080038d7   Thumb Code   108  stm32f4xx_hal_uart.o(i.UART_EndRxTransfer)
    i.UART_EndTransmit_IT                    0x08003942   Section        0  stm32f4xx_hal_uart.o(i.UART_EndTransmit_IT)
    UART_EndTransmit_IT                      0x08003943   Thumb Code    32  stm32f4xx_hal_uart.o(i.UART_EndTransmit_IT)
    i.UART_Receive_IT                        0x08003962   Section        0  stm32f4xx_hal_uart.o(i.UART_Receive_IT)
    UART_Receive_IT                          0x08003963   Thumb Code   252  stm32f4xx_hal_uart.o(i.UART_Receive_IT)
    i.UART_SetConfig                         0x08003a60   Section        0  stm32f4xx_hal_uart.o(i.UART_SetConfig)
    UART_SetConfig                           0x08003a61   Thumb Code   546  stm32f4xx_hal_uart.o(i.UART_SetConfig)
    i.UART_Start_Receive_IT                  0x08003c8c   Section        0  stm32f4xx_hal_uart.o(i.UART_Start_Receive_IT)
    i.UART_Transmit_IT                       0x08003ccc   Section        0  stm32f4xx_hal_uart.o(i.UART_Transmit_IT)
    UART_Transmit_IT                         0x08003ccd   Thumb Code    96  stm32f4xx_hal_uart.o(i.UART_Transmit_IT)
    i.UART_WaitOnFlagUntilTimeout            0x08003d2c   Section        0  stm32f4xx_hal_uart.o(i.UART_WaitOnFlagUntilTimeout)
    UART_WaitOnFlagUntilTimeout              0x08003d2d   Thumb Code   140  stm32f4xx_hal_uart.o(i.UART_WaitOnFlagUntilTimeout)
    i.USART3_IRQHandler                      0x08003db8   Section        0  stm32f4xx_it.o(i.USART3_IRQHandler)
    i.UsageFault_Handler                     0x08003dd4   Section        0  stm32f4xx_it.o(i.UsageFault_Handler)
    i.Usart_SendString                       0x08003dd8   Section        0  uart_init.o(i.Usart_SendString)
    i.__0printf                              0x08003dfc   Section        0  printfa.o(i.__0printf)
    i.__NVIC_GetPriorityGrouping             0x08003e1c   Section        0  stm32f4xx_hal_cortex.o(i.__NVIC_GetPriorityGrouping)
    __NVIC_GetPriorityGrouping               0x08003e1d   Thumb Code    10  stm32f4xx_hal_cortex.o(i.__NVIC_GetPriorityGrouping)
    i.__NVIC_SetPriority                     0x08003e2c   Section        0  stm32f4xx_hal_cortex.o(i.__NVIC_SetPriority)
    __NVIC_SetPriority                       0x08003e2d   Thumb Code    32  stm32f4xx_hal_cortex.o(i.__NVIC_SetPriority)
    i.__scatterload_copy                     0x08003e54   Section       14  handlers.o(i.__scatterload_copy)
    i.__scatterload_null                     0x08003e62   Section        2  handlers.o(i.__scatterload_null)
    i.__scatterload_zeroinit                 0x08003e64   Section       14  handlers.o(i.__scatterload_zeroinit)
    i._fp_digits                             0x08003e74   Section        0  printfa.o(i._fp_digits)
    _fp_digits                               0x08003e75   Thumb Code   334  printfa.o(i._fp_digits)
    i._printf_core                           0x08003fd8   Section        0  printfa.o(i._printf_core)
    _printf_core                             0x08003fd9   Thumb Code  1744  printfa.o(i._printf_core)
    i._printf_post_padding                   0x080046b4   Section        0  printfa.o(i._printf_post_padding)
    _printf_post_padding                     0x080046b5   Thumb Code    36  printfa.o(i._printf_post_padding)
    i._printf_pre_padding                    0x080046d8   Section        0  printfa.o(i._printf_pre_padding)
    _printf_pre_padding                      0x080046d9   Thumb Code    46  printfa.o(i._printf_pre_padding)
    i.abs_limit                              0x08004706   Section        0  pid.o(i.abs_limit)
    i.big_set_postion                        0x08004734   Section        0  motor_control.o(i.big_set_postion)
    i.fputc                                  0x08004870   Section        0  uart_init.o(i.fputc)
    i.main                                   0x0800488c   Section        0  main.o(i.main)
    i.motor_cetui_set_postion                0x080048e4   Section        0  motor_control.o(i.motor_cetui_set_postion)
    i.pid_param_init                         0x08004974   Section        0  pid.o(i.pid_param_init)
    i.pid_reset                              0x08004998   Section        0  pid.o(i.pid_reset)
    i.protocol_init                          0x080049a8   Section        0  protocol.o(i.protocol_init)
    i.small_set_postion                      0x080049c4   Section        0  motor_control.o(i.small_set_postion)
    i.system_init                            0x08004b00   Section        0  app.o(i.system_init)
    i.tim_basic_enable                       0x08004cc4   Section        0  tim_init.o(i.tim_basic_enable)
    i.tim_econder_enable                     0x08004cd4   Section        0  tim_init.o(i.tim_econder_enable)
    i.tim_pwm_enable                         0x08004d9c   Section        0  tim_init.o(i.tim_pwm_enable)
    i.uart_enable                            0x08004e00   Section        0  uart_init.o(i.uart_enable)
    .constdata                               0x08004e18   Section        8  stm32f4xx_hal_dma.o(.constdata)
    flagBitshiftOffset                       0x08004e18   Data           8  stm32f4xx_hal_dma.o(.constdata)
    .constdata                               0x08004e20   Section       24  system_stm32f4xx.o(.constdata)
    .data                                    0x20000000   Section       80  motor_control.o(.data)
    get                                      0x20000004   Data           4  motor_control.o(.data)
    m                                        0x20000008   Data           4  motor_control.o(.data)
    get                                      0x2000000c   Data           4  motor_control.o(.data)
    m                                        0x20000010   Data           4  motor_control.o(.data)
    get                                      0x20000014   Data           4  motor_control.o(.data)
    get_last                                 0x20000018   Data           4  motor_control.o(.data)
    get_angle                                0x2000001c   Data           4  motor_control.o(.data)
    get_angle_last                           0x20000020   Data           4  motor_control.o(.data)
    throttle                                 0x20000024   Data           4  motor_control.o(.data)
    ROL_conval                               0x20000028   Data           4  motor_control.o(.data)
    motor_pwm_1                              0x2000002c   Data           2  motor_control.o(.data)
    motor_pwm_2                              0x2000002e   Data           2  motor_control.o(.data)
    _set                                     0x20000030   Data           4  motor_control.o(.data)
    get                                      0x20000034   Data           4  motor_control.o(.data)
    get                                      0x20000038   Data           4  motor_control.o(.data)
    n                                        0x2000003c   Data           4  motor_control.o(.data)
    get                                      0x20000040   Data           4  motor_control.o(.data)
    m                                        0x20000044   Data           4  motor_control.o(.data)
    get                                      0x20000048   Data           4  motor_control.o(.data)
    i                                        0x2000004c   Data           2  motor_control.o(.data)
    con_val                                  0x2000004e   Data           2  motor_control.o(.data)
    .data                                    0x20000050   Section        8  tim_init.o(.data)
    .data                                    0x20000058   Section       18  uart_init.o(.data)
    .data                                    0x2000006c   Section        9  stm32f4xx_hal.o(.data)
    .data                                    0x20000078   Section        4  system_stm32f4xx.o(.data)
    .data                                    0x2000007c   Section        4  stdout.o(.data)
    .bss                                     0x20000080   Section      900  pid.o(.bss)
    .bss                                     0x20000404   Section      150  protocol.o(.bss)
    parser                                   0x20000404   Data          12  protocol.o(.bss)
    recv_buf                                 0x20000410   Data         128  protocol.o(.bss)
    set_packet                               0x20000490   Data          10  protocol.o(.bss)
    .bss                                     0x2000049c   Section      112  uart_init.o(.bss)
    .bss                                     0x2000050c   Section      648  tim.o(.bss)
    .bss                                     0x20000794   Section      264  usart.o(.bss)
    STACK                                    0x200008a0   Section     1024  startup_stm32f407xx.o(STACK)

    Global Symbols

    Symbol Name                              Value     Ov Type        Size  Object(Section)

    BuildAttributes$$THM_ISAv4$E$P$D$K$B$S$7EM$VFPi3$EXTD16$VFPS$VFMA$PE$A:L22UL41UL21$X:L11$S22US41US21$IEEE1$IW$USESV6$~STKCKD$USESV7$~SHL$OSPACE$ROPI$EBA8$MICROLIB$REQ8$PRES8$EABIv2 0x00000000   Number         0  anon$$obj.o ABSOLUTE
    __ARM_use_no_argv                        0x00000000   Number         0  main.o ABSOLUTE
    _printf_a                                0x00000000   Number         0  stubs.o ABSOLUTE
    _printf_c                                0x00000000   Number         0  stubs.o ABSOLUTE
    _printf_charcount                        0x00000000   Number         0  stubs.o ABSOLUTE
    _printf_d                                0x00000000   Number         0  stubs.o ABSOLUTE
    _printf_e                                0x00000000   Number         0  stubs.o ABSOLUTE
    _printf_f                                0x00000000   Number         0  stubs.o ABSOLUTE
    _printf_flags                            0x00000000   Number         0  stubs.o ABSOLUTE
    _printf_fp_dec                           0x00000000   Number         0  stubs.o ABSOLUTE
    _printf_fp_hex                           0x00000000   Number         0  stubs.o ABSOLUTE
    _printf_g                                0x00000000   Number         0  stubs.o ABSOLUTE
    _printf_i                                0x00000000   Number         0  stubs.o ABSOLUTE
    _printf_int_dec                          0x00000000   Number         0  stubs.o ABSOLUTE
    _printf_l                                0x00000000   Number         0  stubs.o ABSOLUTE
    _printf_lc                               0x00000000   Number         0  stubs.o ABSOLUTE
    _printf_ll                               0x00000000   Number         0  stubs.o ABSOLUTE
    _printf_lld                              0x00000000   Number         0  stubs.o ABSOLUTE
    _printf_lli                              0x00000000   Number         0  stubs.o ABSOLUTE
    _printf_llo                              0x00000000   Number         0  stubs.o ABSOLUTE
    _printf_llu                              0x00000000   Number         0  stubs.o ABSOLUTE
    _printf_llx                              0x00000000   Number         0  stubs.o ABSOLUTE
    _printf_longlong_dec                     0x00000000   Number         0  stubs.o ABSOLUTE
    _printf_longlong_hex                     0x00000000   Number         0  stubs.o ABSOLUTE
    _printf_longlong_oct                     0x00000000   Number         0  stubs.o ABSOLUTE
    _printf_ls                               0x00000000   Number         0  stubs.o ABSOLUTE
    _printf_mbtowc                           0x00000000   Number         0  stubs.o ABSOLUTE
    _printf_n                                0x00000000   Number         0  stubs.o ABSOLUTE
    _printf_o                                0x00000000   Number         0  stubs.o ABSOLUTE
    _printf_p                                0x00000000   Number         0  stubs.o ABSOLUTE
    _printf_percent                          0x00000000   Number         0  stubs.o ABSOLUTE
    _printf_pre_padding                      0x00000000   Number         0  stubs.o ABSOLUTE
    _printf_return_value                     0x00000000   Number         0  stubs.o ABSOLUTE
    _printf_s                                0x00000000   Number         0  stubs.o ABSOLUTE
    _printf_sizespec                         0x00000000   Number         0  stubs.o ABSOLUTE
    _printf_str                              0x00000000   Number         0  stubs.o ABSOLUTE
    _printf_truncate_signed                  0x00000000   Number         0  stubs.o ABSOLUTE
    _printf_truncate_unsigned                0x00000000   Number         0  stubs.o ABSOLUTE
    _printf_u                                0x00000000   Number         0  stubs.o ABSOLUTE
    _printf_wc                               0x00000000   Number         0  stubs.o ABSOLUTE
    _printf_wctomb                           0x00000000   Number         0  stubs.o ABSOLUTE
    _printf_widthprec                        0x00000000   Number         0  stubs.o ABSOLUTE
    _printf_x                                0x00000000   Number         0  stubs.o ABSOLUTE
    __cpp_initialize__aeabi_                  - Undefined Weak Reference
    __cxa_finalize                            - Undefined Weak Reference
    __decompress                              - Undefined Weak Reference
    _clock_init                               - Undefined Weak Reference
    _microlib_exit                            - Undefined Weak Reference
    __Vectors_Size                           0x00000188   Number         0  startup_stm32f407xx.o ABSOLUTE
    __Vectors                                0x08000000   Data           4  startup_stm32f407xx.o(RESET)
    __Vectors_End                            0x08000188   Data           0  startup_stm32f407xx.o(RESET)
    __main                                   0x08000189   Thumb Code     0  entry.o(.ARM.Collect$$$$00000000)
    _main_stk                                0x08000189   Thumb Code     0  entry2.o(.ARM.Collect$$$$00000001)
    _main_scatterload                        0x0800018d   Thumb Code     0  entry5.o(.ARM.Collect$$$$00000004)
    __main_after_scatterload                 0x08000191   Thumb Code     0  entry5.o(.ARM.Collect$$$$00000004)
    _main_clock                              0x08000191   Thumb Code     0  entry7b.o(.ARM.Collect$$$$00000008)
    _main_cpp_init                           0x08000191   Thumb Code     0  entry8b.o(.ARM.Collect$$$$0000000A)
    _main_init                               0x08000191   Thumb Code     0  entry9a.o(.ARM.Collect$$$$0000000B)
    __rt_final_cpp                           0x08000199   Thumb Code     0  entry10a.o(.ARM.Collect$$$$0000000D)
    __rt_final_exit                          0x08000199   Thumb Code     0  entry11a.o(.ARM.Collect$$$$0000000F)
    Reset_Handler                            0x0800019d   Thumb Code     8  startup_stm32f407xx.o(.text)
    ADC_IRQHandler                           0x080001b7   Thumb Code     0  startup_stm32f407xx.o(.text)
    CAN1_RX0_IRQHandler                      0x080001b7   Thumb Code     0  startup_stm32f407xx.o(.text)
    CAN1_RX1_IRQHandler                      0x080001b7   Thumb Code     0  startup_stm32f407xx.o(.text)
    CAN1_SCE_IRQHandler                      0x080001b7   Thumb Code     0  startup_stm32f407xx.o(.text)
    CAN1_TX_IRQHandler                       0x080001b7   Thumb Code     0  startup_stm32f407xx.o(.text)
    CAN2_RX0_IRQHandler                      0x080001b7   Thumb Code     0  startup_stm32f407xx.o(.text)
    CAN2_RX1_IRQHandler                      0x080001b7   Thumb Code     0  startup_stm32f407xx.o(.text)
    CAN2_SCE_IRQHandler                      0x080001b7   Thumb Code     0  startup_stm32f407xx.o(.text)
    CAN2_TX_IRQHandler                       0x080001b7   Thumb Code     0  startup_stm32f407xx.o(.text)
    DCMI_IRQHandler                          0x080001b7   Thumb Code     0  startup_stm32f407xx.o(.text)
    DMA1_Stream0_IRQHandler                  0x080001b7   Thumb Code     0  startup_stm32f407xx.o(.text)
    DMA1_Stream2_IRQHandler                  0x080001b7   Thumb Code     0  startup_stm32f407xx.o(.text)
    DMA1_Stream4_IRQHandler                  0x080001b7   Thumb Code     0  startup_stm32f407xx.o(.text)
    DMA1_Stream5_IRQHandler                  0x080001b7   Thumb Code     0  startup_stm32f407xx.o(.text)
    DMA1_Stream6_IRQHandler                  0x080001b7   Thumb Code     0  startup_stm32f407xx.o(.text)
    DMA1_Stream7_IRQHandler                  0x080001b7   Thumb Code     0  startup_stm32f407xx.o(.text)
    DMA2_Stream0_IRQHandler                  0x080001b7   Thumb Code     0  startup_stm32f407xx.o(.text)
    DMA2_Stream1_IRQHandler                  0x080001b7   Thumb Code     0  startup_stm32f407xx.o(.text)
    DMA2_Stream2_IRQHandler                  0x080001b7   Thumb Code     0  startup_stm32f407xx.o(.text)
    DMA2_Stream3_IRQHandler                  0x080001b7   Thumb Code     0  startup_stm32f407xx.o(.text)
    DMA2_Stream4_IRQHandler                  0x080001b7   Thumb Code     0  startup_stm32f407xx.o(.text)
    DMA2_Stream5_IRQHandler                  0x080001b7   Thumb Code     0  startup_stm32f407xx.o(.text)
    DMA2_Stream6_IRQHandler                  0x080001b7   Thumb Code     0  startup_stm32f407xx.o(.text)
    DMA2_Stream7_IRQHandler                  0x080001b7   Thumb Code     0  startup_stm32f407xx.o(.text)
    ETH_IRQHandler                           0x080001b7   Thumb Code     0  startup_stm32f407xx.o(.text)
    ETH_WKUP_IRQHandler                      0x080001b7   Thumb Code     0  startup_stm32f407xx.o(.text)
    EXTI0_IRQHandler                         0x080001b7   Thumb Code     0  startup_stm32f407xx.o(.text)
    EXTI15_10_IRQHandler                     0x080001b7   Thumb Code     0  startup_stm32f407xx.o(.text)
    EXTI1_IRQHandler                         0x080001b7   Thumb Code     0  startup_stm32f407xx.o(.text)
    EXTI2_IRQHandler                         0x080001b7   Thumb Code     0  startup_stm32f407xx.o(.text)
    EXTI3_IRQHandler                         0x080001b7   Thumb Code     0  startup_stm32f407xx.o(.text)
    EXTI4_IRQHandler                         0x080001b7   Thumb Code     0  startup_stm32f407xx.o(.text)
    EXTI9_5_IRQHandler                       0x080001b7   Thumb Code     0  startup_stm32f407xx.o(.text)
    FLASH_IRQHandler                         0x080001b7   Thumb Code     0  startup_stm32f407xx.o(.text)
    FMC_IRQHandler                           0x080001b7   Thumb Code     0  startup_stm32f407xx.o(.text)
    FPU_IRQHandler                           0x080001b7   Thumb Code     0  startup_stm32f407xx.o(.text)
    HASH_RNG_IRQHandler                      0x080001b7   Thumb Code     0  startup_stm32f407xx.o(.text)
    I2C1_ER_IRQHandler                       0x080001b7   Thumb Code     0  startup_stm32f407xx.o(.text)
    I2C1_EV_IRQHandler                       0x080001b7   Thumb Code     0  startup_stm32f407xx.o(.text)
    I2C2_ER_IRQHandler                       0x080001b7   Thumb Code     0  startup_stm32f407xx.o(.text)
    I2C2_EV_IRQHandler                       0x080001b7   Thumb Code     0  startup_stm32f407xx.o(.text)
    I2C3_ER_IRQHandler                       0x080001b7   Thumb Code     0  startup_stm32f407xx.o(.text)
    I2C3_EV_IRQHandler                       0x080001b7   Thumb Code     0  startup_stm32f407xx.o(.text)
    OTG_FS_IRQHandler                        0x080001b7   Thumb Code     0  startup_stm32f407xx.o(.text)
    OTG_FS_WKUP_IRQHandler                   0x080001b7   Thumb Code     0  startup_stm32f407xx.o(.text)
    OTG_HS_EP1_IN_IRQHandler                 0x080001b7   Thumb Code     0  startup_stm32f407xx.o(.text)
    OTG_HS_EP1_OUT_IRQHandler                0x080001b7   Thumb Code     0  startup_stm32f407xx.o(.text)
    OTG_HS_IRQHandler                        0x080001b7   Thumb Code     0  startup_stm32f407xx.o(.text)
    OTG_HS_WKUP_IRQHandler                   0x080001b7   Thumb Code     0  startup_stm32f407xx.o(.text)
    PVD_IRQHandler                           0x080001b7   Thumb Code     0  startup_stm32f407xx.o(.text)
    RCC_IRQHandler                           0x080001b7   Thumb Code     0  startup_stm32f407xx.o(.text)
    RTC_Alarm_IRQHandler                     0x080001b7   Thumb Code     0  startup_stm32f407xx.o(.text)
    RTC_WKUP_IRQHandler                      0x080001b7   Thumb Code     0  startup_stm32f407xx.o(.text)
    SDIO_IRQHandler                          0x080001b7   Thumb Code     0  startup_stm32f407xx.o(.text)
    SPI1_IRQHandler                          0x080001b7   Thumb Code     0  startup_stm32f407xx.o(.text)
    SPI2_IRQHandler                          0x080001b7   Thumb Code     0  startup_stm32f407xx.o(.text)
    SPI3_IRQHandler                          0x080001b7   Thumb Code     0  startup_stm32f407xx.o(.text)
    TAMP_STAMP_IRQHandler                    0x080001b7   Thumb Code     0  startup_stm32f407xx.o(.text)
    TIM1_BRK_TIM9_IRQHandler                 0x080001b7   Thumb Code     0  startup_stm32f407xx.o(.text)
    TIM1_CC_IRQHandler                       0x080001b7   Thumb Code     0  startup_stm32f407xx.o(.text)
    TIM1_TRG_COM_TIM11_IRQHandler            0x080001b7   Thumb Code     0  startup_stm32f407xx.o(.text)
    TIM3_IRQHandler                          0x080001b7   Thumb Code     0  startup_stm32f407xx.o(.text)
    TIM4_IRQHandler                          0x080001b7   Thumb Code     0  startup_stm32f407xx.o(.text)
    TIM5_IRQHandler                          0x080001b7   Thumb Code     0  startup_stm32f407xx.o(.text)
    TIM7_IRQHandler                          0x080001b7   Thumb Code     0  startup_stm32f407xx.o(.text)
    TIM8_BRK_TIM12_IRQHandler                0x080001b7   Thumb Code     0  startup_stm32f407xx.o(.text)
    TIM8_CC_IRQHandler                       0x080001b7   Thumb Code     0  startup_stm32f407xx.o(.text)
    TIM8_TRG_COM_TIM14_IRQHandler            0x080001b7   Thumb Code     0  startup_stm32f407xx.o(.text)
    TIM8_UP_TIM13_IRQHandler                 0x080001b7   Thumb Code     0  startup_stm32f407xx.o(.text)
    UART4_IRQHandler                         0x080001b7   Thumb Code     0  startup_stm32f407xx.o(.text)
    UART5_IRQHandler                         0x080001b7   Thumb Code     0  startup_stm32f407xx.o(.text)
    USART1_IRQHandler                        0x080001b7   Thumb Code     0  startup_stm32f407xx.o(.text)
    USART2_IRQHandler                        0x080001b7   Thumb Code     0  startup_stm32f407xx.o(.text)
    USART6_IRQHandler                        0x080001b7   Thumb Code     0  startup_stm32f407xx.o(.text)
    WWDG_IRQHandler                          0x080001b7   Thumb Code     0  startup_stm32f407xx.o(.text)
    __aeabi_uldivmod                         0x080001c1   Thumb Code    98  uldiv.o(.text)
    __aeabi_memset                           0x08000223   Thumb Code    14  memseta.o(.text)
    __aeabi_memset4                          0x08000223   Thumb Code     0  memseta.o(.text)
    __aeabi_memset8                          0x08000223   Thumb Code     0  memseta.o(.text)
    __aeabi_memclr                           0x08000231   Thumb Code     4  memseta.o(.text)
    __aeabi_memclr4                          0x08000231   Thumb Code     0  memseta.o(.text)
    __aeabi_memclr8                          0x08000231   Thumb Code     0  memseta.o(.text)
    _memset$wrapper                          0x08000235   Thumb Code    18  memseta.o(.text)
    __aeabi_dadd                             0x08000247   Thumb Code   322  dadd.o(.text)
    __aeabi_dsub                             0x08000389   Thumb Code     6  dadd.o(.text)
    __aeabi_drsub                            0x0800038f   Thumb Code     6  dadd.o(.text)
    __aeabi_dmul                             0x08000395   Thumb Code   228  dmul.o(.text)
    __aeabi_i2d                              0x08000479   Thumb Code    34  dflti.o(.text)
    __aeabi_d2iz                             0x0800049b   Thumb Code    62  dfixi.o(.text)
    __aeabi_f2d                              0x080004d9   Thumb Code    38  f2d.o(.text)
    __aeabi_uidiv                            0x080004ff   Thumb Code     0  uidiv.o(.text)
    __aeabi_uidivmod                         0x080004ff   Thumb Code    44  uidiv.o(.text)
    __aeabi_llsl                             0x0800052b   Thumb Code    30  llshl.o(.text)
    _ll_shift_l                              0x0800052b   Thumb Code     0  llshl.o(.text)
    __aeabi_llsr                             0x08000549   Thumb Code    32  llushr.o(.text)
    _ll_ushift_r                             0x08000549   Thumb Code     0  llushr.o(.text)
    __aeabi_lasr                             0x08000569   Thumb Code    36  llsshr.o(.text)
    _ll_sshift_r                             0x08000569   Thumb Code     0  llsshr.o(.text)
    __I$use$fp                               0x0800058d   Thumb Code     0  iusefp.o(.text)
    _double_round                            0x0800058d   Thumb Code    30  depilogue.o(.text)
    _double_epilogue                         0x080005ab   Thumb Code   156  depilogue.o(.text)
    __aeabi_ddiv                             0x08000647   Thumb Code   222  ddiv.o(.text)
    __aeabi_d2ulz                            0x08000725   Thumb Code    48  dfixul.o(.text)
    __aeabi_cdrcmple                         0x08000755   Thumb Code    48  cdrcmple.o(.text)
    __scatterload                            0x08000785   Thumb Code    28  init.o(.text)
    __scatterload_rt2                        0x08000785   Thumb Code     0  init.o(.text)
    BusFault_Handler                         0x080007a9   Thumb Code     4  stm32f4xx_it.o(i.BusFault_Handler)
    DMA1_Stream1_IRQHandler                  0x080007ad   Thumb Code    10  stm32f4xx_it.o(i.DMA1_Stream1_IRQHandler)
    DMA1_Stream3_IRQHandler                  0x080007bd   Thumb Code    10  stm32f4xx_it.o(i.DMA1_Stream3_IRQHandler)
    DebugMon_Handler                         0x080008ab   Thumb Code     2  stm32f4xx_it.o(i.DebugMon_Handler)
    Error_Handler                            0x080008ad   Thumb Code     6  main.o(i.Error_Handler)
    HAL_DMA_Abort                            0x080008b3   Thumb Code   172  stm32f4xx_hal_dma.o(i.HAL_DMA_Abort)
    HAL_DMA_Abort_IT                         0x0800095f   Thumb Code    40  stm32f4xx_hal_dma.o(i.HAL_DMA_Abort_IT)
    HAL_DMA_IRQHandler                       0x08000989   Thumb Code   570  stm32f4xx_hal_dma.o(i.HAL_DMA_IRQHandler)
    HAL_DMA_Init                             0x08000bc9   Thumb Code   232  stm32f4xx_hal_dma.o(i.HAL_DMA_Init)
    HAL_Delay                                0x08000cb5   Thumb Code    36  stm32f4xx_hal.o(i.HAL_Delay)
    HAL_GPIO_Init                            0x08000cdd   Thumb Code   454  stm32f4xx_hal_gpio.o(i.HAL_GPIO_Init)
    HAL_GetTick                              0x08000ed1   Thumb Code     6  stm32f4xx_hal.o(i.HAL_GetTick)
    HAL_IncTick                              0x08000edd   Thumb Code    16  stm32f4xx_hal.o(i.HAL_IncTick)
    HAL_Init                                 0x08000ef5   Thumb Code    54  stm32f4xx_hal.o(i.HAL_Init)
    HAL_InitTick                             0x08000f31   Thumb Code    64  stm32f4xx_hal.o(i.HAL_InitTick)
    HAL_MspInit                              0x08000f7d   Thumb Code    68  stm32f4xx_hal_msp.o(i.HAL_MspInit)
    HAL_NVIC_EnableIRQ                       0x08000fc5   Thumb Code    40  stm32f4xx_hal_cortex.o(i.HAL_NVIC_EnableIRQ)
    HAL_NVIC_SetPriority                     0x08000fed   Thumb Code   124  stm32f4xx_hal_cortex.o(i.HAL_NVIC_SetPriority)
    HAL_NVIC_SetPriorityGrouping             0x08001069   Thumb Code    32  stm32f4xx_hal_cortex.o(i.HAL_NVIC_SetPriorityGrouping)
    HAL_RCC_ClockConfig                      0x08001091   Thumb Code   368  stm32f4xx_hal_rcc.o(i.HAL_RCC_ClockConfig)
    HAL_RCC_GetHCLKFreq                      0x08001215   Thumb Code     6  stm32f4xx_hal_rcc.o(i.HAL_RCC_GetHCLKFreq)
    HAL_RCC_GetPCLK1Freq                     0x08001221   Thumb Code    22  stm32f4xx_hal_rcc.o(i.HAL_RCC_GetPCLK1Freq)
    HAL_RCC_GetPCLK2Freq                     0x08001241   Thumb Code    22  stm32f4xx_hal_rcc.o(i.HAL_RCC_GetPCLK2Freq)
    HAL_RCC_GetSysClockFreq                  0x08001261   Thumb Code   162  stm32f4xx_hal_rcc.o(i.HAL_RCC_GetSysClockFreq)
    HAL_RCC_OscConfig                        0x08001311   Thumb Code  1172  stm32f4xx_hal_rcc.o(i.HAL_RCC_OscConfig)
    HAL_SYSTICK_Config                       0x080017ad   Thumb Code    52  stm32f4xx_hal_cortex.o(i.HAL_SYSTICK_Config)
    HAL_TIMEx_BreakCallback                  0x080017e1   Thumb Code     2  stm32f4xx_hal_tim_ex.o(i.HAL_TIMEx_BreakCallback)
    HAL_TIMEx_CommutCallback                 0x080017e3   Thumb Code     2  stm32f4xx_hal_tim_ex.o(i.HAL_TIMEx_CommutCallback)
    HAL_TIMEx_ConfigBreakDeadTime            0x080017e5   Thumb Code   116  stm32f4xx_hal_tim_ex.o(i.HAL_TIMEx_ConfigBreakDeadTime)
    HAL_TIMEx_MasterConfigSynchronization    0x08001859   Thumb Code   150  stm32f4xx_hal_tim_ex.o(i.HAL_TIMEx_MasterConfigSynchronization)
    HAL_TIM_Base_Init                        0x0800190d   Thumb Code   102  stm32f4xx_hal_tim.o(i.HAL_TIM_Base_Init)
    HAL_TIM_Base_MspInit                     0x08001975   Thumb Code   232  tim.o(i.HAL_TIM_Base_MspInit)
    HAL_TIM_Base_Start_IT                    0x08001a75   Thumb Code   138  stm32f4xx_hal_tim.o(i.HAL_TIM_Base_Start_IT)
    HAL_TIM_ConfigClockSource                0x08001b1d   Thumb Code   268  stm32f4xx_hal_tim.o(i.HAL_TIM_ConfigClockSource)
    HAL_TIM_Encoder_Init                     0x08001c29   Thumb Code   200  stm32f4xx_hal_tim.o(i.HAL_TIM_Encoder_Init)
    HAL_TIM_Encoder_MspInit                  0x08001cf1   Thumb Code   538  tim.o(i.HAL_TIM_Encoder_MspInit)
    HAL_TIM_Encoder_Start                    0x08001f29   Thumb Code   204  stm32f4xx_hal_tim.o(i.HAL_TIM_Encoder_Start)
    HAL_TIM_IC_CaptureCallback               0x08001ff5   Thumb Code     2  stm32f4xx_hal_tim.o(i.HAL_TIM_IC_CaptureCallback)
    HAL_TIM_IRQHandler                       0x08001ff7   Thumb Code   364  stm32f4xx_hal_tim.o(i.HAL_TIM_IRQHandler)
    HAL_TIM_MspPostInit                      0x08002165   Thumb Code   292  tim.o(i.HAL_TIM_MspPostInit)
    HAL_TIM_OC_DelayElapsedCallback          0x080022ad   Thumb Code     2  stm32f4xx_hal_tim.o(i.HAL_TIM_OC_DelayElapsedCallback)
    HAL_TIM_PWM_ConfigChannel                0x080022af   Thumb Code   260  stm32f4xx_hal_tim.o(i.HAL_TIM_PWM_ConfigChannel)
    HAL_TIM_PWM_Init                         0x080023b3   Thumb Code   102  stm32f4xx_hal_tim.o(i.HAL_TIM_PWM_Init)
    HAL_TIM_PWM_MspInit                      0x08002419   Thumb Code     2  stm32f4xx_hal_tim.o(i.HAL_TIM_PWM_MspInit)
    HAL_TIM_PWM_PulseFinishedCallback        0x0800241b   Thumb Code     2  stm32f4xx_hal_tim.o(i.HAL_TIM_PWM_PulseFinishedCallback)
    HAL_TIM_PWM_Start                        0x0800241d   Thumb Code   238  stm32f4xx_hal_tim.o(i.HAL_TIM_PWM_Start)
    HAL_TIM_PeriodElapsedCallback            0x08002529   Thumb Code   216  tim_init.o(i.HAL_TIM_PeriodElapsedCallback)
    HAL_TIM_TriggerCallback                  0x0800262d   Thumb Code     2  stm32f4xx_hal_tim.o(i.HAL_TIM_TriggerCallback)
    HAL_UARTEx_RxEventCallback               0x0800262f   Thumb Code     2  stm32f4xx_hal_uart.o(i.HAL_UARTEx_RxEventCallback)
    HAL_UART_ErrorCallback                   0x08002631   Thumb Code     2  stm32f4xx_hal_uart.o(i.HAL_UART_ErrorCallback)
    HAL_UART_IRQHandler                      0x08002635   Thumb Code   740  stm32f4xx_hal_uart.o(i.HAL_UART_IRQHandler)
    HAL_UART_Init                            0x0800291d   Thumb Code   118  stm32f4xx_hal_uart.o(i.HAL_UART_Init)
    HAL_UART_MspInit                         0x08002995   Thumb Code   260  usart.o(i.HAL_UART_MspInit)
    HAL_UART_Receive_IT                      0x08002ab1   Thumb Code    44  stm32f4xx_hal_uart.o(i.HAL_UART_Receive_IT)
    HAL_UART_RxCpltCallback                  0x08002add   Thumb Code     2  stm32f4xx_hal_uart.o(i.HAL_UART_RxCpltCallback)
    HAL_UART_Transmit                        0x08002adf   Thumb Code   190  stm32f4xx_hal_uart.o(i.HAL_UART_Transmit)
    HAL_UART_TxCpltCallback                  0x08002b9d   Thumb Code     2  stm32f4xx_hal_uart.o(i.HAL_UART_TxCpltCallback)
    HardFault_Handler                        0x08002b9f   Thumb Code     4  stm32f4xx_it.o(i.HardFault_Handler)
    MX_DMA_Init                              0x08002ba5   Thumb Code    68  dma.o(i.MX_DMA_Init)
    MX_GPIO_Init                             0x08002bed   Thumb Code   186  gpio.o(i.MX_GPIO_Init)
    MX_TIM12_Init                            0x08002cad   Thumb Code   146  tim.o(i.MX_TIM12_Init)
    MX_TIM1_Init                             0x08002d49   Thumb Code   116  tim.o(i.MX_TIM1_Init)
    MX_TIM2_Init                             0x08002dc5   Thumb Code   114  tim.o(i.MX_TIM2_Init)
    MX_TIM3_Init                             0x08002e3d   Thumb Code   114  tim.o(i.MX_TIM3_Init)
    MX_TIM4_Init                             0x08002eb9   Thumb Code   114  tim.o(i.MX_TIM4_Init)
    MX_TIM5_Init                             0x08002f35   Thumb Code   202  tim.o(i.MX_TIM5_Init)
    MX_TIM6_Init                             0x08003009   Thumb Code    66  tim.o(i.MX_TIM6_Init)
    MX_TIM8_Init                             0x08003055   Thumb Code   254  tim.o(i.MX_TIM8_Init)
    MX_TIM9_Init                             0x0800315d   Thumb Code   146  tim.o(i.MX_TIM9_Init)
    MX_USART3_UART_Init                      0x080031f9   Thumb Code    46  usart.o(i.MX_USART3_UART_Init)
    MemManage_Handler                        0x08003231   Thumb Code     4  stm32f4xx_it.o(i.MemManage_Handler)
    NMI_Handler                              0x08003235   Thumb Code     4  stm32f4xx_it.o(i.NMI_Handler)
    PID_calc                                 0x08003239   Thumb Code   460  pid.o(i.PID_calc)
    PID_struct_init                          0x08003409   Thumb Code   114  pid.o(i.PID_struct_init)
    PendSV_Handler                           0x08003485   Thumb Code     2  stm32f4xx_it.o(i.PendSV_Handler)
    SVC_Handler                              0x08003487   Thumb Code     2  stm32f4xx_it.o(i.SVC_Handler)
    SysTick_Handler                          0x08003489   Thumb Code     8  stm32f4xx_it.o(i.SysTick_Handler)
    SystemClock_Config                       0x08003491   Thumb Code   170  main.o(i.SystemClock_Config)
    SystemInit                               0x08003545   Thumb Code    14  system_stm32f4xx.o(i.SystemInit)
    TIM1_UP_TIM10_IRQHandler                 0x08003559   Thumb Code    10  stm32f4xx_it.o(i.TIM1_UP_TIM10_IRQHandler)
    TIM2_IRQHandler                          0x08003569   Thumb Code    10  stm32f4xx_it.o(i.TIM2_IRQHandler)
    TIM6_DAC_IRQHandler                      0x08003579   Thumb Code    10  stm32f4xx_it.o(i.TIM6_DAC_IRQHandler)
    TIM_Base_SetConfig                       0x08003589   Thumb Code   186  stm32f4xx_hal_tim.o(i.TIM_Base_SetConfig)
    TIM_CCxChannelCmd                        0x08003671   Thumb Code    34  stm32f4xx_hal_tim.o(i.TIM_CCxChannelCmd)
    TIM_ETR_SetConfig                        0x08003693   Thumb Code    22  stm32f4xx_hal_tim.o(i.TIM_ETR_SetConfig)
    TIM_OC2_SetConfig                        0x0800372d   Thumb Code   114  stm32f4xx_hal_tim.o(i.TIM_OC2_SetConfig)
    UART_Start_Receive_IT                    0x08003c8d   Thumb Code    64  stm32f4xx_hal_uart.o(i.UART_Start_Receive_IT)
    USART3_IRQHandler                        0x08003db9   Thumb Code    20  stm32f4xx_it.o(i.USART3_IRQHandler)
    UsageFault_Handler                       0x08003dd5   Thumb Code     4  stm32f4xx_it.o(i.UsageFault_Handler)
    Usart_SendString                         0x08003dd9   Thumb Code    32  uart_init.o(i.Usart_SendString)
    __0printf                                0x08003dfd   Thumb Code    22  printfa.o(i.__0printf)
    __1printf                                0x08003dfd   Thumb Code     0  printfa.o(i.__0printf)
    __2printf                                0x08003dfd   Thumb Code     0  printfa.o(i.__0printf)
    __c89printf                              0x08003dfd   Thumb Code     0  printfa.o(i.__0printf)
    printf                                   0x08003dfd   Thumb Code     0  printfa.o(i.__0printf)
    __scatterload_copy                       0x08003e55   Thumb Code    14  handlers.o(i.__scatterload_copy)
    __scatterload_null                       0x08003e63   Thumb Code     2  handlers.o(i.__scatterload_null)
    __scatterload_zeroinit                   0x08003e65   Thumb Code    14  handlers.o(i.__scatterload_zeroinit)
    abs_limit                                0x08004707   Thumb Code    46  pid.o(i.abs_limit)
    big_set_postion                          0x08004735   Thumb Code   250  motor_control.o(i.big_set_postion)
    fputc                                    0x08004871   Thumb Code    22  uart_init.o(i.fputc)
    main                                     0x0800488d   Thumb Code    82  main.o(i.main)
    motor_cetui_set_postion                  0x080048e5   Thumb Code   120  motor_control.o(i.motor_cetui_set_postion)
    pid_param_init                           0x08004975   Thumb Code    36  pid.o(i.pid_param_init)
    pid_reset                                0x08004999   Thumb Code    14  pid.o(i.pid_reset)
    protocol_init                            0x080049a9   Thumb Code    20  protocol.o(i.protocol_init)
    small_set_postion                        0x080049c5   Thumb Code   250  motor_control.o(i.small_set_postion)
    system_init                              0x08004b01   Thumb Code   348  app.o(i.system_init)
    tim_basic_enable                         0x08004cc5   Thumb Code    10  tim_init.o(i.tim_basic_enable)
    tim_econder_enable                       0x08004cd5   Thumb Code   168  tim_init.o(i.tim_econder_enable)
    tim_pwm_enable                           0x08004d9d   Thumb Code    84  tim_init.o(i.tim_pwm_enable)
    uart_enable                              0x08004e01   Thumb Code    14  uart_init.o(i.uart_enable)
    AHBPrescTable                            0x08004e20   Data          16  system_stm32f4xx.o(.constdata)
    APBPrescTable                            0x08004e30   Data           8  system_stm32f4xx.o(.constdata)
    Region$$Table$$Base                      0x08004e38   Number         0  anon$$obj.o(Region$$Table)
    Region$$Table$$Limit                     0x08004e58   Number         0  anon$$obj.o(Region$$Table)
    g_motorEnable                            0x20000000   Data           1  motor_control.o(.data)
    g_jianEncoderOverflowCount               0x20000050   Data           2  tim_init.o(.data)
    g_bigEncoderOverflowCount                0x20000052   Data           2  tim_init.o(.data)
    g_smallEncoderOverflowCount              0x20000054   Data           2  tim_init.o(.data)
    g_wanEncoderOverflowCount                0x20000056   Data           2  tim_init.o(.data)
    rx_len                                   0x20000058   Data           2  uart_init.o(.data)
    framaHeader                              0x2000005a   Data           2  uart_init.o(.data)
    framaTail                                0x2000005c   Data           1  uart_init.o(.data)
    g_jianPosition                           0x2000005e   Data           2  uart_init.o(.data)
    g_bigPosition                            0x20000060   Data           2  uart_init.o(.data)
    g_smallPosition                          0x20000062   Data           2  uart_init.o(.data)
    g_wanPosition                            0x20000064   Data           2  uart_init.o(.data)
    g_zhua                                   0x20000066   Data           1  uart_init.o(.data)
    Ce_Speed                                 0x20000068   Data           2  uart_init.o(.data)
    uwTick                                   0x2000006c   Data           4  stm32f4xx_hal.o(.data)
    uwTickPrio                               0x20000070   Data           4  stm32f4xx_hal.o(.data)
    uwTickFreq                               0x20000074   Data           1  stm32f4xx_hal.o(.data)
    SystemCoreClock                          0x20000078   Data           4  system_stm32f4xx.o(.data)
    __stdout                                 0x2000007c   Data           4  stdout.o(.data)
    Pid_Jian                                 0x20000080   Data         112  pid.o(.bss)
    Pid_Big                                  0x200000f0   Data         112  pid.o(.bss)
    Pid_Small                                0x20000160   Data         112  pid.o(.bss)
    Pid_Wan                                  0x200001d0   Data         112  pid.o(.bss)
    Pid_Ce                                   0x20000240   Data         112  pid.o(.bss)
    Pid_Vsmall                               0x200002b0   Data         112  pid.o(.bss)
    cas_small_angle                          0x20000320   Data         228  pid.o(.bss)
    recBuffer                                0x2000049c   Data          48  uart_init.o(.bss)
    recData                                  0x200004cc   Data          48  uart_init.o(.bss)
    recPosition                              0x200004fc   Data          16  uart_init.o(.bss)
    htim1                                    0x2000050c   Data          72  tim.o(.bss)
    htim2                                    0x20000554   Data          72  tim.o(.bss)
    htim3                                    0x2000059c   Data          72  tim.o(.bss)
    htim4                                    0x200005e4   Data          72  tim.o(.bss)
    htim5                                    0x2000062c   Data          72  tim.o(.bss)
    htim6                                    0x20000674   Data          72  tim.o(.bss)
    htim8                                    0x200006bc   Data          72  tim.o(.bss)
    htim9                                    0x20000704   Data          72  tim.o(.bss)
    htim12                                   0x2000074c   Data          72  tim.o(.bss)
    huart3                                   0x20000794   Data          72  usart.o(.bss)
    hdma_usart3_rx                           0x200007dc   Data          96  usart.o(.bss)
    hdma_usart3_tx                           0x2000083c   Data          96  usart.o(.bss)
    __initial_sp                             0x20000ca0   Data           0  startup_stm32f407xx.o(STACK)



==============================================================================

Memory Map of the image

  Image Entry point : 0x08000189

  Load Region LR_IROM1 (Base: 0x08000000, Size: 0x00004ed8, Max: 0x00100000, ABSOLUTE)

    Execution Region ER_IROM1 (Base: 0x08000000, Size: 0x00004e58, Max: 0x00100000, ABSOLUTE)

    Base Addr    Size         Type   Attr      Idx    E Section Name        Object

    0x08000000   0x00000188   Data   RO            3    RESET               startup_stm32f407xx.o
    0x08000188   0x00000000   Code   RO         3545  * .ARM.Collect$$$$00000000  mc_w.l(entry.o)
    0x08000188   0x00000004   Code   RO         3827    .ARM.Collect$$$$00000001  mc_w.l(entry2.o)
    0x0800018c   0x00000004   Code   RO         3830    .ARM.Collect$$$$00000004  mc_w.l(entry5.o)
    0x08000190   0x00000000   Code   RO         3832    .ARM.Collect$$$$00000008  mc_w.l(entry7b.o)
    0x08000190   0x00000000   Code   RO         3834    .ARM.Collect$$$$0000000A  mc_w.l(entry8b.o)
    0x08000190   0x00000008   Code   RO         3835    .ARM.Collect$$$$0000000B  mc_w.l(entry9a.o)
    0x08000198   0x00000000   Code   RO         3837    .ARM.Collect$$$$0000000D  mc_w.l(entry10a.o)
    0x08000198   0x00000000   Code   RO         3839    .ARM.Collect$$$$0000000F  mc_w.l(entry11a.o)
    0x08000198   0x00000004   Code   RO         3828    .ARM.Collect$$$$00002712  mc_w.l(entry2.o)
    0x0800019c   0x00000024   Code   RO            4    .text               startup_stm32f407xx.o
    0x080001c0   0x00000062   Code   RO         3548    .text               mc_w.l(uldiv.o)
    0x08000222   0x00000024   Code   RO         3552    .text               mc_w.l(memseta.o)
    0x08000246   0x0000014e   Code   RO         3817    .text               mf_w.l(dadd.o)
    0x08000394   0x000000e4   Code   RO         3819    .text               mf_w.l(dmul.o)
    0x08000478   0x00000022   Code   RO         3821    .text               mf_w.l(dflti.o)
    0x0800049a   0x0000003e   Code   RO         3823    .text               mf_w.l(dfixi.o)
    0x080004d8   0x00000026   Code   RO         3825    .text               mf_w.l(f2d.o)
    0x080004fe   0x0000002c   Code   RO         3842    .text               mc_w.l(uidiv.o)
    0x0800052a   0x0000001e   Code   RO         3844    .text               mc_w.l(llshl.o)
    0x08000548   0x00000020   Code   RO         3846    .text               mc_w.l(llushr.o)
    0x08000568   0x00000024   Code   RO         3848    .text               mc_w.l(llsshr.o)
    0x0800058c   0x00000000   Code   RO         3850    .text               mc_w.l(iusefp.o)
    0x0800058c   0x000000ba   Code   RO         3851    .text               mf_w.l(depilogue.o)
    0x08000646   0x000000de   Code   RO         3853    .text               mf_w.l(ddiv.o)
    0x08000724   0x00000030   Code   RO         3855    .text               mf_w.l(dfixul.o)
    0x08000754   0x00000030   Code   RO         3857    .text               mf_w.l(cdrcmple.o)
    0x08000784   0x00000024   Code   RO         3859    .text               mc_w.l(init.o)
    0x080007a8   0x00000004   Code   RO          830    i.BusFault_Handler  stm32f4xx_it.o
    0x080007ac   0x00000010   Code   RO          831    i.DMA1_Stream1_IRQHandler  stm32f4xx_it.o
    0x080007bc   0x00000010   Code   RO          832    i.DMA1_Stream3_IRQHandler  stm32f4xx_it.o
    0x080007cc   0x00000034   Code   RO         2454    i.DMA_CalcBaseAndBitshift  stm32f4xx_hal_dma.o
    0x08000800   0x000000aa   Code   RO         2455    i.DMA_CheckFifoParam  stm32f4xx_hal_dma.o
    0x080008aa   0x00000002   Code   RO          833    i.DebugMon_Handler  stm32f4xx_it.o
    0x080008ac   0x00000006   Code   RO          580    i.Error_Handler     main.o
    0x080008b2   0x000000ac   Code   RO         2457    i.HAL_DMA_Abort     stm32f4xx_hal_dma.o
    0x0800095e   0x00000028   Code   RO         2458    i.HAL_DMA_Abort_IT  stm32f4xx_hal_dma.o
    0x08000986   0x00000002   PAD
    0x08000988   0x00000240   Code   RO         2462    i.HAL_DMA_IRQHandler  stm32f4xx_hal_dma.o
    0x08000bc8   0x000000ec   Code   RO         2463    i.HAL_DMA_Init      stm32f4xx_hal_dma.o
    0x08000cb4   0x00000028   Code   RO         2887    i.HAL_Delay         stm32f4xx_hal.o
    0x08000cdc   0x000001f4   Code   RO         2350    i.HAL_GPIO_Init     stm32f4xx_hal_gpio.o
    0x08000ed0   0x0000000c   Code   RO         2893    i.HAL_GetTick       stm32f4xx_hal.o
    0x08000edc   0x00000018   Code   RO         2899    i.HAL_IncTick       stm32f4xx_hal.o
    0x08000ef4   0x0000003c   Code   RO         2900    i.HAL_Init          stm32f4xx_hal.o
    0x08000f30   0x0000004c   Code   RO         2901    i.HAL_InitTick      stm32f4xx_hal.o
    0x08000f7c   0x00000048   Code   RO          942    i.HAL_MspInit       stm32f4xx_hal_msp.o
    0x08000fc4   0x00000028   Code   RO         2740    i.HAL_NVIC_EnableIRQ  stm32f4xx_hal_cortex.o
    0x08000fec   0x0000007c   Code   RO         2746    i.HAL_NVIC_SetPriority  stm32f4xx_hal_cortex.o
    0x08001068   0x00000028   Code   RO         2747    i.HAL_NVIC_SetPriorityGrouping  stm32f4xx_hal_cortex.o
    0x08001090   0x00000184   Code   RO         1951    i.HAL_RCC_ClockConfig  stm32f4xx_hal_rcc.o
    0x08001214   0x0000000c   Code   RO         1956    i.HAL_RCC_GetHCLKFreq  stm32f4xx_hal_rcc.o
    0x08001220   0x00000020   Code   RO         1958    i.HAL_RCC_GetPCLK1Freq  stm32f4xx_hal_rcc.o
    0x08001240   0x00000020   Code   RO         1959    i.HAL_RCC_GetPCLK2Freq  stm32f4xx_hal_rcc.o
    0x08001260   0x000000b0   Code   RO         1960    i.HAL_RCC_GetSysClockFreq  stm32f4xx_hal_rcc.o
    0x08001310   0x0000049c   Code   RO         1963    i.HAL_RCC_OscConfig  stm32f4xx_hal_rcc.o
    0x080017ac   0x00000034   Code   RO         2751    i.HAL_SYSTICK_Config  stm32f4xx_hal_cortex.o
    0x080017e0   0x00000002   Code   RO         1683    i.HAL_TIMEx_BreakCallback  stm32f4xx_hal_tim_ex.o
    0x080017e2   0x00000002   Code   RO         1684    i.HAL_TIMEx_CommutCallback  stm32f4xx_hal_tim_ex.o
    0x080017e4   0x00000074   Code   RO         1686    i.HAL_TIMEx_ConfigBreakDeadTime  stm32f4xx_hal_tim_ex.o
    0x08001858   0x000000b4   Code   RO         1702    i.HAL_TIMEx_MasterConfigSynchronization  stm32f4xx_hal_tim_ex.o
    0x0800190c   0x00000066   Code   RO          968    i.HAL_TIM_Base_Init  stm32f4xx_hal_tim.o
    0x08001972   0x00000002   PAD
    0x08001974   0x00000100   Code   RO          681    i.HAL_TIM_Base_MspInit  tim.o
    0x08001a74   0x000000a8   Code   RO          973    i.HAL_TIM_Base_Start_IT  stm32f4xx_hal_tim.o
    0x08001b1c   0x0000010c   Code   RO          977    i.HAL_TIM_ConfigClockSource  stm32f4xx_hal_tim.o
    0x08001c28   0x000000c8   Code   RO          989    i.HAL_TIM_Encoder_Init  stm32f4xx_hal_tim.o
    0x08001cf0   0x00000238   Code   RO          683    i.HAL_TIM_Encoder_MspInit  tim.o
    0x08001f28   0x000000cc   Code   RO          992    i.HAL_TIM_Encoder_Start  stm32f4xx_hal_tim.o
    0x08001ff4   0x00000002   Code   RO         1002    i.HAL_TIM_IC_CaptureCallback  stm32f4xx_hal_tim.o
    0x08001ff6   0x0000016c   Code   RO         1016    i.HAL_TIM_IRQHandler  stm32f4xx_hal_tim.o
    0x08002162   0x00000002   PAD
    0x08002164   0x00000148   Code   RO          684    i.HAL_TIM_MspPostInit  tim.o
    0x080022ac   0x00000002   Code   RO         1019    i.HAL_TIM_OC_DelayElapsedCallback  stm32f4xx_hal_tim.o
    0x080022ae   0x00000104   Code   RO         1040    i.HAL_TIM_PWM_ConfigChannel  stm32f4xx_hal_tim.o
    0x080023b2   0x00000066   Code   RO         1043    i.HAL_TIM_PWM_Init  stm32f4xx_hal_tim.o
    0x08002418   0x00000002   Code   RO         1045    i.HAL_TIM_PWM_MspInit  stm32f4xx_hal_tim.o
    0x0800241a   0x00000002   Code   RO         1046    i.HAL_TIM_PWM_PulseFinishedCallback  stm32f4xx_hal_tim.o
    0x0800241c   0x0000010c   Code   RO         1048    i.HAL_TIM_PWM_Start  stm32f4xx_hal_tim.o
    0x08002528   0x00000104   Code   RO          441    i.HAL_TIM_PeriodElapsedCallback  tim_init.o
    0x0800262c   0x00000002   Code   RO         1059    i.HAL_TIM_TriggerCallback  stm32f4xx_hal_tim.o
    0x0800262e   0x00000002   Code   RO         3150    i.HAL_UARTEx_RxEventCallback  stm32f4xx_hal_uart.o
    0x08002630   0x00000002   Code   RO         3164    i.HAL_UART_ErrorCallback  stm32f4xx_hal_uart.o
    0x08002632   0x00000002   PAD
    0x08002634   0x000002e8   Code   RO         3167    i.HAL_UART_IRQHandler  stm32f4xx_hal_uart.o
    0x0800291c   0x00000076   Code   RO         3168    i.HAL_UART_Init     stm32f4xx_hal_uart.o
    0x08002992   0x00000002   PAD
    0x08002994   0x0000011c   Code   RO          789    i.HAL_UART_MspInit  usart.o
    0x08002ab0   0x0000002c   Code   RO         3173    i.HAL_UART_Receive_IT  stm32f4xx_hal_uart.o
    0x08002adc   0x00000002   Code   RO         3174    i.HAL_UART_RxCpltCallback  stm32f4xx_hal_uart.o
    0x08002ade   0x000000be   Code   RO         3176    i.HAL_UART_Transmit  stm32f4xx_hal_uart.o
    0x08002b9c   0x00000002   Code   RO         3179    i.HAL_UART_TxCpltCallback  stm32f4xx_hal_uart.o
    0x08002b9e   0x00000004   Code   RO          834    i.HardFault_Handler  stm32f4xx_it.o
    0x08002ba2   0x00000002   PAD
    0x08002ba4   0x00000048   Code   RO          656    i.MX_DMA_Init       dma.o
    0x08002bec   0x000000c0   Code   RO          632    i.MX_GPIO_Init      gpio.o
    0x08002cac   0x0000009c   Code   RO          685    i.MX_TIM12_Init     tim.o
    0x08002d48   0x0000007c   Code   RO          686    i.MX_TIM1_Init      tim.o
    0x08002dc4   0x00000078   Code   RO          687    i.MX_TIM2_Init      tim.o
    0x08002e3c   0x0000007c   Code   RO          688    i.MX_TIM3_Init      tim.o
    0x08002eb8   0x0000007c   Code   RO          689    i.MX_TIM4_Init      tim.o
    0x08002f34   0x000000d4   Code   RO          690    i.MX_TIM5_Init      tim.o
    0x08003008   0x0000004c   Code   RO          691    i.MX_TIM6_Init      tim.o
    0x08003054   0x00000108   Code   RO          692    i.MX_TIM8_Init      tim.o
    0x0800315c   0x0000009c   Code   RO          693    i.MX_TIM9_Init      tim.o
    0x080031f8   0x00000038   Code   RO          790    i.MX_USART3_UART_Init  usart.o
    0x08003230   0x00000004   Code   RO          835    i.MemManage_Handler  stm32f4xx_it.o
    0x08003234   0x00000004   Code   RO          836    i.NMI_Handler       stm32f4xx_it.o
    0x08003238   0x000001d0   Code   RO          179    i.PID_calc          pid.o
    0x08003408   0x0000007c   Code   RO          180    i.PID_struct_init   pid.o
    0x08003484   0x00000002   Code   RO          837    i.PendSV_Handler    stm32f4xx_it.o
    0x08003486   0x00000002   Code   RO          838    i.SVC_Handler       stm32f4xx_it.o
    0x08003488   0x00000008   Code   RO          839    i.SysTick_Handler   stm32f4xx_it.o
    0x08003490   0x000000b4   Code   RO          581    i.SystemClock_Config  main.o
    0x08003544   0x00000014   Code   RO         3512    i.SystemInit        system_stm32f4xx.o
    0x08003558   0x00000010   Code   RO          840    i.TIM1_UP_TIM10_IRQHandler  stm32f4xx_it.o
    0x08003568   0x00000010   Code   RO          841    i.TIM2_IRQHandler   stm32f4xx_it.o
    0x08003578   0x00000010   Code   RO          842    i.TIM6_DAC_IRQHandler  stm32f4xx_it.o
    0x08003588   0x000000e8   Code   RO         1061    i.TIM_Base_SetConfig  stm32f4xx_hal_tim.o
    0x08003670   0x00000022   Code   RO         1062    i.TIM_CCxChannelCmd  stm32f4xx_hal_tim.o
    0x08003692   0x00000016   Code   RO         1072    i.TIM_ETR_SetConfig  stm32f4xx_hal_tim.o
    0x080036a8   0x00000012   Code   RO         1073    i.TIM_ITRx_SetConfig  stm32f4xx_hal_tim.o
    0x080036ba   0x00000002   PAD
    0x080036bc   0x00000070   Code   RO         1074    i.TIM_OC1_SetConfig  stm32f4xx_hal_tim.o
    0x0800372c   0x0000007c   Code   RO         1075    i.TIM_OC2_SetConfig  stm32f4xx_hal_tim.o
    0x080037a8   0x00000078   Code   RO         1076    i.TIM_OC3_SetConfig  stm32f4xx_hal_tim.o
    0x08003820   0x00000054   Code   RO         1077    i.TIM_OC4_SetConfig  stm32f4xx_hal_tim.o
    0x08003874   0x00000026   Code   RO         1079    i.TIM_TI1_ConfigInputStage  stm32f4xx_hal_tim.o
    0x0800389a   0x00000028   Code   RO         1081    i.TIM_TI2_ConfigInputStage  stm32f4xx_hal_tim.o
    0x080038c2   0x00000014   Code   RO         3181    i.UART_DMAAbortOnError  stm32f4xx_hal_uart.o
    0x080038d6   0x0000006c   Code   RO         3191    i.UART_EndRxTransfer  stm32f4xx_hal_uart.o
    0x08003942   0x00000020   Code   RO         3192    i.UART_EndTransmit_IT  stm32f4xx_hal_uart.o
    0x08003962   0x000000fc   Code   RO         3194    i.UART_Receive_IT   stm32f4xx_hal_uart.o
    0x08003a5e   0x00000002   PAD
    0x08003a60   0x0000022c   Code   RO         3195    i.UART_SetConfig    stm32f4xx_hal_uart.o
    0x08003c8c   0x00000040   Code   RO         3197    i.UART_Start_Receive_IT  stm32f4xx_hal_uart.o
    0x08003ccc   0x00000060   Code   RO         3198    i.UART_Transmit_IT  stm32f4xx_hal_uart.o
    0x08003d2c   0x0000008c   Code   RO         3199    i.UART_WaitOnFlagUntilTimeout  stm32f4xx_hal_uart.o
    0x08003db8   0x0000001c   Code   RO          843    i.USART3_IRQHandler  stm32f4xx_it.o
    0x08003dd4   0x00000004   Code   RO          844    i.UsageFault_Handler  stm32f4xx_it.o
    0x08003dd8   0x00000024   Code   RO          508    i.Usart_SendString  uart_init.o
    0x08003dfc   0x00000020   Code   RO         3789    i.__0printf         mc_w.l(printfa.o)
    0x08003e1c   0x00000010   Code   RO         2753    i.__NVIC_GetPriorityGrouping  stm32f4xx_hal_cortex.o
    0x08003e2c   0x00000028   Code   RO         2754    i.__NVIC_SetPriority  stm32f4xx_hal_cortex.o
    0x08003e54   0x0000000e   Code   RO         3863    i.__scatterload_copy  mc_w.l(handlers.o)
    0x08003e62   0x00000002   Code   RO         3864    i.__scatterload_null  mc_w.l(handlers.o)
    0x08003e64   0x0000000e   Code   RO         3865    i.__scatterload_zeroinit  mc_w.l(handlers.o)
    0x08003e72   0x00000002   PAD
    0x08003e74   0x00000164   Code   RO         3796    i._fp_digits        mc_w.l(printfa.o)
    0x08003fd8   0x000006dc   Code   RO         3797    i._printf_core      mc_w.l(printfa.o)
    0x080046b4   0x00000024   Code   RO         3798    i._printf_post_padding  mc_w.l(printfa.o)
    0x080046d8   0x0000002e   Code   RO         3799    i._printf_pre_padding  mc_w.l(printfa.o)
    0x08004706   0x0000002e   Code   RO          181    i.abs_limit         pid.o
    0x08004734   0x0000013c   Code   RO          333    i.big_set_postion   motor_control.o
    0x08004870   0x0000001c   Code   RO          509    i.fputc             uart_init.o
    0x0800488c   0x00000058   Code   RO          582    i.main              main.o
    0x080048e4   0x00000090   Code   RO          338    i.motor_cetui_set_postion  motor_control.o
    0x08004974   0x00000024   Code   RO          183    i.pid_param_init    pid.o
    0x08004998   0x0000000e   Code   RO          184    i.pid_reset         pid.o
    0x080049a6   0x00000002   PAD
    0x080049a8   0x0000001c   Code   RO          253    i.protocol_init     protocol.o
    0x080049c4   0x0000013c   Code   RO          343    i.small_set_postion  motor_control.o
    0x08004b00   0x000001c4   Code   RO           13    i.system_init       app.o
    0x08004cc4   0x00000010   Code   RO          443    i.tim_basic_enable  tim_init.o
    0x08004cd4   0x000000c8   Code   RO          445    i.tim_econder_enable  tim_init.o
    0x08004d9c   0x00000064   Code   RO          447    i.tim_pwm_enable    tim_init.o
    0x08004e00   0x00000018   Code   RO          513    i.uart_enable       uart_init.o
    0x08004e18   0x00000008   Data   RO         2469    .constdata          stm32f4xx_hal_dma.o
    0x08004e20   0x00000018   Data   RO         3513    .constdata          system_stm32f4xx.o
    0x08004e38   0x00000020   Data   RO         3861    Region$$Table       anon$$obj.o


    Execution Region RW_IRAM1 (Base: 0x20000000, Size: 0x00000ca0, Max: 0x0001c000, ABSOLUTE)

    Base Addr    Size         Type   Attr      Idx    E Section Name        Object

    0x20000000   0x00000050   Data   RW          347    .data               motor_control.o
    0x20000050   0x00000008   Data   RW          448    .data               tim_init.o
    0x20000058   0x00000012   Data   RW          516    .data               uart_init.o
    0x2000006a   0x00000002   PAD
    0x2000006c   0x00000009   Data   RW         2907    .data               stm32f4xx_hal.o
    0x20000075   0x00000003   PAD
    0x20000078   0x00000004   Data   RW         3514    .data               system_stm32f4xx.o
    0x2000007c   0x00000004   Data   RW         3841    .data               mc_w.l(stdout.o)
    0x20000080   0x00000384   Zero   RW          185    .bss                pid.o
    0x20000404   0x00000096   Zero   RW          259    .bss                protocol.o
    0x2000049a   0x00000002   PAD
    0x2000049c   0x00000070   Zero   RW          515    .bss                uart_init.o
    0x2000050c   0x00000288   Zero   RW          694    .bss                tim.o
    0x20000794   0x00000108   Zero   RW          791    .bss                usart.o
    0x2000089c   0x00000004   PAD
    0x200008a0   0x00000400   Zero   RW            1    STACK               startup_stm32f407xx.o


    Execution Region RW_IRAM2 (Base: 0x2001c000, Size: 0x00000000, Max: 0x00004000, ABSOLUTE)

    **** No section assigned to this execution region ****


==============================================================================

Image component sizes


      Code (inc. data)   RO Data    RW Data    ZI Data      Debug   Object Name

       452        104          0          0          0     693846   app.o
        72          4          0          0          0        806   dma.o
       192          6          0          0          0       1003   gpio.o
       274         16          0          0          0       2128   main.o
       776        156          0         80          0       7752   motor_control.o
       684         14          0          0        900       5697   pid.o
        28          8          0          0        150       1809   protocol.o
        36          8        392          0       1024        852   startup_stm32f407xx.o
       212         36          0          9          0       9533   stm32f4xx_hal.o
       312         22          0          0          0      34463   stm32f4xx_hal_cortex.o
      1246         16          8          0          0       5483   stm32f4xx_hal_dma.o
       500         46          0          0          0       1484   stm32f4xx_hal_gpio.o
        72          4          0          0          0        890   stm32f4xx_hal_msp.o
      1820         84          0          0          0       5740   stm32f4xx_hal_rcc.o
      2770        142          0          0          0      19035   stm32f4xx_hal_tim.o
       300         30          0          0          0       3433   stm32f4xx_hal_tim_ex.o
      2372         14          0          0          0      13366   stm32f4xx_hal_uart.o
       142         38          0          0          0       7501   stm32f4xx_it.o
        20          6         24          4          0       1175   system_stm32f4xx.o
      2508        174          0          0        648       9644   tim.o
       576         98          0          8          0       3090   tim_init.o
        88         20          0         18        112       2689   uart_init.o
       340         34          0          0        264       1952   usart.o

    ----------------------------------------------------------------------
     15810       1080        456        124       3104     833371   Object Totals
         0          0         32          0          0          0   (incl. Generated)
        18          0          0          5          6          0   (incl. Padding)

    ----------------------------------------------------------------------

      Code (inc. data)   RO Data    RW Data    ZI Data      Debug   Library Member Name

         0          0          0          0          0          0   entry.o
         0          0          0          0          0          0   entry10a.o
         0          0          0          0          0          0   entry11a.o
         8          4          0          0          0          0   entry2.o
         4          0          0          0          0          0   entry5.o
         0          0          0          0          0          0   entry7b.o
         0          0          0          0          0          0   entry8b.o
         8          4          0          0          0          0   entry9a.o
        30          0          0          0          0          0   handlers.o
        36          8          0          0          0         68   init.o
         0          0          0          0          0          0   iusefp.o
        30          0          0          0          0         68   llshl.o
        36          0          0          0          0         68   llsshr.o
        32          0          0          0          0         68   llushr.o
        36          0          0          0          0        108   memseta.o
      2226         90          0          0          0        444   printfa.o
         0          0          0          4          0          0   stdout.o
        44          0          0          0          0         80   uidiv.o
        98          0          0          0          0         92   uldiv.o
        48          0          0          0          0         68   cdrcmple.o
       334          0          0          0          0        148   dadd.o
       222          0          0          0          0        100   ddiv.o
       186          0          0          0          0        176   depilogue.o
        62          0          0          0          0         80   dfixi.o
        48          0          0          0          0         68   dfixul.o
        34          0          0          0          0         76   dflti.o
       228          0          0          0          0         96   dmul.o
        38          0          0          0          0         68   f2d.o

    ----------------------------------------------------------------------
      3790        106          0          4          0       1876   Library Totals
         2          0          0          0          0          0   (incl. Padding)

    ----------------------------------------------------------------------

      Code (inc. data)   RO Data    RW Data    ZI Data      Debug   Library Name

      2588        106          0          4          0        996   mc_w.l
      1200          0          0          0          0        880   mf_w.l

    ----------------------------------------------------------------------
      3790        106          0          4          0       1876   Library Totals

    ----------------------------------------------------------------------

==============================================================================


      Code (inc. data)   RO Data    RW Data    ZI Data      Debug   

     19600       1186        456        128       3104     823415   Grand Totals
     19600       1186        456        128       3104     823415   ELF Image Totals
     19600       1186        456        128          0          0   ROM Totals

==============================================================================

    Total RO  Size (Code + RO Data)                20056 (  19.59kB)
    Total RW  Size (RW Data + ZI Data)              3232 (   3.16kB)
    Total ROM Size (Code + RO Data + RW Data)      20184 (  19.71kB)

==============================================================================

