Component: ARM Compiler 5.06 update 1 (build 61) Tool: armlink [4d35a8]

==============================================================================

Section Cross References

    startup_stm32f407xx.o(RESET) refers to startup_stm32f407xx.o(STACK) for __initial_sp
    startup_stm32f407xx.o(RESET) refers to startup_stm32f407xx.o(.text) for Reset_Handler
    startup_stm32f407xx.o(RESET) refers to stm32f4xx_it.o(i.NMI_Handler) for NMI_Handler
    startup_stm32f407xx.o(RESET) refers to stm32f4xx_it.o(i.HardFault_Handler) for HardFault_Handler
    startup_stm32f407xx.o(RESET) refers to stm32f4xx_it.o(i.MemManage_Handler) for MemManage_Handler
    startup_stm32f407xx.o(RESET) refers to stm32f4xx_it.o(i.BusFault_Handler) for BusFault_Handler
    startup_stm32f407xx.o(RESET) refers to stm32f4xx_it.o(i.UsageFault_Handler) for UsageFault_Handler
    startup_stm32f407xx.o(RESET) refers to stm32f4xx_it.o(i.SVC_Handler) for SVC_Handler
    startup_stm32f407xx.o(RESET) refers to stm32f4xx_it.o(i.DebugMon_Handler) for DebugMon_Handler
    startup_stm32f407xx.o(RESET) refers to stm32f4xx_it.o(i.PendSV_Handler) for PendSV_Handler
    startup_stm32f407xx.o(RESET) refers to stm32f4xx_it.o(i.SysTick_Handler) for SysTick_Handler
    startup_stm32f407xx.o(RESET) refers to stm32f4xx_it.o(i.TIM2_IRQHandler) for TIM2_IRQHandler
    startup_stm32f407xx.o(RESET) refers to stm32f4xx_it.o(i.USART3_IRQHandler) for USART3_IRQHandler
    startup_stm32f407xx.o(RESET) refers to stm32f4xx_it.o(i.TIM6_DAC_IRQHandler) for TIM6_DAC_IRQHandler
    startup_stm32f407xx.o(.text) refers to system_stm32f4xx.o(i.SystemInit) for SystemInit
    startup_stm32f407xx.o(.text) refers to entry.o(.ARM.Collect$$$$00000000) for __main
    app.o(i.System_Init) refers to protocol.o(i.set_computer_value) for set_computer_value
    app.o(i.System_Init) refers to tim_init.o(i.TIMx_PWM_disable) for TIMx_PWM_disable
    app.o(i.System_Init) refers to uart_init.o(i.Uartx_enable) for Uartx_enable
    app.o(i.System_Init) refers to tim_init.o(i.TIMx_econder_enable) for TIMx_econder_enable
    app.o(i.System_Init) refers to tim_init.o(i.TIMx_basic_enable) for TIMx_basic_enable
    app.o(i.System_Init) refers to pid.o(i.pid_param_init) for pid_param_init
    app.o(i.System_Init) refers to pid.o(.bss) for Motor_Small
    pid.o(i.PID_CascadeCalc) refers to pid.o(i.PID_calc) for PID_calc
    pid.o(i.PID_calc) refers to f2d.o(.text) for __aeabi_f2d
    pid.o(i.PID_calc) refers to fabs.o(i.__hardfp_fabs) for __hardfp_fabs
    pid.o(i.PID_calc) refers to cdcmple.o(.text) for __aeabi_cdcmple
    pid.o(i.PID_calc) refers to pid.o(i.abs_limit) for abs_limit
    pid.o(i.PID_struct_init) refers to pid.o(i.pid_param_init) for pid_param_init
    pid.o(i.PID_struct_init) refers to pid.o(i.pid_reset) for pid_reset
    protocol.o(i.protocol_data_recv) refers to protocol.o(i.recvbuf_put_data) for recvbuf_put_data
    protocol.o(i.protocol_data_recv) refers to protocol.o(.bss) for parser
    protocol.o(i.protocol_frame_parse) refers to protocol.o(i.recvbuf_get_len_to_parse) for recvbuf_get_len_to_parse
    protocol.o(i.protocol_frame_parse) refers to protocol.o(i.recvbuf_find_header) for recvbuf_find_header
    protocol.o(i.protocol_frame_parse) refers to protocol.o(i.get_frame_len) for get_frame_len
    protocol.o(i.protocol_frame_parse) refers to protocol.o(i.check_sum) for check_sum
    protocol.o(i.protocol_frame_parse) refers to protocol.o(i.get_frame_checksum) for get_frame_checksum
    protocol.o(i.protocol_frame_parse) refers to memcpya.o(.text) for __aeabi_memcpy
    protocol.o(i.protocol_frame_parse) refers to protocol.o(i.get_frame_type) for get_frame_type
    protocol.o(i.protocol_frame_parse) refers to protocol.o(.bss) for parser
    protocol.o(i.protocol_init) refers to protocol.o(.bss) for parser
    protocol.o(i.receiving_process) refers to protocol.o(i.protocol_frame_parse) for protocol_frame_parse
    protocol.o(i.receiving_process) refers to pid.o(i.pid_reset) for pid_reset
    protocol.o(i.receiving_process) refers to tim_init.o(i.TIMx_PWM_enable) for TIMx_PWM_enable
    protocol.o(i.receiving_process) refers to tim_init.o(i.TIMx_PWM_disable) for TIMx_PWM_disable
    protocol.o(i.receiving_process) refers to stm32f4xx_hal_cortex.o(i.HAL_NVIC_SystemReset) for HAL_NVIC_SystemReset
    protocol.o(i.receiving_process) refers to pid.o(.bss) for Motor_Small
    protocol.o(i.receiving_process) refers to uart_init.o(.data) for Small_Speed
    protocol.o(i.receiving_process) refers to tim.o(.bss) for htim6
    protocol.o(i.recvbuf_put_data) refers to memcpya.o(.text) for __aeabi_memcpy
    protocol.o(i.set_computer_value) refers to protocol.o(i.check_sum) for check_sum
    protocol.o(i.set_computer_value) refers to stm32f4xx_hal_uart.o(i.HAL_UART_Transmit) for HAL_UART_Transmit
    protocol.o(i.set_computer_value) refers to protocol.o(.bss) for set_packet
    protocol.o(i.set_computer_value) refers to usart.o(.bss) for huart3
[...]
    Removing stm32f4xx_hal_rcc.o(i.HAL_RCC_DisableCSS), (12 bytes).
    Removing stm32f4xx_hal_rcc.o(i.HAL_RCC_EnableCSS), (12 bytes).
    Removing stm32f4xx_hal_rcc.o(i.HAL_RCC_GetClockConfig), (68 bytes).
    Removing stm32f4xx_hal_rcc.o(i.HAL_RCC_GetOscConfig), (244 bytes).
    Removing stm32f4xx_hal_rcc.o(i.HAL_RCC_MCOConfig), (192 bytes).
    Removing stm32f4xx_hal_rcc.o(i.HAL_RCC_NMI_IRQHandler), (32 bytes).
    Removing stm32f4xx_hal_rcc_ex.o(.rev16_text), (4 bytes).
    Removing stm32f4xx_hal_rcc_ex.o(.revsh_text), (4 bytes).
    Removing stm32f4xx_hal_rcc_ex.o(.rrx_text), (6 bytes).
    Removing stm32f4xx_hal_rcc_ex.o(i.HAL_RCCEx_DisablePLLI2S), (56 bytes).
    Removing stm32f4xx_hal_rcc_ex.o(i.HAL_RCCEx_EnablePLLI2S), (112 bytes).
    Removing stm32f4xx_hal_rcc_ex.o(i.HAL_RCCEx_GetPeriphCLKConfig), (56 bytes).
    Removing stm32f4xx_hal_rcc_ex.o(i.HAL_RCCEx_GetPeriphCLKFreq), (148 bytes).
    Removing stm32f4xx_hal_rcc_ex.o(i.HAL_RCCEx_PeriphCLKConfig), (416 bytes).
    Removing stm32f4xx_hal_rcc_ex.o(i.HAL_RCC_DeInit), (384 bytes).
    Removing stm32f4xx_hal_flash.o(.rev16_text), (4 bytes).
    Removing stm32f4xx_hal_flash.o(.revsh_text), (4 bytes).
    Removing stm32f4xx_hal_flash.o(.rrx_text), (6 bytes).
    Removing stm32f4xx_hal_flash.o(i.FLASH_Program_Byte), (36 bytes).
    Removing stm32f4xx_hal_flash.o(i.FLASH_Program_DoubleWord), (48 bytes).
    Removing stm32f4xx_hal_flash.o(i.FLASH_Program_HalfWord), (40 bytes).
    Removing stm32f4xx_hal_flash.o(i.FLASH_Program_Word), (40 bytes).
    Removing stm32f4xx_hal_flash.o(i.FLASH_SetErrorCode), (152 bytes).
    Removing stm32f4xx_hal_flash.o(i.FLASH_WaitForLastOperation), (100 bytes).
    Removing stm32f4xx_hal_flash.o(i.HAL_FLASH_EndOfOperationCallback), (2 bytes).
    Removing stm32f4xx_hal_flash.o(i.HAL_FLASH_GetError), (12 bytes).
    Removing stm32f4xx_hal_flash.o(i.HAL_FLASH_IRQHandler), (272 bytes).
    Removing stm32f4xx_hal_flash.o(i.HAL_FLASH_Lock), (20 bytes).
    Removing stm32f4xx_hal_flash.o(i.HAL_FLASH_OB_Launch), (28 bytes).
    Removing stm32f4xx_hal_flash.o(i.HAL_FLASH_OB_Lock), (20 bytes).
    Removing stm32f4xx_hal_flash.o(i.HAL_FLASH_OB_Unlock), (44 bytes).
    Removing stm32f4xx_hal_flash.o(i.HAL_FLASH_OperationErrorCallback), (2 bytes).
    Removing stm32f4xx_hal_flash.o(i.HAL_FLASH_Program), (152 bytes).
    Removing stm32f4xx_hal_flash.o(i.HAL_FLASH_Program_IT), (136 bytes).
    Removing stm32f4xx_hal_flash.o(i.HAL_FLASH_Unlock), (52 bytes).
    Removing stm32f4xx_hal_flash.o(.bss), (32 bytes).
    Removing stm32f4xx_hal_flash_ex.o(.rev16_text), (4 bytes).
    Removing stm32f4xx_hal_flash_ex.o(.revsh_text), (4 bytes).
    Removing stm32f4xx_hal_flash_ex.o(.rrx_text), (6 bytes).
    Removing stm32f4xx_hal_flash_ex.o(i.FLASH_Erase_Sector), (92 bytes).
    Removing stm32f4xx_hal_flash_ex.o(i.FLASH_FlushCaches), (120 bytes).
    Removing stm32f4xx_hal_flash_ex.o(i.FLASH_MassErase), (48 bytes).
    Removing stm32f4xx_hal_flash_ex.o(i.FLASH_OB_BOR_LevelConfig), (32 bytes).
    Removing stm32f4xx_hal_flash_ex.o(i.FLASH_OB_DisableWRP), (40 bytes).
    Removing stm32f4xx_hal_flash_ex.o(i.FLASH_OB_EnableWRP), (40 bytes).
    Removing stm32f4xx_hal_flash_ex.o(i.FLASH_OB_GetBOR), (16 bytes).
    Removing stm32f4xx_hal_flash_ex.o(i.FLASH_OB_GetRDP), (36 bytes).
    Removing stm32f4xx_hal_flash_ex.o(i.FLASH_OB_GetUser), (16 bytes).
    Removing stm32f4xx_hal_flash_ex.o(i.FLASH_OB_GetWRP), (12 bytes).
    Removing stm32f4xx_hal_flash_ex.o(i.FLASH_OB_RDP_LevelConfig), (32 bytes).
    Removing stm32f4xx_hal_flash_ex.o(i.FLASH_OB_UserConfig), (60 bytes).
    Removing stm32f4xx_hal_flash_ex.o(i.HAL_FLASHEx_Erase), (172 bytes).
    Removing stm32f4xx_hal_flash_ex.o(i.HAL_FLASHEx_Erase_IT), (120 bytes).
    Removing stm32f4xx_hal_flash_ex.o(i.HAL_FLASHEx_OBGetConfig), (34 bytes).
    Removing stm32f4xx_hal_flash_ex.o(i.HAL_FLASHEx_OBProgram), (148 bytes).
    Removing stm32f4xx_hal_flash_ramfunc.o(.rev16_text), (4 bytes).
    Removing stm32f4xx_hal_flash_ramfunc.o(.revsh_text), (4 bytes).
    Removing stm32f4xx_hal_flash_ramfunc.o(.rrx_text), (6 bytes).
    Removing stm32f4xx_hal_gpio.o(.rev16_text), (4 bytes).
    Removing stm32f4xx_hal_gpio.o(.revsh_text), (4 bytes).
    Removing stm32f4xx_hal_gpio.o(.rrx_text), (6 bytes).
    Removing stm32f4xx_hal_gpio.o(i.HAL_GPIO_DeInit), (360 bytes).
    Removing stm32f4xx_hal_gpio.o(i.HAL_GPIO_EXTI_Callback), (2 bytes).
    Removing stm32f4xx_hal_gpio.o(i.HAL_GPIO_EXTI_IRQHandler), (28 bytes).
    Removing stm32f4xx_hal_gpio.o(i.HAL_GPIO_LockPin), (46 bytes).
    Removing stm32f4xx_hal_gpio.o(i.HAL_GPIO_ReadPin), (16 bytes).
    Removing stm32f4xx_hal_gpio.o(i.HAL_GPIO_TogglePin), (20 bytes).
    Removing stm32f4xx_hal_gpio.o(i.HAL_GPIO_WritePin), (12 bytes).
    Removing stm32f4xx_hal_dma_ex.o(.rev16_text), (4 bytes).
    Removing stm32f4xx_hal_dma_ex.o(.revsh_text), (4 bytes).
    Removing stm32f4xx_hal_dma_ex.o(.rrx_text), (6 bytes).
    Removing stm32f4xx_hal_dma_ex.o(i.DMA_MultiBufferSetConfig), (32 bytes).
    Removing stm32f4xx_hal_dma_ex.o(i.HAL_DMAEx_ChangeMemory), (18 bytes).
    Removing stm32f4xx_hal_dma_ex.o(i.HAL_DMAEx_MultiBufferStart), (124 bytes).
    Removing stm32f4xx_hal_dma_ex.o(i.HAL_DMAEx_MultiBufferStart_IT), (4056 bytes).
    Removing stm32f4xx_hal_dma.o(.rev16_text), (4 bytes).
    Removing stm32f4xx_hal_dma.o(.revsh_text), (4 bytes).
    Removing stm32f4xx_hal_dma.o(.rrx_text), (6 bytes).
    Removing stm32f4xx_hal_dma.o(i.DMA_CalcBaseAndBitshift), (52 bytes).
    Removing stm32f4xx_hal_dma.o(i.DMA_CheckFifoParam), (170 bytes).
    Removing stm32f4xx_hal_dma.o(i.DMA_SetConfig), (44 bytes).
    Removing stm32f4xx_hal_dma.o(i.HAL_DMA_DeInit), (112 bytes).
    Removing stm32f4xx_hal_dma.o(i.HAL_DMA_GetError), (6 bytes).
    Removing stm32f4xx_hal_dma.o(i.HAL_DMA_GetState), (8 bytes).
    Removing stm32f4xx_hal_dma.o(i.HAL_DMA_IRQHandler), (576 bytes).
    Removing stm32f4xx_hal_dma.o(i.HAL_DMA_Init), (236 bytes).
    Removing stm32f4xx_hal_dma.o(i.HAL_DMA_PollForTransfer), (346 bytes).
    Removing stm32f4xx_hal_dma.o(i.HAL_DMA_RegisterCallback), (96 bytes).
    Removing stm32f4xx_hal_dma.o(i.HAL_DMA_Start), (102 bytes).
    Removing stm32f4xx_hal_dma.o(i.HAL_DMA_Start_IT), (146 bytes).
    Removing stm32f4xx_hal_dma.o(i.HAL_DMA_UnRegisterCallback), (124 bytes).
    Removing stm32f4xx_hal_dma.o(.constdata), (8 bytes).
    Removing stm32f4xx_hal_pwr.o(.rev16_text), (4 bytes).
    Removing stm32f4xx_hal_pwr.o(.revsh_text), (4 bytes).
    Removing stm32f4xx_hal_pwr.o(.rrx_text), (6 bytes).
    Removing stm32f4xx_hal_pwr.o(i.HAL_PWR_ConfigPVD), (180 bytes).
    Removing stm32f4xx_hal_pwr.o(i.HAL_PWR_DeInit), (28 bytes).
    Removing stm32f4xx_hal_pwr.o(i.HAL_PWR_DisableBkUpAccess), (28 bytes).
    Removing stm32f4xx_hal_pwr.o(i.HAL_PWR_DisablePVD), (12 bytes).
    Removing stm32f4xx_hal_pwr.o(i.HAL_PWR_DisableSEVOnPend), (20 bytes).
    Removing stm32f4xx_hal_pwr.o(i.HAL_PWR_DisableSleepOnExit), (20 bytes).
    Removing stm32f4xx_hal_pwr.o(i.HAL_PWR_DisableWakeUpPin), (16 bytes).
    Removing stm32f4xx_hal_pwr.o(i.HAL_PWR_EnableBkUpAccess), (28 bytes).
    Removing stm32f4xx_hal_pwr.o(i.HAL_PWR_EnablePVD), (12 bytes).
    Removing stm32f4xx_hal_pwr.o(i.HAL_PWR_EnableSEVOnPend), (20 bytes).
    Removing stm32f4xx_hal_pwr.o(i.HAL_PWR_EnableSleepOnExit), (20 bytes).
    Removing stm32f4xx_hal_pwr.o(i.HAL_PWR_EnableWakeUpPin), (16 bytes).
    Removing stm32f4xx_hal_pwr.o(i.HAL_PWR_EnterSLEEPMode), (36 bytes).
    Removing stm32f4xx_hal_pwr.o(i.HAL_PWR_EnterSTANDBYMode), (40 bytes).
    Removing stm32f4xx_hal_pwr.o(i.HAL_PWR_EnterSTOPMode), (68 bytes).
    Removing stm32f4xx_hal_pwr.o(i.HAL_PWR_PVDCallback), (2 bytes).
    Removing stm32f4xx_hal_pwr.o(i.HAL_PWR_PVD_IRQHandler), (32 bytes).
    Removing stm32f4xx_hal_pwr_ex.o(.rev16_text), (4 bytes).
    Removing stm32f4xx_hal_pwr_ex.o(.revsh_text), (4 bytes).
    Removing stm32f4xx_hal_pwr_ex.o(.rrx_text), (6 bytes).
    Removing stm32f4xx_hal_pwr_ex.o(i.HAL_PWREx_ControlVoltageScaling), (120 bytes).
    Removing stm32f4xx_hal_pwr_ex.o(i.HAL_PWREx_DisableBkUpReg), (60 bytes).
    Removing stm32f4xx_hal_pwr_ex.o(i.HAL_PWREx_DisableFlashPowerDown), (12 bytes).
    Removing stm32f4xx_hal_pwr_ex.o(i.HAL_PWREx_EnableBkUpReg), (60 bytes).
    Removing stm32f4xx_hal_pwr_ex.o(i.HAL_PWREx_EnableFlashPowerDown), (12 bytes).
    Removing stm32f4xx_hal_pwr_ex.o(i.HAL_PWREx_GetVoltageRange), (16 bytes).
    Removing stm32f4xx_hal_cortex.o(.rev16_text), (4 bytes).
    Removing stm32f4xx_hal_cortex.o(.revsh_text), (4 bytes).
    Removing stm32f4xx_hal_cortex.o(.rrx_text), (6 bytes).
    Removing stm32f4xx_hal_cortex.o(i.HAL_CORTEX_ClearEvent), (6 bytes).
    Removing stm32f4xx_hal_cortex.o(i.HAL_MPU_ConfigRegion), (92 bytes).
    Removing stm32f4xx_hal_cortex.o(i.HAL_MPU_Disable), (32 bytes).
    Removing stm32f4xx_hal_cortex.o(i.HAL_MPU_Enable), (40 bytes).
    Removing stm32f4xx_hal_cortex.o(i.HAL_NVIC_ClearPendingIRQ), (36 bytes).
    Removing stm32f4xx_hal_cortex.o(i.HAL_NVIC_DisableIRQ), (44 bytes).
    Removing stm32f4xx_hal_cortex.o(i.HAL_NVIC_GetActive), (48 bytes).
    Removing stm32f4xx_hal_cortex.o(i.HAL_NVIC_GetPendingIRQ), (48 bytes).
    Removing stm32f4xx_hal_cortex.o(i.HAL_NVIC_GetPriority), (148 bytes).
    Removing stm32f4xx_hal_cortex.o(i.HAL_NVIC_GetPriorityGrouping), (8 bytes).
    Removing stm32f4xx_hal_cortex.o(i.HAL_NVIC_SetPendingIRQ), (36 bytes).
    Removing stm32f4xx_hal_cortex.o(i.HAL_SYSTICK_CLKSourceConfig), (40 bytes).
    Removing stm32f4xx_hal_cortex.o(i.HAL_SYSTICK_Callback), (2 bytes).
    Removing stm32f4xx_hal_cortex.o(i.HAL_SYSTICK_IRQHandler), (8 bytes).
    Removing stm32f4xx_hal.o(.rev16_text), (4 bytes).
    Removing stm32f4xx_hal.o(.revsh_text), (4 bytes).
    Removing stm32f4xx_hal.o(.rrx_text), (6 bytes).
    Removing stm32f4xx_hal.o(i.HAL_DBGMCU_DisableDBGSleepMode), (20 bytes).
    Removing stm32f4xx_hal.o(i.HAL_DBGMCU_DisableDBGStandbyMode), (20 bytes).
    Removing stm32f4xx_hal.o(i.HAL_DBGMCU_DisableDBGStopMode), (20 bytes).
    Removing stm32f4xx_hal.o(i.HAL_DBGMCU_EnableDBGSleepMode), (20 bytes).
    Removing stm32f4xx_hal.o(i.HAL_DBGMCU_EnableDBGStandbyMode), (20 bytes).
    Removing stm32f4xx_hal.o(i.HAL_DBGMCU_EnableDBGStopMode), (20 bytes).
    Removing stm32f4xx_hal.o(i.HAL_DeInit), (80 bytes).
    Removing stm32f4xx_hal.o(i.HAL_Delay), (40 bytes).
    Removing stm32f4xx_hal.o(i.HAL_DisableCompensationCell), (12 bytes).
    Removing stm32f4xx_hal.o(i.HAL_EnableCompensationCell), (12 bytes).
    Removing stm32f4xx_hal.o(i.HAL_GetDEVID), (16 bytes).
    Removing stm32f4xx_hal.o(i.HAL_GetHalVersion), (8 bytes).
    Removing stm32f4xx_hal.o(i.HAL_GetREVID), (12 bytes).
    Removing stm32f4xx_hal.o(i.HAL_GetTickFreq), (12 bytes).
    Removing stm32f4xx_hal.o(i.HAL_GetTickPrio), (12 bytes).
    Removing stm32f4xx_hal.o(i.HAL_GetUIDw0), (12 bytes).
    Removing stm32f4xx_hal.o(i.HAL_GetUIDw1), (12 bytes).
    Removing stm32f4xx_hal.o(i.HAL_GetUIDw2), (12 bytes).
    Removing stm32f4xx_hal.o(i.HAL_MspDeInit), (2 bytes).
    Removing stm32f4xx_hal.o(i.HAL_MspInit), (2 bytes).
    Removing stm32f4xx_hal.o(i.HAL_ResumeTick), (18 bytes).
    Removing stm32f4xx_hal.o(i.HAL_SetTickFreq), (48 bytes).
    Removing stm32f4xx_hal.o(i.HAL_SuspendTick), (18 bytes).
    Removing stm32f4xx_hal_exti.o(.rev16_text), (4 bytes).
    Removing stm32f4xx_hal_exti.o(.revsh_text), (4 bytes).
    Removing stm32f4xx_hal_exti.o(.rrx_text), (6 bytes).
    Removing stm32f4xx_hal_exti.o(i.HAL_EXTI_ClearConfigLine), (120 bytes).
    Removing stm32f4xx_hal_exti.o(i.HAL_EXTI_ClearPending), (28 bytes).
    Removing stm32f4xx_hal_exti.o(i.HAL_EXTI_GenerateSWI), (24 bytes).
    Removing stm32f4xx_hal_exti.o(i.HAL_EXTI_GetConfigLine), (156 bytes).
    Removing stm32f4xx_hal_exti.o(i.HAL_EXTI_GetHandle), (14 bytes).
    Removing stm32f4xx_hal_exti.o(i.HAL_EXTI_GetPending), (36 bytes).
    Removing stm32f4xx_hal_exti.o(i.HAL_EXTI_IRQHandler), (44 bytes).
    Removing stm32f4xx_hal_exti.o(i.HAL_EXTI_RegisterCallback), (20 bytes).
    Removing stm32f4xx_hal_exti.o(i.HAL_EXTI_SetConfigLine), (240 bytes).
    Removing stm32f4xx_hal_uart.o(.rev16_text), (4 bytes).
    Removing stm32f4xx_hal_uart.o(.revsh_text), (4 bytes).
    Removing stm32f4xx_hal_uart.o(.rrx_text), (6 bytes).
    Removing stm32f4xx_hal_uart.o(i.HAL_HalfDuplex_EnableReceiver), (68 bytes).
    Removing stm32f4xx_hal_uart.o(i.HAL_HalfDuplex_EnableTransmitter), (68 bytes).
    Removing stm32f4xx_hal_uart.o(i.HAL_HalfDuplex_Init), (122 bytes).
    Removing stm32f4xx_hal_uart.o(i.HAL_LIN_Init), (146 bytes).
    Removing stm32f4xx_hal_uart.o(i.HAL_LIN_SendBreak), (80 bytes).
    Removing stm32f4xx_hal_uart.o(i.HAL_MultiProcessor_EnterMuteMode), (82 bytes).
    Removing stm32f4xx_hal_uart.o(i.HAL_MultiProcessor_ExitMuteMode), (82 bytes).
    Removing stm32f4xx_hal_uart.o(i.HAL_MultiProcessor_Init), (158 bytes).
    Removing stm32f4xx_hal_uart.o(i.HAL_UARTEx_GetRxEventType), (6 bytes).
    Removing stm32f4xx_hal_uart.o(i.HAL_UARTEx_ReceiveToIdle), (296 bytes).
    Removing stm32f4xx_hal_uart.o(i.HAL_UARTEx_ReceiveToIdle_DMA), (114 bytes).
    Removing stm32f4xx_hal_uart.o(i.HAL_UARTEx_ReceiveToIdle_IT), (114 bytes).
    Removing stm32f4xx_hal_uart.o(i.HAL_UART_Abort), (282 bytes).
    Removing stm32f4xx_hal_uart.o(i.HAL_UART_AbortCpltCallback), (2 bytes).
    Removing stm32f4xx_hal_uart.o(i.HAL_UART_AbortReceive), (196 bytes).
    Removing stm32f4xx_hal_uart.o(i.HAL_UART_AbortReceiveCpltCallback), (2 bytes).
    Removing stm32f4xx_hal_uart.o(i.HAL_UART_AbortReceive_IT), (220 bytes).
    Removing stm32f4xx_hal_uart.o(i.HAL_UART_AbortTransmit), (126 bytes).
    Removing stm32f4xx_hal_uart.o(i.HAL_UART_AbortTransmitCpltCallback), (2 bytes).
    Removing stm32f4xx_hal_uart.o(i.HAL_UART_AbortTransmit_IT), (144 bytes).
    Removing stm32f4xx_hal_uart.o(i.HAL_UART_Abort_IT), (336 bytes).
    Removing stm32f4xx_hal_uart.o(i.HAL_UART_DMAPause), (166 bytes).
    Removing stm32f4xx_hal_uart.o(i.HAL_UART_DMAResume), (170 bytes).
    Removing stm32f4xx_hal_uart.o(i.HAL_UART_DMAStop), (138 bytes).
    Removing stm32f4xx_hal_uart.o(i.HAL_UART_DeInit), (62 bytes).
    Removing stm32f4xx_hal_uart.o(i.HAL_UART_GetError), (6 bytes).
    Removing stm32f4xx_hal_uart.o(i.HAL_UART_GetState), (20 bytes).
    Removing stm32f4xx_hal_uart.o(i.HAL_UART_MspDeInit), (2 bytes).
    Removing stm32f4xx_hal_uart.o(i.HAL_UART_MspInit), (2 bytes).
    Removing stm32f4xx_hal_uart.o(i.HAL_UART_Receive), (194 bytes).
    Removing stm32f4xx_hal_uart.o(i.HAL_UART_Receive_DMA), (44 bytes).
    Removing stm32f4xx_hal_uart.o(i.HAL_UART_RxCpltCallback), (2 bytes).
    Removing stm32f4xx_hal_uart.o(i.HAL_UART_RxHalfCpltCallback), (2 bytes).
    Removing stm32f4xx_hal_uart.o(i.HAL_UART_Transmit_DMA), (140 bytes).
    Removing stm32f4xx_hal_uart.o(i.HAL_UART_Transmit_IT), (56 bytes).
    Removing stm32f4xx_hal_uart.o(i.HAL_UART_TxHalfCpltCallback), (2 bytes).
    Removing stm32f4xx_hal_uart.o(i.UART_DMAError), (80 bytes).
    Removing stm32f4xx_hal_uart.o(i.UART_DMAReceiveCplt), (180 bytes).
    Removing stm32f4xx_hal_uart.o(i.UART_DMARxAbortCallback), (56 bytes).
    Removing stm32f4xx_hal_uart.o(i.UART_DMARxHalfCplt), (36 bytes).
    Removing stm32f4xx_hal_uart.o(i.UART_DMARxOnlyAbortCallback), (28 bytes).
    Removing stm32f4xx_hal_uart.o(i.UART_DMATransmitCplt), (88 bytes).
    Removing stm32f4xx_hal_uart.o(i.UART_DMATxAbortCallback), (56 bytes).
    Removing stm32f4xx_hal_uart.o(i.UART_DMATxHalfCplt), (14 bytes).
    Removing stm32f4xx_hal_uart.o(i.UART_DMATxOnlyAbortCallback), (24 bytes).
    Removing stm32f4xx_hal_uart.o(i.UART_EndTxTransfer), (38 bytes).
    Removing stm32f4xx_hal_uart.o(i.UART_Start_Receive_DMA), (200 bytes).
    Removing system_stm32f4xx.o(.rev16_text), (4 bytes).
    Removing system_stm32f4xx.o(.revsh_text), (4 bytes).
    Removing system_stm32f4xx.o(.rrx_text), (6 bytes).
    Removing system_stm32f4xx.o(i.SystemCoreClockUpdate), (192 bytes).
    Removing dmul.o(.text), (228 bytes).
    Removing d2f.o(.text), (56 bytes).
    Removing fepilogue.o(.text), (110 bytes).

428 unused section(s) (total 39326 bytes) removed from the image.

==============================================================================

Image Symbol Table

    Local Symbols

    Symbol Name                              Value     Ov Type        Size  Object(Section)

    ../Core/Src/gpio.c                       0x00000000   Number         0  gpio.o ABSOLUTE
    ../Core/Src/main.c                       0x00000000   Number         0  main.o ABSOLUTE
    ../Core/Src/stm32f4xx_hal_msp.c          0x00000000   Number         0  stm32f4xx_hal_msp.o ABSOLUTE
    ../Core/Src/stm32f4xx_it.c               0x00000000   Number         0  stm32f4xx_it.o ABSOLUTE
    ../Core/Src/system_stm32f4xx.c           0x00000000   Number         0  system_stm32f4xx.o ABSOLUTE
    ../Core/Src/tim.c                        0x00000000   Number         0  tim.o ABSOLUTE
    ../Core/Src/usart.c                      0x00000000   Number         0  usart.o ABSOLUTE
    ../Drivers/STM32F4xx_HAL_Driver/Src/stm32f4xx_hal.c 0x00000000   Number         0  stm32f4xx_hal.o ABSOLUTE
    ../Drivers/STM32F4xx_HAL_Driver/Src/stm32f4xx_hal_cortex.c 0x00000000   Number         0  stm32f4xx_hal_cortex.o ABSOLUTE
    ../Drivers/STM32F4xx_HAL_Driver/Src/stm32f4xx_hal_dma.c 0x00000000   Number         0  stm32f4xx_hal_dma.o ABSOLUTE
    ../Drivers/STM32F4xx_HAL_Driver/Src/stm32f4xx_hal_dma_ex.c 0x00000000   Number         0  stm32f4xx_hal_dma_ex.o ABSOLUTE
    ../Drivers/STM32F4xx_HAL_Driver/Src/stm32f4xx_hal_exti.c 0x00000000   Number         0  stm32f4xx_hal_exti.o ABSOLUTE
    ../Drivers/STM32F4xx_HAL_Driver/Src/stm32f4xx_hal_flash.c 0x00000000   Number         0  stm32f4xx_hal_flash.o ABSOLUTE
    ../Drivers/STM32F4xx_HAL_Driver/Src/stm32f4xx_hal_flash_ex.c 0x00000000   Number         0  stm32f4xx_hal_flash_ex.o ABSOLUTE
    ../Drivers/STM32F4xx_HAL_Driver/Src/stm32f4xx_hal_flash_ramfunc.c 0x00000000   Number         0  stm32f4xx_hal_flash_ramfunc.o ABSOLUTE
    ../Drivers/STM32F4xx_HAL_Driver/Src/stm32f4xx_hal_gpio.c 0x00000000   Number         0  stm32f4xx_hal_gpio.o ABSOLUTE
    ../Drivers/STM32F4xx_HAL_Driver/Src/stm32f4xx_hal_pwr.c 0x00000000   Number         0  stm32f4xx_hal_pwr.o ABSOLUTE
    ../Drivers/STM32F4xx_HAL_Driver/Src/stm32f4xx_hal_pwr_ex.c 0x00000000   Number         0  stm32f4xx_hal_pwr_ex.o ABSOLUTE
    ../Drivers/STM32F4xx_HAL_Driver/Src/stm32f4xx_hal_rcc.c 0x00000000   Number         0  stm32f4xx_hal_rcc.o ABSOLUTE
    ../Drivers/STM32F4xx_HAL_Driver/Src/stm32f4xx_hal_rcc_ex.c 0x00000000   Number         0  stm32f4xx_hal_rcc_ex.o ABSOLUTE
    ../Drivers/STM32F4xx_HAL_Driver/Src/stm32f4xx_hal_tim.c 0x00000000   Number         0  stm32f4xx_hal_tim.o ABSOLUTE
    ../Drivers/STM32F4xx_HAL_Driver/Src/stm32f4xx_hal_tim_ex.c 0x00000000   Number         0  stm32f4xx_hal_tim_ex.o ABSOLUTE
    ../Drivers/STM32F4xx_HAL_Driver/Src/stm32f4xx_hal_uart.c 0x00000000   Number         0  stm32f4xx_hal_uart.o ABSOLUTE
    ../clib/microlib/division.c              0x00000000   Number         0  uldiv.o ABSOLUTE
    ../clib/microlib/init/entry.s            0x00000000   Number         0  entry8b.o ABSOLUTE
    ../clib/microlib/init/entry.s            0x00000000   Number         0  entry8a.o ABSOLUTE
    ../clib/microlib/init/entry.s            0x00000000   Number         0  entry7b.o ABSOLUTE
    ../clib/microlib/init/entry.s            0x00000000   Number         0  entry7a.o ABSOLUTE
    ../clib/microlib/init/entry.s            0x00000000   Number         0  entry2.o ABSOLUTE
    ../clib/microlib/init/entry.s            0x00000000   Number         0  entry.o ABSOLUTE
    ../clib/microlib/init/entry.s            0x00000000   Number         0  entry11a.o ABSOLUTE
    ../clib/microlib/init/entry.s            0x00000000   Number         0  entry11b.o ABSOLUTE
    ../clib/microlib/init/entry.s            0x00000000   Number         0  entry10b.o ABSOLUTE
    ../clib/microlib/init/entry.s            0x00000000   Number         0  entry10a.o ABSOLUTE
    ../clib/microlib/init/entry.s            0x00000000   Number         0  entry9b.o ABSOLUTE
    ../clib/microlib/init/entry.s            0x00000000   Number         0  entry9a.o ABSOLUTE
    ../clib/microlib/init/entry.s            0x00000000   Number         0  entry5.o ABSOLUTE
    ../clib/microlib/longlong.c              0x00000000   Number         0  llshl.o ABSOLUTE
    ../clib/microlib/longlong.c              0x00000000   Number         0  llushr.o ABSOLUTE
    ../clib/microlib/string/memcpy.c         0x00000000   Number         0  memcpya.o ABSOLUTE
    ../clib/microlib/string/memcpy.c         0x00000000   Number         0  memcpyb.o ABSOLUTE
    ../clib/microlib/string/memset.c         0x00000000   Number         0  memseta.o ABSOLUTE
    ../clib/microlib/stubs.s                 0x00000000   Number         0  iusefp.o ABSOLUTE
    ../fplib/microlib/d2f.c                  0x00000000   Number         0  d2f.o ABSOLUTE
    ../fplib/microlib/f2d.c                  0x00000000   Number         0  f2d.o ABSOLUTE
    ../fplib/microlib/fpdiv.c                0x00000000   Number         0  ddiv.o ABSOLUTE
    ../fplib/microlib/fpepilogue.c           0x00000000   Number         0  depilogue.o ABSOLUTE
    ../fplib/microlib/fpepilogue.c           0x00000000   Number         0  fepilogue.o ABSOLUTE
    ../fplib/microlib/fpfix.c                0x00000000   Number         0  dfixui.o ABSOLUTE
    ../fplib/microlib/fpflt.c                0x00000000   Number         0  dfltui.o ABSOLUTE
    ../fplib/microlib/fpmul.c                0x00000000   Number         0  dmul.o ABSOLUTE
    ../mathlib/fabs.c                        0x00000000   Number         0  fabs.o ABSOLUTE
    ..\Core\Src\App.c                        0x00000000   Number         0  app.o ABSOLUTE
    ..\Core\Src\Tim_Init.c                   0x00000000   Number         0  tim_init.o ABSOLUTE
    ..\Core\Src\Uart_Init.c                  0x00000000   Number         0  uart_init.o ABSOLUTE
    ..\Core\Src\gpio.c                       0x00000000   Number         0  gpio.o ABSOLUTE
    ..\Core\Src\main.c                       0x00000000   Number         0  main.o ABSOLUTE
    ..\Core\Src\motor_control.c              0x00000000   Number         0  motor_control.o ABSOLUTE
    ..\Core\Src\pid.c                        0x00000000   Number         0  pid.o ABSOLUTE
    ..\Core\Src\protocol.c                   0x00000000   Number         0  protocol.o ABSOLUTE
    ..\Core\Src\stm32f4xx_hal_msp.c          0x00000000   Number         0  stm32f4xx_hal_msp.o ABSOLUTE
    ..\Core\Src\stm32f4xx_it.c               0x00000000   Number         0  stm32f4xx_it.o ABSOLUTE
    ..\Core\Src\system_stm32f4xx.c           0x00000000   Number         0  system_stm32f4xx.o ABSOLUTE
    ..\Core\Src\tim.c                        0x00000000   Number         0  tim.o ABSOLUTE
    ..\Core\Src\usart.c                      0x00000000   Number         0  usart.o ABSOLUTE
    ..\Drivers\STM32F4xx_HAL_Driver\Src\stm32f4xx_hal.c 0x00000000   Number         0  stm32f4xx_hal.o ABSOLUTE
    ..\Drivers\STM32F4xx_HAL_Driver\Src\stm32f4xx_hal_cortex.c 0x00000000   Number         0  stm32f4xx_hal_cortex.o ABSOLUTE
    ..\Drivers\STM32F4xx_HAL_Driver\Src\stm32f4xx_hal_dma.c 0x00000000   Number         0  stm32f4xx_hal_dma.o ABSOLUTE
    ..\Drivers\STM32F4xx_HAL_Driver\Src\stm32f4xx_hal_dma_ex.c 0x00000000   Number         0  stm32f4xx_hal_dma_ex.o ABSOLUTE
    ..\Drivers\STM32F4xx_HAL_Driver\Src\stm32f4xx_hal_exti.c 0x00000000   Number         0  stm32f4xx_hal_exti.o ABSOLUTE
    ..\Drivers\STM32F4xx_HAL_Driver\Src\stm32f4xx_hal_flash.c 0x00000000   Number         0  stm32f4xx_hal_flash.o ABSOLUTE
    ..\Drivers\STM32F4xx_HAL_Driver\Src\stm32f4xx_hal_flash_ex.c 0x00000000   Number         0  stm32f4xx_hal_flash_ex.o ABSOLUTE
    ..\Drivers\STM32F4xx_HAL_Driver\Src\stm32f4xx_hal_flash_ramfunc.c 0x00000000   Number         0  stm32f4xx_hal_flash_ramfunc.o ABSOLUTE
    ..\Drivers\STM32F4xx_HAL_Driver\Src\stm32f4xx_hal_gpio.c 0x00000000   Number         0  stm32f4xx_hal_gpio.o ABSOLUTE
    ..\Drivers\STM32F4xx_HAL_Driver\Src\stm32f4xx_hal_pwr.c 0x00000000   Number         0  stm32f4xx_hal_pwr.o ABSOLUTE
    ..\Drivers\STM32F4xx_HAL_Driver\Src\stm32f4xx_hal_pwr_ex.c 0x00000000   Number         0  stm32f4xx_hal_pwr_ex.o ABSOLUTE
    ..\Drivers\STM32F4xx_HAL_Driver\Src\stm32f4xx_hal_rcc.c 0x00000000   Number         0  stm32f4xx_hal_rcc.o ABSOLUTE
    ..\Drivers\STM32F4xx_HAL_Driver\Src\stm32f4xx_hal_rcc_ex.c 0x00000000   Number         0  stm32f4xx_hal_rcc_ex.o ABSOLUTE
    ..\Drivers\STM32F4xx_HAL_Driver\Src\stm32f4xx_hal_tim.c 0x00000000   Number         0  stm32f4xx_hal_tim.o ABSOLUTE
    ..\Drivers\STM32F4xx_HAL_Driver\Src\stm32f4xx_hal_tim_ex.c 0x00000000   Number         0  stm32f4xx_hal_tim_ex.o ABSOLUTE
    ..\Drivers\STM32F4xx_HAL_Driver\Src\stm32f4xx_hal_uart.c 0x00000000   Number         0  stm32f4xx_hal_uart.o ABSOLUTE
    ..\\Core\\Src\\App.c                     0x00000000   Number         0  app.o ABSOLUTE
    ..\\Core\\Src\\Tim_Init.c                0x00000000   Number         0  tim_init.o ABSOLUTE
    ..\\Core\\Src\\Uart_Init.c               0x00000000   Number         0  uart_init.o ABSOLUTE
    ..\\Core\\Src\\motor_control.c           0x00000000   Number         0  motor_control.o ABSOLUTE
    ..\\Core\\Src\\pid.c                     0x00000000   Number         0  pid.o ABSOLUTE
    ..\\Core\\Src\\protocol.c                0x00000000   Number         0  protocol.o ABSOLUTE
    cdcmple.s                                0x00000000   Number         0  cdcmple.o ABSOLUTE
    dc.s                                     0x00000000   Number         0  dc.o ABSOLUTE
    handlers.s                               0x00000000   Number         0  handlers.o ABSOLUTE
    init.s                                   0x00000000   Number         0  init.o ABSOLUTE
    startup_stm32f407xx.s                    0x00000000   Number         0  startup_stm32f407xx.o ABSOLUTE
    RESET                                    0x08000000   Section      392  startup_stm32f407xx.o(RESET)
    .ARM.Collect$$$$00000000                 0x08000188   Section        0  entry.o(.ARM.Collect$$$$00000000)
    .ARM.Collect$$$$00000001                 0x08000188   Section        4  entry2.o(.ARM.Collect$$$$00000001)
    .ARM.Collect$$$$00000004                 0x0800018c   Section        4  entry5.o(.ARM.Collect$$$$00000004)
    .ARM.Collect$$$$00000008                 0x08000190   Section        0  entry7b.o(.ARM.Collect$$$$00000008)
    .ARM.Collect$$$$0000000A                 0x08000190   Section        0  entry8b.o(.ARM.Collect$$$$0000000A)
    .ARM.Collect$$$$0000000B                 0x08000190   Section        8  entry9a.o(.ARM.Collect$$$$0000000B)
    .ARM.Collect$$$$0000000D                 0x08000198   Section        0  entry10a.o(.ARM.Collect$$$$0000000D)
    .ARM.Collect$$$$0000000F                 0x08000198   Section        0  entry11a.o(.ARM.Collect$$$$0000000F)
    .ARM.Collect$$$$00002712                 0x08000198   Section        4  entry2.o(.ARM.Collect$$$$00002712)
    __lit__00000000                          0x08000198   Data           4  entry2.o(.ARM.Collect$$$$00002712)
    .text                                    0x0800019c   Section       36  startup_stm32f407xx.o(.text)
    $v0                                      0x0800019c   Number         0  startup_stm32f407xx.o(.text)
    .text                                    0x080001c0   Section        0  uldiv.o(.text)
    .text                                    0x08000222   Section        0  memcpya.o(.text)
    .text                                    0x08000246   Section        0  memseta.o(.text)
    .text                                    0x0800026a   Section        0  ddiv.o(.text)
    .text                                    0x08000348   Section        0  dfltui.o(.text)
    .text                                    0x08000362   Section        0  dfixui.o(.text)
    .text                                    0x08000394   Section        0  f2d.o(.text)
    .text                                    0x080003bc   Section       48  cdcmple.o(.text)
    .text                                    0x080003ec   Section        0  llshl.o(.text)
    .text                                    0x0800040a   Section        0  llushr.o(.text)
    .text                                    0x0800042a   Section        0  iusefp.o(.text)
    .text                                    0x0800042a   Section        0  depilogue.o(.text)
    .text                                    0x080004e4   Section       36  init.o(.text)
    i.BusFault_Handler                       0x08000508   Section        0  stm32f4xx_it.o(i.BusFault_Handler)
    i.DebugMon_Handler                       0x0800050c   Section        0  stm32f4xx_it.o(i.DebugMon_Handler)
    i.Error_Handler                          0x0800050e   Section        0  main.o(i.Error_Handler)
    i.HAL_DMA_Abort                          0x08000514   Section        0  stm32f4xx_hal_dma.o(i.HAL_DMA_Abort)
    i.HAL_DMA_Abort_IT                       0x080005c0   Section        0  stm32f4xx_hal_dma.o(i.HAL_DMA_Abort_IT)
    i.HAL_GPIO_Init                          0x080005e8   Section        0  stm32f4xx_hal_gpio.o(i.HAL_GPIO_Init)
    i.HAL_GetTick                            0x080007dc   Section        0  stm32f4xx_hal.o(i.HAL_GetTick)
    i.HAL_IncTick                            0x080007e8   Section        0  stm32f4xx_hal.o(i.HAL_IncTick)
    i.HAL_Init                               0x08000800   Section        0  stm32f4xx_hal.o(i.HAL_Init)
    i.HAL_InitTick                           0x0800083c   Section        0  stm32f4xx_hal.o(i.HAL_InitTick)
    i.HAL_MspInit                            0x08000888   Section        0  stm32f4xx_hal_msp.o(i.HAL_MspInit)
    i.HAL_NVIC_EnableIRQ                     0x080008d0   Section        0  stm32f4xx_hal_cortex.o(i.HAL_NVIC_EnableIRQ)
    i.HAL_NVIC_SetPriority                   0x080008f8   Section        0  stm32f4xx_hal_cortex.o(i.HAL_NVIC_SetPriority)
    i.HAL_NVIC_SetPriorityGrouping           0x08000974   Section        0  stm32f4xx_hal_cortex.o(i.HAL_NVIC_SetPriorityGrouping)
    i.HAL_NVIC_SystemReset                   0x0800099c   Section        0  stm32f4xx_hal_cortex.o(i.HAL_NVIC_SystemReset)
    i.HAL_RCC_ClockConfig                    0x080009c8   Section        0  stm32f4xx_hal_rcc.o(i.HAL_RCC_ClockConfig)
    i.HAL_RCC_GetHCLKFreq                    0x08000b4c   Section        0  stm32f4xx_hal_rcc.o(i.HAL_RCC_GetHCLKFreq)
    i.HAL_RCC_GetPCLK1Freq                   0x08000b58   Section        0  stm32f4xx_hal_rcc.o(i.HAL_RCC_GetPCLK1Freq)
    i.HAL_RCC_GetPCLK2Freq                   0x08000b78   Section        0  stm32f4xx_hal_rcc.o(i.HAL_RCC_GetPCLK2Freq)
    i.HAL_RCC_GetSysClockFreq                0x08000b98   Section        0  stm32f4xx_hal_rcc.o(i.HAL_RCC_GetSysClockFreq)
    i.HAL_RCC_OscConfig                      0x08000c48   Section        0  stm32f4xx_hal_rcc.o(i.HAL_RCC_OscConfig)
    i.HAL_SYSTICK_Config                     0x080010e4   Section        0  stm32f4xx_hal_cortex.o(i.HAL_SYSTICK_Config)
    i.HAL_TIMEx_BreakCallback                0x08001118   Section        0  stm32f4xx_hal_tim_ex.o(i.HAL_TIMEx_BreakCallback)
    i.HAL_TIMEx_CommutCallback               0x0800111a   Section        0  stm32f4xx_hal_tim_ex.o(i.HAL_TIMEx_CommutCallback)
    i.HAL_TIMEx_MasterConfigSynchronization  0x0800111c   Section        0  stm32f4xx_hal_tim_ex.o(i.HAL_TIMEx_MasterConfigSynchronization)
    i.HAL_TIM_Base_Init                      0x080011d0   Section        0  stm32f4xx_hal_tim.o(i.HAL_TIM_Base_Init)
    i.HAL_TIM_Base_MspInit                   0x08001238   Section        0  tim.o(i.HAL_TIM_Base_MspInit)
    i.HAL_TIM_Base_Start_IT                  0x080012ac   Section        0  stm32f4xx_hal_tim.o(i.HAL_TIM_Base_Start_IT)
    i.HAL_TIM_ConfigClockSource              0x08001354   Section        0  stm32f4xx_hal_tim.o(i.HAL_TIM_ConfigClockSource)
    i.HAL_TIM_Encoder_Init                   0x08001460   Section        0  stm32f4xx_hal_tim.o(i.HAL_TIM_Encoder_Init)
    i.HAL_TIM_Encoder_MspInit                0x08001528   Section        0  tim.o(i.HAL_TIM_Encoder_MspInit)
    i.HAL_TIM_Encoder_Start                  0x080015f8   Section        0  stm32f4xx_hal_tim.o(i.HAL_TIM_Encoder_Start)
    i.HAL_TIM_IC_CaptureCallback             0x080016c4   Section        0  stm32f4xx_hal_tim.o(i.HAL_TIM_IC_CaptureCallback)
    i.HAL_TIM_IRQHandler                     0x080016c6   Section        0  stm32f4xx_hal_tim.o(i.HAL_TIM_IRQHandler)
    i.HAL_TIM_MspPostInit                    0x08001834   Section        0  tim.o(i.HAL_TIM_MspPostInit)
    i.HAL_TIM_OC_DelayElapsedCallback        0x08001894   Section        0  stm32f4xx_hal_tim.o(i.HAL_TIM_OC_DelayElapsedCallback)
    i.HAL_TIM_PWM_ConfigChannel              0x08001896   Section        0  stm32f4xx_hal_tim.o(i.HAL_TIM_PWM_ConfigChannel)
    i.HAL_TIM_PWM_Init                       0x0800199a   Section        0  stm32f4xx_hal_tim.o(i.HAL_TIM_PWM_Init)
    i.HAL_TIM_PWM_MspInit                    0x08001a00   Section        0  stm32f4xx_hal_tim.o(i.HAL_TIM_PWM_MspInit)
    i.HAL_TIM_PWM_PulseFinishedCallback      0x08001a02   Section        0  stm32f4xx_hal_tim.o(i.HAL_TIM_PWM_PulseFinishedCallback)
    i.HAL_TIM_PWM_Start                      0x08001a04   Section        0  stm32f4xx_hal_tim.o(i.HAL_TIM_PWM_Start)
    i.HAL_TIM_PWM_Stop                       0x08001b10   Section        0  stm32f4xx_hal_tim.o(i.HAL_TIM_PWM_Stop)
    i.HAL_TIM_PeriodElapsedCallback          0x08001bb8   Section        0  tim_init.o(i.HAL_TIM_PeriodElapsedCallback)
    i.HAL_TIM_TriggerCallback                0x08001c10   Section        0  stm32f4xx_hal_tim.o(i.HAL_TIM_TriggerCallback)
    i.HAL_UARTEx_RxEventCallback             0x08001c12   Section        0  stm32f4xx_hal_uart.o(i.HAL_UARTEx_RxEventCallback)
    i.HAL_UART_ErrorCallback                 0x08001c14   Section        0  stm32f4xx_hal_uart.o(i.HAL_UART_ErrorCallback)
    i.HAL_UART_IRQHandler                    0x08001c18   Section        0  stm32f4xx_hal_uart.o(i.HAL_UART_IRQHandler)
    i.HAL_UART_Init                          0x08001f00   Section        0  stm32f4xx_hal_uart.o(i.HAL_UART_Init)
    i.HAL_UART_MspInit                       0x08001f78   Section        0  usart.o(i.HAL_UART_MspInit)
    i.HAL_UART_Receive_IT                    0x08002010   Section        0  stm32f4xx_hal_uart.o(i.HAL_UART_Receive_IT)
    i.HAL_UART_RxCpltCallback                0x0800203c   Section        0  uart_init.o(i.HAL_UART_RxCpltCallback)
    i.HAL_UART_Transmit                      0x08002060   Section        0  stm32f4xx_hal_uart.o(i.HAL_UART_Transmit)
    i.HAL_UART_TxCpltCallback                0x0800211e   Section        0  stm32f4xx_hal_uart.o(i.HAL_UART_TxCpltCallback)
    i.HardFault_Handler                      0x08002120   Section        0  stm32f4xx_it.o(i.HardFault_Handler)
    i.MX_GPIO_Init                           0x08002124   Section        0  gpio.o(i.MX_GPIO_Init)
    i.MX_TIM2_Init                           0x080021a8   Section        0  tim.o(i.MX_TIM2_Init)
    i.MX_TIM5_Init                           0x08002220   Section        0  tim.o(i.MX_TIM5_Init)
    i.MX_TIM6_Init                           0x080022f4   Section        0  tim.o(i.MX_TIM6_Init)
    i.MX_USART3_UART_Init                    0x08002340   Section        0  usart.o(i.MX_USART3_UART_Init)
    i.MemManage_Handler                      0x08002378   Section        0  stm32f4xx_it.o(i.MemManage_Handler)
    i.Motor_Small_Set_Speed                  0x0800237c   Section        0  motor_control.o(i.Motor_Small_Set_Speed)
    i.NMI_Handler                            0x08002480   Section        0  stm32f4xx_it.o(i.NMI_Handler)
    i.PID_calc                               0x08002484   Section        0  pid.o(i.PID_calc)
    i.PendSV_Handler                         0x08002678   Section        0  stm32f4xx_it.o(i.PendSV_Handler)
    i.SVC_Handler                            0x0800267a   Section        0  stm32f4xx_it.o(i.SVC_Handler)
    i.SysTick_Handler                        0x0800267c   Section        0  stm32f4xx_it.o(i.SysTick_Handler)
    i.SystemClock_Config                     0x08002684   Section        0  main.o(i.SystemClock_Config)
    i.SystemInit                             0x08002738   Section        0  system_stm32f4xx.o(i.SystemInit)
    i.System_Init                            0x0800274c   Section        0  app.o(i.System_Init)
    i.TIM2_IRQHandler                        0x080027e4   Section        0  stm32f4xx_it.o(i.TIM2_IRQHandler)
    i.TIM6_DAC_IRQHandler                    0x080027f4   Section        0  stm32f4xx_it.o(i.TIM6_DAC_IRQHandler)
    i.TIM_Base_SetConfig                     0x08002804   Section        0  stm32f4xx_hal_tim.o(i.TIM_Base_SetConfig)
    i.TIM_CCxChannelCmd                      0x080028ec   Section        0  stm32f4xx_hal_tim.o(i.TIM_CCxChannelCmd)
    i.TIM_ETR_SetConfig                      0x0800290e   Section        0  stm32f4xx_hal_tim.o(i.TIM_ETR_SetConfig)
    i.TIM_ITRx_SetConfig                     0x08002924   Section        0  stm32f4xx_hal_tim.o(i.TIM_ITRx_SetConfig)
    TIM_ITRx_SetConfig                       0x08002925   Thumb Code    18  stm32f4xx_hal_tim.o(i.TIM_ITRx_SetConfig)
    i.TIM_OC1_SetConfig                      0x08002938   Section        0  stm32f4xx_hal_tim.o(i.TIM_OC1_SetConfig)
    TIM_OC1_SetConfig                        0x08002939   Thumb Code   104  stm32f4xx_hal_tim.o(i.TIM_OC1_SetConfig)
    i.TIM_OC2_SetConfig                      0x080029a8   Section        0  stm32f4xx_hal_tim.o(i.TIM_OC2_SetConfig)
    i.TIM_OC3_SetConfig                      0x08002a24   Section        0  stm32f4xx_hal_tim.o(i.TIM_OC3_SetConfig)
    TIM_OC3_SetConfig                        0x08002a25   Thumb Code   112  stm32f4xx_hal_tim.o(i.TIM_OC3_SetConfig)
    i.TIM_OC4_SetConfig                      0x08002a9c   Section        0  stm32f4xx_hal_tim.o(i.TIM_OC4_SetConfig)
    TIM_OC4_SetConfig                        0x08002a9d   Thumb Code    74  stm32f4xx_hal_tim.o(i.TIM_OC4_SetConfig)
    i.TIM_TI1_ConfigInputStage               0x08002af0   Section        0  stm32f4xx_hal_tim.o(i.TIM_TI1_ConfigInputStage)
    TIM_TI1_ConfigInputStage                 0x08002af1   Thumb Code    38  stm32f4xx_hal_tim.o(i.TIM_TI1_ConfigInputStage)
    i.TIM_TI2_ConfigInputStage               0x08002b16   Section        0  stm32f4xx_hal_tim.o(i.TIM_TI2_ConfigInputStage)
    TIM_TI2_ConfigInputStage                 0x08002b17   Thumb Code    40  stm32f4xx_hal_tim.o(i.TIM_TI2_ConfigInputStage)
    i.TIMx_PWM_disable                       0x08002b40   Section        0  tim_init.o(i.TIMx_PWM_disable)
    i.TIMx_PWM_enable                        0x08002b74   Section        0  tim_init.o(i.TIMx_PWM_enable)
    i.TIMx_basic_enable                      0x08002ba8   Section        0  tim_init.o(i.TIMx_basic_enable)
    i.TIMx_econder_enable                    0x08002bfc   Section        0  tim_init.o(i.TIMx_econder_enable)
    i.UART_DMAAbortOnError                   0x08002c14   Section        0  stm32f4xx_hal_uart.o(i.UART_DMAAbortOnError)
    UART_DMAAbortOnError                     0x08002c15   Thumb Code    20  stm32f4xx_hal_uart.o(i.UART_DMAAbortOnError)
    i.UART_EndRxTransfer                     0x08002c28   Section        0  stm32f4xx_hal_uart.o(i.UART_EndRxTransfer)
    UART_EndRxTransfer                       0x08002c29   Thumb Code   108  stm32f4xx_hal_uart.o(i.UART_EndRxTransfer)
    i.UART_EndTransmit_IT                    0x08002c94   Section        0  stm32f4xx_hal_uart.o(i.UART_EndTransmit_IT)
    UART_EndTransmit_IT                      0x08002c95   Thumb Code    32  stm32f4xx_hal_uart.o(i.UART_EndTransmit_IT)
    i.UART_Receive_IT                        0x08002cb4   Section        0  stm32f4xx_hal_uart.o(i.UART_Receive_IT)
    UART_Receive_IT                          0x08002cb5   Thumb Code   252  stm32f4xx_hal_uart.o(i.UART_Receive_IT)
    i.UART_SetConfig                         0x08002db0   Section        0  stm32f4xx_hal_uart.o(i.UART_SetConfig)
    UART_SetConfig                           0x08002db1   Thumb Code   546  stm32f4xx_hal_uart.o(i.UART_SetConfig)
    i.UART_Start_Receive_IT                  0x08002fdc   Section        0  stm32f4xx_hal_uart.o(i.UART_Start_Receive_IT)
    i.UART_Transmit_IT                       0x0800301c   Section        0  stm32f4xx_hal_uart.o(i.UART_Transmit_IT)
    UART_Transmit_IT                         0x0800301d   Thumb Code    96  stm32f4xx_hal_uart.o(i.UART_Transmit_IT)
    i.UART_WaitOnFlagUntilTimeout            0x0800307c   Section        0  stm32f4xx_hal_uart.o(i.UART_WaitOnFlagUntilTimeout)
    UART_WaitOnFlagUntilTimeout              0x0800307d   Thumb Code   140  stm32f4xx_hal_uart.o(i.UART_WaitOnFlagUntilTimeout)
    i.USART3_IRQHandler                      0x08003108   Section        0  stm32f4xx_it.o(i.USART3_IRQHandler)
    i.Uartx_enable                           0x0800312c   Section        0  uart_init.o(i.Uartx_enable)
    i.UsageFault_Handler                     0x08003144   Section        0  stm32f4xx_it.o(i.UsageFault_Handler)
    i.__NVIC_GetPriorityGrouping             0x08003148   Section        0  stm32f4xx_hal_cortex.o(i.__NVIC_GetPriorityGrouping)
    __NVIC_GetPriorityGrouping               0x08003149   Thumb Code    10  stm32f4xx_hal_cortex.o(i.__NVIC_GetPriorityGrouping)
    i.__NVIC_SetPriority                     0x08003158   Section        0  stm32f4xx_hal_cortex.o(i.__NVIC_SetPriority)
    __NVIC_SetPriority                       0x08003159   Thumb Code    32  stm32f4xx_hal_cortex.o(i.__NVIC_SetPriority)
    i.__hardfp_fabs                          0x08003180   Section        0  fabs.o(i.__hardfp_fabs)
    i.__scatterload_copy                     0x08003194   Section       14  handlers.o(i.__scatterload_copy)
    i.__scatterload_null                     0x080031a2   Section        2  handlers.o(i.__scatterload_null)
    i.__scatterload_zeroinit                 0x080031a4   Section       14  handlers.o(i.__scatterload_zeroinit)
    i.abs_limit                              0x080031b2   Section        0  pid.o(i.abs_limit)
    i.check_sum                              0x080031e0   Section        0  protocol.o(i.check_sum)
    i.get_frame_checksum                     0x080031fc   Section        0  protocol.o(i.get_frame_checksum)
    get_frame_checksum                       0x080031fd   Thumb Code    26  protocol.o(i.get_frame_checksum)
    i.get_frame_len                          0x08003216   Section        0  protocol.o(i.get_frame_len)
    get_frame_len                            0x08003217   Thumb Code    52  protocol.o(i.get_frame_len)
    i.get_frame_type                         0x0800324a   Section        0  protocol.o(i.get_frame_type)
    get_frame_type                           0x0800324b   Thumb Code    14  protocol.o(i.get_frame_type)
    i.main                                   0x08003258   Section        0  main.o(i.main)
    i.pid_param_init                         0x08003280   Section        0  pid.o(i.pid_param_init)
    i.pid_reset                              0x080032a0   Section        0  pid.o(i.pid_reset)
    i.protocol_data_recv                     0x080032b0   Section        0  protocol.o(i.protocol_data_recv)
    i.protocol_frame_parse                   0x080032e4   Section        0  protocol.o(i.protocol_frame_parse)
    protocol_frame_parse                     0x080032e5   Thumb Code   442  protocol.o(i.protocol_frame_parse)
    i.protocol_init                          0x080034a4   Section        0  protocol.o(i.protocol_init)
    i.receiving_process                      0x080034c0   Section        0  protocol.o(i.receiving_process)
    i.recvbuf_find_header                    0x0800367c   Section        0  protocol.o(i.recvbuf_find_header)
    recvbuf_find_header                      0x0800367d   Thumb Code   112  protocol.o(i.recvbuf_find_header)
    i.recvbuf_get_len_to_parse               0x080036f0   Section        0  protocol.o(i.recvbuf_get_len_to_parse)
    recvbuf_get_len_to_parse                 0x080036f1   Thumb Code    34  protocol.o(i.recvbuf_get_len_to_parse)
    i.recvbuf_put_data                       0x08003712   Section        0  protocol.o(i.recvbuf_put_data)
    recvbuf_put_data                         0x08003713   Thumb Code    70  protocol.o(i.recvbuf_put_data)
    i.set_computer_value                     0x08003758   Section        0  protocol.o(i.set_computer_value)
    .constdata                               0x080037cc   Section       24  system_stm32f4xx.o(.constdata)
    .data                                    0x20000000   Section        2  tim_init.o(.data)
    .data                                    0x20000004   Section       24  uart_init.o(.data)
    .data                                    0x2000001c   Section       44  motor_control.o(.data)
    set                                      0x20000020   Data           4  motor_control.o(.data)
    get                                      0x20000024   Data           4  motor_control.o(.data)
    con_val                                  0x20000028   Data           4  motor_control.o(.data)
    PWM                                      0x2000002c   Data           2  motor_control.o(.data)
    _get                                     0x20000030   Data           4  motor_control.o(.data)
    set                                      0x20000034   Data           4  motor_control.o(.data)
    get                                      0x20000038   Data           4  motor_control.o(.data)
    con_val                                  0x2000003c   Data           4  motor_control.o(.data)
    PWM                                      0x20000040   Data           2  motor_control.o(.data)
    _get                                     0x20000044   Data           4  motor_control.o(.data)
    .data                                    0x20000048   Section        9  stm32f4xx_hal.o(.data)
    .data                                    0x20000054   Section        4  system_stm32f4xx.o(.data)
    .bss                                     0x20000058   Section      216  pid.o(.bss)
    .bss                                     0x20000130   Section      150  protocol.o(.bss)
    parser                                   0x20000130   Data          12  protocol.o(.bss)
    recv_buf                                 0x2000013c   Data         128  protocol.o(.bss)
    set_packet                               0x200001bc   Data          10  protocol.o(.bss)
    .bss                                     0x200001c8   Section      216  tim.o(.bss)
    .bss                                     0x200002a0   Section       72  usart.o(.bss)
    .bss                                     0x200002e8   Section       64  uart_init.o(.bss)
    STACK                                    0x20000328   Section     1024  startup_stm32f407xx.o(STACK)

    Global Symbols

    Symbol Name                              Value     Ov Type        Size  Object(Section)

    BuildAttributes$$THM_ISAv4$E$P$D$K$B$S$7EM$VFPi3$EXTD16$VFPS$VFMA$PE$A:L22UL41UL21$X:L11$S22US41US21$IEEE1$IW$USESV6$~STKCKD$USESV7$~SHL$OTIME$ROPI$IEEEJ$EBA8$MICROLIB$REQ8$PRES8$EABIv2 0x00000000   Number         0  anon$$obj.o ABSOLUTE
    __ARM_use_no_argv                        0x00000000   Number         0  main.o ABSOLUTE
    __cpp_initialize__aeabi_                  - Undefined Weak Reference
    __cxa_finalize                            - Undefined Weak Reference
    __decompress                              - Undefined Weak Reference
    _clock_init                               - Undefined Weak Reference
    _microlib_exit                            - Undefined Weak Reference
    __Vectors_Size                           0x00000188   Number         0  startup_stm32f407xx.o ABSOLUTE
    __Vectors                                0x08000000   Data           4  startup_stm32f407xx.o(RESET)
    __Vectors_End                            0x08000188   Data           0  startup_stm32f407xx.o(RESET)
    __main                                   0x08000189   Thumb Code     0  entry.o(.ARM.Collect$$$$00000000)
    _main_stk                                0x08000189   Thumb Code     0  entry2.o(.ARM.Collect$$$$00000001)
    _main_scatterload                        0x0800018d   Thumb Code     0  entry5.o(.ARM.Collect$$$$00000004)
    __main_after_scatterload                 0x08000191   Thumb Code     0  entry5.o(.ARM.Collect$$$$00000004)
    _main_clock                              0x08000191   Thumb Code     0  entry7b.o(.ARM.Collect$$$$00000008)
    _main_cpp_init                           0x08000191   Thumb Code     0  entry8b.o(.ARM.Collect$$$$0000000A)
    _main_init                               0x08000191   Thumb Code     0  entry9a.o(.ARM.Collect$$$$0000000B)
    __rt_final_cpp                           0x08000199   Thumb Code     0  entry10a.o(.ARM.Collect$$$$0000000D)
    __rt_final_exit                          0x08000199   Thumb Code     0  entry11a.o(.ARM.Collect$$$$0000000F)
    Reset_Handler                            0x0800019d   Thumb Code     8  startup_stm32f407xx.o(.text)
    ADC_IRQHandler                           0x080001b7   Thumb Code     0  startup_stm32f407xx.o(.text)
    CAN1_RX0_IRQHandler                      0x080001b7   Thumb Code     0  startup_stm32f407xx.o(.text)
    CAN1_RX1_IRQHandler                      0x080001b7   Thumb Code     0  startup_stm32f407xx.o(.text)
    CAN1_SCE_IRQHandler                      0x080001b7   Thumb Code     0  startup_stm32f407xx.o(.text)
    CAN1_TX_IRQHandler                       0x080001b7   Thumb Code     0  startup_stm32f407xx.o(.text)
    CAN2_RX0_IRQHandler                      0x080001b7   Thumb Code     0  startup_stm32f407xx.o(.text)
    CAN2_RX1_IRQHandler                      0x080001b7   Thumb Code     0  startup_stm32f407xx.o(.text)
    CAN2_SCE_IRQHandler                      0x080001b7   Thumb Code     0  startup_stm32f407xx.o(.text)
    CAN2_TX_IRQHandler                       0x080001b7   Thumb Code     0  startup_stm32f407xx.o(.text)
    DCMI_IRQHandler                          0x080001b7   Thumb Code     0  startup_stm32f407xx.o(.text)
    DMA1_Stream0_IRQHandler                  0x080001b7   Thumb Code     0  startup_stm32f407xx.o(.text)
    DMA1_Stream1_IRQHandler                  0x080001b7   Thumb Code     0  startup_stm32f407xx.o(.text)
    DMA1_Stream2_IRQHandler                  0x080001b7   Thumb Code     0  startup_stm32f407xx.o(.text)
    DMA1_Stream3_IRQHandler                  0x080001b7   Thumb Code     0  startup_stm32f407xx.o(.text)
    DMA1_Stream4_IRQHandler                  0x080001b7   Thumb Code     0  startup_stm32f407xx.o(.text)
    DMA1_Stream5_IRQHandler                  0x080001b7   Thumb Code     0  startup_stm32f407xx.o(.text)
    DMA1_Stream6_IRQHandler                  0x080001b7   Thumb Code     0  startup_stm32f407xx.o(.text)
    DMA1_Stream7_IRQHandler                  0x080001b7   Thumb Code     0  startup_stm32f407xx.o(.text)
    DMA2_Stream0_IRQHandler                  0x080001b7   Thumb Code     0  startup_stm32f407xx.o(.text)
    DMA2_Stream1_IRQHandler                  0x080001b7   Thumb Code     0  startup_stm32f407xx.o(.text)
    DMA2_Stream2_IRQHandler                  0x080001b7   Thumb Code     0  startup_stm32f407xx.o(.text)
    DMA2_Stream3_IRQHandler                  0x080001b7   Thumb Code     0  startup_stm32f407xx.o(.text)
    DMA2_Stream4_IRQHandler                  0x080001b7   Thumb Code     0  startup_stm32f407xx.o(.text)
    DMA2_Stream5_IRQHandler                  0x080001b7   Thumb Code     0  startup_stm32f407xx.o(.text)
    DMA2_Stream6_IRQHandler                  0x080001b7   Thumb Code     0  startup_stm32f407xx.o(.text)
    DMA2_Stream7_IRQHandler                  0x080001b7   Thumb Code     0  startup_stm32f407xx.o(.text)
    ETH_IRQHandler                           0x080001b7   Thumb Code     0  startup_stm32f407xx.o(.text)
    ETH_WKUP_IRQHandler                      0x080001b7   Thumb Code     0  startup_stm32f407xx.o(.text)
    EXTI0_IRQHandler                         0x080001b7   Thumb Code     0  startup_stm32f407xx.o(.text)
    EXTI15_10_IRQHandler                     0x080001b7   Thumb Code     0  startup_stm32f407xx.o(.text)
    EXTI1_IRQHandler                         0x080001b7   Thumb Code     0  startup_stm32f407xx.o(.text)
    EXTI2_IRQHandler                         0x080001b7   Thumb Code     0  startup_stm32f407xx.o(.text)
    EXTI3_IRQHandler                         0x080001b7   Thumb Code     0  startup_stm32f407xx.o(.text)
    EXTI4_IRQHandler                         0x080001b7   Thumb Code     0  startup_stm32f407xx.o(.text)
    EXTI9_5_IRQHandler                       0x080001b7   Thumb Code     0  startup_stm32f407xx.o(.text)
    FLASH_IRQHandler                         0x080001b7   Thumb Code     0  startup_stm32f407xx.o(.text)
    FMC_IRQHandler                           0x080001b7   Thumb Code     0  startup_stm32f407xx.o(.text)
    FPU_IRQHandler                           0x080001b7   Thumb Code     0  startup_stm32f407xx.o(.text)
    HASH_RNG_IRQHandler                      0x080001b7   Thumb Code     0  startup_stm32f407xx.o(.text)
    I2C1_ER_IRQHandler                       0x080001b7   Thumb Code     0  startup_stm32f407xx.o(.text)
    I2C1_EV_IRQHandler                       0x080001b7   Thumb Code     0  startup_stm32f407xx.o(.text)
    I2C2_ER_IRQHandler                       0x080001b7   Thumb Code     0  startup_stm32f407xx.o(.text)
    I2C2_EV_IRQHandler                       0x080001b7   Thumb Code     0  startup_stm32f407xx.o(.text)
    I2C3_ER_IRQHandler                       0x080001b7   Thumb Code     0  startup_stm32f407xx.o(.text)
    I2C3_EV_IRQHandler                       0x080001b7   Thumb Code     0  startup_stm32f407xx.o(.text)
    OTG_FS_IRQHandler                        0x080001b7   Thumb Code     0  startup_stm32f407xx.o(.text)
    OTG_FS_WKUP_IRQHandler                   0x080001b7   Thumb Code     0  startup_stm32f407xx.o(.text)
    OTG_HS_EP1_IN_IRQHandler                 0x080001b7   Thumb Code     0  startup_stm32f407xx.o(.text)
    OTG_HS_EP1_OUT_IRQHandler                0x080001b7   Thumb Code     0  startup_stm32f407xx.o(.text)
    OTG_HS_IRQHandler                        0x080001b7   Thumb Code     0  startup_stm32f407xx.o(.text)
    OTG_HS_WKUP_IRQHandler                   0x080001b7   Thumb Code     0  startup_stm32f407xx.o(.text)
    PVD_IRQHandler                           0x080001b7   Thumb Code     0  startup_stm32f407xx.o(.text)
    RCC_IRQHandler                           0x080001b7   Thumb Code     0  startup_stm32f407xx.o(.text)
    RTC_Alarm_IRQHandler                     0x080001b7   Thumb Code     0  startup_stm32f407xx.o(.text)
    RTC_WKUP_IRQHandler                      0x080001b7   Thumb Code     0  startup_stm32f407xx.o(.text)
    SDIO_IRQHandler                          0x080001b7   Thumb Code     0  startup_stm32f407xx.o(.text)
    SPI1_IRQHandler                          0x080001b7   Thumb Code     0  startup_stm32f407xx.o(.text)
    SPI2_IRQHandler                          0x080001b7   Thumb Code     0  startup_stm32f407xx.o(.text)
    SPI3_IRQHandler                          0x080001b7   Thumb Code     0  startup_stm32f407xx.o(.text)
    TAMP_STAMP_IRQHandler                    0x080001b7   Thumb Code     0  startup_stm32f407xx.o(.text)
    TIM1_BRK_TIM9_IRQHandler                 0x080001b7   Thumb Code     0  startup_stm32f407xx.o(.text)
    TIM1_CC_IRQHandler                       0x080001b7   Thumb Code     0  startup_stm32f407xx.o(.text)
    TIM1_TRG_COM_TIM11_IRQHandler            0x080001b7   Thumb Code     0  startup_stm32f407xx.o(.text)
    TIM1_UP_TIM10_IRQHandler                 0x080001b7   Thumb Code     0  startup_stm32f407xx.o(.text)
    TIM3_IRQHandler                          0x080001b7   Thumb Code     0  startup_stm32f407xx.o(.text)
    TIM4_IRQHandler                          0x080001b7   Thumb Code     0  startup_stm32f407xx.o(.text)
    TIM5_IRQHandler                          0x080001b7   Thumb Code     0  startup_stm32f407xx.o(.text)
    TIM7_IRQHandler                          0x080001b7   Thumb Code     0  startup_stm32f407xx.o(.text)
    TIM8_BRK_TIM12_IRQHandler                0x080001b7   Thumb Code     0  startup_stm32f407xx.o(.text)
    TIM8_CC_IRQHandler                       0x080001b7   Thumb Code     0  startup_stm32f407xx.o(.text)
    TIM8_TRG_COM_TIM14_IRQHandler            0x080001b7   Thumb Code     0  startup_stm32f407xx.o(.text)
    TIM8_UP_TIM13_IRQHandler                 0x080001b7   Thumb Code     0  startup_stm32f407xx.o(.text)
    UART4_IRQHandler                         0x080001b7   Thumb Code     0  startup_stm32f407xx.o(.text)
    UART5_IRQHandler                         0x080001b7   Thumb Code     0  startup_stm32f407xx.o(.text)
    USART1_IRQHandler                        0x080001b7   Thumb Code     0  startup_stm32f407xx.o(.text)
    USART2_IRQHandler                        0x080001b7   Thumb Code     0  startup_stm32f407xx.o(.text)
    USART6_IRQHandler                        0x080001b7   Thumb Code     0  startup_stm32f407xx.o(.text)
    WWDG_IRQHandler                          0x080001b7   Thumb Code     0  startup_stm32f407xx.o(.text)
    __aeabi_uldivmod                         0x080001c1   Thumb Code    98  uldiv.o(.text)
    __aeabi_memcpy                           0x08000223   Thumb Code    36  memcpya.o(.text)
    __aeabi_memcpy4                          0x08000223   Thumb Code     0  memcpya.o(.text)
    __aeabi_memcpy8                          0x08000223   Thumb Code     0  memcpya.o(.text)
    __aeabi_memset                           0x08000247   Thumb Code    14  memseta.o(.text)
    __aeabi_memset4                          0x08000247   Thumb Code     0  memseta.o(.text)
    __aeabi_memset8                          0x08000247   Thumb Code     0  memseta.o(.text)
    __aeabi_memclr                           0x08000255   Thumb Code     4  memseta.o(.text)
    __aeabi_memclr4                          0x08000255   Thumb Code     0  memseta.o(.text)
    __aeabi_memclr8                          0x08000255   Thumb Code     0  memseta.o(.text)
    _memset$wrapper                          0x08000259   Thumb Code    18  memseta.o(.text)
    __aeabi_ddiv                             0x0800026b   Thumb Code   222  ddiv.o(.text)
    __aeabi_ui2d                             0x08000349   Thumb Code    26  dfltui.o(.text)
    __aeabi_d2uiz                            0x08000363   Thumb Code    50  dfixui.o(.text)
    __aeabi_f2d                              0x08000395   Thumb Code    38  f2d.o(.text)
    __aeabi_cdcmpeq                          0x080003bd   Thumb Code     0  cdcmple.o(.text)
    __aeabi_cdcmple                          0x080003bd   Thumb Code    48  cdcmple.o(.text)
    __aeabi_llsl                             0x080003ed   Thumb Code    30  llshl.o(.text)
    _ll_shift_l                              0x080003ed   Thumb Code     0  llshl.o(.text)
    __aeabi_llsr                             0x0800040b   Thumb Code    32  llushr.o(.text)
    _ll_ushift_r                             0x0800040b   Thumb Code     0  llushr.o(.text)
    __I$use$fp                               0x0800042b   Thumb Code     0  iusefp.o(.text)
    _double_round                            0x0800042b   Thumb Code    30  depilogue.o(.text)
    _double_epilogue                         0x08000449   Thumb Code   156  depilogue.o(.text)
    __scatterload                            0x080004e5   Thumb Code    28  init.o(.text)
    __scatterload_rt2                        0x080004e5   Thumb Code     0  init.o(.text)
    BusFault_Handler                         0x08000509   Thumb Code     4  stm32f4xx_it.o(i.BusFault_Handler)
    DebugMon_Handler                         0x0800050d   Thumb Code     2  stm32f4xx_it.o(i.DebugMon_Handler)
    Error_Handler                            0x0800050f   Thumb Code     6  main.o(i.Error_Handler)
    HAL_DMA_Abort                            0x08000515   Thumb Code   172  stm32f4xx_hal_dma.o(i.HAL_DMA_Abort)
    HAL_DMA_Abort_IT                         0x080005c1   Thumb Code    40  stm32f4xx_hal_dma.o(i.HAL_DMA_Abort_IT)
    HAL_GPIO_Init                            0x080005e9   Thumb Code   454  stm32f4xx_hal_gpio.o(i.HAL_GPIO_Init)
    HAL_GetTick                              0x080007dd   Thumb Code     6  stm32f4xx_hal.o(i.HAL_GetTick)
    HAL_IncTick                              0x080007e9   Thumb Code    16  stm32f4xx_hal.o(i.HAL_IncTick)
    HAL_Init                                 0x08000801   Thumb Code    54  stm32f4xx_hal.o(i.HAL_Init)
    HAL_InitTick                             0x0800083d   Thumb Code    64  stm32f4xx_hal.o(i.HAL_InitTick)
    HAL_MspInit                              0x08000889   Thumb Code    68  stm32f4xx_hal_msp.o(i.HAL_MspInit)
    HAL_NVIC_EnableIRQ                       0x080008d1   Thumb Code    40  stm32f4xx_hal_cortex.o(i.HAL_NVIC_EnableIRQ)
    HAL_NVIC_SetPriority                     0x080008f9   Thumb Code   124  stm32f4xx_hal_cortex.o(i.HAL_NVIC_SetPriority)
    HAL_NVIC_SetPriorityGrouping             0x08000975   Thumb Code    32  stm32f4xx_hal_cortex.o(i.HAL_NVIC_SetPriorityGrouping)
    HAL_NVIC_SystemReset                     0x0800099d   Thumb Code    36  stm32f4xx_hal_cortex.o(i.HAL_NVIC_SystemReset)
    HAL_RCC_ClockConfig                      0x080009c9   Thumb Code   368  stm32f4xx_hal_rcc.o(i.HAL_RCC_ClockConfig)
    HAL_RCC_GetHCLKFreq                      0x08000b4d   Thumb Code     6  stm32f4xx_hal_rcc.o(i.HAL_RCC_GetHCLKFreq)
    HAL_RCC_GetPCLK1Freq                     0x08000b59   Thumb Code    22  stm32f4xx_hal_rcc.o(i.HAL_RCC_GetPCLK1Freq)
    HAL_RCC_GetPCLK2Freq                     0x08000b79   Thumb Code    22  stm32f4xx_hal_rcc.o(i.HAL_RCC_GetPCLK2Freq)
    HAL_RCC_GetSysClockFreq                  0x08000b99   Thumb Code   162  stm32f4xx_hal_rcc.o(i.HAL_RCC_GetSysClockFreq)
    HAL_RCC_OscConfig                        0x08000c49   Thumb Code  1172  stm32f4xx_hal_rcc.o(i.HAL_RCC_OscConfig)
    HAL_SYSTICK_Config                       0x080010e5   Thumb Code    52  stm32f4xx_hal_cortex.o(i.HAL_SYSTICK_Config)
    HAL_TIMEx_BreakCallback                  0x08001119   Thumb Code     2  stm32f4xx_hal_tim_ex.o(i.HAL_TIMEx_BreakCallback)
    HAL_TIMEx_CommutCallback                 0x0800111b   Thumb Code     2  stm32f4xx_hal_tim_ex.o(i.HAL_TIMEx_CommutCallback)
    HAL_TIMEx_MasterConfigSynchronization    0x0800111d   Thumb Code   150  stm32f4xx_hal_tim_ex.o(i.HAL_TIMEx_MasterConfigSynchronization)
    HAL_TIM_Base_Init                        0x080011d1   Thumb Code   102  stm32f4xx_hal_tim.o(i.HAL_TIM_Base_Init)
    HAL_TIM_Base_MspInit                     0x08001239   Thumb Code   102  tim.o(i.HAL_TIM_Base_MspInit)
    HAL_TIM_Base_Start_IT                    0x080012ad   Thumb Code   138  stm32f4xx_hal_tim.o(i.HAL_TIM_Base_Start_IT)
    HAL_TIM_ConfigClockSource                0x08001355   Thumb Code   268  stm32f4xx_hal_tim.o(i.HAL_TIM_ConfigClockSource)
    HAL_TIM_Encoder_Init                     0x08001461   Thumb Code   200  stm32f4xx_hal_tim.o(i.HAL_TIM_Encoder_Init)
    HAL_TIM_Encoder_MspInit                  0x08001529   Thumb Code   194  tim.o(i.HAL_TIM_Encoder_MspInit)
    HAL_TIM_Encoder_Start                    0x080015f9   Thumb Code   204  stm32f4xx_hal_tim.o(i.HAL_TIM_Encoder_Start)
    HAL_TIM_IC_CaptureCallback               0x080016c5   Thumb Code     2  stm32f4xx_hal_tim.o(i.HAL_TIM_IC_CaptureCallback)
    HAL_TIM_IRQHandler                       0x080016c7   Thumb Code   364  stm32f4xx_hal_tim.o(i.HAL_TIM_IRQHandler)
    HAL_TIM_MspPostInit                      0x08001835   Thumb Code    84  tim.o(i.HAL_TIM_MspPostInit)
    HAL_TIM_OC_DelayElapsedCallback          0x08001895   Thumb Code     2  stm32f4xx_hal_tim.o(i.HAL_TIM_OC_DelayElapsedCallback)
    HAL_TIM_PWM_ConfigChannel                0x08001897   Thumb Code   260  stm32f4xx_hal_tim.o(i.HAL_TIM_PWM_ConfigChannel)
    HAL_TIM_PWM_Init                         0x0800199b   Thumb Code   102  stm32f4xx_hal_tim.o(i.HAL_TIM_PWM_Init)
    HAL_TIM_PWM_MspInit                      0x08001a01   Thumb Code     2  stm32f4xx_hal_tim.o(i.HAL_TIM_PWM_MspInit)
    HAL_TIM_PWM_PulseFinishedCallback        0x08001a03   Thumb Code     2  stm32f4xx_hal_tim.o(i.HAL_TIM_PWM_PulseFinishedCallback)
    HAL_TIM_PWM_Start                        0x08001a05   Thumb Code   238  stm32f4xx_hal_tim.o(i.HAL_TIM_PWM_Start)
    HAL_TIM_PWM_Stop                         0x08001b11   Thumb Code   160  stm32f4xx_hal_tim.o(i.HAL_TIM_PWM_Stop)
    HAL_TIM_PeriodElapsedCallback            0x08001bb9   Thumb Code    72  tim_init.o(i.HAL_TIM_PeriodElapsedCallback)
    HAL_TIM_TriggerCallback                  0x08001c11   Thumb Code     2  stm32f4xx_hal_tim.o(i.HAL_TIM_TriggerCallback)
    HAL_UARTEx_RxEventCallback               0x08001c13   Thumb Code     2  stm32f4xx_hal_uart.o(i.HAL_UARTEx_RxEventCallback)
    HAL_UART_ErrorCallback                   0x08001c15   Thumb Code     2  stm32f4xx_hal_uart.o(i.HAL_UART_ErrorCallback)
    HAL_UART_IRQHandler                      0x08001c19   Thumb Code   740  stm32f4xx_hal_uart.o(i.HAL_UART_IRQHandler)
    HAL_UART_Init                            0x08001f01   Thumb Code   118  stm32f4xx_hal_uart.o(i.HAL_UART_Init)
    HAL_UART_MspInit                         0x08001f79   Thumb Code   140  usart.o(i.HAL_UART_MspInit)
    HAL_UART_Receive_IT                      0x08002011   Thumb Code    44  stm32f4xx_hal_uart.o(i.HAL_UART_Receive_IT)
    HAL_UART_RxCpltCallback                  0x0800203d   Thumb Code    24  uart_init.o(i.HAL_UART_RxCpltCallback)
    HAL_UART_Transmit                        0x08002061   Thumb Code   190  stm32f4xx_hal_uart.o(i.HAL_UART_Transmit)
    HAL_UART_TxCpltCallback                  0x0800211f   Thumb Code     2  stm32f4xx_hal_uart.o(i.HAL_UART_TxCpltCallback)
    HardFault_Handler                        0x08002121   Thumb Code     4  stm32f4xx_it.o(i.HardFault_Handler)
    MX_GPIO_Init                             0x08002125   Thumb Code   126  gpio.o(i.MX_GPIO_Init)
    MX_TIM2_Init                             0x080021a9   Thumb Code   114  tim.o(i.MX_TIM2_Init)
    MX_TIM5_Init                             0x08002221   Thumb Code   202  tim.o(i.MX_TIM5_Init)
    MX_TIM6_Init                             0x080022f5   Thumb Code    66  tim.o(i.MX_TIM6_Init)
    MX_USART3_UART_Init                      0x08002341   Thumb Code    46  usart.o(i.MX_USART3_UART_Init)
    MemManage_Handler                        0x08002379   Thumb Code     4  stm32f4xx_it.o(i.MemManage_Handler)
    Motor_Small_Set_Speed                    0x0800237d   Thumb Code   216  motor_control.o(i.Motor_Small_Set_Speed)
    NMI_Handler                              0x08002481   Thumb Code     4  stm32f4xx_it.o(i.NMI_Handler)
    PID_calc                                 0x08002485   Thumb Code   496  pid.o(i.PID_calc)
    PendSV_Handler                           0x08002679   Thumb Code     2  stm32f4xx_it.o(i.PendSV_Handler)
    SVC_Handler                              0x0800267b   Thumb Code     2  stm32f4xx_it.o(i.SVC_Handler)
    SysTick_Handler                          0x0800267d   Thumb Code     8  stm32f4xx_it.o(i.SysTick_Handler)
    SystemClock_Config                       0x08002685   Thumb Code   170  main.o(i.SystemClock_Config)
    SystemInit                               0x08002739   Thumb Code    14  system_stm32f4xx.o(i.SystemInit)
    System_Init                              0x0800274d   Thumb Code   122  app.o(i.System_Init)
    TIM2_IRQHandler                          0x080027e5   Thumb Code    10  stm32f4xx_it.o(i.TIM2_IRQHandler)
    TIM6_DAC_IRQHandler                      0x080027f5   Thumb Code    10  stm32f4xx_it.o(i.TIM6_DAC_IRQHandler)
    TIM_Base_SetConfig                       0x08002805   Thumb Code   186  stm32f4xx_hal_tim.o(i.TIM_Base_SetConfig)
    TIM_CCxChannelCmd                        0x080028ed   Thumb Code    34  stm32f4xx_hal_tim.o(i.TIM_CCxChannelCmd)
    TIM_ETR_SetConfig                        0x0800290f   Thumb Code    22  stm32f4xx_hal_tim.o(i.TIM_ETR_SetConfig)
    TIM_OC2_SetConfig                        0x080029a9   Thumb Code   114  stm32f4xx_hal_tim.o(i.TIM_OC2_SetConfig)
    TIMx_PWM_disable                         0x08002b41   Thumb Code    42  tim_init.o(i.TIMx_PWM_disable)
    TIMx_PWM_enable                          0x08002b75   Thumb Code    42  tim_init.o(i.TIMx_PWM_enable)
    TIMx_basic_enable                        0x08002ba9   Thumb Code    72  tim_init.o(i.TIMx_basic_enable)
    TIMx_econder_enable                      0x08002bfd   Thumb Code    20  tim_init.o(i.TIMx_econder_enable)
    UART_Start_Receive_IT                    0x08002fdd   Thumb Code    64  stm32f4xx_hal_uart.o(i.UART_Start_Receive_IT)
    USART3_IRQHandler                        0x08003109   Thumb Code    32  stm32f4xx_it.o(i.USART3_IRQHandler)
    Uartx_enable                             0x0800312d   Thumb Code    14  uart_init.o(i.Uartx_enable)
    UsageFault_Handler                       0x08003145   Thumb Code     4  stm32f4xx_it.o(i.UsageFault_Handler)
    __hardfp_fabs                            0x08003181   Thumb Code    20  fabs.o(i.__hardfp_fabs)
    __scatterload_copy                       0x08003195   Thumb Code    14  handlers.o(i.__scatterload_copy)
    __scatterload_null                       0x080031a3   Thumb Code     2  handlers.o(i.__scatterload_null)
    __scatterload_zeroinit                   0x080031a5   Thumb Code    14  handlers.o(i.__scatterload_zeroinit)
    abs_limit                                0x080031b3   Thumb Code    46  pid.o(i.abs_limit)
    check_sum                                0x080031e1   Thumb Code    28  protocol.o(i.check_sum)
    main                                     0x08003259   Thumb Code    40  main.o(i.main)
    pid_param_init                           0x08003281   Thumb Code    32  pid.o(i.pid_param_init)
    pid_reset                                0x080032a1   Thumb Code    14  pid.o(i.pid_reset)
    protocol_data_recv                       0x080032b1   Thumb Code    46  protocol.o(i.protocol_data_recv)
    protocol_init                            0x080034a5   Thumb Code    20  protocol.o(i.protocol_init)
    receiving_process                        0x080034c1   Thumb Code   432  protocol.o(i.receiving_process)
    set_computer_value                       0x08003759   Thumb Code   100  protocol.o(i.set_computer_value)
    AHBPrescTable                            0x080037cc   Data          16  system_stm32f4xx.o(.constdata)
    APBPrescTable                            0x080037dc   Data           8  system_stm32f4xx.o(.constdata)
    Region$$Table$$Base                      0x080037e4   Number         0  anon$$obj.o(Region$$Table)
    Region$$Table$$Limit                     0x08003804   Number         0  anon$$obj.o(Region$$Table)
    Encoder_Overflow_Count                   0x20000000   Data           2  tim_init.o(.data)
    Frama_Header                             0x20000004   Data           2  uart_init.o(.data)
    Big_Position                             0x20000008   Data           4  uart_init.o(.data)
    Small_Position                           0x2000000c   Data           4  uart_init.o(.data)
    Small_Speed                              0x20000010   Data           4  uart_init.o(.data)
    Big_Speed                                0x20000014   Data           4  uart_init.o(.data)
    Ce_Speed                                 0x20000018   Data           4  uart_init.o(.data)
    is_motor_en                              0x2000001c   Data           1  motor_control.o(.data)
    uwTick                                   0x20000048   Data           4  stm32f4xx_hal.o(.data)
    uwTickPrio                               0x2000004c   Data           4  stm32f4xx_hal.o(.data)
    uwTickFreq                               0x20000050   Data           1  stm32f4xx_hal.o(.data)
    SystemCoreClock                          0x20000054   Data           4  system_stm32f4xx.o(.data)
    Motor_Big                                0x20000058   Data         108  pid.o(.bss)
    Motor_Small                              0x200000c4   Data         108  pid.o(.bss)
    htim2                                    0x200001c8   Data          72  tim.o(.bss)
    htim5                                    0x20000210   Data          72  tim.o(.bss)
    htim6                                    0x20000258   Data          72  tim.o(.bss)
    huart3                                   0x200002a0   Data          72  usart.o(.bss)
    Uart_Rx_Buffer                           0x200002e8   Data          24  uart_init.o(.bss)
    Uart_Rx_Data                             0x20000300   Data          24  uart_init.o(.bss)
    Receive_Position                         0x20000318   Data          16  uart_init.o(.bss)
    __initial_sp                             0x20000728   Data           0  startup_stm32f407xx.o(STACK)



==============================================================================

Memory Map of the image

  Image Entry point : 0x08000189

  Load Region LR_IROM1 (Base: 0x08000000, Size: 0x0000385c, Max: 0x00100000, ABSOLUTE)

    Execution Region ER_IROM1 (Base: 0x08000000, Size: 0x00003804, Max: 0x00100000, ABSOLUTE)

    Base Addr    Size         Type   Attr      Idx    E Section Name        Object

    0x08000000   0x00000188   Data   RO            3    RESET               startup_stm32f407xx.o
    0x08000188   0x00000000   Code   RO         3378  * .ARM.Collect$$$$00000000  mc_w.l(entry.o)
    0x08000188   0x00000004   Code   RO         3403    .ARM.Collect$$$$00000001  mc_w.l(entry2.o)
    0x0800018c   0x00000004   Code   RO         3406    .ARM.Collect$$$$00000004  mc_w.l(entry5.o)
    0x08000190   0x00000000   Code   RO         3408    .ARM.Collect$$$$00000008  mc_w.l(entry7b.o)
    0x08000190   0x00000000   Code   RO         3410    .ARM.Collect$$$$0000000A  mc_w.l(entry8b.o)
    0x08000190   0x00000008   Code   RO         3411    .ARM.Collect$$$$0000000B  mc_w.l(entry9a.o)
    0x08000198   0x00000000   Code   RO         3413    .ARM.Collect$$$$0000000D  mc_w.l(entry10a.o)
    0x08000198   0x00000000   Code   RO         3415    .ARM.Collect$$$$0000000F  mc_w.l(entry11a.o)
    0x08000198   0x00000004   Code   RO         3404    .ARM.Collect$$$$00002712  mc_w.l(entry2.o)
    0x0800019c   0x00000024   Code   RO            4    .text               startup_stm32f407xx.o
    0x080001c0   0x00000062   Code   RO         3381    .text               mc_w.l(uldiv.o)
    0x08000222   0x00000024   Code   RO         3383    .text               mc_w.l(memcpya.o)
    0x08000246   0x00000024   Code   RO         3385    .text               mc_w.l(memseta.o)
    0x0800026a   0x000000de   Code   RO         3391    .text               mf_w.l(ddiv.o)
    0x08000348   0x0000001a   Code   RO         3393    .text               mf_w.l(dfltui.o)
    0x08000362   0x00000032   Code   RO         3395    .text               mf_w.l(dfixui.o)
    0x08000394   0x00000026   Code   RO         3397    .text               mf_w.l(f2d.o)
    0x080003ba   0x00000002   PAD
    0x080003bc   0x00000030   Code   RO         3399    .text               mf_w.l(cdcmple.o)
    0x080003ec   0x0000001e   Code   RO         3417    .text               mc_w.l(llshl.o)
    0x0800040a   0x00000020   Code   RO         3419    .text               mc_w.l(llushr.o)
    0x0800042a   0x00000000   Code   RO         3421    .text               mc_w.l(iusefp.o)
    0x0800042a   0x000000ba   Code   RO         3424    .text               mf_w.l(depilogue.o)
    0x080004e4   0x00000024   Code   RO         3426    .text               mc_w.l(init.o)
    0x08000508   0x00000004   Code   RO          567    i.BusFault_Handler  stm32f4xx_it.o
    0x0800050c   0x00000002   Code   RO          568    i.DebugMon_Handler  stm32f4xx_it.o
    0x0800050e   0x00000006   Code   RO          380    i.Error_Handler     main.o
    0x08000514   0x000000ac   Code   RO         2284    i.HAL_DMA_Abort     stm32f4xx_hal_dma.o
    0x080005c0   0x00000028   Code   RO         2285    i.HAL_DMA_Abort_IT  stm32f4xx_hal_dma.o
    0x080005e8   0x000001f4   Code   RO         2177    i.HAL_GPIO_Init     stm32f4xx_hal_gpio.o
    0x080007dc   0x0000000c   Code   RO         2720    i.HAL_GetTick       stm32f4xx_hal.o
    0x080007e8   0x00000018   Code   RO         2726    i.HAL_IncTick       stm32f4xx_hal.o
    0x08000800   0x0000003c   Code   RO         2727    i.HAL_Init          stm32f4xx_hal.o
    0x0800083c   0x0000004c   Code   RO         2728    i.HAL_InitTick      stm32f4xx_hal.o
    0x08000888   0x00000048   Code   RO          660    i.HAL_MspInit       stm32f4xx_hal_msp.o
    0x080008d0   0x00000028   Code   RO         2567    i.HAL_NVIC_EnableIRQ  stm32f4xx_hal_cortex.o
    0x080008f8   0x0000007c   Code   RO         2573    i.HAL_NVIC_SetPriority  stm32f4xx_hal_cortex.o
    0x08000974   0x00000028   Code   RO         2574    i.HAL_NVIC_SetPriorityGrouping  stm32f4xx_hal_cortex.o
    0x0800099c   0x0000002c   Code   RO         2575    i.HAL_NVIC_SystemReset  stm32f4xx_hal_cortex.o
    0x080009c8   0x00000184   Code   RO         1778    i.HAL_RCC_ClockConfig  stm32f4xx_hal_rcc.o
    0x08000b4c   0x0000000c   Code   RO         1783    i.HAL_RCC_GetHCLKFreq  stm32f4xx_hal_rcc.o
    0x08000b58   0x00000020   Code   RO         1785    i.HAL_RCC_GetPCLK1Freq  stm32f4xx_hal_rcc.o
    0x08000b78   0x00000020   Code   RO         1786    i.HAL_RCC_GetPCLK2Freq  stm32f4xx_hal_rcc.o
    0x08000b98   0x000000b0   Code   RO         1787    i.HAL_RCC_GetSysClockFreq  stm32f4xx_hal_rcc.o
    0x08000c48   0x0000049c   Code   RO         1790    i.HAL_RCC_OscConfig  stm32f4xx_hal_rcc.o
    0x080010e4   0x00000034   Code   RO         2578    i.HAL_SYSTICK_Config  stm32f4xx_hal_cortex.o
    0x08001118   0x00000002   Code   RO         1510    i.HAL_TIMEx_BreakCallback  stm32f4xx_hal_tim_ex.o
    0x0800111a   0x00000002   Code   RO         1511    i.HAL_TIMEx_CommutCallback  stm32f4xx_hal_tim_ex.o
    0x0800111c   0x000000b4   Code   RO         1529    i.HAL_TIMEx_MasterConfigSynchronization  stm32f4xx_hal_tim_ex.o
    0x080011d0   0x00000066   Code   RO          795    i.HAL_TIM_Base_Init  stm32f4xx_hal_tim.o
    0x08001236   0x00000002   PAD
    0x08001238   0x00000074   Code   RO          454    i.HAL_TIM_Base_MspInit  tim.o
    0x080012ac   0x000000a8   Code   RO          800    i.HAL_TIM_Base_Start_IT  stm32f4xx_hal_tim.o
    0x08001354   0x0000010c   Code   RO          804    i.HAL_TIM_ConfigClockSource  stm32f4xx_hal_tim.o
    0x08001460   0x000000c8   Code   RO          816    i.HAL_TIM_Encoder_Init  stm32f4xx_hal_tim.o
    0x08001528   0x000000d0   Code   RO          456    i.HAL_TIM_Encoder_MspInit  tim.o
    0x080015f8   0x000000cc   Code   RO          819    i.HAL_TIM_Encoder_Start  stm32f4xx_hal_tim.o
    0x080016c4   0x00000002   Code   RO          829    i.HAL_TIM_IC_CaptureCallback  stm32f4xx_hal_tim.o
    0x080016c6   0x0000016c   Code   RO          843    i.HAL_TIM_IRQHandler  stm32f4xx_hal_tim.o
    0x08001832   0x00000002   PAD
    0x08001834   0x00000060   Code   RO          457    i.HAL_TIM_MspPostInit  tim.o
    0x08001894   0x00000002   Code   RO          846    i.HAL_TIM_OC_DelayElapsedCallback  stm32f4xx_hal_tim.o
    0x08001896   0x00000104   Code   RO          867    i.HAL_TIM_PWM_ConfigChannel  stm32f4xx_hal_tim.o
    0x0800199a   0x00000066   Code   RO          870    i.HAL_TIM_PWM_Init  stm32f4xx_hal_tim.o
    0x08001a00   0x00000002   Code   RO          872    i.HAL_TIM_PWM_MspInit  stm32f4xx_hal_tim.o
    0x08001a02   0x00000002   Code   RO          873    i.HAL_TIM_PWM_PulseFinishedCallback  stm32f4xx_hal_tim.o
    0x08001a04   0x0000010c   Code   RO          875    i.HAL_TIM_PWM_Start  stm32f4xx_hal_tim.o
    0x08001b10   0x000000a8   Code   RO          878    i.HAL_TIM_PWM_Stop  stm32f4xx_hal_tim.o
    0x08001bb8   0x00000058   Code   RO          326    i.HAL_TIM_PeriodElapsedCallback  tim_init.o
    0x08001c10   0x00000002   Code   RO          886    i.HAL_TIM_TriggerCallback  stm32f4xx_hal_tim.o
    0x08001c12   0x00000002   Code   RO         2977    i.HAL_UARTEx_RxEventCallback  stm32f4xx_hal_uart.o
    0x08001c14   0x00000002   Code   RO         2991    i.HAL_UART_ErrorCallback  stm32f4xx_hal_uart.o
    0x08001c16   0x00000002   PAD
    0x08001c18   0x000002e8   Code   RO         2994    i.HAL_UART_IRQHandler  stm32f4xx_hal_uart.o
    0x08001f00   0x00000076   Code   RO         2995    i.HAL_UART_Init     stm32f4xx_hal_uart.o
    0x08001f76   0x00000002   PAD
    0x08001f78   0x00000098   Code   RO          526    i.HAL_UART_MspInit  usart.o
    0x08002010   0x0000002c   Code   RO         3000    i.HAL_UART_Receive_IT  stm32f4xx_hal_uart.o
    0x0800203c   0x00000024   Code   RO          684    i.HAL_UART_RxCpltCallback  uart_init.o
    0x08002060   0x000000be   Code   RO         3003    i.HAL_UART_Transmit  stm32f4xx_hal_uart.o
    0x0800211e   0x00000002   Code   RO         3006    i.HAL_UART_TxCpltCallback  stm32f4xx_hal_uart.o
    0x08002120   0x00000004   Code   RO          569    i.HardFault_Handler  stm32f4xx_it.o
    0x08002124   0x00000084   Code   RO          429    i.MX_GPIO_Init      gpio.o
    0x080021a8   0x00000078   Code   RO          458    i.MX_TIM2_Init      tim.o
    0x08002220   0x000000d4   Code   RO          459    i.MX_TIM5_Init      tim.o
    0x080022f4   0x0000004c   Code   RO          460    i.MX_TIM6_Init      tim.o
    0x08002340   0x00000038   Code   RO          527    i.MX_USART3_UART_Init  usart.o
    0x08002378   0x00000004   Code   RO          570    i.MemManage_Handler  stm32f4xx_it.o
    0x0800237c   0x00000104   Code   RO          747    i.Motor_Small_Set_Speed  motor_control.o
    0x08002480   0x00000004   Code   RO          571    i.NMI_Handler       stm32f4xx_it.o
    0x08002484   0x000001f4   Code   RO          176    i.PID_calc          pid.o
    0x08002678   0x00000002   Code   RO          572    i.PendSV_Handler    stm32f4xx_it.o
    0x0800267a   0x00000002   Code   RO          573    i.SVC_Handler       stm32f4xx_it.o
    0x0800267c   0x00000008   Code   RO          574    i.SysTick_Handler   stm32f4xx_it.o
    0x08002684   0x000000b4   Code   RO          381    i.SystemClock_Config  main.o
    0x08002738   0x00000014   Code   RO         3339    i.SystemInit        system_stm32f4xx.o
    0x0800274c   0x00000098   Code   RO           13    i.System_Init       app.o
    0x080027e4   0x00000010   Code   RO          575    i.TIM2_IRQHandler   stm32f4xx_it.o
    0x080027f4   0x00000010   Code   RO          576    i.TIM6_DAC_IRQHandler  stm32f4xx_it.o
    0x08002804   0x000000e8   Code   RO          888    i.TIM_Base_SetConfig  stm32f4xx_hal_tim.o
    0x080028ec   0x00000022   Code   RO          889    i.TIM_CCxChannelCmd  stm32f4xx_hal_tim.o
    0x0800290e   0x00000016   Code   RO          899    i.TIM_ETR_SetConfig  stm32f4xx_hal_tim.o
    0x08002924   0x00000012   Code   RO          900    i.TIM_ITRx_SetConfig  stm32f4xx_hal_tim.o
    0x08002936   0x00000002   PAD
    0x08002938   0x00000070   Code   RO          901    i.TIM_OC1_SetConfig  stm32f4xx_hal_tim.o
    0x080029a8   0x0000007c   Code   RO          902    i.TIM_OC2_SetConfig  stm32f4xx_hal_tim.o
    0x08002a24   0x00000078   Code   RO          903    i.TIM_OC3_SetConfig  stm32f4xx_hal_tim.o
    0x08002a9c   0x00000054   Code   RO          904    i.TIM_OC4_SetConfig  stm32f4xx_hal_tim.o
    0x08002af0   0x00000026   Code   RO          906    i.TIM_TI1_ConfigInputStage  stm32f4xx_hal_tim.o
    0x08002b16   0x00000028   Code   RO          908    i.TIM_TI2_ConfigInputStage  stm32f4xx_hal_tim.o
    0x08002b3e   0x00000002   PAD
    0x08002b40   0x00000034   Code   RO          327    i.TIMx_PWM_disable  tim_init.o
    0x08002b74   0x00000034   Code   RO          328    i.TIMx_PWM_enable   tim_init.o
    0x08002ba8   0x00000054   Code   RO          329    i.TIMx_basic_enable  tim_init.o
    0x08002bfc   0x00000018   Code   RO          330    i.TIMx_econder_enable  tim_init.o
    0x08002c14   0x00000014   Code   RO         3008    i.UART_DMAAbortOnError  stm32f4xx_hal_uart.o
    0x08002c28   0x0000006c   Code   RO         3018    i.UART_EndRxTransfer  stm32f4xx_hal_uart.o
    0x08002c94   0x00000020   Code   RO         3019    i.UART_EndTransmit_IT  stm32f4xx_hal_uart.o
    0x08002cb4   0x000000fc   Code   RO         3021    i.UART_Receive_IT   stm32f4xx_hal_uart.o
    0x08002db0   0x0000022c   Code   RO         3022    i.UART_SetConfig    stm32f4xx_hal_uart.o
    0x08002fdc   0x00000040   Code   RO         3024    i.UART_Start_Receive_IT  stm32f4xx_hal_uart.o
    0x0800301c   0x00000060   Code   RO         3025    i.UART_Transmit_IT  stm32f4xx_hal_uart.o
    0x0800307c   0x0000008c   Code   RO         3026    i.UART_WaitOnFlagUntilTimeout  stm32f4xx_hal_uart.o
    0x08003108   0x00000024   Code   RO          577    i.USART3_IRQHandler  stm32f4xx_it.o
    0x0800312c   0x00000018   Code   RO          686    i.Uartx_enable      uart_init.o
    0x08003144   0x00000004   Code   RO          578    i.UsageFault_Handler  stm32f4xx_it.o
    0x08003148   0x00000010   Code   RO         2580    i.__NVIC_GetPriorityGrouping  stm32f4xx_hal_cortex.o
    0x08003158   0x00000028   Code   RO         2581    i.__NVIC_SetPriority  stm32f4xx_hal_cortex.o
    0x08003180   0x00000014   Code   RO         3372    i.__hardfp_fabs     m_wm.l(fabs.o)
    0x08003194   0x0000000e   Code   RO         3430    i.__scatterload_copy  mc_w.l(handlers.o)
    0x080031a2   0x00000002   Code   RO         3431    i.__scatterload_null  mc_w.l(handlers.o)
    0x080031a4   0x0000000e   Code   RO         3432    i.__scatterload_zeroinit  mc_w.l(handlers.o)
    0x080031b2   0x0000002e   Code   RO          178    i.abs_limit         pid.o
    0x080031e0   0x0000001c   Code   RO          241    i.check_sum         protocol.o
    0x080031fc   0x0000001a   Code   RO          242    i.get_frame_checksum  protocol.o
    0x08003216   0x00000034   Code   RO          243    i.get_frame_len     protocol.o
    0x0800324a   0x0000000e   Code   RO          244    i.get_frame_type    protocol.o
    0x08003258   0x00000028   Code   RO          382    i.main              main.o
    0x08003280   0x00000020   Code   RO          180    i.pid_param_init    pid.o
    0x080032a0   0x0000000e   Code   RO          181    i.pid_reset         pid.o
    0x080032ae   0x00000002   PAD
    0x080032b0   0x00000034   Code   RO          245    i.protocol_data_recv  protocol.o
    0x080032e4   0x000001c0   Code   RO          246    i.protocol_frame_parse  protocol.o
    0x080034a4   0x0000001c   Code   RO          247    i.protocol_init     protocol.o
    0x080034c0   0x000001bc   Code   RO          248    i.receiving_process  protocol.o
    0x0800367c   0x00000074   Code   RO          249    i.recvbuf_find_header  protocol.o
    0x080036f0   0x00000022   Code   RO          250    i.recvbuf_get_len_to_parse  protocol.o
    0x08003712   0x00000046   Code   RO          251    i.recvbuf_put_data  protocol.o
    0x08003758   0x00000074   Code   RO          252    i.set_computer_value  protocol.o
    0x080037cc   0x00000018   Data   RO         3340    .constdata          system_stm32f4xx.o
    0x080037e4   0x00000020   Data   RO         3428    Region$$Table       anon$$obj.o


    Execution Region RW_IRAM1 (Base: 0x20000000, Size: 0x00000728, Max: 0x0001c000, ABSOLUTE)

    Base Addr    Size         Type   Attr      Idx    E Section Name        Object

    0x20000000   0x00000002   Data   RW          331    .data               tim_init.o
    0x20000002   0x00000002   PAD
    0x20000004   0x00000018   Data   RW          691    .data               uart_init.o
    0x2000001c   0x0000002c   Data   RW          749    .data               motor_control.o
    0x20000048   0x00000009   Data   RW         2734    .data               stm32f4xx_hal.o
    0x20000051   0x00000003   PAD
    0x20000054   0x00000004   Data   RW         3341    .data               system_stm32f4xx.o
    0x20000058   0x000000d8   Zero   RW          182    .bss                pid.o
    0x20000130   0x00000096   Zero   RW          253    .bss                protocol.o
    0x200001c6   0x00000002   PAD
    0x200001c8   0x000000d8   Zero   RW          461    .bss                tim.o
    0x200002a0   0x00000048   Zero   RW          528    .bss                usart.o
    0x200002e8   0x00000040   Zero   RW          690    .bss                uart_init.o
    0x20000328   0x00000400   Zero   RW            1    STACK               startup_stm32f407xx.o


    Execution Region RW_IRAM2 (Base: 0x2001c000, Size: 0x00000000, Max: 0x00004000, ABSOLUTE)

    **** No section assigned to this execution region ****


==============================================================================

Image component sizes


      Code (inc. data)   RO Data    RW Data    ZI Data      Debug   Object Name

       152         30          0          0          0     692626   app.o
       132          6          0          0          0        923   gpio.o
       226         10          0          0          0       2068   main.o
       260         44          0         44          0       1648   motor_control.o
       592          4          0          0        216       4380   pid.o
      1428         52          0          0        150       9490   protocol.o
        36          8        392          0       1024        852   startup_stm32f407xx.o
       172         32          0          9          0       8873   stm32f4xx_hal.o
       356         30          0          0          0      35102   stm32f4xx_hal_cortex.o
       212          0          0          0          0       2003   stm32f4xx_hal_dma.o
       500         46          0          0          0       1484   stm32f4xx_hal_gpio.o
        72          4          0          0          0        890   stm32f4xx_hal_msp.o
      1820         84          0          0          0       5740   stm32f4xx_hal_rcc.o
      2938        150          0          0          0      19794   stm32f4xx_hal_tim.o
       184         30          0          0          0       2593   stm32f4xx_hal_tim_ex.o
      2370         14          0          0          0      12776   stm32f4xx_hal_uart.o
       102         16          0          0          0       5938   stm32f4xx_it.o
        20          6         24          4          0       1175   system_stm32f4xx.o
       828         66          0          0        216       4660   tim.o
       300         52          0          2          0       3304   tim_init.o
        60         22          0         24         64       2028   uart_init.o
       208         22          0          0         72       1770   usart.o

    ----------------------------------------------------------------------
     12982        728        448         88       1744     820117   Object Totals
         0          0         32          0          0          0   (incl. Generated)
        14          0          0          5          2          0   (incl. Padding)

    ----------------------------------------------------------------------

      Code (inc. data)   RO Data    RW Data    ZI Data      Debug   Library Member Name

        20          0          0          0          0        124   fabs.o
         0          0          0          0          0          0   entry.o
         0          0          0          0          0          0   entry10a.o
         0          0          0          0          0          0   entry11a.o
         8          4          0          0          0          0   entry2.o
         4          0          0          0          0          0   entry5.o
         0          0          0          0          0          0   entry7b.o
         0          0          0          0          0          0   entry8b.o
         8          4          0          0          0          0   entry9a.o
        30          0          0          0          0          0   handlers.o
        36          8          0          0          0         68   init.o
         0          0          0          0          0          0   iusefp.o
        30          0          0          0          0         68   llshl.o
        32          0          0          0          0         68   llushr.o
        36          0          0          0          0         68   memcpya.o
        36          0          0          0          0        108   memseta.o
        98          0          0          0          0         92   uldiv.o
        48          0          0          0          0         68   cdcmple.o
       222          0          0          0          0        100   ddiv.o
       186          0          0          0          0        176   depilogue.o
        50          0          0          0          0         76   dfixui.o
        26          0          0          0          0         76   dfltui.o
        38          0          0          0          0         68   f2d.o

    ----------------------------------------------------------------------
       910         16          0          0          0       1160   Library Totals
         2          0          0          0          0          0   (incl. Padding)

    ----------------------------------------------------------------------

      Code (inc. data)   RO Data    RW Data    ZI Data      Debug   Library Name

        20          0          0          0          0        124   m_wm.l
       318         16          0          0          0        472   mc_w.l
       570          0          0          0          0        564   mf_w.l

    ----------------------------------------------------------------------
       910         16          0          0          0       1160   Library Totals

    ----------------------------------------------------------------------

==============================================================================


      Code (inc. data)   RO Data    RW Data    ZI Data      Debug   

     13892        744        448         88       1744     810413   Grand Totals
     13892        744        448         88       1744     810413   ELF Image Totals
     13892        744        448         88          0          0   ROM Totals

==============================================================================

    Total RO  Size (Code + RO Data)                14340 (  14.00kB)
    Total RW  Size (RW Data + ZI Data)              1832 (   1.79kB)
    Total ROM Size (Code + RO Data + RW Data)      14428 (  14.09kB)

==============================================================================

