Component: ARM Compiler 5.06 update 1 (build 61) Tool: armlink [4d35a8]

==============================================================================

Section Cross References

    startup_stm32f407xx.o(RESET) refers to startup_stm32f407xx.o(STACK) for __initial_sp
    startup_stm32f407xx.o(RESET) refers to startup_stm32f407xx.o(.text) for Reset_Handler
    startup_stm32f407xx.o(RESET) refers to stm32f4xx_it.o(i.NMI_Handler) for NMI_Handler
    startup_stm32f407xx.o(RESET) refers to stm32f4xx_it.o(i.HardFault_Handler) for HardFault_Handler
    startup_stm32f407xx.o(RESET) refers to stm32f4xx_it.o(i.MemManage_Handler) for MemManage_Handler
    startup_stm32f407xx.o(RESET) refers to stm32f4xx_it.o(i.BusFault_Handler) for BusFault_Handler
    startup_stm32f407xx.o(RESET) refers to stm32f4xx_it.o(i.UsageFault_Handler) for UsageFault_Handler
    startup_stm32f407xx.o(RESET) refers to stm32f4xx_it.o(i.SVC_Handler) for SVC_Handler
    startup_stm32f407xx.o(RESET) refers to stm32f4xx_it.o(i.DebugMon_Handler) for DebugMon_Handler
    startup_stm32f407xx.o(RESET) refers to stm32f4xx_it.o(i.PendSV_Handler) for PendSV_Handler
    startup_stm32f407xx.o(RESET) refers to stm32f4xx_it.o(i.SysTick_Handler) for SysTick_Handler
    startup_stm32f407xx.o(RESET) refers to stm32f4xx_it.o(i.DMA1_Stream1_IRQHandler) for DMA1_Stream1_IRQHandler
    startup_stm32f407xx.o(RESET) refers to stm32f4xx_it.o(i.DMA1_Stream3_IRQHandler) for DMA1_Stream3_IRQHandler
    startup_stm32f407xx.o(RESET) refers to stm32f4xx_it.o(i.TIM1_UP_TIM10_IRQHandler) for TIM1_UP_TIM10_IRQHandler
    startup_stm32f407xx.o(RESET) refers to stm32f4xx_it.o(i.TIM2_IRQHandler) for TIM2_IRQHandler
    startup_stm32f407xx.o(RESET) refers to stm32f4xx_it.o(i.USART3_IRQHandler) for USART3_IRQHandler
    startup_stm32f407xx.o(RESET) refers to stm32f4xx_it.o(i.TIM6_DAC_IRQHandler) for TIM6_DAC_IRQHandler
    startup_stm32f407xx.o(.text) refers to system_stm32f4xx.o(i.SystemInit) for SystemInit
    startup_stm32f407xx.o(.text) refers to entry.o(.ARM.Collect$$$$00000000) for __main
    app.o(i.system_init) refers to tim_init.o(i.tim_pwm_enable) for tim_pwm_enable
    app.o(i.system_init) refers to uart_init.o(i.uart_enable) for uart_enable
    app.o(i.system_init) refers to tim_init.o(i.tim_econder_enable) for tim_econder_enable
    app.o(i.system_init) refers to tim_init.o(i.tim_basic_enable) for tim_basic_enable
    app.o(i.system_init) refers to pid.o(i.PID_struct_init) for PID_struct_init
    app.o(i.system_init) refers to uart_init.o(i.Usart_SendString) for Usart_SendString
    app.o(i.system_init) refers to pid.o(.bss) for Pid_Jian
    app.o(i.system_init) refers to tim.o(.bss) for htim12
    pid.o(i.PID_CascadeCalc) refers to pid.o(i.PID_calc) for PID_calc
    pid.o(i.PID_calc) refers to pid.o(i.abs_limit) for abs_limit
    pid.o(i.PID_struct_init) refers to pid.o(i.pid_param_init) for pid_param_init
    pid.o(i.PID_struct_init) refers to pid.o(i.pid_reset) for pid_reset
    protocol.o(i.protocol_data_recv) refers to protocol.o(i.recvbuf_put_data) for recvbuf_put_data
    protocol.o(i.protocol_data_recv) refers to protocol.o(.bss) for parser
    protocol.o(i.protocol_frame_parse) refers to protocol.o(i.recvbuf_get_len_to_parse) for recvbuf_get_len_to_parse
    protocol.o(i.protocol_frame_parse) refers to protocol.o(i.recvbuf_find_header) for recvbuf_find_header
    protocol.o(i.protocol_frame_parse) refers to protocol.o(i.get_frame_len) for get_frame_len
    protocol.o(i.protocol_frame_parse) refers to protocol.o(i.check_sum) for check_sum
    protocol.o(i.protocol_frame_parse) refers to protocol.o(i.get_frame_checksum) for get_frame_checksum
    protocol.o(i.protocol_frame_parse) refers to memcpya.o(.text) for __aeabi_memcpy
    protocol.o(i.protocol_frame_parse) refers to protocol.o(i.get_frame_type) for get_frame_type
    protocol.o(i.protocol_frame_parse) refers to protocol.o(.bss) for parser
    protocol.o(i.protocol_init) refers to protocol.o(.bss) for parser
    protocol.o(i.receiving_process) refers to protocol.o(i.protocol_frame_parse) for protocol_frame_parse
    protocol.o(i.receiving_process) refers to tim_init.o(i.tim_pwm_enable) for tim_pwm_enable
    protocol.o(i.receiving_process) refers to tim_init.o(i.tim_pwm_disable) for tim_pwm_disable
    protocol.o(i.receiving_process) refers to stm32f4xx_hal_cortex.o(i.HAL_NVIC_SystemReset) for HAL_NVIC_SystemReset
    protocol.o(i.receiving_process) refers to pid.o(.bss) for Pid_Big
    protocol.o(i.receiving_process) refers to tim.o(.bss) for htim6
    protocol.o(i.recvbuf_put_data) refers to memcpya.o(.text) for __aeabi_memcpy
    protocol.o(i.set_computer_value) refers to protocol.o(i.check_sum) for check_sum
    protocol.o(i.set_computer_value) refers to stm32f4xx_hal_uart.o(i.HAL_UART_Transmit) for HAL_UART_Transmit
    protocol.o(i.set_computer_value) refers to protocol.o(.bss) for set_packet
    protocol.o(i.set_computer_value) refers to usart.o(.bss) for huart3
[...]
    Removing dmul.o(.text), (228 bytes).
    Removing ddiv.o(.text), (222 bytes).
    Removing dfixul.o(.text), (48 bytes).
    Removing cdrcmple.o(.text), (48 bytes).
    Removing depilogue.o(.text), (186 bytes).

430 unused section(s) (total 39678 bytes) removed from the image.

==============================================================================

Image Symbol Table

    Local Symbols

    Symbol Name                              Value     Ov Type        Size  Object(Section)

    ../Core/Src/dma.c                        0x00000000   Number         0  dma.o ABSOLUTE
    ../Core/Src/gpio.c                       0x00000000   Number         0  gpio.o ABSOLUTE
    ../Core/Src/main.c                       0x00000000   Number         0  main.o ABSOLUTE
    ../Core/Src/stm32f4xx_hal_msp.c          0x00000000   Number         0  stm32f4xx_hal_msp.o ABSOLUTE
    ../Core/Src/stm32f4xx_it.c               0x00000000   Number         0  stm32f4xx_it.o ABSOLUTE
    ../Core/Src/system_stm32f4xx.c           0x00000000   Number         0  system_stm32f4xx.o ABSOLUTE
    ../Core/Src/tim.c                        0x00000000   Number         0  tim.o ABSOLUTE
    ../Core/Src/usart.c                      0x00000000   Number         0  usart.o ABSOLUTE
    ../Drivers/STM32F4xx_HAL_Driver/Src/stm32f4xx_hal.c 0x00000000   Number         0  stm32f4xx_hal.o ABSOLUTE
    ../Drivers/STM32F4xx_HAL_Driver/Src/stm32f4xx_hal_cortex.c 0x00000000   Number         0  stm32f4xx_hal_cortex.o ABSOLUTE
    ../Drivers/STM32F4xx_HAL_Driver/Src/stm32f4xx_hal_dma.c 0x00000000   Number         0  stm32f4xx_hal_dma.o ABSOLUTE
    ../Drivers/STM32F4xx_HAL_Driver/Src/stm32f4xx_hal_dma_ex.c 0x00000000   Number         0  stm32f4xx_hal_dma_ex.o ABSOLUTE
    ../Drivers/STM32F4xx_HAL_Driver/Src/stm32f4xx_hal_exti.c 0x00000000   Number         0  stm32f4xx_hal_exti.o ABSOLUTE
    ../Drivers/STM32F4xx_HAL_Driver/Src/stm32f4xx_hal_flash.c 0x00000000   Number         0  stm32f4xx_hal_flash.o ABSOLUTE
    ../Drivers/STM32F4xx_HAL_Driver/Src/stm32f4xx_hal_flash_ex.c 0x00000000   Number         0  stm32f4xx_hal_flash_ex.o ABSOLUTE
    ../Drivers/STM32F4xx_HAL_Driver/Src/stm32f4xx_hal_flash_ramfunc.c 0x00000000   Number         0  stm32f4xx_hal_flash_ramfunc.o ABSOLUTE
    ../Drivers/STM32F4xx_HAL_Driver/Src/stm32f4xx_hal_gpio.c 0x00000000   Number         0  stm32f4xx_hal_gpio.o ABSOLUTE
    ../Drivers/STM32F4xx_HAL_Driver/Src/stm32f4xx_hal_pwr.c 0x00000000   Number         0  stm32f4xx_hal_pwr.o ABSOLUTE
    ../Drivers/STM32F4xx_HAL_Driver/Src/stm32f4xx_hal_pwr_ex.c 0x00000000   Number         0  stm32f4xx_hal_pwr_ex.o ABSOLUTE
    ../Drivers/STM32F4xx_HAL_Driver/Src/stm32f4xx_hal_rcc.c 0x00000000   Number         0  stm32f4xx_hal_rcc.o ABSOLUTE
    ../Drivers/STM32F4xx_HAL_Driver/Src/stm32f4xx_hal_rcc_ex.c 0x00000000   Number         0  stm32f4xx_hal_rcc_ex.o ABSOLUTE
    ../Drivers/STM32F4xx_HAL_Driver/Src/stm32f4xx_hal_tim.c 0x00000000   Number         0  stm32f4xx_hal_tim.o ABSOLUTE
    ../Drivers/STM32F4xx_HAL_Driver/Src/stm32f4xx_hal_tim_ex.c 0x00000000   Number         0  stm32f4xx_hal_tim_ex.o ABSOLUTE
    ../Drivers/STM32F4xx_HAL_Driver/Src/stm32f4xx_hal_uart.c 0x00000000   Number         0  stm32f4xx_hal_uart.o ABSOLUTE
    ../clib/microlib/division.c              0x00000000   Number         0  uldiv.o ABSOLUTE
    ../clib/microlib/division.c              0x00000000   Number         0  uidiv.o ABSOLUTE
    ../clib/microlib/init/entry.s            0x00000000   Number         0  entry7b.o ABSOLUTE
    ../clib/microlib/init/entry.s            0x00000000   Number         0  entry11a.o ABSOLUTE
    ../clib/microlib/init/entry.s            0x00000000   Number         0  entry.o ABSOLUTE
    ../clib/microlib/init/entry.s            0x00000000   Number         0  entry10a.o ABSOLUTE
    ../clib/microlib/init/entry.s            0x00000000   Number         0  entry9b.o ABSOLUTE
    ../clib/microlib/init/entry.s            0x00000000   Number         0  entry10b.o ABSOLUTE
    ../clib/microlib/init/entry.s            0x00000000   Number         0  entry8a.o ABSOLUTE
    ../clib/microlib/init/entry.s            0x00000000   Number         0  entry8b.o ABSOLUTE
    ../clib/microlib/init/entry.s            0x00000000   Number         0  entry5.o ABSOLUTE
    ../clib/microlib/init/entry.s            0x00000000   Number         0  entry2.o ABSOLUTE
    ../clib/microlib/init/entry.s            0x00000000   Number         0  entry7a.o ABSOLUTE
    ../clib/microlib/init/entry.s            0x00000000   Number         0  entry9a.o ABSOLUTE
    ../clib/microlib/init/entry.s            0x00000000   Number         0  entry11b.o ABSOLUTE
    ../clib/microlib/longlong.c              0x00000000   Number         0  llsshr.o ABSOLUTE
    ../clib/microlib/longlong.c              0x00000000   Number         0  llushr.o ABSOLUTE
    ../clib/microlib/longlong.c              0x00000000   Number         0  llshl.o ABSOLUTE
    ../clib/microlib/printf/printf.c         0x00000000   Number         0  printfa.o ABSOLUTE
    ../clib/microlib/printf/printf.c         0x00000000   Number         0  printf8.o ABSOLUTE
    ../clib/microlib/printf/printf.c         0x00000000   Number         0  printf7.o ABSOLUTE
    ../clib/microlib/printf/printf.c         0x00000000   Number         0  printf6.o ABSOLUTE
    ../clib/microlib/printf/printf.c         0x00000000   Number         0  printf5.o ABSOLUTE
    ../clib/microlib/printf/printf.c         0x00000000   Number         0  printf4.o ABSOLUTE
    ../clib/microlib/printf/printf.c         0x00000000   Number         0  printf3.o ABSOLUTE
    ../clib/microlib/printf/printf.c         0x00000000   Number         0  printf2.o ABSOLUTE
    ../clib/microlib/printf/printf.c         0x00000000   Number         0  printf1.o ABSOLUTE
    ../clib/microlib/printf/printf.c         0x00000000   Number         0  printf0.o ABSOLUTE
    ../clib/microlib/printf/printf.c         0x00000000   Number         0  printfb.o ABSOLUTE
    ../clib/microlib/printf/stubs.s          0x00000000   Number         0  stubs.o ABSOLUTE
    ../clib/microlib/stdio/streams.c         0x00000000   Number         0  stdout.o ABSOLUTE
    ../clib/microlib/string/memcpy.c         0x00000000   Number         0  memcpyb.o ABSOLUTE
    ../clib/microlib/string/memcpy.c         0x00000000   Number         0  memcpya.o ABSOLUTE
    ../clib/microlib/string/memset.c         0x00000000   Number         0  memseta.o ABSOLUTE
    ../clib/microlib/stubs.s                 0x00000000   Number         0  iusefp.o ABSOLUTE
    ../fplib/microlib/fpadd.c                0x00000000   Number         0  dadd.o ABSOLUTE
    ../fplib/microlib/fpdiv.c                0x00000000   Number         0  ddiv.o ABSOLUTE
    ../fplib/microlib/fpepilogue.c           0x00000000   Number         0  depilogue.o ABSOLUTE
    ../fplib/microlib/fpfix.c                0x00000000   Number         0  dfixul.o ABSOLUTE
    ../fplib/microlib/fpmul.c                0x00000000   Number         0  dmul.o ABSOLUTE
    ..\Core\Src\App.c                        0x00000000   Number         0  app.o ABSOLUTE
    ..\Core\Src\Tim_Init.c                   0x00000000   Number         0  tim_init.o ABSOLUTE
    ..\Core\Src\Uart_Init.c                  0x00000000   Number         0  uart_init.o ABSOLUTE
    ..\Core\Src\dma.c                        0x00000000   Number         0  dma.o ABSOLUTE
    ..\Core\Src\gpio.c                       0x00000000   Number         0  gpio.o ABSOLUTE
    ..\Core\Src\main.c                       0x00000000   Number         0  main.o ABSOLUTE
    ..\Core\Src\motor_control.c              0x00000000   Number         0  motor_control.o ABSOLUTE
    ..\Core\Src\pid.c                        0x00000000   Number         0  pid.o ABSOLUTE
    ..\Core\Src\protocol.c                   0x00000000   Number         0  protocol.o ABSOLUTE
    ..\Core\Src\stm32f4xx_hal_msp.c          0x00000000   Number         0  stm32f4xx_hal_msp.o ABSOLUTE
    ..\Core\Src\stm32f4xx_it.c               0x00000000   Number         0  stm32f4xx_it.o ABSOLUTE
    ..\Core\Src\system_stm32f4xx.c           0x00000000   Number         0  system_stm32f4xx.o ABSOLUTE
    ..\Core\Src\tim.c                        0x00000000   Number         0  tim.o ABSOLUTE
    ..\Core\Src\usart.c                      0x00000000   Number         0  usart.o ABSOLUTE
    ..\Drivers\STM32F4xx_HAL_Driver\Src\stm32f4xx_hal.c 0x00000000   Number         0  stm32f4xx_hal.o ABSOLUTE
    ..\Drivers\STM32F4xx_HAL_Driver\Src\stm32f4xx_hal_cortex.c 0x00000000   Number         0  stm32f4xx_hal_cortex.o ABSOLUTE
    ..\Drivers\STM32F4xx_HAL_Driver\Src\stm32f4xx_hal_dma.c 0x00000000   Number         0  stm32f4xx_hal_dma.o ABSOLUTE
    ..\Drivers\STM32F4xx_HAL_Driver\Src\stm32f4xx_hal_dma_ex.c 0x00000000   Number         0  stm32f4xx_hal_dma_ex.o ABSOLUTE
    ..\Drivers\STM32F4xx_HAL_Driver\Src\stm32f4xx_hal_exti.c 0x00000000   Number         0  stm32f4xx_hal_exti.o ABSOLUTE
    ..\Drivers\STM32F4xx_HAL_Driver\Src\stm32f4xx_hal_flash.c 0x00000000   Number         0  stm32f4xx_hal_flash.o ABSOLUTE
    ..\Drivers\STM32F4xx_HAL_Driver\Src\stm32f4xx_hal_flash_ex.c 0x00000000   Number         0  stm32f4xx_hal_flash_ex.o ABSOLUTE
    ..\Drivers\STM32F4xx_HAL_Driver\Src\stm32f4xx_hal_flash_ramfunc.c 0x00000000   Number         0  stm32f4xx_hal_flash_ramfunc.o ABSOLUTE
    ..\Drivers\STM32F4xx_HAL_Driver\Src\stm32f4xx_hal_gpio.c 0x00000000   Number         0  stm32f4xx_hal_gpio.o ABSOLUTE
    ..\Drivers\STM32F4xx_HAL_Driver\Src\stm32f4xx_hal_pwr.c 0x00000000   Number         0  stm32f4xx_hal_pwr.o ABSOLUTE
    ..\Drivers\STM32F4xx_HAL_Driver\Src\stm32f4xx_hal_pwr_ex.c 0x00000000   Number         0  stm32f4xx_hal_pwr_ex.o ABSOLUTE
    ..\Drivers\STM32F4xx_HAL_Driver\Src\stm32f4xx_hal_rcc.c 0x00000000   Number         0  stm32f4xx_hal_rcc.o ABSOLUTE
    ..\Drivers\STM32F4xx_HAL_Driver\Src\stm32f4xx_hal_rcc_ex.c 0x00000000   Number         0  stm32f4xx_hal_rcc_ex.o ABSOLUTE
    ..\Drivers\STM32F4xx_HAL_Driver\Src\stm32f4xx_hal_tim.c 0x00000000   Number         0  stm32f4xx_hal_tim.o ABSOLUTE
    ..\Drivers\STM32F4xx_HAL_Driver\Src\stm32f4xx_hal_tim_ex.c 0x00000000   Number         0  stm32f4xx_hal_tim_ex.o ABSOLUTE
    ..\Drivers\STM32F4xx_HAL_Driver\Src\stm32f4xx_hal_uart.c 0x00000000   Number         0  stm32f4xx_hal_uart.o ABSOLUTE
    ..\\Core\\Src\\App.c                     0x00000000   Number         0  app.o ABSOLUTE
    ..\\Core\\Src\\Tim_Init.c                0x00000000   Number         0  tim_init.o ABSOLUTE
    ..\\Core\\Src\\Uart_Init.c               0x00000000   Number         0  uart_init.o ABSOLUTE
    ..\\Core\\Src\\motor_control.c           0x00000000   Number         0  motor_control.o ABSOLUTE
    ..\\Core\\Src\\pid.c                     0x00000000   Number         0  pid.o ABSOLUTE
    ..\\Core\\Src\\protocol.c                0x00000000   Number         0  protocol.o ABSOLUTE
    cdrcmple.s                               0x00000000   Number         0  cdrcmple.o ABSOLUTE
    dc.s                                     0x00000000   Number         0  dc.o ABSOLUTE
    handlers.s                               0x00000000   Number         0  handlers.o ABSOLUTE
    init.s                                   0x00000000   Number         0  init.o ABSOLUTE
    startup_stm32f407xx.s                    0x00000000   Number         0  startup_stm32f407xx.o ABSOLUTE
    RESET                                    0x08000000   Section      392  startup_stm32f407xx.o(RESET)
    .ARM.Collect$$$$00000000                 0x08000188   Section        0  entry.o(.ARM.Collect$$$$00000000)
    .ARM.Collect$$$$00000001                 0x08000188   Section        4  entry2.o(.ARM.Collect$$$$00000001)
    .ARM.Collect$$$$00000004                 0x0800018c   Section        4  entry5.o(.ARM.Collect$$$$00000004)
    .ARM.Collect$$$$00000008                 0x08000190   Section        0  entry7b.o(.ARM.Collect$$$$00000008)
    .ARM.Collect$$$$0000000A                 0x08000190   Section        0  entry8b.o(.ARM.Collect$$$$0000000A)
    .ARM.Collect$$$$0000000B                 0x08000190   Section        8  entry9a.o(.ARM.Collect$$$$0000000B)
    .ARM.Collect$$$$0000000D                 0x08000198   Section        0  entry10a.o(.ARM.Collect$$$$0000000D)
    .ARM.Collect$$$$0000000F                 0x08000198   Section        0  entry11a.o(.ARM.Collect$$$$0000000F)
    .ARM.Collect$$$$00002712                 0x08000198   Section        4  entry2.o(.ARM.Collect$$$$00002712)
    __lit__00000000                          0x08000198   Data           4  entry2.o(.ARM.Collect$$$$00002712)
    .text                                    0x0800019c   Section       36  startup_stm32f407xx.o(.text)
    $v0                                      0x0800019c   Number         0  startup_stm32f407xx.o(.text)
    .text                                    0x080001c0   Section        0  uldiv.o(.text)
    .text                                    0x08000222   Section        0  memcpya.o(.text)
    .text                                    0x08000246   Section        0  memseta.o(.text)
    .text                                    0x0800026a   Section        0  uidiv.o(.text)
    .text                                    0x08000296   Section        0  llshl.o(.text)
    .text                                    0x080002b4   Section        0  llushr.o(.text)
    .text                                    0x080002d4   Section       36  init.o(.text)
    i.BusFault_Handler                       0x080002f8   Section        0  stm32f4xx_it.o(i.BusFault_Handler)
    i.DMA1_Stream1_IRQHandler                0x080002fc   Section        0  stm32f4xx_it.o(i.DMA1_Stream1_IRQHandler)
    i.DMA1_Stream3_IRQHandler                0x0800030c   Section        0  stm32f4xx_it.o(i.DMA1_Stream3_IRQHandler)
    i.DMA_CalcBaseAndBitshift                0x0800031c   Section        0  stm32f4xx_hal_dma.o(i.DMA_CalcBaseAndBitshift)
    DMA_CalcBaseAndBitshift                  0x0800031d   Thumb Code    46  stm32f4xx_hal_dma.o(i.DMA_CalcBaseAndBitshift)
    i.DMA_CheckFifoParam                     0x08000350   Section        0  stm32f4xx_hal_dma.o(i.DMA_CheckFifoParam)
    DMA_CheckFifoParam                       0x08000351   Thumb Code   170  stm32f4xx_hal_dma.o(i.DMA_CheckFifoParam)
    i.DMA_SetConfig                          0x080003fa   Section        0  stm32f4xx_hal_dma.o(i.DMA_SetConfig)
    DMA_SetConfig                            0x080003fb   Thumb Code    44  stm32f4xx_hal_dma.o(i.DMA_SetConfig)
    i.DebugMon_Handler                       0x08000426   Section        0  stm32f4xx_it.o(i.DebugMon_Handler)
    i.Error_Handler                          0x08000428   Section        0  main.o(i.Error_Handler)
    i.HAL_DMA_Abort                          0x0800042e   Section        0  stm32f4xx_hal_dma.o(i.HAL_DMA_Abort)
    i.HAL_DMA_Abort_IT                       0x080004da   Section        0  stm32f4xx_hal_dma.o(i.HAL_DMA_Abort_IT)
    i.HAL_DMA_IRQHandler                     0x08000504   Section        0  stm32f4xx_hal_dma.o(i.HAL_DMA_IRQHandler)
    i.HAL_DMA_Init                           0x08000744   Section        0  stm32f4xx_hal_dma.o(i.HAL_DMA_Init)
    i.HAL_DMA_Start_IT                       0x08000830   Section        0  stm32f4xx_hal_dma.o(i.HAL_DMA_Start_IT)
    i.HAL_Delay                              0x080008c4   Section        0  stm32f4xx_hal.o(i.HAL_Delay)
    i.HAL_GPIO_Init                          0x080008ec   Section        0  stm32f4xx_hal_gpio.o(i.HAL_GPIO_Init)
    i.HAL_GetTick                            0x08000ae0   Section        0  stm32f4xx_hal.o(i.HAL_GetTick)
    i.HAL_IncTick                            0x08000aec   Section        0  stm32f4xx_hal.o(i.HAL_IncTick)
    i.HAL_Init                               0x08000b04   Section        0  stm32f4xx_hal.o(i.HAL_Init)
    i.HAL_InitTick                           0x08000b40   Section        0  stm32f4xx_hal.o(i.HAL_InitTick)
    i.HAL_MspInit                            0x08000b8c   Section        0  stm32f4xx_hal_msp.o(i.HAL_MspInit)
    i.HAL_NVIC_EnableIRQ                     0x08000bd4   Section        0  stm32f4xx_hal_cortex.o(i.HAL_NVIC_EnableIRQ)
    i.HAL_NVIC_SetPriority                   0x08000bfc   Section        0  stm32f4xx_hal_cortex.o(i.HAL_NVIC_SetPriority)
    i.HAL_NVIC_SetPriorityGrouping           0x08000c78   Section        0  stm32f4xx_hal_cortex.o(i.HAL_NVIC_SetPriorityGrouping)
    i.HAL_RCC_ClockConfig                    0x08000ca0   Section        0  stm32f4xx_hal_rcc.o(i.HAL_RCC_ClockConfig)
    i.HAL_RCC_GetHCLKFreq                    0x08000e24   Section        0  stm32f4xx_hal_rcc.o(i.HAL_RCC_GetHCLKFreq)
    i.HAL_RCC_GetPCLK1Freq                   0x08000e30   Section        0  stm32f4xx_hal_rcc.o(i.HAL_RCC_GetPCLK1Freq)
    i.HAL_RCC_GetPCLK2Freq                   0x08000e50   Section        0  stm32f4xx_hal_rcc.o(i.HAL_RCC_GetPCLK2Freq)
    i.HAL_RCC_GetSysClockFreq                0x08000e70   Section        0  stm32f4xx_hal_rcc.o(i.HAL_RCC_GetSysClockFreq)
    i.HAL_RCC_OscConfig                      0x08000f20   Section        0  stm32f4xx_hal_rcc.o(i.HAL_RCC_OscConfig)
    i.HAL_SYSTICK_Config                     0x080013bc   Section        0  stm32f4xx_hal_cortex.o(i.HAL_SYSTICK_Config)
    i.HAL_TIMEx_BreakCallback                0x080013f0   Section        0  stm32f4xx_hal_tim_ex.o(i.HAL_TIMEx_BreakCallback)
    i.HAL_TIMEx_CommutCallback               0x080013f2   Section        0  stm32f4xx_hal_tim_ex.o(i.HAL_TIMEx_CommutCallback)
    i.HAL_TIMEx_ConfigBreakDeadTime          0x080013f4   Section        0  stm32f4xx_hal_tim_ex.o(i.HAL_TIMEx_ConfigBreakDeadTime)
    i.HAL_TIMEx_MasterConfigSynchronization  0x08001468   Section        0  stm32f4xx_hal_tim_ex.o(i.HAL_TIMEx_MasterConfigSynchronization)
    i.HAL_TIM_Base_Init                      0x0800151c   Section        0  stm32f4xx_hal_tim.o(i.HAL_TIM_Base_Init)
    i.HAL_TIM_Base_MspInit                   0x08001584   Section        0  tim.o(i.HAL_TIM_Base_MspInit)
    i.HAL_TIM_Base_Start_IT                  0x08001684   Section        0  stm32f4xx_hal_tim.o(i.HAL_TIM_Base_Start_IT)
    i.HAL_TIM_ConfigClockSource              0x0800172c   Section        0  stm32f4xx_hal_tim.o(i.HAL_TIM_ConfigClockSource)
    i.HAL_TIM_Encoder_Init                   0x08001838   Section        0  stm32f4xx_hal_tim.o(i.HAL_TIM_Encoder_Init)
    i.HAL_TIM_Encoder_MspInit                0x08001900   Section        0  tim.o(i.HAL_TIM_Encoder_MspInit)
    i.HAL_TIM_Encoder_Start                  0x08001b38   Section        0  stm32f4xx_hal_tim.o(i.HAL_TIM_Encoder_Start)
    i.HAL_TIM_IC_CaptureCallback             0x08001c04   Section        0  stm32f4xx_hal_tim.o(i.HAL_TIM_IC_CaptureCallback)
    i.HAL_TIM_IRQHandler                     0x08001c06   Section        0  stm32f4xx_hal_tim.o(i.HAL_TIM_IRQHandler)
    i.HAL_TIM_MspPostInit                    0x08001d74   Section        0  tim.o(i.HAL_TIM_MspPostInit)
    i.HAL_TIM_OC_DelayElapsedCallback        0x08001ebc   Section        0  stm32f4xx_hal_tim.o(i.HAL_TIM_OC_DelayElapsedCallback)
    i.HAL_TIM_PWM_ConfigChannel              0x08001ebe   Section        0  stm32f4xx_hal_tim.o(i.HAL_TIM_PWM_ConfigChannel)
    i.HAL_TIM_PWM_Init                       0x08001fc2   Section        0  stm32f4xx_hal_tim.o(i.HAL_TIM_PWM_Init)
    i.HAL_TIM_PWM_MspInit                    0x08002028   Section        0  stm32f4xx_hal_tim.o(i.HAL_TIM_PWM_MspInit)
    i.HAL_TIM_PWM_PulseFinishedCallback      0x0800202a   Section        0  stm32f4xx_hal_tim.o(i.HAL_TIM_PWM_PulseFinishedCallback)
    i.HAL_TIM_PWM_Start                      0x0800202c   Section        0  stm32f4xx_hal_tim.o(i.HAL_TIM_PWM_Start)
    i.HAL_TIM_PeriodElapsedCallback          0x08002138   Section        0  tim_init.o(i.HAL_TIM_PeriodElapsedCallback)
    i.HAL_TIM_TriggerCallback                0x08002270   Section        0  stm32f4xx_hal_tim.o(i.HAL_TIM_TriggerCallback)
    i.HAL_UARTEx_RxEventCallback             0x08002272   Section        0  stm32f4xx_hal_uart.o(i.HAL_UARTEx_RxEventCallback)
    i.HAL_UART_DMAStop                       0x08002274   Section        0  stm32f4xx_hal_uart.o(i.HAL_UART_DMAStop)
    i.HAL_UART_ErrorCallback                 0x080022fe   Section        0  stm32f4xx_hal_uart.o(i.HAL_UART_ErrorCallback)
    i.HAL_UART_IRQHandler                    0x08002300   Section        0  stm32f4xx_hal_uart.o(i.HAL_UART_IRQHandler)
    i.HAL_UART_Init                          0x080025e8   Section        0  stm32f4xx_hal_uart.o(i.HAL_UART_Init)
    i.HAL_UART_MspInit                       0x08002660   Section        0  usart.o(i.HAL_UART_MspInit)
    i.HAL_UART_Receive_DMA                   0x0800277c   Section        0  stm32f4xx_hal_uart.o(i.HAL_UART_Receive_DMA)
    i.HAL_UART_RxCpltCallback                0x080027a8   Section        0  stm32f4xx_hal_uart.o(i.HAL_UART_RxCpltCallback)
    i.HAL_UART_RxHalfCpltCallback            0x080027aa   Section        0  stm32f4xx_hal_uart.o(i.HAL_UART_RxHalfCpltCallback)
    i.HAL_UART_Transmit                      0x080027ac   Section        0  stm32f4xx_hal_uart.o(i.HAL_UART_Transmit)
    i.HAL_UART_TxCpltCallback                0x0800286a   Section        0  stm32f4xx_hal_uart.o(i.HAL_UART_TxCpltCallback)
    i.HardFault_Handler                      0x0800286c   Section        0  stm32f4xx_it.o(i.HardFault_Handler)
    i.MX_DMA_Init                            0x08002870   Section        0  dma.o(i.MX_DMA_Init)
    i.MX_GPIO_Init                           0x080028b8   Section        0  gpio.o(i.MX_GPIO_Init)
    i.MX_TIM12_Init                          0x08002978   Section        0  tim.o(i.MX_TIM12_Init)
    i.MX_TIM1_Init                           0x08002a14   Section        0  tim.o(i.MX_TIM1_Init)
    i.MX_TIM2_Init                           0x08002a90   Section        0  tim.o(i.MX_TIM2_Init)
    i.MX_TIM3_Init                           0x08002b08   Section        0  tim.o(i.MX_TIM3_Init)
    i.MX_TIM4_Init                           0x08002b84   Section        0  tim.o(i.MX_TIM4_Init)
    i.MX_TIM5_Init                           0x08002c00   Section        0  tim.o(i.MX_TIM5_Init)
    i.MX_TIM6_Init                           0x08002cd4   Section        0  tim.o(i.MX_TIM6_Init)
    i.MX_TIM8_Init                           0x08002d20   Section        0  tim.o(i.MX_TIM8_Init)
    i.MX_TIM9_Init                           0x08002e28   Section        0  tim.o(i.MX_TIM9_Init)
    i.MX_USART3_UART_Init                    0x08002ec4   Section        0  usart.o(i.MX_USART3_UART_Init)
    i.MemManage_Handler                      0x08002efc   Section        0  stm32f4xx_it.o(i.MemManage_Handler)
    i.NMI_Handler                            0x08002f00   Section        0  stm32f4xx_it.o(i.NMI_Handler)
    i.PID_calc                               0x08002f04   Section        0  pid.o(i.PID_calc)
    i.PID_struct_init                        0x080030d4   Section        0  pid.o(i.PID_struct_init)
    i.PendSV_Handler                         0x08003150   Section        0  stm32f4xx_it.o(i.PendSV_Handler)
    i.SVC_Handler                            0x08003152   Section        0  stm32f4xx_it.o(i.SVC_Handler)
    i.SysTick_Handler                        0x08003154   Section        0  stm32f4xx_it.o(i.SysTick_Handler)
    i.SystemClock_Config                     0x0800315c   Section        0  main.o(i.SystemClock_Config)
    i.SystemInit                             0x08003210   Section        0  system_stm32f4xx.o(i.SystemInit)
    i.TIM1_UP_TIM10_IRQHandler               0x08003224   Section        0  stm32f4xx_it.o(i.TIM1_UP_TIM10_IRQHandler)
    i.TIM2_IRQHandler                        0x08003234   Section        0  stm32f4xx_it.o(i.TIM2_IRQHandler)
    i.TIM6_DAC_IRQHandler                    0x08003244   Section        0  stm32f4xx_it.o(i.TIM6_DAC_IRQHandler)
    i.TIM_Base_SetConfig                     0x08003254   Section        0  stm32f4xx_hal_tim.o(i.TIM_Base_SetConfig)
    i.TIM_CCxChannelCmd                      0x0800333c   Section        0  stm32f4xx_hal_tim.o(i.TIM_CCxChannelCmd)
    i.TIM_ETR_SetConfig                      0x0800335e   Section        0  stm32f4xx_hal_tim.o(i.TIM_ETR_SetConfig)
    i.TIM_ITRx_SetConfig                     0x08003374   Section        0  stm32f4xx_hal_tim.o(i.TIM_ITRx_SetConfig)
    TIM_ITRx_SetConfig                       0x08003375   Thumb Code    18  stm32f4xx_hal_tim.o(i.TIM_ITRx_SetConfig)
    i.TIM_OC1_SetConfig                      0x08003388   Section        0  stm32f4xx_hal_tim.o(i.TIM_OC1_SetConfig)
    TIM_OC1_SetConfig                        0x08003389   Thumb Code   104  stm32f4xx_hal_tim.o(i.TIM_OC1_SetConfig)
    i.TIM_OC2_SetConfig                      0x080033f8   Section        0  stm32f4xx_hal_tim.o(i.TIM_OC2_SetConfig)
    i.TIM_OC3_SetConfig                      0x08003474   Section        0  stm32f4xx_hal_tim.o(i.TIM_OC3_SetConfig)
    TIM_OC3_SetConfig                        0x08003475   Thumb Code   112  stm32f4xx_hal_tim.o(i.TIM_OC3_SetConfig)
    i.TIM_OC4_SetConfig                      0x080034ec   Section        0  stm32f4xx_hal_tim.o(i.TIM_OC4_SetConfig)
    TIM_OC4_SetConfig                        0x080034ed   Thumb Code    74  stm32f4xx_hal_tim.o(i.TIM_OC4_SetConfig)
    i.TIM_TI1_ConfigInputStage               0x08003540   Section        0  stm32f4xx_hal_tim.o(i.TIM_TI1_ConfigInputStage)
    TIM_TI1_ConfigInputStage                 0x08003541   Thumb Code    38  stm32f4xx_hal_tim.o(i.TIM_TI1_ConfigInputStage)
    i.TIM_TI2_ConfigInputStage               0x08003566   Section        0  stm32f4xx_hal_tim.o(i.TIM_TI2_ConfigInputStage)
    TIM_TI2_ConfigInputStage                 0x08003567   Thumb Code    40  stm32f4xx_hal_tim.o(i.TIM_TI2_ConfigInputStage)
    i.UART_DMAAbortOnError                   0x0800358e   Section        0  stm32f4xx_hal_uart.o(i.UART_DMAAbortOnError)
    UART_DMAAbortOnError                     0x0800358f   Thumb Code    20  stm32f4xx_hal_uart.o(i.UART_DMAAbortOnError)
    i.UART_DMAError                          0x080035a2   Section        0  stm32f4xx_hal_uart.o(i.UART_DMAError)
    UART_DMAError                            0x080035a3   Thumb Code    80  stm32f4xx_hal_uart.o(i.UART_DMAError)
    i.UART_DMAReceiveCplt                    0x080035f2   Section        0  stm32f4xx_hal_uart.o(i.UART_DMAReceiveCplt)
    UART_DMAReceiveCplt                      0x080035f3   Thumb Code   180  stm32f4xx_hal_uart.o(i.UART_DMAReceiveCplt)
    i.UART_DMARxHalfCplt                     0x080036a6   Section        0  stm32f4xx_hal_uart.o(i.UART_DMARxHalfCplt)
    UART_DMARxHalfCplt                       0x080036a7   Thumb Code    36  stm32f4xx_hal_uart.o(i.UART_DMARxHalfCplt)
    i.UART_EndRxTransfer                     0x080036ca   Section        0  stm32f4xx_hal_uart.o(i.UART_EndRxTransfer)
    UART_EndRxTransfer                       0x080036cb   Thumb Code   108  stm32f4xx_hal_uart.o(i.UART_EndRxTransfer)
    i.UART_EndTransmit_IT                    0x08003736   Section        0  stm32f4xx_hal_uart.o(i.UART_EndTransmit_IT)
    UART_EndTransmit_IT                      0x08003737   Thumb Code    32  stm32f4xx_hal_uart.o(i.UART_EndTransmit_IT)
    i.UART_EndTxTransfer                     0x08003756   Section        0  stm32f4xx_hal_uart.o(i.UART_EndTxTransfer)
    UART_EndTxTransfer                       0x08003757   Thumb Code    38  stm32f4xx_hal_uart.o(i.UART_EndTxTransfer)
    i.UART_Receive_IT                        0x0800377c   Section        0  stm32f4xx_hal_uart.o(i.UART_Receive_IT)
    UART_Receive_IT                          0x0800377d   Thumb Code   252  stm32f4xx_hal_uart.o(i.UART_Receive_IT)
    i.UART_SetConfig                         0x08003878   Section        0  stm32f4xx_hal_uart.o(i.UART_SetConfig)
    UART_SetConfig                           0x08003879   Thumb Code   546  stm32f4xx_hal_uart.o(i.UART_SetConfig)
    i.UART_Start_Receive_DMA                 0x08003aa4   Section        0  stm32f4xx_hal_uart.o(i.UART_Start_Receive_DMA)
    i.UART_Transmit_IT                       0x08003b6c   Section        0  stm32f4xx_hal_uart.o(i.UART_Transmit_IT)
    UART_Transmit_IT                         0x08003b6d   Thumb Code    96  stm32f4xx_hal_uart.o(i.UART_Transmit_IT)
    i.UART_WaitOnFlagUntilTimeout            0x08003bcc   Section        0  stm32f4xx_hal_uart.o(i.UART_WaitOnFlagUntilTimeout)
    UART_WaitOnFlagUntilTimeout              0x08003bcd   Thumb Code   140  stm32f4xx_hal_uart.o(i.UART_WaitOnFlagUntilTimeout)
    i.USART3_IRQHandler                      0x08003c58   Section        0  stm32f4xx_it.o(i.USART3_IRQHandler)
    i.UsageFault_Handler                     0x08003cec   Section        0  stm32f4xx_it.o(i.UsageFault_Handler)
    i.Usart_SendString                       0x08003cf0   Section        0  uart_init.o(i.Usart_SendString)
    i.__0printf$6                            0x08003d14   Section        0  printf6.o(i.__0printf$6)
    i.__NVIC_GetPriorityGrouping             0x08003d34   Section        0  stm32f4xx_hal_cortex.o(i.__NVIC_GetPriorityGrouping)
    __NVIC_GetPriorityGrouping               0x08003d35   Thumb Code    10  stm32f4xx_hal_cortex.o(i.__NVIC_GetPriorityGrouping)
    i.__NVIC_SetPriority                     0x08003d44   Section        0  stm32f4xx_hal_cortex.o(i.__NVIC_SetPriority)
    __NVIC_SetPriority                       0x08003d45   Thumb Code    32  stm32f4xx_hal_cortex.o(i.__NVIC_SetPriority)
    i.__scatterload_copy                     0x08003d6c   Section       14  handlers.o(i.__scatterload_copy)
    i.__scatterload_null                     0x08003d7a   Section        2  handlers.o(i.__scatterload_null)
    i.__scatterload_zeroinit                 0x08003d7c   Section       14  handlers.o(i.__scatterload_zeroinit)
    i._printf_core                           0x08003d8c   Section        0  printf6.o(i._printf_core)
    _printf_core                             0x08003d8d   Thumb Code   748  printf6.o(i._printf_core)
    i._printf_post_padding                   0x0800407c   Section        0  printf6.o(i._printf_post_padding)
    _printf_post_padding                     0x0800407d   Thumb Code    36  printf6.o(i._printf_post_padding)
    i._printf_pre_padding                    0x080040a0   Section        0  printf6.o(i._printf_pre_padding)
    _printf_pre_padding                      0x080040a1   Thumb Code    46  printf6.o(i._printf_pre_padding)
    i.abs_limit                              0x080040ce   Section        0  pid.o(i.abs_limit)
    i.big_set_postion                        0x080040fc   Section        0  motor_control.o(i.big_set_postion)
    i.fputc                                  0x080041f0   Section        0  uart_init.o(i.fputc)
    i.handle_receidved_data_1                0x0800420c   Section        0  uart_init.o(i.handle_receidved_data_1)
    i.jian_set_postion                       0x0800425c   Section        0  motor_control.o(i.jian_set_postion)
    i.main                                   0x08004354   Section        0  main.o(i.main)
    i.motor_big_fun                          0x080043a4   Section        0  motor_control.o(i.motor_big_fun)
    i.motor_cetui_set_postion                0x080043e4   Section        0  motor_control.o(i.motor_cetui_set_postion)
    i.motor_jian_fun                         0x08004480   Section        0  motor_control.o(i.motor_jian_fun)
    i.motor_small_fun                        0x080044c0   Section        0  motor_control.o(i.motor_small_fun)
    i.motor_wan_fun                          0x08004500   Section        0  motor_control.o(i.motor_wan_fun)
    i.pid_param_init                         0x08004540   Section        0  pid.o(i.pid_param_init)
    i.pid_reset                              0x08004564   Section        0  pid.o(i.pid_reset)
    i.process_data                           0x08004574   Section        0  uart_init.o(i.process_data)
    i.protocol_init                          0x08004674   Section        0  protocol.o(i.protocol_init)
    i.small_set_postion                      0x08004690   Section        0  motor_control.o(i.small_set_postion)
    i.system_init                            0x08004788   Section        0  app.o(i.system_init)
    i.tim_basic_enable                       0x080048ac   Section        0  tim_init.o(i.tim_basic_enable)
    i.tim_econder_enable                     0x080048bc   Section        0  tim_init.o(i.tim_econder_enable)
    i.tim_pwm_enable                         0x08004964   Section        0  tim_init.o(i.tim_pwm_enable)
    i.uart_enable                            0x080049c8   Section        0  uart_init.o(i.uart_enable)
    i.validate_data                          0x080049f0   Section        0  uart_init.o(i.validate_data)
    i.wan_set_postion                        0x08004a18   Section        0  motor_control.o(i.wan_set_postion)
    i.zhua_set_postion                       0x08004b10   Section        0  motor_control.o(i.zhua_set_postion)
    .constdata                               0x08004b84   Section        8  stm32f4xx_hal_dma.o(.constdata)
    flagBitshiftOffset                       0x08004b84   Data           8  stm32f4xx_hal_dma.o(.constdata)
    .constdata                               0x08004b8c   Section       24  system_stm32f4xx.o(.constdata)
    .data                                    0x20000000   Section       96  motor_control.o(.data)
    val                                      0x20000002   Data           2  motor_control.o(.data)
    val                                      0x20000004   Data           2  motor_control.o(.data)
    val                                      0x20000006   Data           2  motor_control.o(.data)
    val                                      0x20000008   Data           2  motor_control.o(.data)
    i                                        0x2000000a   Data           1  motor_control.o(.data)
    _get                                     0x2000000c   Data           2  motor_control.o(.data)
    con_val                                  0x2000000e   Data           2  motor_control.o(.data)
    set                                      0x20000010   Data           4  motor_control.o(.data)
    get                                      0x20000014   Data           4  motor_control.o(.data)
    i                                        0x20000018   Data           2  motor_control.o(.data)
    _get                                     0x2000001c   Data           4  motor_control.o(.data)
    con_val                                  0x20000020   Data           2  motor_control.o(.data)
    set                                      0x20000024   Data           4  motor_control.o(.data)
    get                                      0x20000028   Data           4  motor_control.o(.data)
    i                                        0x2000002c   Data           2  motor_control.o(.data)
    _get                                     0x2000002e   Data           2  motor_control.o(.data)
    con_val                                  0x20000030   Data           2  motor_control.o(.data)
    set                                      0x20000034   Data           4  motor_control.o(.data)
    get                                      0x20000038   Data           4  motor_control.o(.data)
    i                                        0x2000003c   Data           2  motor_control.o(.data)
    _get                                     0x2000003e   Data           2  motor_control.o(.data)
    con_val                                  0x20000040   Data           2  motor_control.o(.data)
    set                                      0x20000044   Data           4  motor_control.o(.data)
    get                                      0x20000048   Data           4  motor_control.o(.data)
    i                                        0x2000004c   Data           2  motor_control.o(.data)
    con_val                                  0x2000004e   Data           2  motor_control.o(.data)
    throttle                                 0x20000050   Data           4  motor_control.o(.data)
    ROL_conval                               0x20000054   Data           4  motor_control.o(.data)
    motor_pwm_1                              0x20000058   Data           2  motor_control.o(.data)
    motor_pwm_2                              0x2000005a   Data           2  motor_control.o(.data)
    _set                                     0x2000005c   Data           4  motor_control.o(.data)
    .data                                    0x20000060   Section        8  tim_init.o(.data)
    .data                                    0x20000068   Section       18  uart_init.o(.data)
    .data                                    0x2000007c   Section        9  stm32f4xx_hal.o(.data)
    .data                                    0x20000088   Section        4  system_stm32f4xx.o(.data)
    .data                                    0x2000008c   Section        4  stdout.o(.data)
    .bss                                     0x20000090   Section      560  pid.o(.bss)
    .bss                                     0x200002c0   Section      150  protocol.o(.bss)
    parser                                   0x200002c0   Data          12  protocol.o(.bss)
    recv_buf                                 0x200002cc   Data         128  protocol.o(.bss)
    set_packet                               0x2000034c   Data          10  protocol.o(.bss)
    .bss                                     0x20000358   Section      112  uart_init.o(.bss)
    .bss                                     0x200003c8   Section      648  tim.o(.bss)
    .bss                                     0x20000650   Section      264  usart.o(.bss)
    STACK                                    0x20000758   Section     1024  startup_stm32f407xx.o(STACK)

    Global Symbols

    Symbol Name                              Value     Ov Type        Size  Object(Section)

    BuildAttributes$$THM_ISAv4$E$P$D$K$B$S$7EM$VFPi3$EXTD16$VFPS$VFMA$PE$A:L22UL41UL21$X:L11$S22US41US21$IEEE1$IW$USESV6$~STKCKD$USESV7$~SHL$OSPACE$ROPI$EBA8$MICROLIB$REQ8$PRES8$EABIv2 0x00000000   Number         0  anon$$obj.o ABSOLUTE
    __ARM_use_no_argv                        0x00000000   Number         0  main.o ABSOLUTE
    _printf_a                                0x00000000   Number         0  stubs.o ABSOLUTE
    _printf_c                                0x00000000   Number         0  stubs.o ABSOLUTE
    _printf_charcount                        0x00000000   Number         0  stubs.o ABSOLUTE
    _printf_d                                0x00000000   Number         0  stubs.o ABSOLUTE
    _printf_e                                0x00000000   Number         0  stubs.o ABSOLUTE
    _printf_f                                0x00000000   Number         0  stubs.o ABSOLUTE
    _printf_flags                            0x00000000   Number         0  stubs.o ABSOLUTE
    _printf_fp_dec                           0x00000000   Number         0  stubs.o ABSOLUTE
    _printf_fp_hex                           0x00000000   Number         0  stubs.o ABSOLUTE
    _printf_g                                0x00000000   Number         0  stubs.o ABSOLUTE
    _printf_i                                0x00000000   Number         0  stubs.o ABSOLUTE
    _printf_int_dec                          0x00000000   Number         0  stubs.o ABSOLUTE
    _printf_l                                0x00000000   Number         0  stubs.o ABSOLUTE
    _printf_lc                               0x00000000   Number         0  stubs.o ABSOLUTE
    _printf_ll                               0x00000000   Number         0  stubs.o ABSOLUTE
    _printf_lld                              0x00000000   Number         0  stubs.o ABSOLUTE
    _printf_lli                              0x00000000   Number         0  stubs.o ABSOLUTE
    _printf_llo                              0x00000000   Number         0  stubs.o ABSOLUTE
    _printf_llu                              0x00000000   Number         0  stubs.o ABSOLUTE
    _printf_llx                              0x00000000   Number         0  stubs.o ABSOLUTE
    _printf_longlong_dec                     0x00000000   Number         0  stubs.o ABSOLUTE
    _printf_longlong_hex                     0x00000000   Number         0  stubs.o ABSOLUTE
    _printf_longlong_oct                     0x00000000   Number         0  stubs.o ABSOLUTE
    _printf_ls                               0x00000000   Number         0  stubs.o ABSOLUTE
    _printf_mbtowc                           0x00000000   Number         0  stubs.o ABSOLUTE
    _printf_n                                0x00000000   Number         0  stubs.o ABSOLUTE
    _printf_o                                0x00000000   Number         0  stubs.o ABSOLUTE
    _printf_p                                0x00000000   Number         0  stubs.o ABSOLUTE
    _printf_percent                          0x00000000   Number         0  stubs.o ABSOLUTE
    _printf_pre_padding                      0x00000000   Number         0  stubs.o ABSOLUTE
    _printf_return_value                     0x00000000   Number         0  stubs.o ABSOLUTE
    _printf_s                                0x00000000   Number         0  stubs.o ABSOLUTE
    _printf_sizespec                         0x00000000   Number         0  stubs.o ABSOLUTE
    _printf_str                              0x00000000   Number         0  stubs.o ABSOLUTE
    _printf_truncate_signed                  0x00000000   Number         0  stubs.o ABSOLUTE
    _printf_truncate_unsigned                0x00000000   Number         0  stubs.o ABSOLUTE
    _printf_u                                0x00000000   Number         0  stubs.o ABSOLUTE
    _printf_wc                               0x00000000   Number         0  stubs.o ABSOLUTE
    _printf_wctomb                           0x00000000   Number         0  stubs.o ABSOLUTE
    _printf_widthprec                        0x00000000   Number         0  stubs.o ABSOLUTE
    _printf_x                                0x00000000   Number         0  stubs.o ABSOLUTE
    __cpp_initialize__aeabi_                  - Undefined Weak Reference
    __cxa_finalize                            - Undefined Weak Reference
    __decompress                              - Undefined Weak Reference
    _clock_init                               - Undefined Weak Reference
    _microlib_exit                            - Undefined Weak Reference
    __Vectors_Size                           0x00000188   Number         0  startup_stm32f407xx.o ABSOLUTE
    __Vectors                                0x08000000   Data           4  startup_stm32f407xx.o(RESET)
    __Vectors_End                            0x08000188   Data           0  startup_stm32f407xx.o(RESET)
    __main                                   0x08000189   Thumb Code     0  entry.o(.ARM.Collect$$$$00000000)
    _main_stk                                0x08000189   Thumb Code     0  entry2.o(.ARM.Collect$$$$00000001)
    _main_scatterload                        0x0800018d   Thumb Code     0  entry5.o(.ARM.Collect$$$$00000004)
    __main_after_scatterload                 0x08000191   Thumb Code     0  entry5.o(.ARM.Collect$$$$00000004)
    _main_clock                              0x08000191   Thumb Code     0  entry7b.o(.ARM.Collect$$$$00000008)
    _main_cpp_init                           0x08000191   Thumb Code     0  entry8b.o(.ARM.Collect$$$$0000000A)
    _main_init                               0x08000191   Thumb Code     0  entry9a.o(.ARM.Collect$$$$0000000B)
    __rt_final_cpp                           0x08000199   Thumb Code     0  entry10a.o(.ARM.Collect$$$$0000000D)
    __rt_final_exit                          0x08000199   Thumb Code     0  entry11a.o(.ARM.Collect$$$$0000000F)
    Reset_Handler                            0x0800019d   Thumb Code     8  startup_stm32f407xx.o(.text)
    ADC_IRQHandler                           0x080001b7   Thumb Code     0  startup_stm32f407xx.o(.text)
    CAN1_RX0_IRQHandler                      0x080001b7   Thumb Code     0  startup_stm32f407xx.o(.text)
    CAN1_RX1_IRQHandler                      0x080001b7   Thumb Code     0  startup_stm32f407xx.o(.text)
    CAN1_SCE_IRQHandler                      0x080001b7   Thumb Code     0  startup_stm32f407xx.o(.text)
    CAN1_TX_IRQHandler                       0x080001b7   Thumb Code     0  startup_stm32f407xx.o(.text)
    CAN2_RX0_IRQHandler                      0x080001b7   Thumb Code     0  startup_stm32f407xx.o(.text)
    CAN2_RX1_IRQHandler                      0x080001b7   Thumb Code     0  startup_stm32f407xx.o(.text)
    CAN2_SCE_IRQHandler                      0x080001b7   Thumb Code     0  startup_stm32f407xx.o(.text)
    CAN2_TX_IRQHandler                       0x080001b7   Thumb Code     0  startup_stm32f407xx.o(.text)
    DCMI_IRQHandler                          0x080001b7   Thumb Code     0  startup_stm32f407xx.o(.text)
    DMA1_Stream0_IRQHandler                  0x080001b7   Thumb Code     0  startup_stm32f407xx.o(.text)
    DMA1_Stream2_IRQHandler                  0x080001b7   Thumb Code     0  startup_stm32f407xx.o(.text)
    DMA1_Stream4_IRQHandler                  0x080001b7   Thumb Code     0  startup_stm32f407xx.o(.text)
    DMA1_Stream5_IRQHandler                  0x080001b7   Thumb Code     0  startup_stm32f407xx.o(.text)
    DMA1_Stream6_IRQHandler                  0x080001b7   Thumb Code     0  startup_stm32f407xx.o(.text)
    DMA1_Stream7_IRQHandler                  0x080001b7   Thumb Code     0  startup_stm32f407xx.o(.text)
    DMA2_Stream0_IRQHandler                  0x080001b7   Thumb Code     0  startup_stm32f407xx.o(.text)
    DMA2_Stream1_IRQHandler                  0x080001b7   Thumb Code     0  startup_stm32f407xx.o(.text)
    DMA2_Stream2_IRQHandler                  0x080001b7   Thumb Code     0  startup_stm32f407xx.o(.text)
    DMA2_Stream3_IRQHandler                  0x080001b7   Thumb Code     0  startup_stm32f407xx.o(.text)
    DMA2_Stream4_IRQHandler                  0x080001b7   Thumb Code     0  startup_stm32f407xx.o(.text)
    DMA2_Stream5_IRQHandler                  0x080001b7   Thumb Code     0  startup_stm32f407xx.o(.text)
    DMA2_Stream6_IRQHandler                  0x080001b7   Thumb Code     0  startup_stm32f407xx.o(.text)
    DMA2_Stream7_IRQHandler                  0x080001b7   Thumb Code     0  startup_stm32f407xx.o(.text)
    ETH_IRQHandler                           0x080001b7   Thumb Code     0  startup_stm32f407xx.o(.text)
    ETH_WKUP_IRQHandler                      0x080001b7   Thumb Code     0  startup_stm32f407xx.o(.text)
    EXTI0_IRQHandler                         0x080001b7   Thumb Code     0  startup_stm32f407xx.o(.text)
    EXTI15_10_IRQHandler                     0x080001b7   Thumb Code     0  startup_stm32f407xx.o(.text)
    EXTI1_IRQHandler                         0x080001b7   Thumb Code     0  startup_stm32f407xx.o(.text)
    EXTI2_IRQHandler                         0x080001b7   Thumb Code     0  startup_stm32f407xx.o(.text)
    EXTI3_IRQHandler                         0x080001b7   Thumb Code     0  startup_stm32f407xx.o(.text)
    EXTI4_IRQHandler                         0x080001b7   Thumb Code     0  startup_stm32f407xx.o(.text)
    EXTI9_5_IRQHandler                       0x080001b7   Thumb Code     0  startup_stm32f407xx.o(.text)
    FLASH_IRQHandler                         0x080001b7   Thumb Code     0  startup_stm32f407xx.o(.text)
    FMC_IRQHandler                           0x080001b7   Thumb Code     0  startup_stm32f407xx.o(.text)
    FPU_IRQHandler                           0x080001b7   Thumb Code     0  startup_stm32f407xx.o(.text)
    HASH_RNG_IRQHandler                      0x080001b7   Thumb Code     0  startup_stm32f407xx.o(.text)
    I2C1_ER_IRQHandler                       0x080001b7   Thumb Code     0  startup_stm32f407xx.o(.text)
    I2C1_EV_IRQHandler                       0x080001b7   Thumb Code     0  startup_stm32f407xx.o(.text)
    I2C2_ER_IRQHandler                       0x080001b7   Thumb Code     0  startup_stm32f407xx.o(.text)
    I2C2_EV_IRQHandler                       0x080001b7   Thumb Code     0  startup_stm32f407xx.o(.text)
    I2C3_ER_IRQHandler                       0x080001b7   Thumb Code     0  startup_stm32f407xx.o(.text)
    I2C3_EV_IRQHandler                       0x080001b7   Thumb Code     0  startup_stm32f407xx.o(.text)
    OTG_FS_IRQHandler                        0x080001b7   Thumb Code     0  startup_stm32f407xx.o(.text)
    OTG_FS_WKUP_IRQHandler                   0x080001b7   Thumb Code     0  startup_stm32f407xx.o(.text)
    OTG_HS_EP1_IN_IRQHandler                 0x080001b7   Thumb Code     0  startup_stm32f407xx.o(.text)
    OTG_HS_EP1_OUT_IRQHandler                0x080001b7   Thumb Code     0  startup_stm32f407xx.o(.text)
    OTG_HS_IRQHandler                        0x080001b7   Thumb Code     0  startup_stm32f407xx.o(.text)
    OTG_HS_WKUP_IRQHandler                   0x080001b7   Thumb Code     0  startup_stm32f407xx.o(.text)
    PVD_IRQHandler                           0x080001b7   Thumb Code     0  startup_stm32f407xx.o(.text)
    RCC_IRQHandler                           0x080001b7   Thumb Code     0  startup_stm32f407xx.o(.text)
    RTC_Alarm_IRQHandler                     0x080001b7   Thumb Code     0  startup_stm32f407xx.o(.text)
    RTC_WKUP_IRQHandler                      0x080001b7   Thumb Code     0  startup_stm32f407xx.o(.text)
    SDIO_IRQHandler                          0x080001b7   Thumb Code     0  startup_stm32f407xx.o(.text)
    SPI1_IRQHandler                          0x080001b7   Thumb Code     0  startup_stm32f407xx.o(.text)
    SPI2_IRQHandler                          0x080001b7   Thumb Code     0  startup_stm32f407xx.o(.text)
    SPI3_IRQHandler                          0x080001b7   Thumb Code     0  startup_stm32f407xx.o(.text)
    TAMP_STAMP_IRQHandler                    0x080001b7   Thumb Code     0  startup_stm32f407xx.o(.text)
    TIM1_BRK_TIM9_IRQHandler                 0x080001b7   Thumb Code     0  startup_stm32f407xx.o(.text)
    TIM1_CC_IRQHandler                       0x080001b7   Thumb Code     0  startup_stm32f407xx.o(.text)
    TIM1_TRG_COM_TIM11_IRQHandler            0x080001b7   Thumb Code     0  startup_stm32f407xx.o(.text)
    TIM3_IRQHandler                          0x080001b7   Thumb Code     0  startup_stm32f407xx.o(.text)
    TIM4_IRQHandler                          0x080001b7   Thumb Code     0  startup_stm32f407xx.o(.text)
    TIM5_IRQHandler                          0x080001b7   Thumb Code     0  startup_stm32f407xx.o(.text)
    TIM7_IRQHandler                          0x080001b7   Thumb Code     0  startup_stm32f407xx.o(.text)
    TIM8_BRK_TIM12_IRQHandler                0x080001b7   Thumb Code     0  startup_stm32f407xx.o(.text)
    TIM8_CC_IRQHandler                       0x080001b7   Thumb Code     0  startup_stm32f407xx.o(.text)
    TIM8_TRG_COM_TIM14_IRQHandler            0x080001b7   Thumb Code     0  startup_stm32f407xx.o(.text)
    TIM8_UP_TIM13_IRQHandler                 0x080001b7   Thumb Code     0  startup_stm32f407xx.o(.text)
    UART4_IRQHandler                         0x080001b7   Thumb Code     0  startup_stm32f407xx.o(.text)
    UART5_IRQHandler                         0x080001b7   Thumb Code     0  startup_stm32f407xx.o(.text)
    USART1_IRQHandler                        0x080001b7   Thumb Code     0  startup_stm32f407xx.o(.text)
    USART2_IRQHandler                        0x080001b7   Thumb Code     0  startup_stm32f407xx.o(.text)
    USART6_IRQHandler                        0x080001b7   Thumb Code     0  startup_stm32f407xx.o(.text)
    WWDG_IRQHandler                          0x080001b7   Thumb Code     0  startup_stm32f407xx.o(.text)
    __aeabi_uldivmod                         0x080001c1   Thumb Code    98  uldiv.o(.text)
    __aeabi_memcpy                           0x08000223   Thumb Code    36  memcpya.o(.text)
    __aeabi_memcpy4                          0x08000223   Thumb Code     0  memcpya.o(.text)
    __aeabi_memcpy8                          0x08000223   Thumb Code     0  memcpya.o(.text)
    __aeabi_memset                           0x08000247   Thumb Code    14  memseta.o(.text)
    __aeabi_memset4                          0x08000247   Thumb Code     0  memseta.o(.text)
    __aeabi_memset8                          0x08000247   Thumb Code     0  memseta.o(.text)
    __aeabi_memclr                           0x08000255   Thumb Code     4  memseta.o(.text)
    __aeabi_memclr4                          0x08000255   Thumb Code     0  memseta.o(.text)
    __aeabi_memclr8                          0x08000255   Thumb Code     0  memseta.o(.text)
    _memset$wrapper                          0x08000259   Thumb Code    18  memseta.o(.text)
    __aeabi_uidiv                            0x0800026b   Thumb Code     0  uidiv.o(.text)
    __aeabi_uidivmod                         0x0800026b   Thumb Code    44  uidiv.o(.text)
    __aeabi_llsl                             0x08000297   Thumb Code    30  llshl.o(.text)
    _ll_shift_l                              0x08000297   Thumb Code     0  llshl.o(.text)
    __aeabi_llsr                             0x080002b5   Thumb Code    32  llushr.o(.text)
    _ll_ushift_r                             0x080002b5   Thumb Code     0  llushr.o(.text)
    __scatterload                            0x080002d5   Thumb Code    28  init.o(.text)
    __scatterload_rt2                        0x080002d5   Thumb Code     0  init.o(.text)
    BusFault_Handler                         0x080002f9   Thumb Code     4  stm32f4xx_it.o(i.BusFault_Handler)
    DMA1_Stream1_IRQHandler                  0x080002fd   Thumb Code    10  stm32f4xx_it.o(i.DMA1_Stream1_IRQHandler)
    DMA1_Stream3_IRQHandler                  0x0800030d   Thumb Code    10  stm32f4xx_it.o(i.DMA1_Stream3_IRQHandler)
    DebugMon_Handler                         0x08000427   Thumb Code     2  stm32f4xx_it.o(i.DebugMon_Handler)
    Error_Handler                            0x08000429   Thumb Code     6  main.o(i.Error_Handler)
    HAL_DMA_Abort                            0x0800042f   Thumb Code   172  stm32f4xx_hal_dma.o(i.HAL_DMA_Abort)
    HAL_DMA_Abort_IT                         0x080004db   Thumb Code    40  stm32f4xx_hal_dma.o(i.HAL_DMA_Abort_IT)
    HAL_DMA_IRQHandler                       0x08000505   Thumb Code   570  stm32f4xx_hal_dma.o(i.HAL_DMA_IRQHandler)
    HAL_DMA_Init                             0x08000745   Thumb Code   232  stm32f4xx_hal_dma.o(i.HAL_DMA_Init)
    HAL_DMA_Start_IT                         0x08000831   Thumb Code   146  stm32f4xx_hal_dma.o(i.HAL_DMA_Start_IT)
    HAL_Delay                                0x080008c5   Thumb Code    36  stm32f4xx_hal.o(i.HAL_Delay)
    HAL_GPIO_Init                            0x080008ed   Thumb Code   454  stm32f4xx_hal_gpio.o(i.HAL_GPIO_Init)
    HAL_GetTick                              0x08000ae1   Thumb Code     6  stm32f4xx_hal.o(i.HAL_GetTick)
    HAL_IncTick                              0x08000aed   Thumb Code    16  stm32f4xx_hal.o(i.HAL_IncTick)
    HAL_Init                                 0x08000b05   Thumb Code    54  stm32f4xx_hal.o(i.HAL_Init)
    HAL_InitTick                             0x08000b41   Thumb Code    64  stm32f4xx_hal.o(i.HAL_InitTick)
    HAL_MspInit                              0x08000b8d   Thumb Code    68  stm32f4xx_hal_msp.o(i.HAL_MspInit)
    HAL_NVIC_EnableIRQ                       0x08000bd5   Thumb Code    40  stm32f4xx_hal_cortex.o(i.HAL_NVIC_EnableIRQ)
    HAL_NVIC_SetPriority                     0x08000bfd   Thumb Code   124  stm32f4xx_hal_cortex.o(i.HAL_NVIC_SetPriority)
    HAL_NVIC_SetPriorityGrouping             0x08000c79   Thumb Code    32  stm32f4xx_hal_cortex.o(i.HAL_NVIC_SetPriorityGrouping)
    HAL_RCC_ClockConfig                      0x08000ca1   Thumb Code   368  stm32f4xx_hal_rcc.o(i.HAL_RCC_ClockConfig)
    HAL_RCC_GetHCLKFreq                      0x08000e25   Thumb Code     6  stm32f4xx_hal_rcc.o(i.HAL_RCC_GetHCLKFreq)
    HAL_RCC_GetPCLK1Freq                     0x08000e31   Thumb Code    22  stm32f4xx_hal_rcc.o(i.HAL_RCC_GetPCLK1Freq)
    HAL_RCC_GetPCLK2Freq                     0x08000e51   Thumb Code    22  stm32f4xx_hal_rcc.o(i.HAL_RCC_GetPCLK2Freq)
    HAL_RCC_GetSysClockFreq                  0x08000e71   Thumb Code   162  stm32f4xx_hal_rcc.o(i.HAL_RCC_GetSysClockFreq)
    HAL_RCC_OscConfig                        0x08000f21   Thumb Code  1172  stm32f4xx_hal_rcc.o(i.HAL_RCC_OscConfig)
    HAL_SYSTICK_Config                       0x080013bd   Thumb Code    52  stm32f4xx_hal_cortex.o(i.HAL_SYSTICK_Config)
    HAL_TIMEx_BreakCallback                  0x080013f1   Thumb Code     2  stm32f4xx_hal_tim_ex.o(i.HAL_TIMEx_BreakCallback)
    HAL_TIMEx_CommutCallback                 0x080013f3   Thumb Code     2  stm32f4xx_hal_tim_ex.o(i.HAL_TIMEx_CommutCallback)
    HAL_TIMEx_ConfigBreakDeadTime            0x080013f5   Thumb Code   116  stm32f4xx_hal_tim_ex.o(i.HAL_TIMEx_ConfigBreakDeadTime)
    HAL_TIMEx_MasterConfigSynchronization    0x08001469   Thumb Code   150  stm32f4xx_hal_tim_ex.o(i.HAL_TIMEx_MasterConfigSynchronization)
    HAL_TIM_Base_Init                        0x0800151d   Thumb Code   102  stm32f4xx_hal_tim.o(i.HAL_TIM_Base_Init)
    HAL_TIM_Base_MspInit                     0x08001585   Thumb Code   232  tim.o(i.HAL_TIM_Base_MspInit)
    HAL_TIM_Base_Start_IT                    0x08001685   Thumb Code   138  stm32f4xx_hal_tim.o(i.HAL_TIM_Base_Start_IT)
    HAL_TIM_ConfigClockSource                0x0800172d   Thumb Code   268  stm32f4xx_hal_tim.o(i.HAL_TIM_ConfigClockSource)
    HAL_TIM_Encoder_Init                     0x08001839   Thumb Code   200  stm32f4xx_hal_tim.o(i.HAL_TIM_Encoder_Init)
    HAL_TIM_Encoder_MspInit                  0x08001901   Thumb Code   538  tim.o(i.HAL_TIM_Encoder_MspInit)
    HAL_TIM_Encoder_Start                    0x08001b39   Thumb Code   204  stm32f4xx_hal_tim.o(i.HAL_TIM_Encoder_Start)
    HAL_TIM_IC_CaptureCallback               0x08001c05   Thumb Code     2  stm32f4xx_hal_tim.o(i.HAL_TIM_IC_CaptureCallback)
    HAL_TIM_IRQHandler                       0x08001c07   Thumb Code   364  stm32f4xx_hal_tim.o(i.HAL_TIM_IRQHandler)
    HAL_TIM_MspPostInit                      0x08001d75   Thumb Code   292  tim.o(i.HAL_TIM_MspPostInit)
    HAL_TIM_OC_DelayElapsedCallback          0x08001ebd   Thumb Code     2  stm32f4xx_hal_tim.o(i.HAL_TIM_OC_DelayElapsedCallback)
    HAL_TIM_PWM_ConfigChannel                0x08001ebf   Thumb Code   260  stm32f4xx_hal_tim.o(i.HAL_TIM_PWM_ConfigChannel)
    HAL_TIM_PWM_Init                         0x08001fc3   Thumb Code   102  stm32f4xx_hal_tim.o(i.HAL_TIM_PWM_Init)
    HAL_TIM_PWM_MspInit                      0x08002029   Thumb Code     2  stm32f4xx_hal_tim.o(i.HAL_TIM_PWM_MspInit)
    HAL_TIM_PWM_PulseFinishedCallback        0x0800202b   Thumb Code     2  stm32f4xx_hal_tim.o(i.HAL_TIM_PWM_PulseFinishedCallback)
    HAL_TIM_PWM_Start                        0x0800202d   Thumb Code   238  stm32f4xx_hal_tim.o(i.HAL_TIM_PWM_Start)
    HAL_TIM_PeriodElapsedCallback            0x08002139   Thumb Code   252  tim_init.o(i.HAL_TIM_PeriodElapsedCallback)
    HAL_TIM_TriggerCallback                  0x08002271   Thumb Code     2  stm32f4xx_hal_tim.o(i.HAL_TIM_TriggerCallback)
    HAL_UARTEx_RxEventCallback               0x08002273   Thumb Code     2  stm32f4xx_hal_uart.o(i.HAL_UARTEx_RxEventCallback)
    HAL_UART_DMAStop                         0x08002275   Thumb Code   138  stm32f4xx_hal_uart.o(i.HAL_UART_DMAStop)
    HAL_UART_ErrorCallback                   0x080022ff   Thumb Code     2  stm32f4xx_hal_uart.o(i.HAL_UART_ErrorCallback)
    HAL_UART_IRQHandler                      0x08002301   Thumb Code   740  stm32f4xx_hal_uart.o(i.HAL_UART_IRQHandler)
    HAL_UART_Init                            0x080025e9   Thumb Code   118  stm32f4xx_hal_uart.o(i.HAL_UART_Init)
    HAL_UART_MspInit                         0x08002661   Thumb Code   260  usart.o(i.HAL_UART_MspInit)
    HAL_UART_Receive_DMA                     0x0800277d   Thumb Code    44  stm32f4xx_hal_uart.o(i.HAL_UART_Receive_DMA)
    HAL_UART_RxCpltCallback                  0x080027a9   Thumb Code     2  stm32f4xx_hal_uart.o(i.HAL_UART_RxCpltCallback)
    HAL_UART_RxHalfCpltCallback              0x080027ab   Thumb Code     2  stm32f4xx_hal_uart.o(i.HAL_UART_RxHalfCpltCallback)
    HAL_UART_Transmit                        0x080027ad   Thumb Code   190  stm32f4xx_hal_uart.o(i.HAL_UART_Transmit)
    HAL_UART_TxCpltCallback                  0x0800286b   Thumb Code     2  stm32f4xx_hal_uart.o(i.HAL_UART_TxCpltCallback)
    HardFault_Handler                        0x0800286d   Thumb Code     4  stm32f4xx_it.o(i.HardFault_Handler)
    MX_DMA_Init                              0x08002871   Thumb Code    68  dma.o(i.MX_DMA_Init)
    MX_GPIO_Init                             0x080028b9   Thumb Code   186  gpio.o(i.MX_GPIO_Init)
    MX_TIM12_Init                            0x08002979   Thumb Code   146  tim.o(i.MX_TIM12_Init)
    MX_TIM1_Init                             0x08002a15   Thumb Code   116  tim.o(i.MX_TIM1_Init)
    MX_TIM2_Init                             0x08002a91   Thumb Code   114  tim.o(i.MX_TIM2_Init)
    MX_TIM3_Init                             0x08002b09   Thumb Code   114  tim.o(i.MX_TIM3_Init)
    MX_TIM4_Init                             0x08002b85   Thumb Code   114  tim.o(i.MX_TIM4_Init)
    MX_TIM5_Init                             0x08002c01   Thumb Code   202  tim.o(i.MX_TIM5_Init)
    MX_TIM6_Init                             0x08002cd5   Thumb Code    66  tim.o(i.MX_TIM6_Init)
    MX_TIM8_Init                             0x08002d21   Thumb Code   254  tim.o(i.MX_TIM8_Init)
    MX_TIM9_Init                             0x08002e29   Thumb Code   146  tim.o(i.MX_TIM9_Init)
    MX_USART3_UART_Init                      0x08002ec5   Thumb Code    46  usart.o(i.MX_USART3_UART_Init)
    MemManage_Handler                        0x08002efd   Thumb Code     4  stm32f4xx_it.o(i.MemManage_Handler)
    NMI_Handler                              0x08002f01   Thumb Code     4  stm32f4xx_it.o(i.NMI_Handler)
    PID_calc                                 0x08002f05   Thumb Code   460  pid.o(i.PID_calc)
    PID_struct_init                          0x080030d5   Thumb Code   114  pid.o(i.PID_struct_init)
    PendSV_Handler                           0x08003151   Thumb Code     2  stm32f4xx_it.o(i.PendSV_Handler)
    SVC_Handler                              0x08003153   Thumb Code     2  stm32f4xx_it.o(i.SVC_Handler)
    SysTick_Handler                          0x08003155   Thumb Code     8  stm32f4xx_it.o(i.SysTick_Handler)
    SystemClock_Config                       0x0800315d   Thumb Code   170  main.o(i.SystemClock_Config)
    SystemInit                               0x08003211   Thumb Code    14  system_stm32f4xx.o(i.SystemInit)
    TIM1_UP_TIM10_IRQHandler                 0x08003225   Thumb Code    10  stm32f4xx_it.o(i.TIM1_UP_TIM10_IRQHandler)
    TIM2_IRQHandler                          0x08003235   Thumb Code    10  stm32f4xx_it.o(i.TIM2_IRQHandler)
    TIM6_DAC_IRQHandler                      0x08003245   Thumb Code    10  stm32f4xx_it.o(i.TIM6_DAC_IRQHandler)
    TIM_Base_SetConfig                       0x08003255   Thumb Code   186  stm32f4xx_hal_tim.o(i.TIM_Base_SetConfig)
    TIM_CCxChannelCmd                        0x0800333d   Thumb Code    34  stm32f4xx_hal_tim.o(i.TIM_CCxChannelCmd)
    TIM_ETR_SetConfig                        0x0800335f   Thumb Code    22  stm32f4xx_hal_tim.o(i.TIM_ETR_SetConfig)
    TIM_OC2_SetConfig                        0x080033f9   Thumb Code   114  stm32f4xx_hal_tim.o(i.TIM_OC2_SetConfig)
    UART_Start_Receive_DMA                   0x08003aa5   Thumb Code   186  stm32f4xx_hal_uart.o(i.UART_Start_Receive_DMA)
    USART3_IRQHandler                        0x08003c59   Thumb Code   126  stm32f4xx_it.o(i.USART3_IRQHandler)
    UsageFault_Handler                       0x08003ced   Thumb Code     4  stm32f4xx_it.o(i.UsageFault_Handler)
    Usart_SendString                         0x08003cf1   Thumb Code    32  uart_init.o(i.Usart_SendString)
    __0printf$6                              0x08003d15   Thumb Code    22  printf6.o(i.__0printf$6)
    __1printf$6                              0x08003d15   Thumb Code     0  printf6.o(i.__0printf$6)
    __2printf                                0x08003d15   Thumb Code     0  printf6.o(i.__0printf$6)
    __scatterload_copy                       0x08003d6d   Thumb Code    14  handlers.o(i.__scatterload_copy)
    __scatterload_null                       0x08003d7b   Thumb Code     2  handlers.o(i.__scatterload_null)
    __scatterload_zeroinit                   0x08003d7d   Thumb Code    14  handlers.o(i.__scatterload_zeroinit)
    abs_limit                                0x080040cf   Thumb Code    46  pid.o(i.abs_limit)
    big_set_postion                          0x080040fd   Thumb Code   184  motor_control.o(i.big_set_postion)
    fputc                                    0x080041f1   Thumb Code    22  uart_init.o(i.fputc)
    handle_receidved_data_1                  0x0800420d   Thumb Code    70  uart_init.o(i.handle_receidved_data_1)
    jian_set_postion                         0x0800425d   Thumb Code   192  motor_control.o(i.jian_set_postion)
    main                                     0x08004355   Thumb Code    76  main.o(i.main)
    motor_big_fun                            0x080043a5   Thumb Code    56  motor_control.o(i.motor_big_fun)
    motor_cetui_set_postion                  0x080043e5   Thumb Code   148  motor_control.o(i.motor_cetui_set_postion)
    motor_jian_fun                           0x08004481   Thumb Code    56  motor_control.o(i.motor_jian_fun)
    motor_small_fun                          0x080044c1   Thumb Code    56  motor_control.o(i.motor_small_fun)
    motor_wan_fun                            0x08004501   Thumb Code    56  motor_control.o(i.motor_wan_fun)
    pid_param_init                           0x08004541   Thumb Code    36  pid.o(i.pid_param_init)
    pid_reset                                0x08004565   Thumb Code    14  pid.o(i.pid_reset)
    process_data                             0x08004575   Thumb Code   192  uart_init.o(i.process_data)
    protocol_init                            0x08004675   Thumb Code    20  protocol.o(i.protocol_init)
    small_set_postion                        0x08004691   Thumb Code   188  motor_control.o(i.small_set_postion)
    system_init                              0x08004789   Thumb Code   226  app.o(i.system_init)
    tim_basic_enable                         0x080048ad   Thumb Code    10  tim_init.o(i.tim_basic_enable)
    tim_econder_enable                       0x080048bd   Thumb Code   152  tim_init.o(i.tim_econder_enable)
    tim_pwm_enable                           0x08004965   Thumb Code    84  tim_init.o(i.tim_pwm_enable)
    uart_enable                              0x080049c9   Thumb Code    30  uart_init.o(i.uart_enable)
    validate_data                            0x080049f1   Thumb Code    38  uart_init.o(i.validate_data)
    wan_set_postion                          0x08004a19   Thumb Code   192  motor_control.o(i.wan_set_postion)
    zhua_set_postion                         0x08004b11   Thumb Code   108  motor_control.o(i.zhua_set_postion)
    AHBPrescTable                            0x08004b8c   Data          16  system_stm32f4xx.o(.constdata)
    APBPrescTable                            0x08004b9c   Data           8  system_stm32f4xx.o(.constdata)
    Region$$Table$$Base                      0x08004ba4   Number         0  anon$$obj.o(Region$$Table)
    Region$$Table$$Limit                     0x08004bc4   Number         0  anon$$obj.o(Region$$Table)
    g_motorEnable                            0x20000000   Data           1  motor_control.o(.data)
    g_jianEncoderOverflowCount               0x20000060   Data           2  tim_init.o(.data)
    g_bigEncoderOverflowCount                0x20000062   Data           2  tim_init.o(.data)
    g_smallEncoderOverflowCount              0x20000064   Data           2  tim_init.o(.data)
    g_wanEncoderOverflowCount                0x20000066   Data           2  tim_init.o(.data)
    rx_len                                   0x20000068   Data           2  uart_init.o(.data)
    framaHeader                              0x2000006a   Data           2  uart_init.o(.data)
    framaTail                                0x2000006c   Data           1  uart_init.o(.data)
    g_jianPosition                           0x2000006e   Data           2  uart_init.o(.data)
    g_bigPosition                            0x20000070   Data           2  uart_init.o(.data)
    g_smallPosition                          0x20000072   Data           2  uart_init.o(.data)
    g_wanPosition                            0x20000074   Data           2  uart_init.o(.data)
    g_zhua                                   0x20000076   Data           1  uart_init.o(.data)
    Ce_Speed                                 0x20000078   Data           2  uart_init.o(.data)
    uwTick                                   0x2000007c   Data           4  stm32f4xx_hal.o(.data)
    uwTickPrio                               0x20000080   Data           4  stm32f4xx_hal.o(.data)
    uwTickFreq                               0x20000084   Data           1  stm32f4xx_hal.o(.data)
    SystemCoreClock                          0x20000088   Data           4  system_stm32f4xx.o(.data)
    __stdout                                 0x2000008c   Data           4  stdout.o(.data)
    Pid_Jian                                 0x20000090   Data         112  pid.o(.bss)
    Pid_Big                                  0x20000100   Data         112  pid.o(.bss)
    Pid_Small                                0x20000170   Data         112  pid.o(.bss)
    Pid_Wan                                  0x200001e0   Data         112  pid.o(.bss)
    Pid_Ce                                   0x20000250   Data         112  pid.o(.bss)
    recBuffer                                0x20000358   Data          48  uart_init.o(.bss)
    recData                                  0x20000388   Data          48  uart_init.o(.bss)
    recPosition                              0x200003b8   Data          16  uart_init.o(.bss)
    htim1                                    0x200003c8   Data          72  tim.o(.bss)
    htim2                                    0x20000410   Data          72  tim.o(.bss)
    htim3                                    0x20000458   Data          72  tim.o(.bss)
    htim4                                    0x200004a0   Data          72  tim.o(.bss)
    htim5                                    0x200004e8   Data          72  tim.o(.bss)
    htim6                                    0x20000530   Data          72  tim.o(.bss)
    htim8                                    0x20000578   Data          72  tim.o(.bss)
    htim9                                    0x200005c0   Data          72  tim.o(.bss)
    htim12                                   0x20000608   Data          72  tim.o(.bss)
    huart3                                   0x20000650   Data          72  usart.o(.bss)
    hdma_usart3_rx                           0x20000698   Data          96  usart.o(.bss)
    hdma_usart3_tx                           0x200006f8   Data          96  usart.o(.bss)
    __initial_sp                             0x20000b58   Data           0  startup_stm32f407xx.o(STACK)



==============================================================================

Memory Map of the image

  Image Entry point : 0x08000189

  Load Region LR_IROM1 (Base: 0x08000000, Size: 0x00004c54, Max: 0x00100000, ABSOLUTE)

    Execution Region ER_IROM1 (Base: 0x08000000, Size: 0x00004bc4, Max: 0x00100000, ABSOLUTE)

    Base Addr    Size         Type   Attr      Idx    E Section Name        Object

    0x08000000   0x00000188   Data   RO            3    RESET               startup_stm32f407xx.o
    0x08000188   0x00000000   Code   RO         3533  * .ARM.Collect$$$$00000000  mc_w.l(entry.o)
    0x08000188   0x00000004   Code   RO         3805    .ARM.Collect$$$$00000001  mc_w.l(entry2.o)
    0x0800018c   0x00000004   Code   RO         3808    .ARM.Collect$$$$00000004  mc_w.l(entry5.o)
    0x08000190   0x00000000   Code   RO         3810    .ARM.Collect$$$$00000008  mc_w.l(entry7b.o)
    0x08000190   0x00000000   Code   RO         3812    .ARM.Collect$$$$0000000A  mc_w.l(entry8b.o)
    0x08000190   0x00000008   Code   RO         3813    .ARM.Collect$$$$0000000B  mc_w.l(entry9a.o)
    0x08000198   0x00000000   Code   RO         3815    .ARM.Collect$$$$0000000D  mc_w.l(entry10a.o)
    0x08000198   0x00000000   Code   RO         3817    .ARM.Collect$$$$0000000F  mc_w.l(entry11a.o)
    0x08000198   0x00000004   Code   RO         3806    .ARM.Collect$$$$00002712  mc_w.l(entry2.o)
    0x0800019c   0x00000024   Code   RO            4    .text               startup_stm32f407xx.o
    0x080001c0   0x00000062   Code   RO         3536    .text               mc_w.l(uldiv.o)
    0x08000222   0x00000024   Code   RO         3538    .text               mc_w.l(memcpya.o)
    0x08000246   0x00000024   Code   RO         3540    .text               mc_w.l(memseta.o)
    0x0800026a   0x0000002c   Code   RO         3820    .text               mc_w.l(uidiv.o)
    0x08000296   0x0000001e   Code   RO         3822    .text               mc_w.l(llshl.o)
    0x080002b4   0x00000020   Code   RO         3824    .text               mc_w.l(llushr.o)
    0x080002d4   0x00000024   Code   RO         3837    .text               mc_w.l(init.o)
    0x080002f8   0x00000004   Code   RO          818    i.BusFault_Handler  stm32f4xx_it.o
    0x080002fc   0x00000010   Code   RO          819    i.DMA1_Stream1_IRQHandler  stm32f4xx_it.o
    0x0800030c   0x00000010   Code   RO          820    i.DMA1_Stream3_IRQHandler  stm32f4xx_it.o
    0x0800031c   0x00000034   Code   RO         2442    i.DMA_CalcBaseAndBitshift  stm32f4xx_hal_dma.o
    0x08000350   0x000000aa   Code   RO         2443    i.DMA_CheckFifoParam  stm32f4xx_hal_dma.o
    0x080003fa   0x0000002c   Code   RO         2444    i.DMA_SetConfig     stm32f4xx_hal_dma.o
    0x08000426   0x00000002   Code   RO          821    i.DebugMon_Handler  stm32f4xx_it.o
    0x08000428   0x00000006   Code   RO          568    i.Error_Handler     main.o
    0x0800042e   0x000000ac   Code   RO         2445    i.HAL_DMA_Abort     stm32f4xx_hal_dma.o
    0x080004da   0x00000028   Code   RO         2446    i.HAL_DMA_Abort_IT  stm32f4xx_hal_dma.o
    0x08000502   0x00000002   PAD
    0x08000504   0x00000240   Code   RO         2450    i.HAL_DMA_IRQHandler  stm32f4xx_hal_dma.o
    0x08000744   0x000000ec   Code   RO         2451    i.HAL_DMA_Init      stm32f4xx_hal_dma.o
    0x08000830   0x00000092   Code   RO         2455    i.HAL_DMA_Start_IT  stm32f4xx_hal_dma.o
    0x080008c2   0x00000002   PAD
    0x080008c4   0x00000028   Code   RO         2875    i.HAL_Delay         stm32f4xx_hal.o
    0x080008ec   0x000001f4   Code   RO         2338    i.HAL_GPIO_Init     stm32f4xx_hal_gpio.o
    0x08000ae0   0x0000000c   Code   RO         2881    i.HAL_GetTick       stm32f4xx_hal.o
    0x08000aec   0x00000018   Code   RO         2887    i.HAL_IncTick       stm32f4xx_hal.o
    0x08000b04   0x0000003c   Code   RO         2888    i.HAL_Init          stm32f4xx_hal.o
    0x08000b40   0x0000004c   Code   RO         2889    i.HAL_InitTick      stm32f4xx_hal.o
    0x08000b8c   0x00000048   Code   RO          930    i.HAL_MspInit       stm32f4xx_hal_msp.o
    0x08000bd4   0x00000028   Code   RO         2728    i.HAL_NVIC_EnableIRQ  stm32f4xx_hal_cortex.o
    0x08000bfc   0x0000007c   Code   RO         2734    i.HAL_NVIC_SetPriority  stm32f4xx_hal_cortex.o
    0x08000c78   0x00000028   Code   RO         2735    i.HAL_NVIC_SetPriorityGrouping  stm32f4xx_hal_cortex.o
    0x08000ca0   0x00000184   Code   RO         1939    i.HAL_RCC_ClockConfig  stm32f4xx_hal_rcc.o
    0x08000e24   0x0000000c   Code   RO         1944    i.HAL_RCC_GetHCLKFreq  stm32f4xx_hal_rcc.o
    0x08000e30   0x00000020   Code   RO         1946    i.HAL_RCC_GetPCLK1Freq  stm32f4xx_hal_rcc.o
    0x08000e50   0x00000020   Code   RO         1947    i.HAL_RCC_GetPCLK2Freq  stm32f4xx_hal_rcc.o
    0x08000e70   0x000000b0   Code   RO         1948    i.HAL_RCC_GetSysClockFreq  stm32f4xx_hal_rcc.o
    0x08000f20   0x0000049c   Code   RO         1951    i.HAL_RCC_OscConfig  stm32f4xx_hal_rcc.o
    0x080013bc   0x00000034   Code   RO         2739    i.HAL_SYSTICK_Config  stm32f4xx_hal_cortex.o
    0x080013f0   0x00000002   Code   RO         1671    i.HAL_TIMEx_BreakCallback  stm32f4xx_hal_tim_ex.o
    0x080013f2   0x00000002   Code   RO         1672    i.HAL_TIMEx_CommutCallback  stm32f4xx_hal_tim_ex.o
    0x080013f4   0x00000074   Code   RO         1674    i.HAL_TIMEx_ConfigBreakDeadTime  stm32f4xx_hal_tim_ex.o
    0x08001468   0x000000b4   Code   RO         1690    i.HAL_TIMEx_MasterConfigSynchronization  stm32f4xx_hal_tim_ex.o
    0x0800151c   0x00000066   Code   RO          956    i.HAL_TIM_Base_Init  stm32f4xx_hal_tim.o
    0x08001582   0x00000002   PAD
    0x08001584   0x00000100   Code   RO          669    i.HAL_TIM_Base_MspInit  tim.o
    0x08001684   0x000000a8   Code   RO          961    i.HAL_TIM_Base_Start_IT  stm32f4xx_hal_tim.o
    0x0800172c   0x0000010c   Code   RO          965    i.HAL_TIM_ConfigClockSource  stm32f4xx_hal_tim.o
    0x08001838   0x000000c8   Code   RO          977    i.HAL_TIM_Encoder_Init  stm32f4xx_hal_tim.o
    0x08001900   0x00000238   Code   RO          671    i.HAL_TIM_Encoder_MspInit  tim.o
    0x08001b38   0x000000cc   Code   RO          980    i.HAL_TIM_Encoder_Start  stm32f4xx_hal_tim.o
    0x08001c04   0x00000002   Code   RO          990    i.HAL_TIM_IC_CaptureCallback  stm32f4xx_hal_tim.o
    0x08001c06   0x0000016c   Code   RO         1004    i.HAL_TIM_IRQHandler  stm32f4xx_hal_tim.o
    0x08001d72   0x00000002   PAD
    0x08001d74   0x00000148   Code   RO          672    i.HAL_TIM_MspPostInit  tim.o
    0x08001ebc   0x00000002   Code   RO         1007    i.HAL_TIM_OC_DelayElapsedCallback  stm32f4xx_hal_tim.o
    0x08001ebe   0x00000104   Code   RO         1028    i.HAL_TIM_PWM_ConfigChannel  stm32f4xx_hal_tim.o
    0x08001fc2   0x00000066   Code   RO         1031    i.HAL_TIM_PWM_Init  stm32f4xx_hal_tim.o
    0x08002028   0x00000002   Code   RO         1033    i.HAL_TIM_PWM_MspInit  stm32f4xx_hal_tim.o
    0x0800202a   0x00000002   Code   RO         1034    i.HAL_TIM_PWM_PulseFinishedCallback  stm32f4xx_hal_tim.o
    0x0800202c   0x0000010c   Code   RO         1036    i.HAL_TIM_PWM_Start  stm32f4xx_hal_tim.o
    0x08002138   0x00000138   Code   RO          441    i.HAL_TIM_PeriodElapsedCallback  tim_init.o
    0x08002270   0x00000002   Code   RO         1047    i.HAL_TIM_TriggerCallback  stm32f4xx_hal_tim.o
    0x08002272   0x00000002   Code   RO         3138    i.HAL_UARTEx_RxEventCallback  stm32f4xx_hal_uart.o
    0x08002274   0x0000008a   Code   RO         3150    i.HAL_UART_DMAStop  stm32f4xx_hal_uart.o
    0x080022fe   0x00000002   Code   RO         3152    i.HAL_UART_ErrorCallback  stm32f4xx_hal_uart.o
    0x08002300   0x000002e8   Code   RO         3155    i.HAL_UART_IRQHandler  stm32f4xx_hal_uart.o
    0x080025e8   0x00000076   Code   RO         3156    i.HAL_UART_Init     stm32f4xx_hal_uart.o
    0x0800265e   0x00000002   PAD
    0x08002660   0x0000011c   Code   RO          777    i.HAL_UART_MspInit  usart.o
    0x0800277c   0x0000002c   Code   RO         3160    i.HAL_UART_Receive_DMA  stm32f4xx_hal_uart.o
    0x080027a8   0x00000002   Code   RO         3162    i.HAL_UART_RxCpltCallback  stm32f4xx_hal_uart.o
    0x080027aa   0x00000002   Code   RO         3163    i.HAL_UART_RxHalfCpltCallback  stm32f4xx_hal_uart.o
    0x080027ac   0x000000be   Code   RO         3164    i.HAL_UART_Transmit  stm32f4xx_hal_uart.o
    0x0800286a   0x00000002   Code   RO         3167    i.HAL_UART_TxCpltCallback  stm32f4xx_hal_uart.o
    0x0800286c   0x00000004   Code   RO          822    i.HardFault_Handler  stm32f4xx_it.o
    0x08002870   0x00000048   Code   RO          644    i.MX_DMA_Init       dma.o
    0x080028b8   0x000000c0   Code   RO          620    i.MX_GPIO_Init      gpio.o
    0x08002978   0x0000009c   Code   RO          673    i.MX_TIM12_Init     tim.o
    0x08002a14   0x0000007c   Code   RO          674    i.MX_TIM1_Init      tim.o
    0x08002a90   0x00000078   Code   RO          675    i.MX_TIM2_Init      tim.o
    0x08002b08   0x0000007c   Code   RO          676    i.MX_TIM3_Init      tim.o
    0x08002b84   0x0000007c   Code   RO          677    i.MX_TIM4_Init      tim.o
    0x08002c00   0x000000d4   Code   RO          678    i.MX_TIM5_Init      tim.o
    0x08002cd4   0x0000004c   Code   RO          679    i.MX_TIM6_Init      tim.o
    0x08002d20   0x00000108   Code   RO          680    i.MX_TIM8_Init      tim.o
    0x08002e28   0x0000009c   Code   RO          681    i.MX_TIM9_Init      tim.o
    0x08002ec4   0x00000038   Code   RO          778    i.MX_USART3_UART_Init  usart.o
    0x08002efc   0x00000004   Code   RO          823    i.MemManage_Handler  stm32f4xx_it.o
    0x08002f00   0x00000004   Code   RO          824    i.NMI_Handler       stm32f4xx_it.o
    0x08002f04   0x000001d0   Code   RO          179    i.PID_calc          pid.o
    0x080030d4   0x0000007c   Code   RO          180    i.PID_struct_init   pid.o
    0x08003150   0x00000002   Code   RO          825    i.PendSV_Handler    stm32f4xx_it.o
    0x08003152   0x00000002   Code   RO          826    i.SVC_Handler       stm32f4xx_it.o
    0x08003154   0x00000008   Code   RO          827    i.SysTick_Handler   stm32f4xx_it.o
    0x0800315c   0x000000b4   Code   RO          569    i.SystemClock_Config  main.o
    0x08003210   0x00000014   Code   RO         3500    i.SystemInit        system_stm32f4xx.o
    0x08003224   0x00000010   Code   RO          828    i.TIM1_UP_TIM10_IRQHandler  stm32f4xx_it.o
    0x08003234   0x00000010   Code   RO          829    i.TIM2_IRQHandler   stm32f4xx_it.o
    0x08003244   0x00000010   Code   RO          830    i.TIM6_DAC_IRQHandler  stm32f4xx_it.o
    0x08003254   0x000000e8   Code   RO         1049    i.TIM_Base_SetConfig  stm32f4xx_hal_tim.o
    0x0800333c   0x00000022   Code   RO         1050    i.TIM_CCxChannelCmd  stm32f4xx_hal_tim.o
    0x0800335e   0x00000016   Code   RO         1060    i.TIM_ETR_SetConfig  stm32f4xx_hal_tim.o
    0x08003374   0x00000012   Code   RO         1061    i.TIM_ITRx_SetConfig  stm32f4xx_hal_tim.o
    0x08003386   0x00000002   PAD
    0x08003388   0x00000070   Code   RO         1062    i.TIM_OC1_SetConfig  stm32f4xx_hal_tim.o
    0x080033f8   0x0000007c   Code   RO         1063    i.TIM_OC2_SetConfig  stm32f4xx_hal_tim.o
    0x08003474   0x00000078   Code   RO         1064    i.TIM_OC3_SetConfig  stm32f4xx_hal_tim.o
    0x080034ec   0x00000054   Code   RO         1065    i.TIM_OC4_SetConfig  stm32f4xx_hal_tim.o
    0x08003540   0x00000026   Code   RO         1067    i.TIM_TI1_ConfigInputStage  stm32f4xx_hal_tim.o
    0x08003566   0x00000028   Code   RO         1069    i.TIM_TI2_ConfigInputStage  stm32f4xx_hal_tim.o
    0x0800358e   0x00000014   Code   RO         3169    i.UART_DMAAbortOnError  stm32f4xx_hal_uart.o
    0x080035a2   0x00000050   Code   RO         3170    i.UART_DMAError     stm32f4xx_hal_uart.o
    0x080035f2   0x000000b4   Code   RO         3171    i.UART_DMAReceiveCplt  stm32f4xx_hal_uart.o
    0x080036a6   0x00000024   Code   RO         3173    i.UART_DMARxHalfCplt  stm32f4xx_hal_uart.o
    0x080036ca   0x0000006c   Code   RO         3179    i.UART_EndRxTransfer  stm32f4xx_hal_uart.o
    0x08003736   0x00000020   Code   RO         3180    i.UART_EndTransmit_IT  stm32f4xx_hal_uart.o
    0x08003756   0x00000026   Code   RO         3181    i.UART_EndTxTransfer  stm32f4xx_hal_uart.o
    0x0800377c   0x000000fc   Code   RO         3182    i.UART_Receive_IT   stm32f4xx_hal_uart.o
    0x08003878   0x0000022c   Code   RO         3183    i.UART_SetConfig    stm32f4xx_hal_uart.o
    0x08003aa4   0x000000c8   Code   RO         3184    i.UART_Start_Receive_DMA  stm32f4xx_hal_uart.o
    0x08003b6c   0x00000060   Code   RO         3186    i.UART_Transmit_IT  stm32f4xx_hal_uart.o
    0x08003bcc   0x0000008c   Code   RO         3187    i.UART_WaitOnFlagUntilTimeout  stm32f4xx_hal_uart.o
    0x08003c58   0x00000094   Code   RO          831    i.USART3_IRQHandler  stm32f4xx_it.o
    0x08003cec   0x00000004   Code   RO          832    i.UsageFault_Handler  stm32f4xx_it.o
    0x08003cf0   0x00000024   Code   RO          496    i.Usart_SendString  uart_init.o
    0x08003d14   0x00000020   Code   RO         3699    i.__0printf$6       mc_w.l(printf6.o)
    0x08003d34   0x00000010   Code   RO         2741    i.__NVIC_GetPriorityGrouping  stm32f4xx_hal_cortex.o
    0x08003d44   0x00000028   Code   RO         2742    i.__NVIC_SetPriority  stm32f4xx_hal_cortex.o
    0x08003d6c   0x0000000e   Code   RO         3845    i.__scatterload_copy  mc_w.l(handlers.o)
    0x08003d7a   0x00000002   Code   RO         3846    i.__scatterload_null  mc_w.l(handlers.o)
    0x08003d7c   0x0000000e   Code   RO         3847    i.__scatterload_zeroinit  mc_w.l(handlers.o)
    0x08003d8a   0x00000002   PAD
    0x08003d8c   0x000002f0   Code   RO         3706    i._printf_core      mc_w.l(printf6.o)
    0x0800407c   0x00000024   Code   RO         3707    i._printf_post_padding  mc_w.l(printf6.o)
    0x080040a0   0x0000002e   Code   RO         3708    i._printf_pre_padding  mc_w.l(printf6.o)
    0x080040ce   0x0000002e   Code   RO          181    i.abs_limit         pid.o
    0x080040fc   0x000000f4   Code   RO          332    i.big_set_postion   motor_control.o
    0x080041f0   0x0000001c   Code   RO          497    i.fputc             uart_init.o
    0x0800420c   0x00000050   Code   RO          499    i.handle_receidved_data_1  uart_init.o
    0x0800425c   0x000000f8   Code   RO          336    i.jian_set_postion  motor_control.o
    0x08004354   0x00000050   Code   RO          570    i.main              main.o
    0x080043a4   0x00000040   Code   RO          337    i.motor_big_fun     motor_control.o
    0x080043e4   0x0000009c   Code   RO          338    i.motor_cetui_set_postion  motor_control.o
    0x08004480   0x00000040   Code   RO          339    i.motor_jian_fun    motor_control.o
    0x080044c0   0x00000040   Code   RO          340    i.motor_small_fun   motor_control.o
    0x08004500   0x00000040   Code   RO          341    i.motor_wan_fun     motor_control.o
    0x08004540   0x00000024   Code   RO          183    i.pid_param_init    pid.o
    0x08004564   0x0000000e   Code   RO          184    i.pid_reset         pid.o
    0x08004572   0x00000002   PAD
    0x08004574   0x00000100   Code   RO          500    i.process_data      uart_init.o
    0x08004674   0x0000001c   Code   RO          253    i.protocol_init     protocol.o
    0x08004690   0x000000f8   Code   RO          343    i.small_set_postion  motor_control.o
    0x08004788   0x00000124   Code   RO           13    i.system_init       app.o
    0x080048ac   0x00000010   Code   RO          442    i.tim_basic_enable  tim_init.o
    0x080048bc   0x000000a8   Code   RO          443    i.tim_econder_enable  tim_init.o
    0x08004964   0x00000064   Code   RO          445    i.tim_pwm_enable    tim_init.o
    0x080049c8   0x00000028   Code   RO          501    i.uart_enable       uart_init.o
    0x080049f0   0x00000026   Code   RO          502    i.validate_data     uart_init.o
    0x08004a16   0x00000002   PAD
    0x08004a18   0x000000f8   Code   RO          344    i.wan_set_postion   motor_control.o
    0x08004b10   0x00000074   Code   RO          345    i.zhua_set_postion  motor_control.o
    0x08004b84   0x00000008   Data   RO         2457    .constdata          stm32f4xx_hal_dma.o
    0x08004b8c   0x00000018   Data   RO         3501    .constdata          system_stm32f4xx.o
    0x08004ba4   0x00000020   Data   RO         3843    Region$$Table       anon$$obj.o


    Execution Region RW_IRAM1 (Base: 0x20000000, Size: 0x00000b58, Max: 0x0001c000, ABSOLUTE)

    Base Addr    Size         Type   Attr      Idx    E Section Name        Object

    0x20000000   0x00000060   Data   RW          347    .data               motor_control.o
    0x20000060   0x00000008   Data   RW          446    .data               tim_init.o
    0x20000068   0x00000012   Data   RW          504    .data               uart_init.o
    0x2000007a   0x00000002   PAD
    0x2000007c   0x00000009   Data   RW         2895    .data               stm32f4xx_hal.o
    0x20000085   0x00000003   PAD
    0x20000088   0x00000004   Data   RW         3502    .data               system_stm32f4xx.o
    0x2000008c   0x00000004   Data   RW         3819    .data               mc_w.l(stdout.o)
    0x20000090   0x00000230   Zero   RW          185    .bss                pid.o
    0x200002c0   0x00000096   Zero   RW          259    .bss                protocol.o
    0x20000356   0x00000002   PAD
    0x20000358   0x00000070   Zero   RW          503    .bss                uart_init.o
    0x200003c8   0x00000288   Zero   RW          682    .bss                tim.o
    0x20000650   0x00000108   Zero   RW          779    .bss                usart.o
    0x20000758   0x00000400   Zero   RW            1    STACK               startup_stm32f407xx.o


    Execution Region RW_IRAM2 (Base: 0x2001c000, Size: 0x00000000, Max: 0x00004000, ABSOLUTE)

    **** No section assigned to this execution region ****


==============================================================================

Image component sizes


      Code (inc. data)   RO Data    RW Data    ZI Data      Debug   Object Name

       292         66          0          0          0     693830   app.o
        72          4          0          0          0        806   dma.o
       192          6          0          0          0       1003   gpio.o
       266         14          0          0          0       2120   main.o
      1516        280          0         96          0       7271   motor_control.o
       684         14          0          0        560       5606   pid.o
        28          8          0          0        150       1809   protocol.o
        36          8        392          0       1024        852   startup_stm32f407xx.o
       212         36          0          9          0       9533   stm32f4xx_hal.o
       312         22          0          0          0      34463   stm32f4xx_hal_cortex.o
      1436         16          8          0          0       7174   stm32f4xx_hal_dma.o
       500         46          0          0          0       1484   stm32f4xx_hal_gpio.o
        72          4          0          0          0        890   stm32f4xx_hal_msp.o
      1820         84          0          0          0       5740   stm32f4xx_hal_rcc.o
      2770        142          0          0          0      19035   stm32f4xx_hal_tim.o
       300         30          0          0          0       3433   stm32f4xx_hal_tim_ex.o
      2982         28          0          0          0      17857   stm32f4xx_hal_uart.o
       262         52          0          0          0       7970   stm32f4xx_it.o
        20          6         24          4          0       1175   system_stm32f4xx.o
      2508        174          0          0        648       9644   tim.o
       596         98          0          8          0       3086   tim_init.o
       478         94          0         18        112       4722   uart_init.o
       340         34          0          0        264       1952   usart.o

    ----------------------------------------------------------------------
     17710       1266        456        140       2760     841455   Object Totals
         0          0         32          0          0          0   (incl. Generated)
        16          0          0          5          2          0   (incl. Padding)

    ----------------------------------------------------------------------

      Code (inc. data)   RO Data    RW Data    ZI Data      Debug   Library Member Name

         0          0          0          0          0          0   entry.o
         0          0          0          0          0          0   entry10a.o
         0          0          0          0          0          0   entry11a.o
         8          4          0          0          0          0   entry2.o
         4          0          0          0          0          0   entry5.o
         0          0          0          0          0          0   entry7b.o
         0          0          0          0          0          0   entry8b.o
         8          4          0          0          0          0   entry9a.o
        30          0          0          0          0          0   handlers.o
        36          8          0          0          0         68   init.o
        30          0          0          0          0         68   llshl.o
        32          0          0          0          0         68   llushr.o
        36          0          0          0          0         68   memcpya.o
        36          0          0          0          0        108   memseta.o
       866         14          0          0          0        352   printf6.o
         0          0          0          4          0          0   stdout.o
        44          0          0          0          0         80   uidiv.o
        98          0          0          0          0         92   uldiv.o

    ----------------------------------------------------------------------
      1230         30          0          4          0        904   Library Totals
         2          0          0          0          0          0   (incl. Padding)

    ----------------------------------------------------------------------

      Code (inc. data)   RO Data    RW Data    ZI Data      Debug   Library Name

      1228         30          0          4          0        904   mc_w.l

    ----------------------------------------------------------------------
      1230         30          0          4          0        904   Library Totals

    ----------------------------------------------------------------------

==============================================================================


      Code (inc. data)   RO Data    RW Data    ZI Data      Debug   

     18940       1296        456        144       2760     829247   Grand Totals
     18940       1296        456        144       2760     829247   ELF Image Totals
     18940       1296        456        144          0          0   ROM Totals

==============================================================================

    Total RO  Size (Code + RO Data)                19396 (  18.94kB)
    Total RW  Size (RW Data + ZI Data)              2904 (   2.84kB)
    Total ROM Size (Code + RO Data + RW Data)      19540 (  19.08kB)

==============================================================================

