Component: ARM Compiler 5.06 update 1 (build 61) Tool: armlink [4d35a8]

==============================================================================

Section Cross References

    startup_stm32f407xx.o(RESET) refers to startup_stm32f407xx.o(STACK) for __initial_sp
    startup_stm32f407xx.o(RESET) refers to startup_stm32f407xx.o(.text) for Reset_Handler
    startup_stm32f407xx.o(RESET) refers to stm32f4xx_it.o(i.NMI_Handler) for NMI_Handler
    startup_stm32f407xx.o(RESET) refers to stm32f4xx_it.o(i.HardFault_Handler) for HardFault_Handler
    startup_stm32f407xx.o(RESET) refers to stm32f4xx_it.o(i.MemManage_Handler) for MemManage_Handler
    startup_stm32f407xx.o(RESET) refers to stm32f4xx_it.o(i.BusFault_Handler) for BusFault_Handler
    startup_stm32f407xx.o(RESET) refers to stm32f4xx_it.o(i.UsageFault_Handler) for UsageFault_Handler
    startup_stm32f407xx.o(RESET) refers to stm32f4xx_it.o(i.SVC_Handler) for SVC_Handler
    startup_stm32f407xx.o(RESET) refers to stm32f4xx_it.o(i.DebugMon_Handler) for DebugMon_Handler
    startup_stm32f407xx.o(RESET) refers to stm32f4xx_it.o(i.PendSV_Handler) for PendSV_Handler
    startup_stm32f407xx.o(RESET) refers to stm32f4xx_it.o(i.SysTick_Handler) for SysTick_Handler
    startup_stm32f407xx.o(RESET) refers to stm32f4xx_it.o(i.DMA1_Stream1_IRQHandler) for DMA1_Stream1_IRQHandler
    startup_stm32f407xx.o(RESET) refers to stm32f4xx_it.o(i.DMA1_Stream3_IRQHandler) for DMA1_Stream3_IRQHandler
    startup_stm32f407xx.o(RESET) refers to stm32f4xx_it.o(i.TIM1_UP_TIM10_IRQHandler) for TIM1_UP_TIM10_IRQHandler
    startup_stm32f407xx.o(RESET) refers to stm32f4xx_it.o(i.TIM2_IRQHandler) for TIM2_IRQHandler
    startup_stm32f407xx.o(RESET) refers to stm32f4xx_it.o(i.USART3_IRQHandler) for USART3_IRQHandler
    startup_stm32f407xx.o(RESET) refers to stm32f4xx_it.o(i.TIM6_DAC_IRQHandler) for TIM6_DAC_IRQHandler
    startup_stm32f407xx.o(.text) refers to system_stm32f4xx.o(i.SystemInit) for SystemInit
    startup_stm32f407xx.o(.text) refers to entry.o(.ARM.Collect$$$$00000000) for __main
    app.o(i.system_init) refers to tim_init.o(i.tim_pwm_enable) for tim_pwm_enable
    app.o(i.system_init) refers to uart_init.o(i.uart_enable) for uart_enable
    app.o(i.system_init) refers to tim_init.o(i.tim_econder_enable) for tim_econder_enable
    app.o(i.system_init) refers to tim_init.o(i.tim_basic_enable) for tim_basic_enable
    app.o(i.system_init) refers to pid.o(i.pid_param_init) for pid_param_init
    app.o(i.system_init) refers to pid.o(.bss) for Motor_Big
    pid.o(i.PID_CascadeCalc) refers to pid.o(i.PID_calc) for PID_calc
    pid.o(i.PID_calc) refers to f2d.o(.text) for __aeabi_f2d
    pid.o(i.PID_calc) refers to fabs.o(i.__hardfp_fabs) for __hardfp_fabs
    pid.o(i.PID_calc) refers to cdcmple.o(.text) for __aeabi_cdcmple
    pid.o(i.PID_calc) refers to pid.o(i.abs_limit) for abs_limit
    pid.o(i.PID_struct_init) refers to pid.o(i.pid_param_init) for pid_param_init
    pid.o(i.PID_struct_init) refers to pid.o(i.pid_reset) for pid_reset
    protocol.o(i.protocol_data_recv) refers to protocol.o(i.recvbuf_put_data) for recvbuf_put_data
    protocol.o(i.protocol_data_recv) refers to protocol.o(.bss) for parser
    protocol.o(i.protocol_frame_parse) refers to protocol.o(i.recvbuf_get_len_to_parse) for recvbuf_get_len_to_parse
    protocol.o(i.protocol_frame_parse) refers to protocol.o(i.recvbuf_find_header) for recvbuf_find_header
    protocol.o(i.protocol_frame_parse) refers to protocol.o(i.get_frame_len) for get_frame_len
    protocol.o(i.protocol_frame_parse) refers to protocol.o(i.check_sum) for check_sum
    protocol.o(i.protocol_frame_parse) refers to protocol.o(i.get_frame_checksum) for get_frame_checksum
    protocol.o(i.protocol_frame_parse) refers to memcpya.o(.text) for __aeabi_memcpy
    protocol.o(i.protocol_frame_parse) refers to protocol.o(i.get_frame_type) for get_frame_type
    protocol.o(i.protocol_frame_parse) refers to protocol.o(.bss) for parser
    protocol.o(i.protocol_init) refers to protocol.o(.bss) for parser
    protocol.o(i.receiving_process) refers to protocol.o(i.protocol_frame_parse) for protocol_frame_parse
    protocol.o(i.receiving_process) refers to pid.o(i.pid_reset) for pid_reset
    protocol.o(i.receiving_process) refers to tim_init.o(i.tim_pwm_enable) for tim_pwm_enable
    protocol.o(i.receiving_process) refers to tim_init.o(i.tim_pwm_disable) for tim_pwm_disable
    protocol.o(i.receiving_process) refers to stm32f4xx_hal_cortex.o(i.HAL_NVIC_SystemReset) for HAL_NVIC_SystemReset
    protocol.o(i.receiving_process) refers to pid.o(.bss) for Motor_Small
    protocol.o(i.receiving_process) refers to uart_init.o(.data) for g_bigPosition
    protocol.o(i.receiving_process) refers to tim.o(.bss) for htim6
    protocol.o(i.recvbuf_put_data) refers to memcpya.o(.text) for __aeabi_memcpy
    protocol.o(i.set_computer_value) refers to protocol.o(i.check_sum) for check_sum
[...]
    Removing stm32f4xx_hal_uart.o(i.HAL_UART_Transmit_IT), (56 bytes).
    Removing stm32f4xx_hal_uart.o(i.HAL_UART_TxHalfCpltCallback), (2 bytes).
    Removing stm32f4xx_hal_uart.o(i.UART_DMARxAbortCallback), (56 bytes).
    Removing stm32f4xx_hal_uart.o(i.UART_DMARxOnlyAbortCallback), (28 bytes).
    Removing stm32f4xx_hal_uart.o(i.UART_DMATransmitCplt), (88 bytes).
    Removing stm32f4xx_hal_uart.o(i.UART_DMATxAbortCallback), (56 bytes).
    Removing stm32f4xx_hal_uart.o(i.UART_DMATxHalfCplt), (14 bytes).
    Removing stm32f4xx_hal_uart.o(i.UART_DMATxOnlyAbortCallback), (24 bytes).
    Removing stm32f4xx_hal_uart.o(i.UART_Start_Receive_IT), (64 bytes).
    Removing system_stm32f4xx.o(.rev16_text), (4 bytes).
    Removing system_stm32f4xx.o(.revsh_text), (4 bytes).
    Removing system_stm32f4xx.o(.rrx_text), (6 bytes).
    Removing system_stm32f4xx.o(i.SystemCoreClockUpdate), (192 bytes).

429 unused section(s) (total 38652 bytes) removed from the image.

==============================================================================

Image Symbol Table

    Local Symbols

    Symbol Name                              Value     Ov Type        Size  Object(Section)

    ../Core/Src/dma.c                        0x00000000   Number         0  dma.o ABSOLUTE
    ../Core/Src/gpio.c                       0x00000000   Number         0  gpio.o ABSOLUTE
    ../Core/Src/main.c                       0x00000000   Number         0  main.o ABSOLUTE
    ../Core/Src/stm32f4xx_hal_msp.c          0x00000000   Number         0  stm32f4xx_hal_msp.o ABSOLUTE
    ../Core/Src/stm32f4xx_it.c               0x00000000   Number         0  stm32f4xx_it.o ABSOLUTE
    ../Core/Src/system_stm32f4xx.c           0x00000000   Number         0  system_stm32f4xx.o ABSOLUTE
    ../Core/Src/tim.c                        0x00000000   Number         0  tim.o ABSOLUTE
    ../Core/Src/usart.c                      0x00000000   Number         0  usart.o ABSOLUTE
    ../Drivers/STM32F4xx_HAL_Driver/Src/stm32f4xx_hal.c 0x00000000   Number         0  stm32f4xx_hal.o ABSOLUTE
    ../Drivers/STM32F4xx_HAL_Driver/Src/stm32f4xx_hal_cortex.c 0x00000000   Number         0  stm32f4xx_hal_cortex.o ABSOLUTE
    ../Drivers/STM32F4xx_HAL_Driver/Src/stm32f4xx_hal_dma.c 0x00000000   Number         0  stm32f4xx_hal_dma.o ABSOLUTE
    ../Drivers/STM32F4xx_HAL_Driver/Src/stm32f4xx_hal_dma_ex.c 0x00000000   Number         0  stm32f4xx_hal_dma_ex.o ABSOLUTE
    ../Drivers/STM32F4xx_HAL_Driver/Src/stm32f4xx_hal_exti.c 0x00000000   Number         0  stm32f4xx_hal_exti.o ABSOLUTE
    ../Drivers/STM32F4xx_HAL_Driver/Src/stm32f4xx_hal_flash.c 0x00000000   Number         0  stm32f4xx_hal_flash.o ABSOLUTE
    ../Drivers/STM32F4xx_HAL_Driver/Src/stm32f4xx_hal_flash_ex.c 0x00000000   Number         0  stm32f4xx_hal_flash_ex.o ABSOLUTE
    ../Drivers/STM32F4xx_HAL_Driver/Src/stm32f4xx_hal_flash_ramfunc.c 0x00000000   Number         0  stm32f4xx_hal_flash_ramfunc.o ABSOLUTE
    ../Drivers/STM32F4xx_HAL_Driver/Src/stm32f4xx_hal_gpio.c 0x00000000   Number         0  stm32f4xx_hal_gpio.o ABSOLUTE
    ../Drivers/STM32F4xx_HAL_Driver/Src/stm32f4xx_hal_pwr.c 0x00000000   Number         0  stm32f4xx_hal_pwr.o ABSOLUTE
    ../Drivers/STM32F4xx_HAL_Driver/Src/stm32f4xx_hal_pwr_ex.c 0x00000000   Number         0  stm32f4xx_hal_pwr_ex.o ABSOLUTE
    ../Drivers/STM32F4xx_HAL_Driver/Src/stm32f4xx_hal_rcc.c 0x00000000   Number         0  stm32f4xx_hal_rcc.o ABSOLUTE
    ../Drivers/STM32F4xx_HAL_Driver/Src/stm32f4xx_hal_rcc_ex.c 0x00000000   Number         0  stm32f4xx_hal_rcc_ex.o ABSOLUTE
    ../Drivers/STM32F4xx_HAL_Driver/Src/stm32f4xx_hal_tim.c 0x00000000   Number         0  stm32f4xx_hal_tim.o ABSOLUTE
    ../Drivers/STM32F4xx_HAL_Driver/Src/stm32f4xx_hal_tim_ex.c 0x00000000   Number         0  stm32f4xx_hal_tim_ex.o ABSOLUTE
    ../Drivers/STM32F4xx_HAL_Driver/Src/stm32f4xx_hal_uart.c 0x00000000   Number         0  stm32f4xx_hal_uart.o ABSOLUTE
    ../clib/microlib/division.c              0x00000000   Number         0  uidiv.o ABSOLUTE
    ../clib/microlib/division.c              0x00000000   Number         0  uldiv.o ABSOLUTE
    ../clib/microlib/init/entry.s            0x00000000   Number         0  entry7b.o ABSOLUTE
    ../clib/microlib/init/entry.s            0x00000000   Number         0  entry7a.o ABSOLUTE
    ../clib/microlib/init/entry.s            0x00000000   Number         0  entry5.o ABSOLUTE
    ../clib/microlib/init/entry.s            0x00000000   Number         0  entry2.o ABSOLUTE
    ../clib/microlib/init/entry.s            0x00000000   Number         0  entry9a.o ABSOLUTE
    ../clib/microlib/init/entry.s            0x00000000   Number         0  entry8a.o ABSOLUTE
    ../clib/microlib/init/entry.s            0x00000000   Number         0  entry.o ABSOLUTE
    ../clib/microlib/init/entry.s            0x00000000   Number         0  entry10b.o ABSOLUTE
    ../clib/microlib/init/entry.s            0x00000000   Number         0  entry11b.o ABSOLUTE
    ../clib/microlib/init/entry.s            0x00000000   Number         0  entry11a.o ABSOLUTE
    ../clib/microlib/init/entry.s            0x00000000   Number         0  entry10a.o ABSOLUTE
    ../clib/microlib/init/entry.s            0x00000000   Number         0  entry9b.o ABSOLUTE
    ../clib/microlib/init/entry.s            0x00000000   Number         0  entry8b.o ABSOLUTE
    ../clib/microlib/longlong.c              0x00000000   Number         0  llshl.o ABSOLUTE
    ../clib/microlib/longlong.c              0x00000000   Number         0  llushr.o ABSOLUTE
    ../clib/microlib/longlong.c              0x00000000   Number         0  llsshr.o ABSOLUTE
    ../clib/microlib/printf/printf.c         0x00000000   Number         0  printfb.o ABSOLUTE
    ../clib/microlib/printf/printf.c         0x00000000   Number         0  printf6.o ABSOLUTE
    ../clib/microlib/printf/printf.c         0x00000000   Number         0  printf5.o ABSOLUTE
    ../clib/microlib/printf/printf.c         0x00000000   Number         0  printf2.o ABSOLUTE
    ../clib/microlib/printf/printf.c         0x00000000   Number         0  printf7.o ABSOLUTE
    ../clib/microlib/printf/printf.c         0x00000000   Number         0  printf4.o ABSOLUTE
    ../clib/microlib/printf/printf.c         0x00000000   Number         0  printf3.o ABSOLUTE
    ../clib/microlib/printf/printf.c         0x00000000   Number         0  printf8.o ABSOLUTE
    ../clib/microlib/printf/printf.c         0x00000000   Number         0  printfa.o ABSOLUTE
    ../clib/microlib/printf/printf.c         0x00000000   Number         0  printf1.o ABSOLUTE
    ../clib/microlib/printf/printf.c         0x00000000   Number         0  printf0.o ABSOLUTE
    ../clib/microlib/printf/stubs.s          0x00000000   Number         0  stubs.o ABSOLUTE
    ../clib/microlib/stdio/streams.c         0x00000000   Number         0  stdout.o ABSOLUTE
    ../clib/microlib/string/memcpy.c         0x00000000   Number         0  memcpyb.o ABSOLUTE
    ../clib/microlib/string/memcpy.c         0x00000000   Number         0  memcpya.o ABSOLUTE
    ../clib/microlib/string/memset.c         0x00000000   Number         0  memseta.o ABSOLUTE
    ../clib/microlib/stubs.s                 0x00000000   Number         0  iusefp.o ABSOLUTE
    ../fplib/microlib/f2d.c                  0x00000000   Number         0  f2d.o ABSOLUTE
    ../fplib/microlib/fpadd.c                0x00000000   Number         0  dadd.o ABSOLUTE
    ../fplib/microlib/fpdiv.c                0x00000000   Number         0  ddiv.o ABSOLUTE
    ../fplib/microlib/fpepilogue.c           0x00000000   Number         0  depilogue.o ABSOLUTE
    ../fplib/microlib/fpfix.c                0x00000000   Number         0  dfixul.o ABSOLUTE
    ../fplib/microlib/fpmul.c                0x00000000   Number         0  dmul.o ABSOLUTE
    ../mathlib/fabs.c                        0x00000000   Number         0  fabs.o ABSOLUTE
    ..\Core\Src\App.c                        0x00000000   Number         0  app.o ABSOLUTE
    ..\Core\Src\dma.c                        0x00000000   Number         0  dma.o ABSOLUTE
    ..\Core\Src\gpio.c                       0x00000000   Number         0  gpio.o ABSOLUTE
    ..\Core\Src\main.c                       0x00000000   Number         0  main.o ABSOLUTE
    ..\Core\Src\motor_control.c              0x00000000   Number         0  motor_control.o ABSOLUTE
    ..\Core\Src\pid.c                        0x00000000   Number         0  pid.o ABSOLUTE
    ..\Core\Src\protocol.c                   0x00000000   Number         0  protocol.o ABSOLUTE
    ..\Core\Src\stm32f4xx_hal_msp.c          0x00000000   Number         0  stm32f4xx_hal_msp.o ABSOLUTE
    ..\Core\Src\stm32f4xx_it.c               0x00000000   Number         0  stm32f4xx_it.o ABSOLUTE
    ..\Core\Src\system_stm32f4xx.c           0x00000000   Number         0  system_stm32f4xx.o ABSOLUTE
    ..\Core\Src\tim.c                        0x00000000   Number         0  tim.o ABSOLUTE
    ..\Core\Src\tim_init.c                   0x00000000   Number         0  tim_init.o ABSOLUTE
    ..\Core\Src\uart_init.c                  0x00000000   Number         0  uart_init.o ABSOLUTE
    ..\Core\Src\usart.c                      0x00000000   Number         0  usart.o ABSOLUTE
    ..\Drivers\STM32F4xx_HAL_Driver\Src\stm32f4xx_hal.c 0x00000000   Number         0  stm32f4xx_hal.o ABSOLUTE
    ..\Drivers\STM32F4xx_HAL_Driver\Src\stm32f4xx_hal_cortex.c 0x00000000   Number         0  stm32f4xx_hal_cortex.o ABSOLUTE
    ..\Drivers\STM32F4xx_HAL_Driver\Src\stm32f4xx_hal_dma.c 0x00000000   Number         0  stm32f4xx_hal_dma.o ABSOLUTE
    ..\Drivers\STM32F4xx_HAL_Driver\Src\stm32f4xx_hal_dma_ex.c 0x00000000   Number         0  stm32f4xx_hal_dma_ex.o ABSOLUTE
    ..\Drivers\STM32F4xx_HAL_Driver\Src\stm32f4xx_hal_exti.c 0x00000000   Number         0  stm32f4xx_hal_exti.o ABSOLUTE
    ..\Drivers\STM32F4xx_HAL_Driver\Src\stm32f4xx_hal_flash.c 0x00000000   Number         0  stm32f4xx_hal_flash.o ABSOLUTE
    ..\Drivers\STM32F4xx_HAL_Driver\Src\stm32f4xx_hal_flash_ex.c 0x00000000   Number         0  stm32f4xx_hal_flash_ex.o ABSOLUTE
    ..\Drivers\STM32F4xx_HAL_Driver\Src\stm32f4xx_hal_flash_ramfunc.c 0x00000000   Number         0  stm32f4xx_hal_flash_ramfunc.o ABSOLUTE
    ..\Drivers\STM32F4xx_HAL_Driver\Src\stm32f4xx_hal_gpio.c 0x00000000   Number         0  stm32f4xx_hal_gpio.o ABSOLUTE
    ..\Drivers\STM32F4xx_HAL_Driver\Src\stm32f4xx_hal_pwr.c 0x00000000   Number         0  stm32f4xx_hal_pwr.o ABSOLUTE
    ..\Drivers\STM32F4xx_HAL_Driver\Src\stm32f4xx_hal_pwr_ex.c 0x00000000   Number         0  stm32f4xx_hal_pwr_ex.o ABSOLUTE
    ..\Drivers\STM32F4xx_HAL_Driver\Src\stm32f4xx_hal_rcc.c 0x00000000   Number         0  stm32f4xx_hal_rcc.o ABSOLUTE
    ..\Drivers\STM32F4xx_HAL_Driver\Src\stm32f4xx_hal_rcc_ex.c 0x00000000   Number         0  stm32f4xx_hal_rcc_ex.o ABSOLUTE
    ..\Drivers\STM32F4xx_HAL_Driver\Src\stm32f4xx_hal_tim.c 0x00000000   Number         0  stm32f4xx_hal_tim.o ABSOLUTE
    ..\Drivers\STM32F4xx_HAL_Driver\Src\stm32f4xx_hal_tim_ex.c 0x00000000   Number         0  stm32f4xx_hal_tim_ex.o ABSOLUTE
    ..\Drivers\STM32F4xx_HAL_Driver\Src\stm32f4xx_hal_uart.c 0x00000000   Number         0  stm32f4xx_hal_uart.o ABSOLUTE
    ..\\Core\\Src\\App.c                     0x00000000   Number         0  app.o ABSOLUTE
    ..\\Core\\Src\\motor_control.c           0x00000000   Number         0  motor_control.o ABSOLUTE
    ..\\Core\\Src\\pid.c                     0x00000000   Number         0  pid.o ABSOLUTE
    ..\\Core\\Src\\protocol.c                0x00000000   Number         0  protocol.o ABSOLUTE
    ..\\Core\\Src\\tim_init.c                0x00000000   Number         0  tim_init.o ABSOLUTE
    ..\\Core\\Src\\uart_init.c               0x00000000   Number         0  uart_init.o ABSOLUTE
    cdcmple.s                                0x00000000   Number         0  cdcmple.o ABSOLUTE
    cdrcmple.s                               0x00000000   Number         0  cdrcmple.o ABSOLUTE
    dc.s                                     0x00000000   Number         0  dc.o ABSOLUTE
    handlers.s                               0x00000000   Number         0  handlers.o ABSOLUTE
    init.s                                   0x00000000   Number         0  init.o ABSOLUTE
    startup_stm32f407xx.s                    0x00000000   Number         0  startup_stm32f407xx.o ABSOLUTE
    RESET                                    0x08000000   Section      392  startup_stm32f407xx.o(RESET)
    .ARM.Collect$$$$00000000                 0x08000188   Section        0  entry.o(.ARM.Collect$$$$00000000)
    .ARM.Collect$$$$00000001                 0x08000188   Section        4  entry2.o(.ARM.Collect$$$$00000001)
    .ARM.Collect$$$$00000004                 0x0800018c   Section        4  entry5.o(.ARM.Collect$$$$00000004)
    .ARM.Collect$$$$00000008                 0x08000190   Section        0  entry7b.o(.ARM.Collect$$$$00000008)
    .ARM.Collect$$$$0000000A                 0x08000190   Section        0  entry8b.o(.ARM.Collect$$$$0000000A)
    .ARM.Collect$$$$0000000B                 0x08000190   Section        8  entry9a.o(.ARM.Collect$$$$0000000B)
    .ARM.Collect$$$$0000000D                 0x08000198   Section        0  entry10a.o(.ARM.Collect$$$$0000000D)
    .ARM.Collect$$$$0000000F                 0x08000198   Section        0  entry11a.o(.ARM.Collect$$$$0000000F)
    .ARM.Collect$$$$00002712                 0x08000198   Section        4  entry2.o(.ARM.Collect$$$$00002712)
    __lit__00000000                          0x08000198   Data           4  entry2.o(.ARM.Collect$$$$00002712)
    .text                                    0x0800019c   Section       36  startup_stm32f407xx.o(.text)
    $v0                                      0x0800019c   Number         0  startup_stm32f407xx.o(.text)
    .text                                    0x080001c0   Section        0  uldiv.o(.text)
    .text                                    0x08000222   Section        0  memcpya.o(.text)
    .text                                    0x08000246   Section        0  memseta.o(.text)
    .text                                    0x0800026a   Section        0  f2d.o(.text)
    .text                                    0x08000290   Section       48  cdcmple.o(.text)
    .text                                    0x080002c0   Section        0  uidiv.o(.text)
    .text                                    0x080002ec   Section        0  llshl.o(.text)
    .text                                    0x0800030a   Section        0  llushr.o(.text)
    .text                                    0x0800032a   Section        0  iusefp.o(.text)
    .text                                    0x0800032a   Section        0  dadd.o(.text)
    .text                                    0x08000478   Section        0  dmul.o(.text)
    .text                                    0x0800055c   Section        0  ddiv.o(.text)
    .text                                    0x0800063a   Section        0  dfixul.o(.text)
    .text                                    0x0800066c   Section       48  cdrcmple.o(.text)
    .text                                    0x0800069c   Section       36  init.o(.text)
    .text                                    0x080006c0   Section        0  llsshr.o(.text)
    .text                                    0x080006e4   Section        0  depilogue.o(.text)
    i.BusFault_Handler                       0x0800079e   Section        0  stm32f4xx_it.o(i.BusFault_Handler)
    i.DMA1_Stream1_IRQHandler                0x080007a4   Section        0  stm32f4xx_it.o(i.DMA1_Stream1_IRQHandler)
    i.DMA1_Stream3_IRQHandler                0x080007b4   Section        0  stm32f4xx_it.o(i.DMA1_Stream3_IRQHandler)
    i.DMA_CalcBaseAndBitshift                0x080007c4   Section        0  stm32f4xx_hal_dma.o(i.DMA_CalcBaseAndBitshift)
    DMA_CalcBaseAndBitshift                  0x080007c5   Thumb Code    46  stm32f4xx_hal_dma.o(i.DMA_CalcBaseAndBitshift)
    i.DMA_CheckFifoParam                     0x080007f8   Section        0  stm32f4xx_hal_dma.o(i.DMA_CheckFifoParam)
    DMA_CheckFifoParam                       0x080007f9   Thumb Code   170  stm32f4xx_hal_dma.o(i.DMA_CheckFifoParam)
    i.DMA_SetConfig                          0x080008a2   Section        0  stm32f4xx_hal_dma.o(i.DMA_SetConfig)
    DMA_SetConfig                            0x080008a3   Thumb Code    44  stm32f4xx_hal_dma.o(i.DMA_SetConfig)
    i.DebugMon_Handler                       0x080008ce   Section        0  stm32f4xx_it.o(i.DebugMon_Handler)
    i.Error_Handler                          0x080008d0   Section        0  main.o(i.Error_Handler)
    i.HAL_DMA_Abort                          0x080008d6   Section        0  stm32f4xx_hal_dma.o(i.HAL_DMA_Abort)
    i.HAL_DMA_Abort_IT                       0x08000982   Section        0  stm32f4xx_hal_dma.o(i.HAL_DMA_Abort_IT)
    i.HAL_DMA_IRQHandler                     0x080009ac   Section        0  stm32f4xx_hal_dma.o(i.HAL_DMA_IRQHandler)
    i.HAL_DMA_Init                           0x08000bec   Section        0  stm32f4xx_hal_dma.o(i.HAL_DMA_Init)
    i.HAL_DMA_Start_IT                       0x08000cd8   Section        0  stm32f4xx_hal_dma.o(i.HAL_DMA_Start_IT)
    i.HAL_Delay                              0x08000d6c   Section        0  stm32f4xx_hal.o(i.HAL_Delay)
    i.HAL_GPIO_Init                          0x08000d94   Section        0  stm32f4xx_hal_gpio.o(i.HAL_GPIO_Init)
    i.HAL_GetTick                            0x08000f88   Section        0  stm32f4xx_hal.o(i.HAL_GetTick)
    i.HAL_IncTick                            0x08000f94   Section        0  stm32f4xx_hal.o(i.HAL_IncTick)
    i.HAL_Init                               0x08000fac   Section        0  stm32f4xx_hal.o(i.HAL_Init)
    i.HAL_InitTick                           0x08000fe8   Section        0  stm32f4xx_hal.o(i.HAL_InitTick)
    i.HAL_MspInit                            0x08001034   Section        0  stm32f4xx_hal_msp.o(i.HAL_MspInit)
    i.HAL_NVIC_EnableIRQ                     0x0800107c   Section        0  stm32f4xx_hal_cortex.o(i.HAL_NVIC_EnableIRQ)
    i.HAL_NVIC_SetPriority                   0x080010a4   Section        0  stm32f4xx_hal_cortex.o(i.HAL_NVIC_SetPriority)
    i.HAL_NVIC_SetPriorityGrouping           0x08001120   Section        0  stm32f4xx_hal_cortex.o(i.HAL_NVIC_SetPriorityGrouping)
    i.HAL_RCC_ClockConfig                    0x08001148   Section        0  stm32f4xx_hal_rcc.o(i.HAL_RCC_ClockConfig)
    i.HAL_RCC_GetHCLKFreq                    0x080012cc   Section        0  stm32f4xx_hal_rcc.o(i.HAL_RCC_GetHCLKFreq)
    i.HAL_RCC_GetPCLK1Freq                   0x080012d8   Section        0  stm32f4xx_hal_rcc.o(i.HAL_RCC_GetPCLK1Freq)
    i.HAL_RCC_GetPCLK2Freq                   0x080012f8   Section        0  stm32f4xx_hal_rcc.o(i.HAL_RCC_GetPCLK2Freq)
    i.HAL_RCC_GetSysClockFreq                0x08001318   Section        0  stm32f4xx_hal_rcc.o(i.HAL_RCC_GetSysClockFreq)
    i.HAL_RCC_OscConfig                      0x080013c8   Section        0  stm32f4xx_hal_rcc.o(i.HAL_RCC_OscConfig)
    i.HAL_SYSTICK_Config                     0x08001864   Section        0  stm32f4xx_hal_cortex.o(i.HAL_SYSTICK_Config)
    i.HAL_TIMEx_BreakCallback                0x08001898   Section        0  stm32f4xx_hal_tim_ex.o(i.HAL_TIMEx_BreakCallback)
    i.HAL_TIMEx_CommutCallback               0x0800189a   Section        0  stm32f4xx_hal_tim_ex.o(i.HAL_TIMEx_CommutCallback)
    i.HAL_TIMEx_MasterConfigSynchronization  0x0800189c   Section        0  stm32f4xx_hal_tim_ex.o(i.HAL_TIMEx_MasterConfigSynchronization)
    i.HAL_TIM_Base_Init                      0x08001950   Section        0  stm32f4xx_hal_tim.o(i.HAL_TIM_Base_Init)
    i.HAL_TIM_Base_MspInit                   0x080019b8   Section        0  tim.o(i.HAL_TIM_Base_MspInit)
    i.HAL_TIM_Base_Start_IT                  0x08001a58   Section        0  stm32f4xx_hal_tim.o(i.HAL_TIM_Base_Start_IT)
    i.HAL_TIM_ConfigClockSource              0x08001b00   Section        0  stm32f4xx_hal_tim.o(i.HAL_TIM_ConfigClockSource)
    i.HAL_TIM_Encoder_Init                   0x08001c0c   Section        0  stm32f4xx_hal_tim.o(i.HAL_TIM_Encoder_Init)
    i.HAL_TIM_Encoder_MspInit                0x08001cd4   Section        0  tim.o(i.HAL_TIM_Encoder_MspInit)
    i.HAL_TIM_Encoder_Start                  0x08001e24   Section        0  stm32f4xx_hal_tim.o(i.HAL_TIM_Encoder_Start)
    i.HAL_TIM_IC_CaptureCallback             0x08001ef0   Section        0  stm32f4xx_hal_tim.o(i.HAL_TIM_IC_CaptureCallback)
    i.HAL_TIM_IRQHandler                     0x08001ef2   Section        0  stm32f4xx_hal_tim.o(i.HAL_TIM_IRQHandler)
    i.HAL_TIM_MspPostInit                    0x08002060   Section        0  tim.o(i.HAL_TIM_MspPostInit)
    i.HAL_TIM_OC_DelayElapsedCallback        0x08002110   Section        0  stm32f4xx_hal_tim.o(i.HAL_TIM_OC_DelayElapsedCallback)
    i.HAL_TIM_PWM_ConfigChannel              0x08002112   Section        0  stm32f4xx_hal_tim.o(i.HAL_TIM_PWM_ConfigChannel)
    i.HAL_TIM_PWM_Init                       0x08002216   Section        0  stm32f4xx_hal_tim.o(i.HAL_TIM_PWM_Init)
    i.HAL_TIM_PWM_MspInit                    0x0800227c   Section        0  stm32f4xx_hal_tim.o(i.HAL_TIM_PWM_MspInit)
    i.HAL_TIM_PWM_PulseFinishedCallback      0x0800227e   Section        0  stm32f4xx_hal_tim.o(i.HAL_TIM_PWM_PulseFinishedCallback)
    i.HAL_TIM_PWM_Start                      0x08002280   Section        0  stm32f4xx_hal_tim.o(i.HAL_TIM_PWM_Start)
    i.HAL_TIM_PeriodElapsedCallback          0x0800238c   Section        0  tim_init.o(i.HAL_TIM_PeriodElapsedCallback)
    i.HAL_TIM_TriggerCallback                0x08002424   Section        0  stm32f4xx_hal_tim.o(i.HAL_TIM_TriggerCallback)
    i.HAL_UARTEx_RxEventCallback             0x08002426   Section        0  stm32f4xx_hal_uart.o(i.HAL_UARTEx_RxEventCallback)
    i.HAL_UART_DMAStop                       0x08002428   Section        0  stm32f4xx_hal_uart.o(i.HAL_UART_DMAStop)
    i.HAL_UART_ErrorCallback                 0x080024b2   Section        0  stm32f4xx_hal_uart.o(i.HAL_UART_ErrorCallback)
    i.HAL_UART_IRQHandler                    0x080024b4   Section        0  stm32f4xx_hal_uart.o(i.HAL_UART_IRQHandler)
    i.HAL_UART_Init                          0x0800279c   Section        0  stm32f4xx_hal_uart.o(i.HAL_UART_Init)
    i.HAL_UART_MspInit                       0x08002814   Section        0  usart.o(i.HAL_UART_MspInit)
    i.HAL_UART_Receive_DMA                   0x08002930   Section        0  stm32f4xx_hal_uart.o(i.HAL_UART_Receive_DMA)
    i.HAL_UART_RxCpltCallback                0x0800295c   Section        0  uart_init.o(i.HAL_UART_RxCpltCallback)
    i.HAL_UART_RxHalfCpltCallback            0x080029c8   Section        0  stm32f4xx_hal_uart.o(i.HAL_UART_RxHalfCpltCallback)
    i.HAL_UART_Transmit                      0x080029ca   Section        0  stm32f4xx_hal_uart.o(i.HAL_UART_Transmit)
    i.HAL_UART_TxCpltCallback                0x08002a88   Section        0  stm32f4xx_hal_uart.o(i.HAL_UART_TxCpltCallback)
    i.HardFault_Handler                      0x08002a8a   Section        0  stm32f4xx_it.o(i.HardFault_Handler)
    i.MX_DMA_Init                            0x08002a90   Section        0  dma.o(i.MX_DMA_Init)
    i.MX_GPIO_Init                           0x08002ad8   Section        0  gpio.o(i.MX_GPIO_Init)
    i.MX_TIM12_Init                          0x08002b5c   Section        0  tim.o(i.MX_TIM12_Init)
    i.MX_TIM1_Init                           0x08002bf8   Section        0  tim.o(i.MX_TIM1_Init)
    i.MX_TIM2_Init                           0x08002c74   Section        0  tim.o(i.MX_TIM2_Init)
    i.MX_TIM5_Init                           0x08002cec   Section        0  tim.o(i.MX_TIM5_Init)
    i.MX_TIM6_Init                           0x08002dc0   Section        0  tim.o(i.MX_TIM6_Init)
    i.MX_USART3_UART_Init                    0x08002e0c   Section        0  usart.o(i.MX_USART3_UART_Init)
    i.MemManage_Handler                      0x08002e44   Section        0  stm32f4xx_it.o(i.MemManage_Handler)
    i.NMI_Handler                            0x08002e48   Section        0  stm32f4xx_it.o(i.NMI_Handler)
    i.PID_calc                               0x08002e4c   Section        0  pid.o(i.PID_calc)
    i.PendSV_Handler                         0x08003040   Section        0  stm32f4xx_it.o(i.PendSV_Handler)
    i.SVC_Handler                            0x08003042   Section        0  stm32f4xx_it.o(i.SVC_Handler)
    i.SysTick_Handler                        0x08003044   Section        0  stm32f4xx_it.o(i.SysTick_Handler)
    i.SystemClock_Config                     0x0800304c   Section        0  main.o(i.SystemClock_Config)
    i.SystemInit                             0x08003100   Section        0  system_stm32f4xx.o(i.SystemInit)
    i.TIM1_UP_TIM10_IRQHandler               0x08003114   Section        0  stm32f4xx_it.o(i.TIM1_UP_TIM10_IRQHandler)
    i.TIM2_IRQHandler                        0x08003124   Section        0  stm32f4xx_it.o(i.TIM2_IRQHandler)
    i.TIM6_DAC_IRQHandler                    0x08003134   Section        0  stm32f4xx_it.o(i.TIM6_DAC_IRQHandler)
    i.TIM_Base_SetConfig                     0x08003144   Section        0  stm32f4xx_hal_tim.o(i.TIM_Base_SetConfig)
    i.TIM_CCxChannelCmd                      0x0800322c   Section        0  stm32f4xx_hal_tim.o(i.TIM_CCxChannelCmd)
    i.TIM_ETR_SetConfig                      0x0800324e   Section        0  stm32f4xx_hal_tim.o(i.TIM_ETR_SetConfig)
    i.TIM_ITRx_SetConfig                     0x08003264   Section        0  stm32f4xx_hal_tim.o(i.TIM_ITRx_SetConfig)
    TIM_ITRx_SetConfig                       0x08003265   Thumb Code    18  stm32f4xx_hal_tim.o(i.TIM_ITRx_SetConfig)
    i.TIM_OC1_SetConfig                      0x08003278   Section        0  stm32f4xx_hal_tim.o(i.TIM_OC1_SetConfig)
    TIM_OC1_SetConfig                        0x08003279   Thumb Code   104  stm32f4xx_hal_tim.o(i.TIM_OC1_SetConfig)
    i.TIM_OC2_SetConfig                      0x080032e8   Section        0  stm32f4xx_hal_tim.o(i.TIM_OC2_SetConfig)
    i.TIM_OC3_SetConfig                      0x08003364   Section        0  stm32f4xx_hal_tim.o(i.TIM_OC3_SetConfig)
    TIM_OC3_SetConfig                        0x08003365   Thumb Code   112  stm32f4xx_hal_tim.o(i.TIM_OC3_SetConfig)
    i.TIM_OC4_SetConfig                      0x080033dc   Section        0  stm32f4xx_hal_tim.o(i.TIM_OC4_SetConfig)
    TIM_OC4_SetConfig                        0x080033dd   Thumb Code    74  stm32f4xx_hal_tim.o(i.TIM_OC4_SetConfig)
    i.TIM_TI1_ConfigInputStage               0x08003430   Section        0  stm32f4xx_hal_tim.o(i.TIM_TI1_ConfigInputStage)
    TIM_TI1_ConfigInputStage                 0x08003431   Thumb Code    38  stm32f4xx_hal_tim.o(i.TIM_TI1_ConfigInputStage)
    i.TIM_TI2_ConfigInputStage               0x08003456   Section        0  stm32f4xx_hal_tim.o(i.TIM_TI2_ConfigInputStage)
    TIM_TI2_ConfigInputStage                 0x08003457   Thumb Code    40  stm32f4xx_hal_tim.o(i.TIM_TI2_ConfigInputStage)
    i.UART_DMAAbortOnError                   0x0800347e   Section        0  stm32f4xx_hal_uart.o(i.UART_DMAAbortOnError)
    UART_DMAAbortOnError                     0x0800347f   Thumb Code    20  stm32f4xx_hal_uart.o(i.UART_DMAAbortOnError)
    i.UART_DMAError                          0x08003492   Section        0  stm32f4xx_hal_uart.o(i.UART_DMAError)
    UART_DMAError                            0x08003493   Thumb Code    80  stm32f4xx_hal_uart.o(i.UART_DMAError)
    i.UART_DMAReceiveCplt                    0x080034e2   Section        0  stm32f4xx_hal_uart.o(i.UART_DMAReceiveCplt)
    UART_DMAReceiveCplt                      0x080034e3   Thumb Code   180  stm32f4xx_hal_uart.o(i.UART_DMAReceiveCplt)
    i.UART_DMARxHalfCplt                     0x08003596   Section        0  stm32f4xx_hal_uart.o(i.UART_DMARxHalfCplt)
    UART_DMARxHalfCplt                       0x08003597   Thumb Code    36  stm32f4xx_hal_uart.o(i.UART_DMARxHalfCplt)
    i.UART_EndRxTransfer                     0x080035ba   Section        0  stm32f4xx_hal_uart.o(i.UART_EndRxTransfer)
    UART_EndRxTransfer                       0x080035bb   Thumb Code   108  stm32f4xx_hal_uart.o(i.UART_EndRxTransfer)
    i.UART_EndTransmit_IT                    0x08003626   Section        0  stm32f4xx_hal_uart.o(i.UART_EndTransmit_IT)
    UART_EndTransmit_IT                      0x08003627   Thumb Code    32  stm32f4xx_hal_uart.o(i.UART_EndTransmit_IT)
    i.UART_EndTxTransfer                     0x08003646   Section        0  stm32f4xx_hal_uart.o(i.UART_EndTxTransfer)
    UART_EndTxTransfer                       0x08003647   Thumb Code    38  stm32f4xx_hal_uart.o(i.UART_EndTxTransfer)
    i.UART_Receive_IT                        0x0800366c   Section        0  stm32f4xx_hal_uart.o(i.UART_Receive_IT)
    UART_Receive_IT                          0x0800366d   Thumb Code   252  stm32f4xx_hal_uart.o(i.UART_Receive_IT)
    i.UART_SetConfig                         0x08003768   Section        0  stm32f4xx_hal_uart.o(i.UART_SetConfig)
    UART_SetConfig                           0x08003769   Thumb Code   546  stm32f4xx_hal_uart.o(i.UART_SetConfig)
    i.UART_Start_Receive_DMA                 0x08003994   Section        0  stm32f4xx_hal_uart.o(i.UART_Start_Receive_DMA)
    i.UART_Transmit_IT                       0x08003a5c   Section        0  stm32f4xx_hal_uart.o(i.UART_Transmit_IT)
    UART_Transmit_IT                         0x08003a5d   Thumb Code    96  stm32f4xx_hal_uart.o(i.UART_Transmit_IT)
    i.UART_WaitOnFlagUntilTimeout            0x08003abc   Section        0  stm32f4xx_hal_uart.o(i.UART_WaitOnFlagUntilTimeout)
    UART_WaitOnFlagUntilTimeout              0x08003abd   Thumb Code   140  stm32f4xx_hal_uart.o(i.UART_WaitOnFlagUntilTimeout)
    i.USART3_IRQHandler                      0x08003b48   Section        0  stm32f4xx_it.o(i.USART3_IRQHandler)
    i.UsageFault_Handler                     0x08003b58   Section        0  stm32f4xx_it.o(i.UsageFault_Handler)
    i.__0printf                              0x08003b5c   Section        0  printfa.o(i.__0printf)
    i.__NVIC_GetPriorityGrouping             0x08003b7c   Section        0  stm32f4xx_hal_cortex.o(i.__NVIC_GetPriorityGrouping)
    __NVIC_GetPriorityGrouping               0x08003b7d   Thumb Code    10  stm32f4xx_hal_cortex.o(i.__NVIC_GetPriorityGrouping)
    i.__NVIC_SetPriority                     0x08003b8c   Section        0  stm32f4xx_hal_cortex.o(i.__NVIC_SetPriority)
    __NVIC_SetPriority                       0x08003b8d   Thumb Code    32  stm32f4xx_hal_cortex.o(i.__NVIC_SetPriority)
    i.__hardfp_fabs                          0x08003bb4   Section        0  fabs.o(i.__hardfp_fabs)
    i.__scatterload_copy                     0x08003bc8   Section       14  handlers.o(i.__scatterload_copy)
    i.__scatterload_null                     0x08003bd6   Section        2  handlers.o(i.__scatterload_null)
    i.__scatterload_zeroinit                 0x08003bd8   Section       14  handlers.o(i.__scatterload_zeroinit)
    i._fp_digits                             0x08003be8   Section        0  printfa.o(i._fp_digits)
    _fp_digits                               0x08003be9   Thumb Code   334  printfa.o(i._fp_digits)
    i._printf_core                           0x08003d4c   Section        0  printfa.o(i._printf_core)
    _printf_core                             0x08003d4d   Thumb Code  1744  printfa.o(i._printf_core)
    i._printf_post_padding                   0x08004428   Section        0  printfa.o(i._printf_post_padding)
    _printf_post_padding                     0x08004429   Thumb Code    36  printfa.o(i._printf_post_padding)
    i._printf_pre_padding                    0x0800444c   Section        0  printfa.o(i._printf_pre_padding)
    _printf_pre_padding                      0x0800444d   Thumb Code    46  printfa.o(i._printf_pre_padding)
    i.abs_limit                              0x0800447a   Section        0  pid.o(i.abs_limit)
    i.big_set_postion                        0x080044a8   Section        0  motor_control.o(i.big_set_postion)
    i.fputc                                  0x0800461c   Section        0  uart_init.o(i.fputc)
    i.handle_receidved_data                  0x08004638   Section        0  uart_init.o(i.handle_receidved_data)
    i.main                                   0x080046ac   Section        0  main.o(i.main)
    i.motor_big                              0x080046ec   Section        0  motor_control.o(i.motor_big)
    i.motor_cetui_set_postion                0x08004728   Section        0  motor_control.o(i.motor_cetui_set_postion)
    i.motor_small                            0x080047d8   Section        0  motor_control.o(i.motor_small)
    i.pid_param_init                         0x08004814   Section        0  pid.o(i.pid_param_init)
    i.process_data                           0x08004834   Section        0  uart_init.o(i.process_data)
    i.protocol_init                          0x080048b4   Section        0  protocol.o(i.protocol_init)
    i.small_set_postion                      0x080048d0   Section        0  motor_control.o(i.small_set_postion)
    i.system_init                            0x08004a50   Section        0  app.o(i.system_init)
    i.tim_basic_enable                       0x08004acc   Section        0  tim_init.o(i.tim_basic_enable)
    i.tim_econder_enable                     0x08004adc   Section        0  tim_init.o(i.tim_econder_enable)
    i.tim_pwm_enable                         0x08004b34   Section        0  tim_init.o(i.tim_pwm_enable)
    i.uart_enable                            0x08004b5c   Section        0  uart_init.o(i.uart_enable)
    i.validate_data                          0x08004b84   Section        0  uart_init.o(i.validate_data)
    .constdata                               0x08004baa   Section        8  stm32f4xx_hal_dma.o(.constdata)
    flagBitshiftOffset                       0x08004baa   Data           8  stm32f4xx_hal_dma.o(.constdata)
    .constdata                               0x08004bb2   Section       24  system_stm32f4xx.o(.constdata)
    .data                                    0x20000000   Section       60  motor_control.o(.data)
    val                                      0x20000002   Data           2  motor_control.o(.data)
    val                                      0x20000004   Data           2  motor_control.o(.data)
    _get                                     0x20000008   Data           4  motor_control.o(.data)
    con_val                                  0x2000000c   Data           2  motor_control.o(.data)
    set                                      0x20000010   Data           4  motor_control.o(.data)
    get                                      0x20000014   Data           4  motor_control.o(.data)
    i                                        0x20000018   Data           2  motor_control.o(.data)
    _get                                     0x2000001a   Data           2  motor_control.o(.data)
    con_val                                  0x2000001c   Data           2  motor_control.o(.data)
    set                                      0x20000020   Data           4  motor_control.o(.data)
    get                                      0x20000024   Data           4  motor_control.o(.data)
    i                                        0x20000028   Data           2  motor_control.o(.data)
    con_val                                  0x2000002a   Data           2  motor_control.o(.data)
    throttle                                 0x2000002c   Data           4  motor_control.o(.data)
    ROL_conval                               0x20000030   Data           4  motor_control.o(.data)
    motor_pwm_1                              0x20000034   Data           2  motor_control.o(.data)
    motor_pwm_2                              0x20000036   Data           2  motor_control.o(.data)
    _set                                     0x20000038   Data           4  motor_control.o(.data)
    .data                                    0x2000003c   Section        4  tim_init.o(.data)
    .data                                    0x20000040   Section       16  uart_init.o(.data)
    .data                                    0x20000050   Section        9  stm32f4xx_hal.o(.data)
    .data                                    0x2000005c   Section        4  system_stm32f4xx.o(.data)
    .data                                    0x20000060   Section        4  stdout.o(.data)
    .bss                                     0x20000064   Section      324  pid.o(.bss)
    .bss                                     0x200001a8   Section      150  protocol.o(.bss)
    parser                                   0x200001a8   Data          12  protocol.o(.bss)
    recv_buf                                 0x200001b4   Data         128  protocol.o(.bss)
    set_packet                               0x20000234   Data          10  protocol.o(.bss)
    .bss                                     0x20000240   Section      112  uart_init.o(.bss)
    .bss                                     0x200002b0   Section      360  tim.o(.bss)
    .bss                                     0x20000418   Section      264  usart.o(.bss)
    STACK                                    0x20000520   Section     1024  startup_stm32f407xx.o(STACK)

    Global Symbols

    Symbol Name                              Value     Ov Type        Size  Object(Section)

    BuildAttributes$$THM_ISAv4$E$P$D$K$B$S$7EM$VFPi3$EXTD16$VFPS$VFMA$PE$A:L22UL41UL21$X:L11$S22US41US21$IEEE1$IW$USESV6$~STKCKD$USESV7$~SHL$OTIME$ROPI$IEEEJ$EBA8$MICROLIB$REQ8$PRES8$EABIv2 0x00000000   Number         0  anon$$obj.o ABSOLUTE
    __ARM_use_no_argv                        0x00000000   Number         0  main.o ABSOLUTE
    _printf_a                                0x00000000   Number         0  stubs.o ABSOLUTE
    _printf_c                                0x00000000   Number         0  stubs.o ABSOLUTE
    _printf_charcount                        0x00000000   Number         0  stubs.o ABSOLUTE
    _printf_d                                0x00000000   Number         0  stubs.o ABSOLUTE
    _printf_e                                0x00000000   Number         0  stubs.o ABSOLUTE
    _printf_f                                0x00000000   Number         0  stubs.o ABSOLUTE
    _printf_flags                            0x00000000   Number         0  stubs.o ABSOLUTE
    _printf_fp_dec                           0x00000000   Number         0  stubs.o ABSOLUTE
    _printf_fp_hex                           0x00000000   Number         0  stubs.o ABSOLUTE
    _printf_g                                0x00000000   Number         0  stubs.o ABSOLUTE
    _printf_i                                0x00000000   Number         0  stubs.o ABSOLUTE
    _printf_int_dec                          0x00000000   Number         0  stubs.o ABSOLUTE
    _printf_l                                0x00000000   Number         0  stubs.o ABSOLUTE
    _printf_lc                               0x00000000   Number         0  stubs.o ABSOLUTE
    _printf_ll                               0x00000000   Number         0  stubs.o ABSOLUTE
    _printf_lld                              0x00000000   Number         0  stubs.o ABSOLUTE
    _printf_lli                              0x00000000   Number         0  stubs.o ABSOLUTE
    _printf_llo                              0x00000000   Number         0  stubs.o ABSOLUTE
    _printf_llu                              0x00000000   Number         0  stubs.o ABSOLUTE
    _printf_llx                              0x00000000   Number         0  stubs.o ABSOLUTE
    _printf_longlong_dec                     0x00000000   Number         0  stubs.o ABSOLUTE
    _printf_longlong_hex                     0x00000000   Number         0  stubs.o ABSOLUTE
    _printf_longlong_oct                     0x00000000   Number         0  stubs.o ABSOLUTE
    _printf_ls                               0x00000000   Number         0  stubs.o ABSOLUTE
    _printf_mbtowc                           0x00000000   Number         0  stubs.o ABSOLUTE
    _printf_n                                0x00000000   Number         0  stubs.o ABSOLUTE
    _printf_o                                0x00000000   Number         0  stubs.o ABSOLUTE
    _printf_p                                0x00000000   Number         0  stubs.o ABSOLUTE
    _printf_percent                          0x00000000   Number         0  stubs.o ABSOLUTE
    _printf_pre_padding                      0x00000000   Number         0  stubs.o ABSOLUTE
    _printf_return_value                     0x00000000   Number         0  stubs.o ABSOLUTE
    _printf_s                                0x00000000   Number         0  stubs.o ABSOLUTE
    _printf_sizespec                         0x00000000   Number         0  stubs.o ABSOLUTE
    _printf_str                              0x00000000   Number         0  stubs.o ABSOLUTE
    _printf_truncate_signed                  0x00000000   Number         0  stubs.o ABSOLUTE
    _printf_truncate_unsigned                0x00000000   Number         0  stubs.o ABSOLUTE
    _printf_u                                0x00000000   Number         0  stubs.o ABSOLUTE
    _printf_wc                               0x00000000   Number         0  stubs.o ABSOLUTE
    _printf_wctomb                           0x00000000   Number         0  stubs.o ABSOLUTE
    _printf_widthprec                        0x00000000   Number         0  stubs.o ABSOLUTE
    _printf_x                                0x00000000   Number         0  stubs.o ABSOLUTE
    __cpp_initialize__aeabi_                  - Undefined Weak Reference
    __cxa_finalize                            - Undefined Weak Reference
    __decompress                              - Undefined Weak Reference
    _clock_init                               - Undefined Weak Reference
    _microlib_exit                            - Undefined Weak Reference
    __Vectors_Size                           0x00000188   Number         0  startup_stm32f407xx.o ABSOLUTE
    __Vectors                                0x08000000   Data           4  startup_stm32f407xx.o(RESET)
    __Vectors_End                            0x08000188   Data           0  startup_stm32f407xx.o(RESET)
    __main                                   0x08000189   Thumb Code     0  entry.o(.ARM.Collect$$$$00000000)
    _main_stk                                0x08000189   Thumb Code     0  entry2.o(.ARM.Collect$$$$00000001)
    _main_scatterload                        0x0800018d   Thumb Code     0  entry5.o(.ARM.Collect$$$$00000004)
    __main_after_scatterload                 0x08000191   Thumb Code     0  entry5.o(.ARM.Collect$$$$00000004)
    _main_clock                              0x08000191   Thumb Code     0  entry7b.o(.ARM.Collect$$$$00000008)
    _main_cpp_init                           0x08000191   Thumb Code     0  entry8b.o(.ARM.Collect$$$$0000000A)
    _main_init                               0x08000191   Thumb Code     0  entry9a.o(.ARM.Collect$$$$0000000B)
    __rt_final_cpp                           0x08000199   Thumb Code     0  entry10a.o(.ARM.Collect$$$$0000000D)
    __rt_final_exit                          0x08000199   Thumb Code     0  entry11a.o(.ARM.Collect$$$$0000000F)
    Reset_Handler                            0x0800019d   Thumb Code     8  startup_stm32f407xx.o(.text)
    ADC_IRQHandler                           0x080001b7   Thumb Code     0  startup_stm32f407xx.o(.text)
    CAN1_RX0_IRQHandler                      0x080001b7   Thumb Code     0  startup_stm32f407xx.o(.text)
    CAN1_RX1_IRQHandler                      0x080001b7   Thumb Code     0  startup_stm32f407xx.o(.text)
    CAN1_SCE_IRQHandler                      0x080001b7   Thumb Code     0  startup_stm32f407xx.o(.text)
    CAN1_TX_IRQHandler                       0x080001b7   Thumb Code     0  startup_stm32f407xx.o(.text)
    CAN2_RX0_IRQHandler                      0x080001b7   Thumb Code     0  startup_stm32f407xx.o(.text)
    CAN2_RX1_IRQHandler                      0x080001b7   Thumb Code     0  startup_stm32f407xx.o(.text)
    CAN2_SCE_IRQHandler                      0x080001b7   Thumb Code     0  startup_stm32f407xx.o(.text)
    CAN2_TX_IRQHandler                       0x080001b7   Thumb Code     0  startup_stm32f407xx.o(.text)
    DCMI_IRQHandler                          0x080001b7   Thumb Code     0  startup_stm32f407xx.o(.text)
    DMA1_Stream0_IRQHandler                  0x080001b7   Thumb Code     0  startup_stm32f407xx.o(.text)
    DMA1_Stream2_IRQHandler                  0x080001b7   Thumb Code     0  startup_stm32f407xx.o(.text)
    DMA1_Stream4_IRQHandler                  0x080001b7   Thumb Code     0  startup_stm32f407xx.o(.text)
    DMA1_Stream5_IRQHandler                  0x080001b7   Thumb Code     0  startup_stm32f407xx.o(.text)
    DMA1_Stream6_IRQHandler                  0x080001b7   Thumb Code     0  startup_stm32f407xx.o(.text)
    DMA1_Stream7_IRQHandler                  0x080001b7   Thumb Code     0  startup_stm32f407xx.o(.text)
    DMA2_Stream0_IRQHandler                  0x080001b7   Thumb Code     0  startup_stm32f407xx.o(.text)
    DMA2_Stream1_IRQHandler                  0x080001b7   Thumb Code     0  startup_stm32f407xx.o(.text)
    DMA2_Stream2_IRQHandler                  0x080001b7   Thumb Code     0  startup_stm32f407xx.o(.text)
    DMA2_Stream3_IRQHandler                  0x080001b7   Thumb Code     0  startup_stm32f407xx.o(.text)
    DMA2_Stream4_IRQHandler                  0x080001b7   Thumb Code     0  startup_stm32f407xx.o(.text)
    DMA2_Stream5_IRQHandler                  0x080001b7   Thumb Code     0  startup_stm32f407xx.o(.text)
    DMA2_Stream6_IRQHandler                  0x080001b7   Thumb Code     0  startup_stm32f407xx.o(.text)
    DMA2_Stream7_IRQHandler                  0x080001b7   Thumb Code     0  startup_stm32f407xx.o(.text)
    ETH_IRQHandler                           0x080001b7   Thumb Code     0  startup_stm32f407xx.o(.text)
    ETH_WKUP_IRQHandler                      0x080001b7   Thumb Code     0  startup_stm32f407xx.o(.text)
    EXTI0_IRQHandler                         0x080001b7   Thumb Code     0  startup_stm32f407xx.o(.text)
    EXTI15_10_IRQHandler                     0x080001b7   Thumb Code     0  startup_stm32f407xx.o(.text)
    EXTI1_IRQHandler                         0x080001b7   Thumb Code     0  startup_stm32f407xx.o(.text)
    EXTI2_IRQHandler                         0x080001b7   Thumb Code     0  startup_stm32f407xx.o(.text)
    EXTI3_IRQHandler                         0x080001b7   Thumb Code     0  startup_stm32f407xx.o(.text)
    EXTI4_IRQHandler                         0x080001b7   Thumb Code     0  startup_stm32f407xx.o(.text)
    EXTI9_5_IRQHandler                       0x080001b7   Thumb Code     0  startup_stm32f407xx.o(.text)
    FLASH_IRQHandler                         0x080001b7   Thumb Code     0  startup_stm32f407xx.o(.text)
    FMC_IRQHandler                           0x080001b7   Thumb Code     0  startup_stm32f407xx.o(.text)
    FPU_IRQHandler                           0x080001b7   Thumb Code     0  startup_stm32f407xx.o(.text)
    HASH_RNG_IRQHandler                      0x080001b7   Thumb Code     0  startup_stm32f407xx.o(.text)
    I2C1_ER_IRQHandler                       0x080001b7   Thumb Code     0  startup_stm32f407xx.o(.text)
    I2C1_EV_IRQHandler                       0x080001b7   Thumb Code     0  startup_stm32f407xx.o(.text)
    I2C2_ER_IRQHandler                       0x080001b7   Thumb Code     0  startup_stm32f407xx.o(.text)
    I2C2_EV_IRQHandler                       0x080001b7   Thumb Code     0  startup_stm32f407xx.o(.text)
    I2C3_ER_IRQHandler                       0x080001b7   Thumb Code     0  startup_stm32f407xx.o(.text)
    I2C3_EV_IRQHandler                       0x080001b7   Thumb Code     0  startup_stm32f407xx.o(.text)
    OTG_FS_IRQHandler                        0x080001b7   Thumb Code     0  startup_stm32f407xx.o(.text)
    OTG_FS_WKUP_IRQHandler                   0x080001b7   Thumb Code     0  startup_stm32f407xx.o(.text)
    OTG_HS_EP1_IN_IRQHandler                 0x080001b7   Thumb Code     0  startup_stm32f407xx.o(.text)
    OTG_HS_EP1_OUT_IRQHandler                0x080001b7   Thumb Code     0  startup_stm32f407xx.o(.text)
    OTG_HS_IRQHandler                        0x080001b7   Thumb Code     0  startup_stm32f407xx.o(.text)
    OTG_HS_WKUP_IRQHandler                   0x080001b7   Thumb Code     0  startup_stm32f407xx.o(.text)
    PVD_IRQHandler                           0x080001b7   Thumb Code     0  startup_stm32f407xx.o(.text)
    RCC_IRQHandler                           0x080001b7   Thumb Code     0  startup_stm32f407xx.o(.text)
    RTC_Alarm_IRQHandler                     0x080001b7   Thumb Code     0  startup_stm32f407xx.o(.text)
    RTC_WKUP_IRQHandler                      0x080001b7   Thumb Code     0  startup_stm32f407xx.o(.text)
    SDIO_IRQHandler                          0x080001b7   Thumb Code     0  startup_stm32f407xx.o(.text)
    SPI1_IRQHandler                          0x080001b7   Thumb Code     0  startup_stm32f407xx.o(.text)
    SPI2_IRQHandler                          0x080001b7   Thumb Code     0  startup_stm32f407xx.o(.text)
    SPI3_IRQHandler                          0x080001b7   Thumb Code     0  startup_stm32f407xx.o(.text)
    TAMP_STAMP_IRQHandler                    0x080001b7   Thumb Code     0  startup_stm32f407xx.o(.text)
    TIM1_BRK_TIM9_IRQHandler                 0x080001b7   Thumb Code     0  startup_stm32f407xx.o(.text)
    TIM1_CC_IRQHandler                       0x080001b7   Thumb Code     0  startup_stm32f407xx.o(.text)
    TIM1_TRG_COM_TIM11_IRQHandler            0x080001b7   Thumb Code     0  startup_stm32f407xx.o(.text)
    TIM3_IRQHandler                          0x080001b7   Thumb Code     0  startup_stm32f407xx.o(.text)
    TIM4_IRQHandler                          0x080001b7   Thumb Code     0  startup_stm32f407xx.o(.text)
    TIM5_IRQHandler                          0x080001b7   Thumb Code     0  startup_stm32f407xx.o(.text)
    TIM7_IRQHandler                          0x080001b7   Thumb Code     0  startup_stm32f407xx.o(.text)
    TIM8_BRK_TIM12_IRQHandler                0x080001b7   Thumb Code     0  startup_stm32f407xx.o(.text)
    TIM8_CC_IRQHandler                       0x080001b7   Thumb Code     0  startup_stm32f407xx.o(.text)
    TIM8_TRG_COM_TIM14_IRQHandler            0x080001b7   Thumb Code     0  startup_stm32f407xx.o(.text)
    TIM8_UP_TIM13_IRQHandler                 0x080001b7   Thumb Code     0  startup_stm32f407xx.o(.text)
    UART4_IRQHandler                         0x080001b7   Thumb Code     0  startup_stm32f407xx.o(.text)
    UART5_IRQHandler                         0x080001b7   Thumb Code     0  startup_stm32f407xx.o(.text)
    USART1_IRQHandler                        0x080001b7   Thumb Code     0  startup_stm32f407xx.o(.text)
    USART2_IRQHandler                        0x080001b7   Thumb Code     0  startup_stm32f407xx.o(.text)
    USART6_IRQHandler                        0x080001b7   Thumb Code     0  startup_stm32f407xx.o(.text)
    WWDG_IRQHandler                          0x080001b7   Thumb Code     0  startup_stm32f407xx.o(.text)
    __aeabi_uldivmod                         0x080001c1   Thumb Code    98  uldiv.o(.text)
    __aeabi_memcpy                           0x08000223   Thumb Code    36  memcpya.o(.text)
    __aeabi_memcpy4                          0x08000223   Thumb Code     0  memcpya.o(.text)
    __aeabi_memcpy8                          0x08000223   Thumb Code     0  memcpya.o(.text)
    __aeabi_memset                           0x08000247   Thumb Code    14  memseta.o(.text)
    __aeabi_memset4                          0x08000247   Thumb Code     0  memseta.o(.text)
    __aeabi_memset8                          0x08000247   Thumb Code     0  memseta.o(.text)
    __aeabi_memclr                           0x08000255   Thumb Code     4  memseta.o(.text)
    __aeabi_memclr4                          0x08000255   Thumb Code     0  memseta.o(.text)
    __aeabi_memclr8                          0x08000255   Thumb Code     0  memseta.o(.text)
    _memset$wrapper                          0x08000259   Thumb Code    18  memseta.o(.text)
    __aeabi_f2d                              0x0800026b   Thumb Code    38  f2d.o(.text)
    __aeabi_cdcmpeq                          0x08000291   Thumb Code     0  cdcmple.o(.text)
    __aeabi_cdcmple                          0x08000291   Thumb Code    48  cdcmple.o(.text)
    __aeabi_uidiv                            0x080002c1   Thumb Code     0  uidiv.o(.text)
    __aeabi_uidivmod                         0x080002c1   Thumb Code    44  uidiv.o(.text)
    __aeabi_llsl                             0x080002ed   Thumb Code    30  llshl.o(.text)
    _ll_shift_l                              0x080002ed   Thumb Code     0  llshl.o(.text)
    __aeabi_llsr                             0x0800030b   Thumb Code    32  llushr.o(.text)
    _ll_ushift_r                             0x0800030b   Thumb Code     0  llushr.o(.text)
    __I$use$fp                               0x0800032b   Thumb Code     0  iusefp.o(.text)
    __aeabi_dadd                             0x0800032b   Thumb Code   322  dadd.o(.text)
    __aeabi_dsub                             0x0800046d   Thumb Code     6  dadd.o(.text)
    __aeabi_drsub                            0x08000473   Thumb Code     6  dadd.o(.text)
    __aeabi_dmul                             0x08000479   Thumb Code   228  dmul.o(.text)
    __aeabi_ddiv                             0x0800055d   Thumb Code   222  ddiv.o(.text)
    __aeabi_d2ulz                            0x0800063b   Thumb Code    48  dfixul.o(.text)
    __aeabi_cdrcmple                         0x0800066d   Thumb Code    48  cdrcmple.o(.text)
    __scatterload                            0x0800069d   Thumb Code    28  init.o(.text)
    __scatterload_rt2                        0x0800069d   Thumb Code     0  init.o(.text)
    __aeabi_lasr                             0x080006c1   Thumb Code    36  llsshr.o(.text)
    _ll_sshift_r                             0x080006c1   Thumb Code     0  llsshr.o(.text)
    _double_round                            0x080006e5   Thumb Code    30  depilogue.o(.text)
    _double_epilogue                         0x08000703   Thumb Code   156  depilogue.o(.text)
    BusFault_Handler                         0x0800079f   Thumb Code     4  stm32f4xx_it.o(i.BusFault_Handler)
    DMA1_Stream1_IRQHandler                  0x080007a5   Thumb Code    10  stm32f4xx_it.o(i.DMA1_Stream1_IRQHandler)
    DMA1_Stream3_IRQHandler                  0x080007b5   Thumb Code    10  stm32f4xx_it.o(i.DMA1_Stream3_IRQHandler)
    DebugMon_Handler                         0x080008cf   Thumb Code     2  stm32f4xx_it.o(i.DebugMon_Handler)
    Error_Handler                            0x080008d1   Thumb Code     6  main.o(i.Error_Handler)
    HAL_DMA_Abort                            0x080008d7   Thumb Code   172  stm32f4xx_hal_dma.o(i.HAL_DMA_Abort)
    HAL_DMA_Abort_IT                         0x08000983   Thumb Code    40  stm32f4xx_hal_dma.o(i.HAL_DMA_Abort_IT)
    HAL_DMA_IRQHandler                       0x080009ad   Thumb Code   570  stm32f4xx_hal_dma.o(i.HAL_DMA_IRQHandler)
    HAL_DMA_Init                             0x08000bed   Thumb Code   232  stm32f4xx_hal_dma.o(i.HAL_DMA_Init)
    HAL_DMA_Start_IT                         0x08000cd9   Thumb Code   146  stm32f4xx_hal_dma.o(i.HAL_DMA_Start_IT)
    HAL_Delay                                0x08000d6d   Thumb Code    36  stm32f4xx_hal.o(i.HAL_Delay)
    HAL_GPIO_Init                            0x08000d95   Thumb Code   454  stm32f4xx_hal_gpio.o(i.HAL_GPIO_Init)
    HAL_GetTick                              0x08000f89   Thumb Code     6  stm32f4xx_hal.o(i.HAL_GetTick)
    HAL_IncTick                              0x08000f95   Thumb Code    16  stm32f4xx_hal.o(i.HAL_IncTick)
    HAL_Init                                 0x08000fad   Thumb Code    54  stm32f4xx_hal.o(i.HAL_Init)
    HAL_InitTick                             0x08000fe9   Thumb Code    64  stm32f4xx_hal.o(i.HAL_InitTick)
    HAL_MspInit                              0x08001035   Thumb Code    68  stm32f4xx_hal_msp.o(i.HAL_MspInit)
    HAL_NVIC_EnableIRQ                       0x0800107d   Thumb Code    40  stm32f4xx_hal_cortex.o(i.HAL_NVIC_EnableIRQ)
    HAL_NVIC_SetPriority                     0x080010a5   Thumb Code   124  stm32f4xx_hal_cortex.o(i.HAL_NVIC_SetPriority)
    HAL_NVIC_SetPriorityGrouping             0x08001121   Thumb Code    32  stm32f4xx_hal_cortex.o(i.HAL_NVIC_SetPriorityGrouping)
    HAL_RCC_ClockConfig                      0x08001149   Thumb Code   368  stm32f4xx_hal_rcc.o(i.HAL_RCC_ClockConfig)
    HAL_RCC_GetHCLKFreq                      0x080012cd   Thumb Code     6  stm32f4xx_hal_rcc.o(i.HAL_RCC_GetHCLKFreq)
    HAL_RCC_GetPCLK1Freq                     0x080012d9   Thumb Code    22  stm32f4xx_hal_rcc.o(i.HAL_RCC_GetPCLK1Freq)
    HAL_RCC_GetPCLK2Freq                     0x080012f9   Thumb Code    22  stm32f4xx_hal_rcc.o(i.HAL_RCC_GetPCLK2Freq)
    HAL_RCC_GetSysClockFreq                  0x08001319   Thumb Code   162  stm32f4xx_hal_rcc.o(i.HAL_RCC_GetSysClockFreq)
    HAL_RCC_OscConfig                        0x080013c9   Thumb Code  1172  stm32f4xx_hal_rcc.o(i.HAL_RCC_OscConfig)
    HAL_SYSTICK_Config                       0x08001865   Thumb Code    52  stm32f4xx_hal_cortex.o(i.HAL_SYSTICK_Config)
    HAL_TIMEx_BreakCallback                  0x08001899   Thumb Code     2  stm32f4xx_hal_tim_ex.o(i.HAL_TIMEx_BreakCallback)
    HAL_TIMEx_CommutCallback                 0x0800189b   Thumb Code     2  stm32f4xx_hal_tim_ex.o(i.HAL_TIMEx_CommutCallback)
    HAL_TIMEx_MasterConfigSynchronization    0x0800189d   Thumb Code   150  stm32f4xx_hal_tim_ex.o(i.HAL_TIMEx_MasterConfigSynchronization)
    HAL_TIM_Base_Init                        0x08001951   Thumb Code   102  stm32f4xx_hal_tim.o(i.HAL_TIM_Base_Init)
    HAL_TIM_Base_MspInit                     0x080019b9   Thumb Code   144  tim.o(i.HAL_TIM_Base_MspInit)
    HAL_TIM_Base_Start_IT                    0x08001a59   Thumb Code   138  stm32f4xx_hal_tim.o(i.HAL_TIM_Base_Start_IT)
    HAL_TIM_ConfigClockSource                0x08001b01   Thumb Code   268  stm32f4xx_hal_tim.o(i.HAL_TIM_ConfigClockSource)
    HAL_TIM_Encoder_Init                     0x08001c0d   Thumb Code   200  stm32f4xx_hal_tim.o(i.HAL_TIM_Encoder_Init)
    HAL_TIM_Encoder_MspInit                  0x08001cd5   Thumb Code   320  tim.o(i.HAL_TIM_Encoder_MspInit)
    HAL_TIM_Encoder_Start                    0x08001e25   Thumb Code   204  stm32f4xx_hal_tim.o(i.HAL_TIM_Encoder_Start)
    HAL_TIM_IC_CaptureCallback               0x08001ef1   Thumb Code     2  stm32f4xx_hal_tim.o(i.HAL_TIM_IC_CaptureCallback)
    HAL_TIM_IRQHandler                       0x08001ef3   Thumb Code   364  stm32f4xx_hal_tim.o(i.HAL_TIM_IRQHandler)
    HAL_TIM_MspPostInit                      0x08002061   Thumb Code   154  tim.o(i.HAL_TIM_MspPostInit)
    HAL_TIM_OC_DelayElapsedCallback          0x08002111   Thumb Code     2  stm32f4xx_hal_tim.o(i.HAL_TIM_OC_DelayElapsedCallback)
    HAL_TIM_PWM_ConfigChannel                0x08002113   Thumb Code   260  stm32f4xx_hal_tim.o(i.HAL_TIM_PWM_ConfigChannel)
    HAL_TIM_PWM_Init                         0x08002217   Thumb Code   102  stm32f4xx_hal_tim.o(i.HAL_TIM_PWM_Init)
    HAL_TIM_PWM_MspInit                      0x0800227d   Thumb Code     2  stm32f4xx_hal_tim.o(i.HAL_TIM_PWM_MspInit)
    HAL_TIM_PWM_PulseFinishedCallback        0x0800227f   Thumb Code     2  stm32f4xx_hal_tim.o(i.HAL_TIM_PWM_PulseFinishedCallback)
    HAL_TIM_PWM_Start                        0x08002281   Thumb Code   238  stm32f4xx_hal_tim.o(i.HAL_TIM_PWM_Start)
    HAL_TIM_PeriodElapsedCallback            0x0800238d   Thumb Code   124  tim_init.o(i.HAL_TIM_PeriodElapsedCallback)
    HAL_TIM_TriggerCallback                  0x08002425   Thumb Code     2  stm32f4xx_hal_tim.o(i.HAL_TIM_TriggerCallback)
    HAL_UARTEx_RxEventCallback               0x08002427   Thumb Code     2  stm32f4xx_hal_uart.o(i.HAL_UARTEx_RxEventCallback)
    HAL_UART_DMAStop                         0x08002429   Thumb Code   138  stm32f4xx_hal_uart.o(i.HAL_UART_DMAStop)
    HAL_UART_ErrorCallback                   0x080024b3   Thumb Code     2  stm32f4xx_hal_uart.o(i.HAL_UART_ErrorCallback)
    HAL_UART_IRQHandler                      0x080024b5   Thumb Code   740  stm32f4xx_hal_uart.o(i.HAL_UART_IRQHandler)
    HAL_UART_Init                            0x0800279d   Thumb Code   118  stm32f4xx_hal_uart.o(i.HAL_UART_Init)
    HAL_UART_MspInit                         0x08002815   Thumb Code   260  usart.o(i.HAL_UART_MspInit)
    HAL_UART_Receive_DMA                     0x08002931   Thumb Code    44  stm32f4xx_hal_uart.o(i.HAL_UART_Receive_DMA)
    HAL_UART_RxCpltCallback                  0x0800295d   Thumb Code    96  uart_init.o(i.HAL_UART_RxCpltCallback)
    HAL_UART_RxHalfCpltCallback              0x080029c9   Thumb Code     2  stm32f4xx_hal_uart.o(i.HAL_UART_RxHalfCpltCallback)
    HAL_UART_Transmit                        0x080029cb   Thumb Code   190  stm32f4xx_hal_uart.o(i.HAL_UART_Transmit)
    HAL_UART_TxCpltCallback                  0x08002a89   Thumb Code     2  stm32f4xx_hal_uart.o(i.HAL_UART_TxCpltCallback)
    HardFault_Handler                        0x08002a8b   Thumb Code     4  stm32f4xx_it.o(i.HardFault_Handler)
    MX_DMA_Init                              0x08002a91   Thumb Code    68  dma.o(i.MX_DMA_Init)
    MX_GPIO_Init                             0x08002ad9   Thumb Code   126  gpio.o(i.MX_GPIO_Init)
    MX_TIM12_Init                            0x08002b5d   Thumb Code   146  tim.o(i.MX_TIM12_Init)
    MX_TIM1_Init                             0x08002bf9   Thumb Code   116  tim.o(i.MX_TIM1_Init)
    MX_TIM2_Init                             0x08002c75   Thumb Code   114  tim.o(i.MX_TIM2_Init)
    MX_TIM5_Init                             0x08002ced   Thumb Code   202  tim.o(i.MX_TIM5_Init)
    MX_TIM6_Init                             0x08002dc1   Thumb Code    66  tim.o(i.MX_TIM6_Init)
    MX_USART3_UART_Init                      0x08002e0d   Thumb Code    46  usart.o(i.MX_USART3_UART_Init)
    MemManage_Handler                        0x08002e45   Thumb Code     4  stm32f4xx_it.o(i.MemManage_Handler)
    NMI_Handler                              0x08002e49   Thumb Code     4  stm32f4xx_it.o(i.NMI_Handler)
    PID_calc                                 0x08002e4d   Thumb Code   496  pid.o(i.PID_calc)
    PendSV_Handler                           0x08003041   Thumb Code     2  stm32f4xx_it.o(i.PendSV_Handler)
    SVC_Handler                              0x08003043   Thumb Code     2  stm32f4xx_it.o(i.SVC_Handler)
    SysTick_Handler                          0x08003045   Thumb Code     8  stm32f4xx_it.o(i.SysTick_Handler)
    SystemClock_Config                       0x0800304d   Thumb Code   170  main.o(i.SystemClock_Config)
    SystemInit                               0x08003101   Thumb Code    14  system_stm32f4xx.o(i.SystemInit)
    TIM1_UP_TIM10_IRQHandler                 0x08003115   Thumb Code    10  stm32f4xx_it.o(i.TIM1_UP_TIM10_IRQHandler)
    TIM2_IRQHandler                          0x08003125   Thumb Code    10  stm32f4xx_it.o(i.TIM2_IRQHandler)
    TIM6_DAC_IRQHandler                      0x08003135   Thumb Code    10  stm32f4xx_it.o(i.TIM6_DAC_IRQHandler)
    TIM_Base_SetConfig                       0x08003145   Thumb Code   186  stm32f4xx_hal_tim.o(i.TIM_Base_SetConfig)
    TIM_CCxChannelCmd                        0x0800322d   Thumb Code    34  stm32f4xx_hal_tim.o(i.TIM_CCxChannelCmd)
    TIM_ETR_SetConfig                        0x0800324f   Thumb Code    22  stm32f4xx_hal_tim.o(i.TIM_ETR_SetConfig)
    TIM_OC2_SetConfig                        0x080032e9   Thumb Code   114  stm32f4xx_hal_tim.o(i.TIM_OC2_SetConfig)
    UART_Start_Receive_DMA                   0x08003995   Thumb Code   186  stm32f4xx_hal_uart.o(i.UART_Start_Receive_DMA)
    USART3_IRQHandler                        0x08003b49   Thumb Code    10  stm32f4xx_it.o(i.USART3_IRQHandler)
    UsageFault_Handler                       0x08003b59   Thumb Code     4  stm32f4xx_it.o(i.UsageFault_Handler)
    __0printf                                0x08003b5d   Thumb Code    22  printfa.o(i.__0printf)
    __1printf                                0x08003b5d   Thumb Code     0  printfa.o(i.__0printf)
    __2printf                                0x08003b5d   Thumb Code     0  printfa.o(i.__0printf)
    __c89printf                              0x08003b5d   Thumb Code     0  printfa.o(i.__0printf)
    printf                                   0x08003b5d   Thumb Code     0  printfa.o(i.__0printf)
    __hardfp_fabs                            0x08003bb5   Thumb Code    20  fabs.o(i.__hardfp_fabs)
    __scatterload_copy                       0x08003bc9   Thumb Code    14  handlers.o(i.__scatterload_copy)
    __scatterload_null                       0x08003bd7   Thumb Code     2  handlers.o(i.__scatterload_null)
    __scatterload_zeroinit                   0x08003bd9   Thumb Code    14  handlers.o(i.__scatterload_zeroinit)
    abs_limit                                0x0800447b   Thumb Code    46  pid.o(i.abs_limit)
    big_set_postion                          0x080044a9   Thumb Code   212  motor_control.o(i.big_set_postion)
    fputc                                    0x0800461d   Thumb Code    22  uart_init.o(i.fputc)
    handle_receidved_data                    0x08004639   Thumb Code   106  uart_init.o(i.handle_receidved_data)
    main                                     0x080046ad   Thumb Code    60  main.o(i.main)
    motor_big                                0x080046ed   Thumb Code    52  motor_control.o(i.motor_big)
    motor_cetui_set_postion                  0x08004729   Thumb Code   162  motor_control.o(i.motor_cetui_set_postion)
    motor_small                              0x080047d9   Thumb Code    52  motor_control.o(i.motor_small)
    pid_param_init                           0x08004815   Thumb Code    32  pid.o(i.pid_param_init)
    process_data                             0x08004835   Thumb Code   104  uart_init.o(i.process_data)
    protocol_init                            0x080048b5   Thumb Code    20  protocol.o(i.protocol_init)
    small_set_postion                        0x080048d1   Thumb Code   220  motor_control.o(i.small_set_postion)
    system_init                              0x08004a51   Thumb Code    92  app.o(i.system_init)
    tim_basic_enable                         0x08004acd   Thumb Code    10  tim_init.o(i.tim_basic_enable)
    tim_econder_enable                       0x08004add   Thumb Code    80  tim_init.o(i.tim_econder_enable)
    tim_pwm_enable                           0x08004b35   Thumb Code    36  tim_init.o(i.tim_pwm_enable)
    uart_enable                              0x08004b5d   Thumb Code    30  uart_init.o(i.uart_enable)
    validate_data                            0x08004b85   Thumb Code    38  uart_init.o(i.validate_data)
    AHBPrescTable                            0x08004bb2   Data          16  system_stm32f4xx.o(.constdata)
    APBPrescTable                            0x08004bc2   Data           8  system_stm32f4xx.o(.constdata)
    Region$$Table$$Base                      0x08004bcc   Number         0  anon$$obj.o(Region$$Table)
    Region$$Table$$Limit                     0x08004bec   Number         0  anon$$obj.o(Region$$Table)
    g_motorEnable                            0x20000000   Data           1  motor_control.o(.data)
    g_cemotorEnable                          0x20000001   Data           1  motor_control.o(.data)
    g_bigEncoderOverflowCount                0x2000003c   Data           2  tim_init.o(.data)
    g_smallEncoderOverflowCount              0x2000003e   Data           2  tim_init.o(.data)
    framaHeader                              0x20000040   Data           2  uart_init.o(.data)
    framaTail                                0x20000042   Data           1  uart_init.o(.data)
    g_jianPosition                           0x20000044   Data           2  uart_init.o(.data)
    g_bigPosition                            0x20000046   Data           2  uart_init.o(.data)
    g_smallPosition                          0x20000048   Data           2  uart_init.o(.data)
    g_wanPosition                            0x2000004a   Data           2  uart_init.o(.data)
    g_zhua                                   0x2000004c   Data           1  uart_init.o(.data)
    Ce_Speed                                 0x2000004e   Data           2  uart_init.o(.data)
    uwTick                                   0x20000050   Data           4  stm32f4xx_hal.o(.data)
    uwTickPrio                               0x20000054   Data           4  stm32f4xx_hal.o(.data)
    uwTickFreq                               0x20000058   Data           1  stm32f4xx_hal.o(.data)
    SystemCoreClock                          0x2000005c   Data           4  system_stm32f4xx.o(.data)
    __stdout                                 0x20000060   Data           4  stdout.o(.data)
    Motor_Big                                0x20000064   Data         108  pid.o(.bss)
    Motor_Small                              0x200000d0   Data         108  pid.o(.bss)
    Motor_Ce                                 0x2000013c   Data         108  pid.o(.bss)
    recBuffer                                0x20000240   Data          48  uart_init.o(.bss)
    recData                                  0x20000270   Data          48  uart_init.o(.bss)
    recPosition                              0x200002a0   Data          16  uart_init.o(.bss)
    htim1                                    0x200002b0   Data          72  tim.o(.bss)
    htim2                                    0x200002f8   Data          72  tim.o(.bss)
    htim5                                    0x20000340   Data          72  tim.o(.bss)
    htim6                                    0x20000388   Data          72  tim.o(.bss)
    htim12                                   0x200003d0   Data          72  tim.o(.bss)
    huart3                                   0x20000418   Data          72  usart.o(.bss)
    hdma_usart3_rx                           0x20000460   Data          96  usart.o(.bss)
    hdma_usart3_tx                           0x200004c0   Data          96  usart.o(.bss)
    __initial_sp                             0x20000920   Data           0  startup_stm32f407xx.o(STACK)



==============================================================================

Memory Map of the image

  Image Entry point : 0x08000189

  Load Region LR_IROM1 (Base: 0x08000000, Size: 0x00004c50, Max: 0x00100000, ABSOLUTE)

    Execution Region ER_IROM1 (Base: 0x08000000, Size: 0x00004bec, Max: 0x00100000, ABSOLUTE)

    Base Addr    Size         Type   Attr      Idx    E Section Name        Object

    0x08000000   0x00000188   Data   RO            3    RESET               startup_stm32f407xx.o
    0x08000188   0x00000000   Code   RO         3492  * .ARM.Collect$$$$00000000  mc_w.l(entry.o)
    0x08000188   0x00000004   Code   RO         3768    .ARM.Collect$$$$00000001  mc_w.l(entry2.o)
    0x0800018c   0x00000004   Code   RO         3771    .ARM.Collect$$$$00000004  mc_w.l(entry5.o)
    0x08000190   0x00000000   Code   RO         3773    .ARM.Collect$$$$00000008  mc_w.l(entry7b.o)
    0x08000190   0x00000000   Code   RO         3775    .ARM.Collect$$$$0000000A  mc_w.l(entry8b.o)
    0x08000190   0x00000008   Code   RO         3776    .ARM.Collect$$$$0000000B  mc_w.l(entry9a.o)
    0x08000198   0x00000000   Code   RO         3778    .ARM.Collect$$$$0000000D  mc_w.l(entry10a.o)
    0x08000198   0x00000000   Code   RO         3780    .ARM.Collect$$$$0000000F  mc_w.l(entry11a.o)
    0x08000198   0x00000004   Code   RO         3769    .ARM.Collect$$$$00002712  mc_w.l(entry2.o)
    0x0800019c   0x00000024   Code   RO            4    .text               startup_stm32f407xx.o
    0x080001c0   0x00000062   Code   RO         3495    .text               mc_w.l(uldiv.o)
    0x08000222   0x00000024   Code   RO         3497    .text               mc_w.l(memcpya.o)
    0x08000246   0x00000024   Code   RO         3499    .text               mc_w.l(memseta.o)
    0x0800026a   0x00000026   Code   RO         3764    .text               mf_w.l(f2d.o)
    0x08000290   0x00000030   Code   RO         3766    .text               mf_w.l(cdcmple.o)
    0x080002c0   0x0000002c   Code   RO         3783    .text               mc_w.l(uidiv.o)
    0x080002ec   0x0000001e   Code   RO         3785    .text               mc_w.l(llshl.o)
    0x0800030a   0x00000020   Code   RO         3787    .text               mc_w.l(llushr.o)
    0x0800032a   0x00000000   Code   RO         3789    .text               mc_w.l(iusefp.o)
    0x0800032a   0x0000014e   Code   RO         3790    .text               mf_w.l(dadd.o)
    0x08000478   0x000000e4   Code   RO         3792    .text               mf_w.l(dmul.o)
    0x0800055c   0x000000de   Code   RO         3794    .text               mf_w.l(ddiv.o)
    0x0800063a   0x00000030   Code   RO         3796    .text               mf_w.l(dfixul.o)
    0x0800066a   0x00000002   PAD
    0x0800066c   0x00000030   Code   RO         3798    .text               mf_w.l(cdrcmple.o)
    0x0800069c   0x00000024   Code   RO         3800    .text               mc_w.l(init.o)
    0x080006c0   0x00000024   Code   RO         3802    .text               mc_w.l(llsshr.o)
    0x080006e4   0x000000ba   Code   RO         3804    .text               mf_w.l(depilogue.o)
    0x0800079e   0x00000004   Code   RO          771    i.BusFault_Handler  stm32f4xx_it.o
    0x080007a2   0x00000002   PAD
    0x080007a4   0x00000010   Code   RO          772    i.DMA1_Stream1_IRQHandler  stm32f4xx_it.o
    0x080007b4   0x00000010   Code   RO          773    i.DMA1_Stream3_IRQHandler  stm32f4xx_it.o
    0x080007c4   0x00000034   Code   RO         2395    i.DMA_CalcBaseAndBitshift  stm32f4xx_hal_dma.o
    0x080007f8   0x000000aa   Code   RO         2396    i.DMA_CheckFifoParam  stm32f4xx_hal_dma.o
    0x080008a2   0x0000002c   Code   RO         2397    i.DMA_SetConfig     stm32f4xx_hal_dma.o
    0x080008ce   0x00000002   Code   RO          774    i.DebugMon_Handler  stm32f4xx_it.o
    0x080008d0   0x00000006   Code   RO          542    i.Error_Handler     main.o
    0x080008d6   0x000000ac   Code   RO         2398    i.HAL_DMA_Abort     stm32f4xx_hal_dma.o
    0x08000982   0x00000028   Code   RO         2399    i.HAL_DMA_Abort_IT  stm32f4xx_hal_dma.o
    0x080009aa   0x00000002   PAD
    0x080009ac   0x00000240   Code   RO         2403    i.HAL_DMA_IRQHandler  stm32f4xx_hal_dma.o
    0x08000bec   0x000000ec   Code   RO         2404    i.HAL_DMA_Init      stm32f4xx_hal_dma.o
    0x08000cd8   0x00000092   Code   RO         2408    i.HAL_DMA_Start_IT  stm32f4xx_hal_dma.o
    0x08000d6a   0x00000002   PAD
    0x08000d6c   0x00000028   Code   RO         2828    i.HAL_Delay         stm32f4xx_hal.o
    0x08000d94   0x000001f4   Code   RO         2291    i.HAL_GPIO_Init     stm32f4xx_hal_gpio.o
    0x08000f88   0x0000000c   Code   RO         2834    i.HAL_GetTick       stm32f4xx_hal.o
    0x08000f94   0x00000018   Code   RO         2840    i.HAL_IncTick       stm32f4xx_hal.o
    0x08000fac   0x0000003c   Code   RO         2841    i.HAL_Init          stm32f4xx_hal.o
    0x08000fe8   0x0000004c   Code   RO         2842    i.HAL_InitTick      stm32f4xx_hal.o
    0x08001034   0x00000048   Code   RO          883    i.HAL_MspInit       stm32f4xx_hal_msp.o
    0x0800107c   0x00000028   Code   RO         2681    i.HAL_NVIC_EnableIRQ  stm32f4xx_hal_cortex.o
    0x080010a4   0x0000007c   Code   RO         2687    i.HAL_NVIC_SetPriority  stm32f4xx_hal_cortex.o
    0x08001120   0x00000028   Code   RO         2688    i.HAL_NVIC_SetPriorityGrouping  stm32f4xx_hal_cortex.o
    0x08001148   0x00000184   Code   RO         1892    i.HAL_RCC_ClockConfig  stm32f4xx_hal_rcc.o
    0x080012cc   0x0000000c   Code   RO         1897    i.HAL_RCC_GetHCLKFreq  stm32f4xx_hal_rcc.o
    0x080012d8   0x00000020   Code   RO         1899    i.HAL_RCC_GetPCLK1Freq  stm32f4xx_hal_rcc.o
    0x080012f8   0x00000020   Code   RO         1900    i.HAL_RCC_GetPCLK2Freq  stm32f4xx_hal_rcc.o
    0x08001318   0x000000b0   Code   RO         1901    i.HAL_RCC_GetSysClockFreq  stm32f4xx_hal_rcc.o
    0x080013c8   0x0000049c   Code   RO         1904    i.HAL_RCC_OscConfig  stm32f4xx_hal_rcc.o
    0x08001864   0x00000034   Code   RO         2692    i.HAL_SYSTICK_Config  stm32f4xx_hal_cortex.o
    0x08001898   0x00000002   Code   RO         1624    i.HAL_TIMEx_BreakCallback  stm32f4xx_hal_tim_ex.o
    0x0800189a   0x00000002   Code   RO         1625    i.HAL_TIMEx_CommutCallback  stm32f4xx_hal_tim_ex.o
    0x0800189c   0x000000b4   Code   RO         1643    i.HAL_TIMEx_MasterConfigSynchronization  stm32f4xx_hal_tim_ex.o
    0x08001950   0x00000066   Code   RO          909    i.HAL_TIM_Base_Init  stm32f4xx_hal_tim.o
    0x080019b6   0x00000002   PAD
    0x080019b8   0x000000a0   Code   RO          646    i.HAL_TIM_Base_MspInit  tim.o
    0x08001a58   0x000000a8   Code   RO          914    i.HAL_TIM_Base_Start_IT  stm32f4xx_hal_tim.o
    0x08001b00   0x0000010c   Code   RO          918    i.HAL_TIM_ConfigClockSource  stm32f4xx_hal_tim.o
    0x08001c0c   0x000000c8   Code   RO          930    i.HAL_TIM_Encoder_Init  stm32f4xx_hal_tim.o
    0x08001cd4   0x00000150   Code   RO          648    i.HAL_TIM_Encoder_MspInit  tim.o
    0x08001e24   0x000000cc   Code   RO          933    i.HAL_TIM_Encoder_Start  stm32f4xx_hal_tim.o
    0x08001ef0   0x00000002   Code   RO          943    i.HAL_TIM_IC_CaptureCallback  stm32f4xx_hal_tim.o
    0x08001ef2   0x0000016c   Code   RO          957    i.HAL_TIM_IRQHandler  stm32f4xx_hal_tim.o
    0x0800205e   0x00000002   PAD
    0x08002060   0x000000b0   Code   RO          649    i.HAL_TIM_MspPostInit  tim.o
    0x08002110   0x00000002   Code   RO          960    i.HAL_TIM_OC_DelayElapsedCallback  stm32f4xx_hal_tim.o
    0x08002112   0x00000104   Code   RO          981    i.HAL_TIM_PWM_ConfigChannel  stm32f4xx_hal_tim.o
    0x08002216   0x00000066   Code   RO          984    i.HAL_TIM_PWM_Init  stm32f4xx_hal_tim.o
    0x0800227c   0x00000002   Code   RO          986    i.HAL_TIM_PWM_MspInit  stm32f4xx_hal_tim.o
    0x0800227e   0x00000002   Code   RO          987    i.HAL_TIM_PWM_PulseFinishedCallback  stm32f4xx_hal_tim.o
    0x08002280   0x0000010c   Code   RO          989    i.HAL_TIM_PWM_Start  stm32f4xx_hal_tim.o
    0x0800238c   0x00000098   Code   RO          408    i.HAL_TIM_PeriodElapsedCallback  tim_init.o
    0x08002424   0x00000002   Code   RO         1000    i.HAL_TIM_TriggerCallback  stm32f4xx_hal_tim.o
    0x08002426   0x00000002   Code   RO         3091    i.HAL_UARTEx_RxEventCallback  stm32f4xx_hal_uart.o
    0x08002428   0x0000008a   Code   RO         3103    i.HAL_UART_DMAStop  stm32f4xx_hal_uart.o
    0x080024b2   0x00000002   Code   RO         3105    i.HAL_UART_ErrorCallback  stm32f4xx_hal_uart.o
    0x080024b4   0x000002e8   Code   RO         3108    i.HAL_UART_IRQHandler  stm32f4xx_hal_uart.o
    0x0800279c   0x00000076   Code   RO         3109    i.HAL_UART_Init     stm32f4xx_hal_uart.o
    0x08002812   0x00000002   PAD
    0x08002814   0x0000011c   Code   RO          730    i.HAL_UART_MspInit  usart.o
    0x08002930   0x0000002c   Code   RO         3113    i.HAL_UART_Receive_DMA  stm32f4xx_hal_uart.o
    0x0800295c   0x0000006c   Code   RO          462    i.HAL_UART_RxCpltCallback  uart_init.o
    0x080029c8   0x00000002   Code   RO         3116    i.HAL_UART_RxHalfCpltCallback  stm32f4xx_hal_uart.o
    0x080029ca   0x000000be   Code   RO         3117    i.HAL_UART_Transmit  stm32f4xx_hal_uart.o
    0x08002a88   0x00000002   Code   RO         3120    i.HAL_UART_TxCpltCallback  stm32f4xx_hal_uart.o
    0x08002a8a   0x00000004   Code   RO          775    i.HardFault_Handler  stm32f4xx_it.o
    0x08002a8e   0x00000002   PAD
    0x08002a90   0x00000048   Code   RO          621    i.MX_DMA_Init       dma.o
    0x08002ad8   0x00000084   Code   RO          597    i.MX_GPIO_Init      gpio.o
    0x08002b5c   0x0000009c   Code   RO          650    i.MX_TIM12_Init     tim.o
    0x08002bf8   0x0000007c   Code   RO          651    i.MX_TIM1_Init      tim.o
    0x08002c74   0x00000078   Code   RO          652    i.MX_TIM2_Init      tim.o
    0x08002cec   0x000000d4   Code   RO          653    i.MX_TIM5_Init      tim.o
    0x08002dc0   0x0000004c   Code   RO          654    i.MX_TIM6_Init      tim.o
    0x08002e0c   0x00000038   Code   RO          731    i.MX_USART3_UART_Init  usart.o
    0x08002e44   0x00000004   Code   RO          776    i.MemManage_Handler  stm32f4xx_it.o
    0x08002e48   0x00000004   Code   RO          777    i.NMI_Handler       stm32f4xx_it.o
    0x08002e4c   0x000001f4   Code   RO          179    i.PID_calc          pid.o
    0x08003040   0x00000002   Code   RO          778    i.PendSV_Handler    stm32f4xx_it.o
    0x08003042   0x00000002   Code   RO          779    i.SVC_Handler       stm32f4xx_it.o
    0x08003044   0x00000008   Code   RO          780    i.SysTick_Handler   stm32f4xx_it.o
    0x0800304c   0x000000b4   Code   RO          543    i.SystemClock_Config  main.o
    0x08003100   0x00000014   Code   RO         3453    i.SystemInit        system_stm32f4xx.o
    0x08003114   0x00000010   Code   RO          781    i.TIM1_UP_TIM10_IRQHandler  stm32f4xx_it.o
    0x08003124   0x00000010   Code   RO          782    i.TIM2_IRQHandler   stm32f4xx_it.o
    0x08003134   0x00000010   Code   RO          783    i.TIM6_DAC_IRQHandler  stm32f4xx_it.o
    0x08003144   0x000000e8   Code   RO         1002    i.TIM_Base_SetConfig  stm32f4xx_hal_tim.o
    0x0800322c   0x00000022   Code   RO         1003    i.TIM_CCxChannelCmd  stm32f4xx_hal_tim.o
    0x0800324e   0x00000016   Code   RO         1013    i.TIM_ETR_SetConfig  stm32f4xx_hal_tim.o
    0x08003264   0x00000012   Code   RO         1014    i.TIM_ITRx_SetConfig  stm32f4xx_hal_tim.o
    0x08003276   0x00000002   PAD
    0x08003278   0x00000070   Code   RO         1015    i.TIM_OC1_SetConfig  stm32f4xx_hal_tim.o
    0x080032e8   0x0000007c   Code   RO         1016    i.TIM_OC2_SetConfig  stm32f4xx_hal_tim.o
    0x08003364   0x00000078   Code   RO         1017    i.TIM_OC3_SetConfig  stm32f4xx_hal_tim.o
    0x080033dc   0x00000054   Code   RO         1018    i.TIM_OC4_SetConfig  stm32f4xx_hal_tim.o
    0x08003430   0x00000026   Code   RO         1020    i.TIM_TI1_ConfigInputStage  stm32f4xx_hal_tim.o
    0x08003456   0x00000028   Code   RO         1022    i.TIM_TI2_ConfigInputStage  stm32f4xx_hal_tim.o
    0x0800347e   0x00000014   Code   RO         3122    i.UART_DMAAbortOnError  stm32f4xx_hal_uart.o
    0x08003492   0x00000050   Code   RO         3123    i.UART_DMAError     stm32f4xx_hal_uart.o
    0x080034e2   0x000000b4   Code   RO         3124    i.UART_DMAReceiveCplt  stm32f4xx_hal_uart.o
    0x08003596   0x00000024   Code   RO         3126    i.UART_DMARxHalfCplt  stm32f4xx_hal_uart.o
    0x080035ba   0x0000006c   Code   RO         3132    i.UART_EndRxTransfer  stm32f4xx_hal_uart.o
    0x08003626   0x00000020   Code   RO         3133    i.UART_EndTransmit_IT  stm32f4xx_hal_uart.o
    0x08003646   0x00000026   Code   RO         3134    i.UART_EndTxTransfer  stm32f4xx_hal_uart.o
    0x0800366c   0x000000fc   Code   RO         3135    i.UART_Receive_IT   stm32f4xx_hal_uart.o
    0x08003768   0x0000022c   Code   RO         3136    i.UART_SetConfig    stm32f4xx_hal_uart.o
    0x08003994   0x000000c8   Code   RO         3137    i.UART_Start_Receive_DMA  stm32f4xx_hal_uart.o
    0x08003a5c   0x00000060   Code   RO         3139    i.UART_Transmit_IT  stm32f4xx_hal_uart.o
    0x08003abc   0x0000008c   Code   RO         3140    i.UART_WaitOnFlagUntilTimeout  stm32f4xx_hal_uart.o
    0x08003b48   0x00000010   Code   RO          784    i.USART3_IRQHandler  stm32f4xx_it.o
    0x08003b58   0x00000004   Code   RO          785    i.UsageFault_Handler  stm32f4xx_it.o
    0x08003b5c   0x00000020   Code   RO         3736    i.__0printf         mc_w.l(printfa.o)
    0x08003b7c   0x00000010   Code   RO         2694    i.__NVIC_GetPriorityGrouping  stm32f4xx_hal_cortex.o
    0x08003b8c   0x00000028   Code   RO         2695    i.__NVIC_SetPriority  stm32f4xx_hal_cortex.o
    0x08003bb4   0x00000014   Code   RO         3486    i.__hardfp_fabs     m_wm.l(fabs.o)
    0x08003bc8   0x0000000e   Code   RO         3808    i.__scatterload_copy  mc_w.l(handlers.o)
    0x08003bd6   0x00000002   Code   RO         3809    i.__scatterload_null  mc_w.l(handlers.o)
    0x08003bd8   0x0000000e   Code   RO         3810    i.__scatterload_zeroinit  mc_w.l(handlers.o)
    0x08003be6   0x00000002   PAD
    0x08003be8   0x00000164   Code   RO         3743    i._fp_digits        mc_w.l(printfa.o)
    0x08003d4c   0x000006dc   Code   RO         3744    i._printf_core      mc_w.l(printfa.o)
    0x08004428   0x00000024   Code   RO         3745    i._printf_post_padding  mc_w.l(printfa.o)
    0x0800444c   0x0000002e   Code   RO         3746    i._printf_pre_padding  mc_w.l(printfa.o)
    0x0800447a   0x0000002e   Code   RO          181    i.abs_limit         pid.o
    0x080044a8   0x00000174   Code   RO          329    i.big_set_postion   motor_control.o
    0x0800461c   0x0000001c   Code   RO          465    i.fputc             uart_init.o
    0x08004638   0x00000074   Code   RO          466    i.handle_receidved_data  uart_init.o
    0x080046ac   0x00000040   Code   RO          544    i.main              main.o
    0x080046ec   0x0000003c   Code   RO          333    i.motor_big         motor_control.o
    0x08004728   0x000000b0   Code   RO          334    i.motor_cetui_set_postion  motor_control.o
    0x080047d8   0x0000003c   Code   RO          335    i.motor_small       motor_control.o
    0x08004814   0x00000020   Code   RO          183    i.pid_param_init    pid.o
    0x08004834   0x00000080   Code   RO          468    i.process_data      uart_init.o
    0x080048b4   0x0000001c   Code   RO          250    i.protocol_init     protocol.o
    0x080048d0   0x00000180   Code   RO          337    i.small_set_postion  motor_control.o
    0x08004a50   0x0000007c   Code   RO           13    i.system_init       app.o
    0x08004acc   0x00000010   Code   RO          409    i.tim_basic_enable  tim_init.o
    0x08004adc   0x00000058   Code   RO          410    i.tim_econder_enable  tim_init.o
    0x08004b34   0x00000028   Code   RO          412    i.tim_pwm_enable    tim_init.o
    0x08004b5c   0x00000028   Code   RO          469    i.uart_enable       uart_init.o
    0x08004b84   0x00000026   Code   RO          470    i.validate_data     uart_init.o
    0x08004baa   0x00000008   Data   RO         2410    .constdata          stm32f4xx_hal_dma.o
    0x08004bb2   0x00000018   Data   RO         3454    .constdata          system_stm32f4xx.o
    0x08004bca   0x00000002   PAD
    0x08004bcc   0x00000020   Data   RO         3806    Region$$Table       anon$$obj.o


    Execution Region RW_IRAM1 (Base: 0x20000000, Size: 0x00000920, Max: 0x0001c000, ABSOLUTE)

    Base Addr    Size         Type   Attr      Idx    E Section Name        Object

    0x20000000   0x0000003c   Data   RW          339    .data               motor_control.o
    0x2000003c   0x00000004   Data   RW          413    .data               tim_init.o
    0x20000040   0x00000010   Data   RW          472    .data               uart_init.o
    0x20000050   0x00000009   Data   RW         2848    .data               stm32f4xx_hal.o
    0x20000059   0x00000003   PAD
    0x2000005c   0x00000004   Data   RW         3455    .data               system_stm32f4xx.o
    0x20000060   0x00000004   Data   RW         3782    .data               mc_w.l(stdout.o)
    0x20000064   0x00000144   Zero   RW          185    .bss                pid.o
    0x200001a8   0x00000096   Zero   RW          256    .bss                protocol.o
    0x2000023e   0x00000002   PAD
    0x20000240   0x00000070   Zero   RW          471    .bss                uart_init.o
    0x200002b0   0x00000168   Zero   RW          655    .bss                tim.o
    0x20000418   0x00000108   Zero   RW          732    .bss                usart.o
    0x20000520   0x00000400   Zero   RW            1    STACK               startup_stm32f407xx.o


    Execution Region RW_IRAM2 (Base: 0x2001c000, Size: 0x00000000, Max: 0x00004000, ABSOLUTE)

    **** No section assigned to this execution region ****


==============================================================================

Image component sizes


      Code (inc. data)   RO Data    RW Data    ZI Data      Debug   Object Name

       124         32          0          0          0     693798   app.o
        72          4          0          0          0        806   dma.o
       132          6          0          0          0        923   gpio.o
       250         14          0          0          0       2104   main.o
      1052        354          0         60          0       4238   motor_control.o
       578          4          0          0        324       3805   pid.o
        28          8          0          0        150       1809   protocol.o
        36          8        392          0       1024        852   startup_stm32f407xx.o
       212         36          0          9          0       9533   stm32f4xx_hal.o
       312         22          0          0          0      34463   stm32f4xx_hal_cortex.o
      1436         16          8          0          0       7174   stm32f4xx_hal_dma.o
       500         46          0          0          0       1484   stm32f4xx_hal_gpio.o
        72          4          0          0          0        890   stm32f4xx_hal_msp.o
      1820         84          0          0          0       5740   stm32f4xx_hal_rcc.o
      2770        142          0          0          0      19035   stm32f4xx_hal_tim.o
       184         30          0          0          0       2593   stm32f4xx_hal_tim_ex.o
      2980         28          0          0          0      17267   stm32f4xx_hal_uart.o
       130         36          0          0          0       7493   stm32f4xx_it.o
        20          6         24          4          0       1175   system_stm32f4xx.o
      1360         98          0          0        360       6280   tim.o
       296         46          0          4          0       2805   tim_init.o
       458         62          0         16        112       4892   uart_init.o
       340         34          0          0        264       1952   usart.o

    ----------------------------------------------------------------------
     15178       1120        458         96       2236     831111   Object Totals
         0          0         32          0          0          0   (incl. Generated)
        16          0          2          3          2          0   (incl. Padding)

    ----------------------------------------------------------------------

      Code (inc. data)   RO Data    RW Data    ZI Data      Debug   Library Member Name

        20          0          0          0          0        124   fabs.o
         0          0          0          0          0          0   entry.o
         0          0          0          0          0          0   entry10a.o
         0          0          0          0          0          0   entry11a.o
         8          4          0          0          0          0   entry2.o
         4          0          0          0          0          0   entry5.o
         0          0          0          0          0          0   entry7b.o
         0          0          0          0          0          0   entry8b.o
         8          4          0          0          0          0   entry9a.o
        30          0          0          0          0          0   handlers.o
        36          8          0          0          0         68   init.o
         0          0          0          0          0          0   iusefp.o
        30          0          0          0          0         68   llshl.o
        36          0          0          0          0         68   llsshr.o
        32          0          0          0          0         68   llushr.o
        36          0          0          0          0         68   memcpya.o
        36          0          0          0          0        108   memseta.o
      2226         90          0          0          0        444   printfa.o
         0          0          0          4          0          0   stdout.o
        44          0          0          0          0         80   uidiv.o
        98          0          0          0          0         92   uldiv.o
        48          0          0          0          0         68   cdcmple.o
        48          0          0          0          0         68   cdrcmple.o
       334          0          0          0          0        148   dadd.o
       222          0          0          0          0        100   ddiv.o
       186          0          0          0          0        176   depilogue.o
        48          0          0          0          0         68   dfixul.o
       228          0          0          0          0         96   dmul.o
        38          0          0          0          0         68   f2d.o

    ----------------------------------------------------------------------
      3800        106          0          4          0       1980   Library Totals
         4          0          0          0          0          0   (incl. Padding)

    ----------------------------------------------------------------------

      Code (inc. data)   RO Data    RW Data    ZI Data      Debug   Library Name

        20          0          0          0          0        124   m_wm.l
      2624        106          0          4          0       1064   mc_w.l
      1152          0          0          0          0        792   mf_w.l

    ----------------------------------------------------------------------
      3800        106          0          4          0       1980   Library Totals

    ----------------------------------------------------------------------

==============================================================================


      Code (inc. data)   RO Data    RW Data    ZI Data      Debug   

     18978       1226        458        100       2236     820559   Grand Totals
     18978       1226        458        100       2236     820559   ELF Image Totals
     18978       1226        458        100          0          0   ROM Totals

==============================================================================

    Total RO  Size (Code + RO Data)                19436 (  18.98kB)
    Total RW  Size (RW Data + ZI Data)              2336 (   2.28kB)
    Total ROM Size (Code + RO Data + RW Data)      19536 (  19.08kB)

==============================================================================

