Component: ARM Compiler 5.06 update 1 (build 61) Tool: armlink [4d35a8]

==============================================================================

Section Cross References

    startup_stm32f103xe.o(STACK) refers (Special) to heapauxi.o(.text) for __use_two_region_memory
    startup_stm32f103xe.o(HEAP) refers (Special) to heapauxi.o(.text) for __use_two_region_memory
    startup_stm32f103xe.o(RESET) refers (Special) to heapauxi.o(.text) for __use_two_region_memory
    startup_stm32f103xe.o(RESET) refers to startup_stm32f103xe.o(STACK) for __initial_sp
    startup_stm32f103xe.o(RESET) refers to startup_stm32f103xe.o(.text) for Reset_Handler
    startup_stm32f103xe.o(RESET) refers to stm32f1xx_it.o(i.NMI_Handler) for NMI_Handler
    startup_stm32f103xe.o(RESET) refers to stm32f1xx_it.o(i.HardFault_Handler) for HardFault_Handler
    startup_stm32f103xe.o(RESET) refers to stm32f1xx_it.o(i.MemManage_Handler) for MemManage_Handler
    startup_stm32f103xe.o(RESET) refers to stm32f1xx_it.o(i.BusFault_Handler) for BusFault_Handler
    startup_stm32f103xe.o(RESET) refers to stm32f1xx_it.o(i.UsageFault_Handler) for UsageFault_Handler
    startup_stm32f103xe.o(RESET) refers to stm32f1xx_it.o(i.SVC_Handler) for SVC_Handler
    startup_stm32f103xe.o(RESET) refers to stm32f1xx_it.o(i.DebugMon_Handler) for DebugMon_Handler
    startup_stm32f103xe.o(RESET) refers to stm32f1xx_it.o(i.PendSV_Handler) for PendSV_Handler
    startup_stm32f103xe.o(RESET) refers to stm32f1xx_it.o(i.SysTick_Handler) for SysTick_Handler
    startup_stm32f103xe.o(RESET) refers to stm32f1xx_it.o(i.USART2_IRQHandler) for USART2_IRQHandler
    startup_stm32f103xe.o(RESET) refers to stm32f1xx_it.o(i.USART3_IRQHandler) for USART3_IRQHandler
    startup_stm32f103xe.o(RESET) refers to stm32f1xx_it.o(i.TIM6_IRQHandler) for TIM6_IRQHandler
    startup_stm32f103xe.o(.text) refers (Special) to heapauxi.o(.text) for __use_two_region_memory
    startup_stm32f103xe.o(.text) refers to system_stm32f1xx.o(i.SystemInit) for SystemInit
    startup_stm32f103xe.o(.text) refers to __main.o(!!!main) for __main
    startup_stm32f103xe.o(.text) refers to startup_stm32f103xe.o(HEAP) for Heap_Mem
    startup_stm32f103xe.o(.text) refers to startup_stm32f103xe.o(STACK) for Stack_Mem
    receive_data.o(i.Receive_Data) refers to rt_memcpy_v6.o(.text) for __aeabi_memcpy
    receive_data.o(i.Receive_Data) refers to receive_data.o(i.Init_data_array) for Init_data_array
    receive_data.o(i.Receive_Data) refers to receive_data.o(i.pUartHandle_init) for pUartHandle_init
    receive_data.o(i.pUartHandle_init) refers to receive_data.o(.bss) for .bss
    receive_data.o(i.rol_reslving) refers to fflt_clz.o(x$fpl$ffltu) for __aeabi_ui2f
    receive_data.o(i.rol_reslving) refers to faddsub_clz.o(x$fpl$fsub) for __aeabi_fsub
    receive_data.o(i.rol_reslving) refers to f2d.o(x$fpl$f2d) for __aeabi_f2d
    receive_data.o(i.rol_reslving) refers to dmul.o(x$fpl$dmul) for __aeabi_dmul
    receive_data.o(i.rol_reslving) refers to d2f.o(x$fpl$d2f) for __aeabi_d2f
    pid.o(i.PID_CascadeCalc) refers to pid.o(i.PID_calc) for PID_calc
    pid.o(i.PID_calc) refers to faddsub_clz.o(x$fpl$fsub) for __aeabi_fsub
    pid.o(i.PID_calc) refers to frleqf.o(x$fpl$frleqf) for __aeabi_cfrcmple
    pid.o(i.PID_calc) refers to fleqf.o(x$fpl$fleqf) for __aeabi_cfcmple
    pid.o(i.PID_calc) refers to faddsub_clz.o(x$fpl$fadd) for __aeabi_fadd
    pid.o(i.PID_calc) refers to fmul.o(x$fpl$fmul) for __aeabi_fmul
    pid.o(i.PID_calc) refers to pid.o(i.abs_limit) for abs_limit
    pid.o(i.PID_calc) refers to fflt_clz.o(x$fpl$fflt) for __aeabi_i2f
    pid.o(i.PID_calc) refers to scalbnf.o(x$fpl$scalbnf) for __ARM_scalbnf
    pid.o(i.PID_calc) refers to faddsub_clz.o(x$fpl$frsb) for __aeabi_frsub
    pid.o(i.PID_calc) refers to pid.o(.data) for .data
    pid.o(i.PID_struct_init) refers to pid.o(i.pid_param_init) for pid_param_init
    pid.o(i.PID_struct_init) refers to pid.o(i.pid_reset) for pid_reset
    pid.o(i.abs_limit) refers to frleqf.o(x$fpl$frleqf) for __aeabi_cfrcmple
    pid.o(i.abs_limit_min) refers to fflt_clz.o(x$fpl$ffltu) for __aeabi_ui2f
    pid.o(i.abs_limit_min) refers to fleqf.o(x$fpl$fleqf) for __aeabi_cfcmple
    pid.o(i.abs_limit_min) refers to frleqf.o(x$fpl$frleqf) for __aeabi_cfrcmple
    motor_control.o(i.Control_Pwm) refers to ffix.o(x$fpl$ffix) for __aeabi_f2iz
    motor_control.o(i.Control_Pwm) refers to motor_control.o(.data) for .data
    motor_control.o(i.HAL_TIM_PeriodElapsedCallback) refers to motor_control.o(i.Motor_CeTui_Set) for Motor_CeTui_Set
    motor_control.o(i.HAL_TIM_PeriodElapsedCallback) refers to tim.o(.bss) for htim6
    motor_control.o(i.HAL_TIM_PeriodElapsedCallback) refers to usart.o(.data) for ROL_Angle
    motor_control.o(i.Motor_CeTui_Set) refers to stm32f1xx_hal_gpio.o(i.HAL_GPIO_TogglePin) for HAL_GPIO_TogglePin
    motor_control.o(i.Motor_CeTui_Set) refers to pid.o(i.PID_calc) for PID_calc
[...]
    ../Drivers/STM32F1xx_HAL_Driver/Src/stm32f1xx_hal_tim_ex.c 0x00000000   Number         0  stm32f1xx_hal_tim_ex.o ABSOLUTE
    ../Drivers/STM32F1xx_HAL_Driver/Src/stm32f1xx_hal_uart.c 0x00000000   Number         0  stm32f1xx_hal_uart.o ABSOLUTE
    ../Src/gpio.c                            0x00000000   Number         0  gpio.o ABSOLUTE
    ../Src/main.c                            0x00000000   Number         0  main.o ABSOLUTE
    ../Src/stm32f1xx_hal_msp.c               0x00000000   Number         0  stm32f1xx_hal_msp.o ABSOLUTE
    ../Src/stm32f1xx_it.c                    0x00000000   Number         0  stm32f1xx_it.o ABSOLUTE
    ../Src/system_stm32f1xx.c                0x00000000   Number         0  system_stm32f1xx.o ABSOLUTE
    ../Src/tim.c                             0x00000000   Number         0  tim.o ABSOLUTE
    ../Src/usart.c                           0x00000000   Number         0  usart.o ABSOLUTE
    ../clib/angel/boardlib.s                 0x00000000   Number         0  boardshut.o ABSOLUTE
    ../clib/angel/boardlib.s                 0x00000000   Number         0  boardinit3.o ABSOLUTE
    ../clib/angel/boardlib.s                 0x00000000   Number         0  boardinit1.o ABSOLUTE
    ../clib/angel/boardlib.s                 0x00000000   Number         0  boardinit2.o ABSOLUTE
    ../clib/angel/handlers.s                 0x00000000   Number         0  __scatter_zi.o ABSOLUTE
    ../clib/angel/handlers.s                 0x00000000   Number         0  __scatter_copy.o ABSOLUTE
    ../clib/angel/kernel.s                   0x00000000   Number         0  rtexit.o ABSOLUTE
    ../clib/angel/kernel.s                   0x00000000   Number         0  rtexit2.o ABSOLUTE
    ../clib/angel/kernel.s                   0x00000000   Number         0  __rtentry.o ABSOLUTE
    ../clib/angel/kernel.s                   0x00000000   Number         0  __rtentry2.o ABSOLUTE
    ../clib/angel/kernel.s                   0x00000000   Number         0  __rtentry4.o ABSOLUTE
    ../clib/angel/rt.s                       0x00000000   Number         0  rt_raise.o ABSOLUTE
    ../clib/angel/scatter.s                  0x00000000   Number         0  __scatter.o ABSOLUTE
    ../clib/angel/startup.s                  0x00000000   Number         0  __main.o ABSOLUTE
    ../clib/angel/sys.s                      0x00000000   Number         0  libspace.o ABSOLUTE
    ../clib/angel/sys.s                      0x00000000   Number         0  use_no_semi.o ABSOLUTE
    ../clib/angel/sys.s                      0x00000000   Number         0  use_no_semi_2.o ABSOLUTE
    ../clib/angel/sys.s                      0x00000000   Number         0  sys_stackheap_outer.o ABSOLUTE
    ../clib/armsys.c                         0x00000000   Number         0  argv_veneer.o ABSOLUTE
    ../clib/armsys.c                         0x00000000   Number         0  _get_argv_nomalloc.o ABSOLUTE
    ../clib/armsys.c                         0x00000000   Number         0  no_argv.o ABSOLUTE
    ../clib/armsys.c                         0x00000000   Number         0  argv_veneer.o ABSOLUTE
    ../clib/heapalloc.c                      0x00000000   Number         0  hrguard.o ABSOLUTE
    ../clib/heapaux.c                        0x00000000   Number         0  heapauxi.o ABSOLUTE
    ../clib/libinit.s                        0x00000000   Number         0  libinit2.o ABSOLUTE
    ../clib/libinit.s                        0x00000000   Number         0  libshutdown.o ABSOLUTE
    ../clib/libinit.s                        0x00000000   Number         0  libshutdown2.o ABSOLUTE
    ../clib/libinit.s                        0x00000000   Number         0  libinit.o ABSOLUTE
    ../clib/longlong.s                       0x00000000   Number         0  llushr.o ABSOLUTE
    ../clib/memcpset.s                       0x00000000   Number         0  rt_memcpy_w.o ABSOLUTE
    ../clib/memcpset.s                       0x00000000   Number         0  rt_memclr_w.o ABSOLUTE
    ../clib/memcpset.s                       0x00000000   Number         0  rt_memcpy_v6.o ABSOLUTE
    ../clib/signal.c                         0x00000000   Number         0  defsig_rtred_inner.o ABSOLUTE
    ../clib/signal.c                         0x00000000   Number         0  defsig_fpe_inner.o ABSOLUTE
    ../clib/signal.c                         0x00000000   Number         0  defsig_pvfn_inner.o ABSOLUTE
    ../clib/signal.c                         0x00000000   Number         0  defsig_general.o ABSOLUTE
    ../clib/signal.c                         0x00000000   Number         0  defsig_cppl_inner.o ABSOLUTE
    ../clib/signal.c                         0x00000000   Number         0  defsig_segv_inner.o ABSOLUTE
    ../clib/signal.c                         0x00000000   Number         0  defsig_abrt_inner.o ABSOLUTE
    ../clib/signal.c                         0x00000000   Number         0  defsig_other.o ABSOLUTE
    ../clib/signal.c                         0x00000000   Number         0  __raise.o ABSOLUTE
    ../clib/signal.c                         0x00000000   Number         0  defsig_rtmem_inner.o ABSOLUTE
    ../clib/signal.c                         0x00000000   Number         0  defsig_exit.o ABSOLUTE
    ../clib/signal.c                         0x00000000   Number         0  defsig_rtmem_formal.o ABSOLUTE
    ../clib/signal.c                         0x00000000   Number         0  defsig_rtmem_outer.o ABSOLUTE
    ../clib/signal.c                         0x00000000   Number         0  defsig_stak_inner.o ABSOLUTE
    ../clib/signal.s                         0x00000000   Number         0  defsig.o ABSOLUTE
    ../clib/stdlib.c                         0x00000000   Number         0  exit.o ABSOLUTE
    ../fplib/d2f.s                           0x00000000   Number         0  d2f.o ABSOLUTE
    ../fplib/daddsub.s                       0x00000000   Number         0  daddsub_clz.o ABSOLUTE
    ../fplib/dmul.s                          0x00000000   Number         0  dmul.o ABSOLUTE
    ../fplib/dnaninf.s                       0x00000000   Number         0  dnaninf.o ABSOLUTE
    ../fplib/dretinf.s                       0x00000000   Number         0  dretinf.o ABSOLUTE
    ../fplib/f2d.s                           0x00000000   Number         0  f2d.o ABSOLUTE
    ../fplib/faddsub.s                       0x00000000   Number         0  faddsub_clz.o ABSOLUTE
    ../fplib/fcheck1.s                       0x00000000   Number         0  fcheck1.o ABSOLUTE
    ../fplib/fcmpi.s                         0x00000000   Number         0  fcmpi.o ABSOLUTE
    ../fplib/fdiv.s                          0x00000000   Number         0  fdiv.o ABSOLUTE
    ../fplib/ffix.s                          0x00000000   Number         0  ffix.o ABSOLUTE
    ../fplib/fflt.s                          0x00000000   Number         0  fflt_clz.o ABSOLUTE
    ../fplib/fleqf.s                         0x00000000   Number         0  fleqf.o ABSOLUTE
    ../fplib/fmul.s                          0x00000000   Number         0  fmul.o ABSOLUTE
    ../fplib/fnaninf.s                       0x00000000   Number         0  fnaninf.o ABSOLUTE
    ../fplib/fpinit.s                        0x00000000   Number         0  fpinit.o ABSOLUTE
    ../fplib/fretinf.s                       0x00000000   Number         0  fretinf.o ABSOLUTE
    ../fplib/frleqf.s                        0x00000000   Number         0  frleqf.o ABSOLUTE
    ../fplib/retnan.s                        0x00000000   Number         0  retnan.o ABSOLUTE
    ../fplib/scalbnf.s                       0x00000000   Number         0  scalbnf.o ABSOLUTE
    ../fplib/trapv.s                         0x00000000   Number         0  trapv.o ABSOLUTE
    ../fplib/usenofp.s                       0x00000000   Number         0  usenofp.o ABSOLUTE
    ..\Drivers\STM32F1xx_HAL_Driver\Src\stm32f1xx_hal.c 0x00000000   Number         0  stm32f1xx_hal.o ABSOLUTE
    ..\Drivers\STM32F1xx_HAL_Driver\Src\stm32f1xx_hal_cortex.c 0x00000000   Number         0  stm32f1xx_hal_cortex.o ABSOLUTE
    ..\Drivers\STM32F1xx_HAL_Driver\Src\stm32f1xx_hal_dma.c 0x00000000   Number         0  stm32f1xx_hal_dma.o ABSOLUTE
    ..\Drivers\STM32F1xx_HAL_Driver\Src\stm32f1xx_hal_exti.c 0x00000000   Number         0  stm32f1xx_hal_exti.o ABSOLUTE
    ..\Drivers\STM32F1xx_HAL_Driver\Src\stm32f1xx_hal_flash.c 0x00000000   Number         0  stm32f1xx_hal_flash.o ABSOLUTE
    ..\Drivers\STM32F1xx_HAL_Driver\Src\stm32f1xx_hal_flash_ex.c 0x00000000   Number         0  stm32f1xx_hal_flash_ex.o ABSOLUTE
    ..\Drivers\STM32F1xx_HAL_Driver\Src\stm32f1xx_hal_gpio.c 0x00000000   Number         0  stm32f1xx_hal_gpio.o ABSOLUTE
    ..\Drivers\STM32F1xx_HAL_Driver\Src\stm32f1xx_hal_gpio_ex.c 0x00000000   Number         0  stm32f1xx_hal_gpio_ex.o ABSOLUTE
    ..\Drivers\STM32F1xx_HAL_Driver\Src\stm32f1xx_hal_pwr.c 0x00000000   Number         0  stm32f1xx_hal_pwr.o ABSOLUTE
    ..\Drivers\STM32F1xx_HAL_Driver\Src\stm32f1xx_hal_rcc.c 0x00000000   Number         0  stm32f1xx_hal_rcc.o ABSOLUTE
    ..\Drivers\STM32F1xx_HAL_Driver\Src\stm32f1xx_hal_rcc_ex.c 0x00000000   Number         0  stm32f1xx_hal_rcc_ex.o ABSOLUTE
    ..\Drivers\STM32F1xx_HAL_Driver\Src\stm32f1xx_hal_tim.c 0x00000000   Number         0  stm32f1xx_hal_tim.o ABSOLUTE
    ..\Drivers\STM32F1xx_HAL_Driver\Src\stm32f1xx_hal_tim_ex.c 0x00000000   Number         0  stm32f1xx_hal_tim_ex.o ABSOLUTE
    ..\Drivers\STM32F1xx_HAL_Driver\Src\stm32f1xx_hal_uart.c 0x00000000   Number         0  stm32f1xx_hal_uart.o ABSOLUTE
    ..\Drivers\SYSTEM\delay\delay.c          0x00000000   Number         0  delay.o ABSOLUTE
    ..\Drivers\SYSTEM\sys\sys.c              0x00000000   Number         0  sys.o ABSOLUTE
    ..\Src\gpio.c                            0x00000000   Number         0  gpio.o ABSOLUTE
    ..\Src\main.c                            0x00000000   Number         0  main.o ABSOLUTE
    ..\Src\motor_control.c                   0x00000000   Number         0  motor_control.o ABSOLUTE
    ..\Src\pid.c                             0x00000000   Number         0  pid.o ABSOLUTE
    ..\Src\receive_data.c                    0x00000000   Number         0  receive_data.o ABSOLUTE
    ..\Src\stm32f1xx_hal_msp.c               0x00000000   Number         0  stm32f1xx_hal_msp.o ABSOLUTE
    ..\Src\stm32f1xx_it.c                    0x00000000   Number         0  stm32f1xx_it.o ABSOLUTE
    ..\Src\system_stm32f1xx.c                0x00000000   Number         0  system_stm32f1xx.o ABSOLUTE
    ..\Src\tim.c                             0x00000000   Number         0  tim.o ABSOLUTE
    ..\Src\usart.c                           0x00000000   Number         0  usart.o ABSOLUTE
    ..\\Drivers\\SYSTEM\\delay\\delay.c      0x00000000   Number         0  delay.o ABSOLUTE
    ..\\Drivers\\SYSTEM\\sys\\sys.c          0x00000000   Number         0  sys.o ABSOLUTE
    ..\\Src\\motor_control.c                 0x00000000   Number         0  motor_control.o ABSOLUTE
    ..\\Src\\pid.c                           0x00000000   Number         0  pid.o ABSOLUTE
    dc.s                                     0x00000000   Number         0  dc.o ABSOLUTE
    startup_stm32f103xe.s                    0x00000000   Number         0  startup_stm32f103xe.o ABSOLUTE
    RESET                                    0x08000000   Section      304  startup_stm32f103xe.o(RESET)
    !!!main                                  0x08000130   Section        8  __main.o(!!!main)
    !!!scatter                               0x08000138   Section       52  __scatter.o(!!!scatter)
    !!handler_copy                           0x0800016c   Section       26  __scatter_copy.o(!!handler_copy)
    !!handler_zi                             0x08000188   Section       28  __scatter_zi.o(!!handler_zi)
    .ARM.Collect$$libinit$$00000000          0x080001a4   Section        2  libinit.o(.ARM.Collect$$libinit$$00000000)
    .ARM.Collect$$libinit$$00000002          0x080001a6   Section        0  libinit2.o(.ARM.Collect$$libinit$$00000002)
    .ARM.Collect$$libinit$$00000004          0x080001a6   Section        0  libinit2.o(.ARM.Collect$$libinit$$00000004)
    .ARM.Collect$$libinit$$0000000A          0x080001a6   Section        0  libinit2.o(.ARM.Collect$$libinit$$0000000A)
    .ARM.Collect$$libinit$$0000000C          0x080001a6   Section        0  libinit2.o(.ARM.Collect$$libinit$$0000000C)
    .ARM.Collect$$libinit$$0000000E          0x080001a6   Section        0  libinit2.o(.ARM.Collect$$libinit$$0000000E)
    .ARM.Collect$$libinit$$00000011          0x080001a6   Section        0  libinit2.o(.ARM.Collect$$libinit$$00000011)
    .ARM.Collect$$libinit$$00000013          0x080001a6   Section        0  libinit2.o(.ARM.Collect$$libinit$$00000013)
    .ARM.Collect$$libinit$$00000015          0x080001a6   Section        0  libinit2.o(.ARM.Collect$$libinit$$00000015)
    .ARM.Collect$$libinit$$00000017          0x080001a6   Section        0  libinit2.o(.ARM.Collect$$libinit$$00000017)
    .ARM.Collect$$libinit$$00000019          0x080001a6   Section        0  libinit2.o(.ARM.Collect$$libinit$$00000019)
    .ARM.Collect$$libinit$$0000001B          0x080001a6   Section        0  libinit2.o(.ARM.Collect$$libinit$$0000001B)
    .ARM.Collect$$libinit$$0000001D          0x080001a6   Section        0  libinit2.o(.ARM.Collect$$libinit$$0000001D)
    .ARM.Collect$$libinit$$0000001F          0x080001a6   Section        0  libinit2.o(.ARM.Collect$$libinit$$0000001F)
    .ARM.Collect$$libinit$$00000021          0x080001a6   Section        0  libinit2.o(.ARM.Collect$$libinit$$00000021)
    .ARM.Collect$$libinit$$00000023          0x080001a6   Section        0  libinit2.o(.ARM.Collect$$libinit$$00000023)
    .ARM.Collect$$libinit$$00000025          0x080001a6   Section        0  libinit2.o(.ARM.Collect$$libinit$$00000025)
    .ARM.Collect$$libinit$$0000002C          0x080001a6   Section        0  libinit2.o(.ARM.Collect$$libinit$$0000002C)
    .ARM.Collect$$libinit$$0000002E          0x080001a6   Section        0  libinit2.o(.ARM.Collect$$libinit$$0000002E)
    .ARM.Collect$$libinit$$00000030          0x080001a6   Section        0  libinit2.o(.ARM.Collect$$libinit$$00000030)
    .ARM.Collect$$libinit$$00000032          0x080001a6   Section        0  libinit2.o(.ARM.Collect$$libinit$$00000032)
    .ARM.Collect$$libinit$$00000033          0x080001a6   Section        2  libinit2.o(.ARM.Collect$$libinit$$00000033)
    .ARM.Collect$$libshutdown$$00000000      0x080001a8   Section        2  libshutdown.o(.ARM.Collect$$libshutdown$$00000000)
    .ARM.Collect$$libshutdown$$00000002      0x080001aa   Section        0  libshutdown2.o(.ARM.Collect$$libshutdown$$00000002)
    .ARM.Collect$$libshutdown$$00000004      0x080001aa   Section        0  libshutdown2.o(.ARM.Collect$$libshutdown$$00000004)
    .ARM.Collect$$libshutdown$$00000007      0x080001aa   Section        0  libshutdown2.o(.ARM.Collect$$libshutdown$$00000007)
    .ARM.Collect$$libshutdown$$0000000A      0x080001aa   Section        0  libshutdown2.o(.ARM.Collect$$libshutdown$$0000000A)
    .ARM.Collect$$libshutdown$$0000000C      0x080001aa   Section        0  libshutdown2.o(.ARM.Collect$$libshutdown$$0000000C)
    .ARM.Collect$$libshutdown$$0000000F      0x080001aa   Section        0  libshutdown2.o(.ARM.Collect$$libshutdown$$0000000F)
    .ARM.Collect$$libshutdown$$00000010      0x080001aa   Section        2  libshutdown2.o(.ARM.Collect$$libshutdown$$00000010)
    .ARM.Collect$$rtentry$$00000000          0x080001ac   Section        0  __rtentry.o(.ARM.Collect$$rtentry$$00000000)
    .ARM.Collect$$rtentry$$00000002          0x080001ac   Section        0  __rtentry2.o(.ARM.Collect$$rtentry$$00000002)
    .ARM.Collect$$rtentry$$00000004          0x080001ac   Section        6  __rtentry4.o(.ARM.Collect$$rtentry$$00000004)
    .ARM.Collect$$rtentry$$00000009          0x080001b2   Section        0  __rtentry2.o(.ARM.Collect$$rtentry$$00000009)
    .ARM.Collect$$rtentry$$0000000A          0x080001b2   Section        4  __rtentry2.o(.ARM.Collect$$rtentry$$0000000A)
    .ARM.Collect$$rtentry$$0000000C          0x080001b6   Section        0  __rtentry2.o(.ARM.Collect$$rtentry$$0000000C)
    .ARM.Collect$$rtentry$$0000000D          0x080001b6   Section        8  __rtentry2.o(.ARM.Collect$$rtentry$$0000000D)
    .ARM.Collect$$rtexit$$00000000           0x080001be   Section        2  rtexit.o(.ARM.Collect$$rtexit$$00000000)
    .ARM.Collect$$rtexit$$00000002           0x080001c0   Section        0  rtexit2.o(.ARM.Collect$$rtexit$$00000002)
    .ARM.Collect$$rtexit$$00000003           0x080001c0   Section        4  rtexit2.o(.ARM.Collect$$rtexit$$00000003)
    .ARM.Collect$$rtexit$$00000004           0x080001c4   Section        6  rtexit2.o(.ARM.Collect$$rtexit$$00000004)
    .text                                    0x080001cc   Section       64  startup_stm32f103xe.o(.text)
    .text                                    0x0800020c   Section        2  use_no_semi_2.o(.text)
    .text                                    0x0800020e   Section      138  rt_memcpy_v6.o(.text)
    .text                                    0x08000298   Section       78  rt_memclr_w.o(.text)
    .text                                    0x080002e6   Section        0  heapauxi.o(.text)
    .text                                    0x080002ec   Section        2  use_no_semi.o(.text)
    .text                                    0x080002ee   Section      100  rt_memcpy_w.o(.text)
    .text                                    0x08000352   Section       74  sys_stackheap_outer.o(.text)
    .text                                    0x0800039c   Section        0  exit.o(.text)
    .text                                    0x080003b0   Section        8  libspace.o(.text)
    i.BusFault_Handler                       0x080003b8   Section        0  stm32f1xx_it.o(i.BusFault_Handler)
    i.Control_Pwm                            0x080003bc   Section        0  motor_control.o(i.Control_Pwm)
    i.DebugMon_Handler                       0x08000420   Section        0  stm32f1xx_it.o(i.DebugMon_Handler)
    i.Error_Handler                          0x08000422   Section        0  main.o(i.Error_Handler)
    i.HAL_DMA_Abort                          0x08000426   Section        0  stm32f1xx_hal_dma.o(i.HAL_DMA_Abort)
    i.HAL_DMA_Abort_IT                       0x0800046c   Section        0  stm32f1xx_hal_dma.o(i.HAL_DMA_Abort_IT)
    i.HAL_GPIO_Init                          0x0800059c   Section        0  stm32f1xx_hal_gpio.o(i.HAL_GPIO_Init)
    i.HAL_GPIO_TogglePin                     0x08000794   Section        0  stm32f1xx_hal_gpio.o(i.HAL_GPIO_TogglePin)
    i.HAL_GPIO_WritePin                      0x080007a4   Section        0  stm32f1xx_hal_gpio.o(i.HAL_GPIO_WritePin)
    i.HAL_GetTick                            0x080007b0   Section        0  stm32f1xx_hal.o(i.HAL_GetTick)
    i.HAL_IncTick                            0x080007bc   Section        0  stm32f1xx_hal.o(i.HAL_IncTick)
    i.HAL_Init                               0x080007cc   Section        0  stm32f1xx_hal.o(i.HAL_Init)
    i.HAL_InitTick                           0x080007f0   Section        0  stm32f1xx_hal.o(i.HAL_InitTick)
    i.HAL_MspInit                            0x08000830   Section        0  stm32f1xx_hal_msp.o(i.HAL_MspInit)
    i.HAL_NVIC_EnableIRQ                     0x08000874   Section        0  stm32f1xx_hal_cortex.o(i.HAL_NVIC_EnableIRQ)
    i.HAL_NVIC_SetPriority                   0x08000890   Section        0  stm32f1xx_hal_cortex.o(i.HAL_NVIC_SetPriority)
    i.HAL_NVIC_SetPriorityGrouping           0x080008d0   Section        0  stm32f1xx_hal_cortex.o(i.HAL_NVIC_SetPriorityGrouping)
    i.HAL_RCC_ClockConfig                    0x080008f4   Section        0  stm32f1xx_hal_rcc.o(i.HAL_RCC_ClockConfig)
    i.HAL_RCC_GetPCLK1Freq                   0x08000a20   Section        0  stm32f1xx_hal_rcc.o(i.HAL_RCC_GetPCLK1Freq)
    i.HAL_RCC_GetPCLK2Freq                   0x08000a40   Section        0  stm32f1xx_hal_rcc.o(i.HAL_RCC_GetPCLK2Freq)
    i.HAL_RCC_GetSysClockFreq                0x08000a60   Section        0  stm32f1xx_hal_rcc.o(i.HAL_RCC_GetSysClockFreq)
    i.HAL_RCC_OscConfig                      0x08000aac   Section        0  stm32f1xx_hal_rcc.o(i.HAL_RCC_OscConfig)
    i.HAL_SYSTICK_Config                     0x08000dcc   Section        0  stm32f1xx_hal_cortex.o(i.HAL_SYSTICK_Config)
    i.HAL_TIMEx_BreakCallback                0x08000df4   Section        0  stm32f1xx_hal_tim_ex.o(i.HAL_TIMEx_BreakCallback)
    i.HAL_TIMEx_CommutCallback               0x08000df6   Section        0  stm32f1xx_hal_tim_ex.o(i.HAL_TIMEx_CommutCallback)
    i.HAL_TIMEx_MasterConfigSynchronization  0x08000df8   Section        0  stm32f1xx_hal_tim_ex.o(i.HAL_TIMEx_MasterConfigSynchronization)
    i.HAL_TIM_Base_Init                      0x08000e74   Section        0  stm32f1xx_hal_tim.o(i.HAL_TIM_Base_Init)
    i.HAL_TIM_Base_MspInit                   0x08000ed0   Section        0  tim.o(i.HAL_TIM_Base_MspInit)
    i.HAL_TIM_Base_Start_IT                  0x08000f24   Section        0  stm32f1xx_hal_tim.o(i.HAL_TIM_Base_Start_IT)
    i.HAL_TIM_ConfigClockSource              0x08000f90   Section        0  stm32f1xx_hal_tim.o(i.HAL_TIM_ConfigClockSource)
    i.HAL_TIM_IC_CaptureCallback             0x0800106c   Section        0  stm32f1xx_hal_tim.o(i.HAL_TIM_IC_CaptureCallback)
    i.HAL_TIM_IRQHandler                     0x0800106e   Section        0  stm32f1xx_hal_tim.o(i.HAL_TIM_IRQHandler)
    i.HAL_TIM_MspPostInit                    0x080011d4   Section        0  tim.o(i.HAL_TIM_MspPostInit)
    i.HAL_TIM_OC_DelayElapsedCallback        0x08001220   Section        0  stm32f1xx_hal_tim.o(i.HAL_TIM_OC_DelayElapsedCallback)
    i.HAL_TIM_PWM_ConfigChannel              0x08001222   Section        0  stm32f1xx_hal_tim.o(i.HAL_TIM_PWM_ConfigChannel)
    i.HAL_TIM_PWM_Init                       0x080012ee   Section        0  stm32f1xx_hal_tim.o(i.HAL_TIM_PWM_Init)
    i.HAL_TIM_PWM_MspInit                    0x08001348   Section        0  stm32f1xx_hal_tim.o(i.HAL_TIM_PWM_MspInit)
    i.HAL_TIM_PWM_PulseFinishedCallback      0x0800134a   Section        0  stm32f1xx_hal_tim.o(i.HAL_TIM_PWM_PulseFinishedCallback)
    i.HAL_TIM_PWM_Start                      0x0800134c   Section        0  stm32f1xx_hal_tim.o(i.HAL_TIM_PWM_Start)
    i.HAL_TIM_PeriodElapsedCallback          0x08001400   Section        0  motor_control.o(i.HAL_TIM_PeriodElapsedCallback)
    i.HAL_TIM_TriggerCallback                0x08001418   Section        0  stm32f1xx_hal_tim.o(i.HAL_TIM_TriggerCallback)
    i.HAL_UARTEx_RxEventCallback             0x0800141a   Section        0  stm32f1xx_hal_uart.o(i.HAL_UARTEx_RxEventCallback)
    i.HAL_UART_ErrorCallback                 0x0800141c   Section        0  stm32f1xx_hal_uart.o(i.HAL_UART_ErrorCallback)
    i.HAL_UART_IRQHandler                    0x08001420   Section        0  stm32f1xx_hal_uart.o(i.HAL_UART_IRQHandler)
    i.HAL_UART_Init                          0x0800168c   Section        0  stm32f1xx_hal_uart.o(i.HAL_UART_Init)
    i.HAL_UART_MspInit                       0x080016f0   Section        0  usart.o(i.HAL_UART_MspInit)
    i.HAL_UART_Receive                       0x080017cc   Section        0  stm32f1xx_hal_uart.o(i.HAL_UART_Receive)
    i.HAL_UART_RxCpltCallback                0x08001878   Section        0  usart.o(i.HAL_UART_RxCpltCallback)
    i.HAL_UART_TxCpltCallback                0x0800187a   Section        0  stm32f1xx_hal_uart.o(i.HAL_UART_TxCpltCallback)
    i.HardFault_Handler                      0x0800187c   Section        0  stm32f1xx_it.o(i.HardFault_Handler)
    i.Init_data_array                        0x0800187e   Section        0  receive_data.o(i.Init_data_array)
    i.MX_GPIO_Init                           0x08001890   Section        0  gpio.o(i.MX_GPIO_Init)
    i.MX_TIM3_Init                           0x08001968   Section        0  tim.o(i.MX_TIM3_Init)
    i.MX_TIM6_Init                           0x08001a10   Section        0  tim.o(i.MX_TIM6_Init)
    i.MX_USART2_UART_Init                    0x08001a54   Section        0  usart.o(i.MX_USART2_UART_Init)
    i.MX_USART3_UART_Init                    0x08001a8c   Section        0  usart.o(i.MX_USART3_UART_Init)
    i.MemManage_Handler                      0x08001ac4   Section        0  stm32f1xx_it.o(i.MemManage_Handler)
    i.Motor_CeTui_Set                        0x08001ac8   Section        0  motor_control.o(i.Motor_CeTui_Set)
    i.NMI_Handler                            0x08001b28   Section        0  stm32f1xx_it.o(i.NMI_Handler)
    i.PID_calc                               0x08001b2c   Section        0  pid.o(i.PID_calc)
    i.PendSV_Handler                         0x08001ca4   Section        0  stm32f1xx_it.o(i.PendSV_Handler)
    i.Receive_Data                           0x08001ca6   Section        0  receive_data.o(i.Receive_Data)
    i.SVC_Handler                            0x08001dc8   Section        0  stm32f1xx_it.o(i.SVC_Handler)
    i.SysTick_Handler                        0x08001dca   Section        0  stm32f1xx_it.o(i.SysTick_Handler)
    i.SystemClock_Config                     0x08001dce   Section        0  main.o(i.SystemClock_Config)
    i.SystemInit                             0x08001e2c   Section        0  system_stm32f1xx.o(i.SystemInit)
    i.TIM6_IRQHandler                        0x08001e30   Section        0  stm32f1xx_it.o(i.TIM6_IRQHandler)
    i.TIM_Base_SetConfig                     0x08001e3c   Section        0  stm32f1xx_hal_tim.o(i.TIM_Base_SetConfig)
    i.TIM_CCxChannelCmd                      0x08001ec8   Section        0  stm32f1xx_hal_tim.o(i.TIM_CCxChannelCmd)
    i.TIM_ETR_SetConfig                      0x08001ee2   Section        0  stm32f1xx_hal_tim.o(i.TIM_ETR_SetConfig)
    i.TIM_ITRx_SetConfig                     0x08001ef6   Section        0  stm32f1xx_hal_tim.o(i.TIM_ITRx_SetConfig)
    TIM_ITRx_SetConfig                       0x08001ef7   Thumb Code    16  stm32f1xx_hal_tim.o(i.TIM_ITRx_SetConfig)
    i.TIM_OC1_SetConfig                      0x08001f08   Section        0  stm32f1xx_hal_tim.o(i.TIM_OC1_SetConfig)
    TIM_OC1_SetConfig                        0x08001f09   Thumb Code    88  stm32f1xx_hal_tim.o(i.TIM_OC1_SetConfig)
    i.TIM_OC2_SetConfig                      0x08001f68   Section        0  stm32f1xx_hal_tim.o(i.TIM_OC2_SetConfig)
    i.TIM_OC3_SetConfig                      0x08001fd4   Section        0  stm32f1xx_hal_tim.o(i.TIM_OC3_SetConfig)
    TIM_OC3_SetConfig                        0x08001fd5   Thumb Code    96  stm32f1xx_hal_tim.o(i.TIM_OC3_SetConfig)
    i.TIM_OC4_SetConfig                      0x0800203c   Section        0  stm32f1xx_hal_tim.o(i.TIM_OC4_SetConfig)
    TIM_OC4_SetConfig                        0x0800203d   Thumb Code    70  stm32f1xx_hal_tim.o(i.TIM_OC4_SetConfig)
    i.TIM_TI1_ConfigInputStage               0x0800208c   Section        0  stm32f1xx_hal_tim.o(i.TIM_TI1_ConfigInputStage)
    TIM_TI1_ConfigInputStage                 0x0800208d   Thumb Code    34  stm32f1xx_hal_tim.o(i.TIM_TI1_ConfigInputStage)
    i.TIM_TI2_ConfigInputStage               0x080020ae   Section        0  stm32f1xx_hal_tim.o(i.TIM_TI2_ConfigInputStage)
    TIM_TI2_ConfigInputStage                 0x080020af   Thumb Code    36  stm32f1xx_hal_tim.o(i.TIM_TI2_ConfigInputStage)
    i.UART_DMAAbortOnError                   0x080020d2   Section        0  stm32f1xx_hal_uart.o(i.UART_DMAAbortOnError)
    UART_DMAAbortOnError                     0x080020d3   Thumb Code    16  stm32f1xx_hal_uart.o(i.UART_DMAAbortOnError)
    i.UART_EndRxTransfer                     0x080020e2   Section        0  stm32f1xx_hal_uart.o(i.UART_EndRxTransfer)
    UART_EndRxTransfer                       0x080020e3   Thumb Code    78  stm32f1xx_hal_uart.o(i.UART_EndRxTransfer)
    i.UART_Receive_IT                        0x08002130   Section        0  stm32f1xx_hal_uart.o(i.UART_Receive_IT)
    UART_Receive_IT                          0x08002131   Thumb Code   194  stm32f1xx_hal_uart.o(i.UART_Receive_IT)
    i.UART_SetConfig                         0x080021f4   Section        0  stm32f1xx_hal_uart.o(i.UART_SetConfig)
    UART_SetConfig                           0x080021f5   Thumb Code   178  stm32f1xx_hal_uart.o(i.UART_SetConfig)
    i.UART_WaitOnFlagUntilTimeout            0x080022ac   Section        0  stm32f1xx_hal_uart.o(i.UART_WaitOnFlagUntilTimeout)
    UART_WaitOnFlagUntilTimeout              0x080022ad   Thumb Code   120  stm32f1xx_hal_uart.o(i.UART_WaitOnFlagUntilTimeout)
    i.USART2_IRQHandler                      0x08002324   Section        0  stm32f1xx_it.o(i.USART2_IRQHandler)
    i.USART3_IRQHandler                      0x08002390   Section        0  stm32f1xx_it.o(i.USART3_IRQHandler)
    i.UsageFault_Handler                     0x0800239c   Section        0  stm32f1xx_it.o(i.UsageFault_Handler)
    i.__NVIC_SetPriority                     0x0800239e   Section        0  stm32f1xx_hal_cortex.o(i.__NVIC_SetPriority)
    __NVIC_SetPriority                       0x0800239f   Thumb Code    32  stm32f1xx_hal_cortex.o(i.__NVIC_SetPriority)
    i._sys_exit                              0x080023be   Section        0  usart.o(i._sys_exit)
    i.abs_limit                              0x080023c0   Section        0  pid.o(i.abs_limit)
    i.delay_init                             0x080023e4   Section        0  delay.o(i.delay_init)
    i.delay_ms                               0x080023f0   Section        0  delay.o(i.delay_ms)
    i.delay_us                               0x080023fc   Section        0  delay.o(i.delay_us)
    i.main                                   0x08002430   Section        0  main.o(i.main)
    i.pUartHandle_init                       0x08002544   Section        0  receive_data.o(i.pUartHandle_init)
    i.pid_param_init                         0x08002558   Section        0  pid.o(i.pid_param_init)
    i.pwmHandle_Init                         0x08002572   Section        0  motor_control.o(i.pwmHandle_Init)
    i.rol_reslving                           0x08002584   Section        0  receive_data.o(i.rol_reslving)
    x$fpl$d2f                                0x080025c0   Section       98  d2f.o(x$fpl$d2f)
    x$fpl$dmul                               0x08002624   Section      340  dmul.o(x$fpl$dmul)
    x$fpl$dnaninf                            0x08002778   Section      156  dnaninf.o(x$fpl$dnaninf)
    x$fpl$dretinf                            0x08002814   Section       12  dretinf.o(x$fpl$dretinf)
    x$fpl$f2d                                0x08002820   Section       86  f2d.o(x$fpl$f2d)
    x$fpl$fadd                               0x08002878   Section      196  faddsub_clz.o(x$fpl$fadd)
    _fadd1                                   0x08002887   Thumb Code     0  faddsub_clz.o(x$fpl$fadd)
    x$fpl$fcheck1                            0x0800293c   Section       12  fcheck1.o(x$fpl$fcheck1)
    x$fpl$fcmpinf                            0x08002948   Section       24  fcmpi.o(x$fpl$fcmpinf)
    x$fpl$ffix                               0x08002960   Section       54  ffix.o(x$fpl$ffix)
    x$fpl$fflt                               0x08002998   Section       48  fflt_clz.o(x$fpl$fflt)
    x$fpl$ffltu                              0x080029c8   Section       38  fflt_clz.o(x$fpl$ffltu)
    x$fpl$fleqf                              0x080029f0   Section      104  fleqf.o(x$fpl$fleqf)
    x$fpl$fmul                               0x08002a58   Section      258  fmul.o(x$fpl$fmul)
    x$fpl$fnaninf                            0x08002b5a   Section      140  fnaninf.o(x$fpl$fnaninf)
    x$fpl$fretinf                            0x08002be6   Section       10  fretinf.o(x$fpl$fretinf)
    x$fpl$frleqf                             0x08002bf0   Section       98  frleqf.o(x$fpl$frleqf)
    x$fpl$frsb                               0x08002c52   Section       20  faddsub_clz.o(x$fpl$frsb)
    x$fpl$fsub                               0x08002c68   Section      234  faddsub_clz.o(x$fpl$fsub)
    _fsub1                                   0x08002c77   Thumb Code     0  faddsub_clz.o(x$fpl$fsub)
    x$fpl$retnan                             0x08002d52   Section      100  retnan.o(x$fpl$retnan)
    x$fpl$scalbnf                            0x08002db6   Section       76  scalbnf.o(x$fpl$scalbnf)
    x$fpl$trapveneer                         0x08002e02   Section       48  trapv.o(x$fpl$trapveneer)
    .constdata                               0x08002e32   Section       18  stm32f1xx_hal_rcc.o(.constdata)
    x$fpl$usenofp                            0x08002e32   Section        0  usenofp.o(x$fpl$usenofp)
    aPredivFactorTable                       0x08002e32   Data           2  stm32f1xx_hal_rcc.o(.constdata)
    aPLLMULFactorTable                       0x08002e34   Data          16  stm32f1xx_hal_rcc.o(.constdata)
    .constdata                               0x08002e44   Section       16  system_stm32f1xx.o(.constdata)
    .constdata                               0x08002e54   Section        8  system_stm32f1xx.o(.constdata)
    .data                                    0x20000000   Section        4  pid.o(.data)
    index                                    0x20000000   Data           4  pid.o(.data)
    .data                                    0x20000004   Section       20  motor_control.o(.data)
    set                                      0x20000006   Data           2  motor_control.o(.data)
    motor_pwm_1                              0x20000008   Data           2  motor_control.o(.data)
    motor_pwm_2                              0x2000000a   Data           2  motor_control.o(.data)
    i                                        0x2000000c   Data           4  motor_control.o(.data)
    ROL_conval                               0x20000010   Data           4  motor_control.o(.data)
    _set                                     0x20000014   Data           4  motor_control.o(.data)
    .data                                    0x20000018   Section        4  usart.o(.data)
    .data                                    0x2000001c   Section        1  usart.o(.data)
    .data                                    0x20000020   Section       12  stm32f1xx_hal.o(.data)
    .data                                    0x2000002c   Section        4  system_stm32f1xx.o(.data)
    .data                                    0x20000030   Section        4  delay.o(.data)
    g_fac_us                                 0x20000030   Data           4  delay.o(.data)
    .bss                                     0x20000034   Section       56  receive_data.o(.bss)
    .bss                                     0x2000006c   Section      108  pid.o(.bss)
    .bss                                     0x200000d8   Section       24  motor_control.o(.bss)
    .bss                                     0x200000f0   Section      144  tim.o(.bss)
    .bss                                     0x20000180   Section       17  usart.o(.bss)
    .bss                                     0x20000194   Section      144  usart.o(.bss)
    .bss                                     0x20000224   Section       96  libspace.o(.bss)
    HEAP                                     0x20000288   Section      512  startup_stm32f103xe.o(HEAP)
    Heap_Mem                                 0x20000288   Data         512  startup_stm32f103xe.o(HEAP)
    STACK                                    0x20000488   Section     1024  startup_stm32f103xe.o(STACK)
    Stack_Mem                                0x20000488   Data        1024  startup_stm32f103xe.o(STACK)
    __initial_sp                             0x20000888   Data           0  startup_stm32f103xe.o(STACK)

    Global Symbols

    Symbol Name                              Value     Ov Type        Size  Object(Section)

    BuildAttributes$$THM_ISAv4$P$D$K$B$S$PE$A:L22UL41UL21$X:L11$S22US41US21$IEEE1$IW$USESV6$~STKCKD$USESV7$~SHL$OSPACE$ROPI$EBA8$UX$STANDARDLIB$REQ8$PRES8$EABIv2 0x00000000   Number         0  anon$$obj.o ABSOLUTE
    __ARM_use_no_argv                        0x00000000   Number         0  main.o ABSOLUTE
    __ARM_exceptions_init                     - Undefined Weak Reference
    __alloca_initialize                       - Undefined Weak Reference
    __arm_preinit_                            - Undefined Weak Reference
    __cpp_initialize__aeabi_                  - Undefined Weak Reference
    __cxa_finalize                            - Undefined Weak Reference
    __rt_locale                               - Undefined Weak Reference
    __sigvec_lookup                           - Undefined Weak Reference
    _atexit_init                              - Undefined Weak Reference
    _call_atexit_fns                          - Undefined Weak Reference
    _clock_init                               - Undefined Weak Reference
    _fp_trap_init                             - Undefined Weak Reference
    _fp_trap_shutdown                         - Undefined Weak Reference
    _get_lc_collate                           - Undefined Weak Reference
    _get_lc_ctype                             - Undefined Weak Reference
    _get_lc_monetary                          - Undefined Weak Reference
    _get_lc_numeric                           - Undefined Weak Reference
    _get_lc_time                              - Undefined Weak Reference
    _getenv_init                              - Undefined Weak Reference
    _handle_redirection                       - Undefined Weak Reference
    _init_alloc                               - Undefined Weak Reference
    _init_user_alloc                          - Undefined Weak Reference
    _initio                                   - Undefined Weak Reference
    _rand_init                                - Undefined Weak Reference
    _signal_finish                            - Undefined Weak Reference
    _signal_init                              - Undefined Weak Reference
    _terminate_alloc                          - Undefined Weak Reference
    _terminate_user_alloc                     - Undefined Weak Reference
    _terminateio                              - Undefined Weak Reference
    __Vectors_Size                           0x00000130   Number         0  startup_stm32f103xe.o ABSOLUTE
    __Vectors                                0x08000000   Data           4  startup_stm32f103xe.o(RESET)
    __Vectors_End                            0x08000130   Data           0  startup_stm32f103xe.o(RESET)
    __main                                   0x08000131   Thumb Code     8  __main.o(!!!main)
    __scatterload                            0x08000139   Thumb Code     0  __scatter.o(!!!scatter)
    __scatterload_rt2                        0x08000139   Thumb Code    44  __scatter.o(!!!scatter)
    __scatterload_rt2_thumb_only             0x08000139   Thumb Code     0  __scatter.o(!!!scatter)
    __scatterload_null                       0x08000147   Thumb Code     0  __scatter.o(!!!scatter)
    __scatterload_copy                       0x0800016d   Thumb Code    26  __scatter_copy.o(!!handler_copy)
    __scatterload_zeroinit                   0x08000189   Thumb Code    28  __scatter_zi.o(!!handler_zi)
    __rt_lib_init                            0x080001a5   Thumb Code     0  libinit.o(.ARM.Collect$$libinit$$00000000)
    __rt_lib_init_alloca_1                   0x080001a7   Thumb Code     0  libinit2.o(.ARM.Collect$$libinit$$0000002E)
    __rt_lib_init_argv_1                     0x080001a7   Thumb Code     0  libinit2.o(.ARM.Collect$$libinit$$0000002C)
    __rt_lib_init_atexit_1                   0x080001a7   Thumb Code     0  libinit2.o(.ARM.Collect$$libinit$$0000001B)
    __rt_lib_init_clock_1                    0x080001a7   Thumb Code     0  libinit2.o(.ARM.Collect$$libinit$$00000021)
    __rt_lib_init_cpp_1                      0x080001a7   Thumb Code     0  libinit2.o(.ARM.Collect$$libinit$$00000032)
    __rt_lib_init_exceptions_1               0x080001a7   Thumb Code     0  libinit2.o(.ARM.Collect$$libinit$$00000030)
    __rt_lib_init_fp_1                       0x080001a7   Thumb Code     0  libinit2.o(.ARM.Collect$$libinit$$00000002)
    __rt_lib_init_fp_trap_1                  0x080001a7   Thumb Code     0  libinit2.o(.ARM.Collect$$libinit$$0000001F)
    __rt_lib_init_getenv_1                   0x080001a7   Thumb Code     0  libinit2.o(.ARM.Collect$$libinit$$00000023)
    __rt_lib_init_heap_1                     0x080001a7   Thumb Code     0  libinit2.o(.ARM.Collect$$libinit$$0000000A)
    __rt_lib_init_lc_collate_1               0x080001a7   Thumb Code     0  libinit2.o(.ARM.Collect$$libinit$$00000011)
    __rt_lib_init_lc_ctype_1                 0x080001a7   Thumb Code     0  libinit2.o(.ARM.Collect$$libinit$$00000013)
    __rt_lib_init_lc_monetary_1              0x080001a7   Thumb Code     0  libinit2.o(.ARM.Collect$$libinit$$00000015)
    __rt_lib_init_lc_numeric_1               0x080001a7   Thumb Code     0  libinit2.o(.ARM.Collect$$libinit$$00000017)
    __rt_lib_init_lc_time_1                  0x080001a7   Thumb Code     0  libinit2.o(.ARM.Collect$$libinit$$00000019)
    __rt_lib_init_preinit_1                  0x080001a7   Thumb Code     0  libinit2.o(.ARM.Collect$$libinit$$00000004)
    __rt_lib_init_rand_1                     0x080001a7   Thumb Code     0  libinit2.o(.ARM.Collect$$libinit$$0000000E)
    __rt_lib_init_return                     0x080001a7   Thumb Code     0  libinit2.o(.ARM.Collect$$libinit$$00000033)
    __rt_lib_init_signal_1                   0x080001a7   Thumb Code     0  libinit2.o(.ARM.Collect$$libinit$$0000001D)
    __rt_lib_init_stdio_1                    0x080001a7   Thumb Code     0  libinit2.o(.ARM.Collect$$libinit$$00000025)
    __rt_lib_init_user_alloc_1               0x080001a7   Thumb Code     0  libinit2.o(.ARM.Collect$$libinit$$0000000C)
    __rt_lib_shutdown                        0x080001a9   Thumb Code     0  libshutdown.o(.ARM.Collect$$libshutdown$$00000000)
    __rt_lib_shutdown_cpp_1                  0x080001ab   Thumb Code     0  libshutdown2.o(.ARM.Collect$$libshutdown$$00000002)
    __rt_lib_shutdown_fp_trap_1              0x080001ab   Thumb Code     0  libshutdown2.o(.ARM.Collect$$libshutdown$$00000007)
    __rt_lib_shutdown_heap_1                 0x080001ab   Thumb Code     0  libshutdown2.o(.ARM.Collect$$libshutdown$$0000000F)
    __rt_lib_shutdown_return                 0x080001ab   Thumb Code     0  libshutdown2.o(.ARM.Collect$$libshutdown$$00000010)
    __rt_lib_shutdown_signal_1               0x080001ab   Thumb Code     0  libshutdown2.o(.ARM.Collect$$libshutdown$$0000000A)
    __rt_lib_shutdown_stdio_1                0x080001ab   Thumb Code     0  libshutdown2.o(.ARM.Collect$$libshutdown$$00000004)
    __rt_lib_shutdown_user_alloc_1           0x080001ab   Thumb Code     0  libshutdown2.o(.ARM.Collect$$libshutdown$$0000000C)
    __rt_entry                               0x080001ad   Thumb Code     0  __rtentry.o(.ARM.Collect$$rtentry$$00000000)
    __rt_entry_presh_1                       0x080001ad   Thumb Code     0  __rtentry2.o(.ARM.Collect$$rtentry$$00000002)
    __rt_entry_sh                            0x080001ad   Thumb Code     0  __rtentry4.o(.ARM.Collect$$rtentry$$00000004)
    __rt_entry_li                            0x080001b3   Thumb Code     0  __rtentry2.o(.ARM.Collect$$rtentry$$0000000A)
    __rt_entry_postsh_1                      0x080001b3   Thumb Code     0  __rtentry2.o(.ARM.Collect$$rtentry$$00000009)
    __rt_entry_main                          0x080001b7   Thumb Code     0  __rtentry2.o(.ARM.Collect$$rtentry$$0000000D)
    __rt_entry_postli_1                      0x080001b7   Thumb Code     0  __rtentry2.o(.ARM.Collect$$rtentry$$0000000C)
    __rt_exit                                0x080001bf   Thumb Code     0  rtexit.o(.ARM.Collect$$rtexit$$00000000)
    __rt_exit_ls                             0x080001c1   Thumb Code     0  rtexit2.o(.ARM.Collect$$rtexit$$00000003)
    __rt_exit_prels_1                        0x080001c1   Thumb Code     0  rtexit2.o(.ARM.Collect$$rtexit$$00000002)
    __rt_exit_exit                           0x080001c5   Thumb Code     0  rtexit2.o(.ARM.Collect$$rtexit$$00000004)
    Reset_Handler                            0x080001cd   Thumb Code     8  startup_stm32f103xe.o(.text)
    ADC1_2_IRQHandler                        0x080001e7   Thumb Code     0  startup_stm32f103xe.o(.text)
    ADC3_IRQHandler                          0x080001e7   Thumb Code     0  startup_stm32f103xe.o(.text)
    CAN1_RX1_IRQHandler                      0x080001e7   Thumb Code     0  startup_stm32f103xe.o(.text)
    CAN1_SCE_IRQHandler                      0x080001e7   Thumb Code     0  startup_stm32f103xe.o(.text)
    DMA1_Channel1_IRQHandler                 0x080001e7   Thumb Code     0  startup_stm32f103xe.o(.text)
    DMA1_Channel2_IRQHandler                 0x080001e7   Thumb Code     0  startup_stm32f103xe.o(.text)
    DMA1_Channel3_IRQHandler                 0x080001e7   Thumb Code     0  startup_stm32f103xe.o(.text)
    DMA1_Channel4_IRQHandler                 0x080001e7   Thumb Code     0  startup_stm32f103xe.o(.text)
    DMA1_Channel5_IRQHandler                 0x080001e7   Thumb Code     0  startup_stm32f103xe.o(.text)
    DMA1_Channel6_IRQHandler                 0x080001e7   Thumb Code     0  startup_stm32f103xe.o(.text)
    DMA1_Channel7_IRQHandler                 0x080001e7   Thumb Code     0  startup_stm32f103xe.o(.text)
    DMA2_Channel1_IRQHandler                 0x080001e7   Thumb Code     0  startup_stm32f103xe.o(.text)
    DMA2_Channel2_IRQHandler                 0x080001e7   Thumb Code     0  startup_stm32f103xe.o(.text)
    DMA2_Channel3_IRQHandler                 0x080001e7   Thumb Code     0  startup_stm32f103xe.o(.text)
    DMA2_Channel4_5_IRQHandler               0x080001e7   Thumb Code     0  startup_stm32f103xe.o(.text)
    EXTI0_IRQHandler                         0x080001e7   Thumb Code     0  startup_stm32f103xe.o(.text)
    EXTI15_10_IRQHandler                     0x080001e7   Thumb Code     0  startup_stm32f103xe.o(.text)
    EXTI1_IRQHandler                         0x080001e7   Thumb Code     0  startup_stm32f103xe.o(.text)
    EXTI2_IRQHandler                         0x080001e7   Thumb Code     0  startup_stm32f103xe.o(.text)
    EXTI3_IRQHandler                         0x080001e7   Thumb Code     0  startup_stm32f103xe.o(.text)
    EXTI4_IRQHandler                         0x080001e7   Thumb Code     0  startup_stm32f103xe.o(.text)
    EXTI9_5_IRQHandler                       0x080001e7   Thumb Code     0  startup_stm32f103xe.o(.text)
    FLASH_IRQHandler                         0x080001e7   Thumb Code     0  startup_stm32f103xe.o(.text)
    FSMC_IRQHandler                          0x080001e7   Thumb Code     0  startup_stm32f103xe.o(.text)
    I2C1_ER_IRQHandler                       0x080001e7   Thumb Code     0  startup_stm32f103xe.o(.text)
    I2C1_EV_IRQHandler                       0x080001e7   Thumb Code     0  startup_stm32f103xe.o(.text)
    I2C2_ER_IRQHandler                       0x080001e7   Thumb Code     0  startup_stm32f103xe.o(.text)
    I2C2_EV_IRQHandler                       0x080001e7   Thumb Code     0  startup_stm32f103xe.o(.text)
    PVD_IRQHandler                           0x080001e7   Thumb Code     0  startup_stm32f103xe.o(.text)
    RCC_IRQHandler                           0x080001e7   Thumb Code     0  startup_stm32f103xe.o(.text)
    RTC_Alarm_IRQHandler                     0x080001e7   Thumb Code     0  startup_stm32f103xe.o(.text)
    RTC_IRQHandler                           0x080001e7   Thumb Code     0  startup_stm32f103xe.o(.text)
    SDIO_IRQHandler                          0x080001e7   Thumb Code     0  startup_stm32f103xe.o(.text)
    SPI1_IRQHandler                          0x080001e7   Thumb Code     0  startup_stm32f103xe.o(.text)
    SPI2_IRQHandler                          0x080001e7   Thumb Code     0  startup_stm32f103xe.o(.text)
    SPI3_IRQHandler                          0x080001e7   Thumb Code     0  startup_stm32f103xe.o(.text)
    TAMPER_IRQHandler                        0x080001e7   Thumb Code     0  startup_stm32f103xe.o(.text)
    TIM1_BRK_IRQHandler                      0x080001e7   Thumb Code     0  startup_stm32f103xe.o(.text)
    TIM1_CC_IRQHandler                       0x080001e7   Thumb Code     0  startup_stm32f103xe.o(.text)
    TIM1_TRG_COM_IRQHandler                  0x080001e7   Thumb Code     0  startup_stm32f103xe.o(.text)
    TIM1_UP_IRQHandler                       0x080001e7   Thumb Code     0  startup_stm32f103xe.o(.text)
    TIM2_IRQHandler                          0x080001e7   Thumb Code     0  startup_stm32f103xe.o(.text)
    TIM3_IRQHandler                          0x080001e7   Thumb Code     0  startup_stm32f103xe.o(.text)
    TIM4_IRQHandler                          0x080001e7   Thumb Code     0  startup_stm32f103xe.o(.text)
    TIM5_IRQHandler                          0x080001e7   Thumb Code     0  startup_stm32f103xe.o(.text)
    TIM7_IRQHandler                          0x080001e7   Thumb Code     0  startup_stm32f103xe.o(.text)
    TIM8_BRK_IRQHandler                      0x080001e7   Thumb Code     0  startup_stm32f103xe.o(.text)
    TIM8_CC_IRQHandler                       0x080001e7   Thumb Code     0  startup_stm32f103xe.o(.text)
    TIM8_TRG_COM_IRQHandler                  0x080001e7   Thumb Code     0  startup_stm32f103xe.o(.text)
    TIM8_UP_IRQHandler                       0x080001e7   Thumb Code     0  startup_stm32f103xe.o(.text)
    UART4_IRQHandler                         0x080001e7   Thumb Code     0  startup_stm32f103xe.o(.text)
    UART5_IRQHandler                         0x080001e7   Thumb Code     0  startup_stm32f103xe.o(.text)
    USART1_IRQHandler                        0x080001e7   Thumb Code     0  startup_stm32f103xe.o(.text)
    USBWakeUp_IRQHandler                     0x080001e7   Thumb Code     0  startup_stm32f103xe.o(.text)
    USB_HP_CAN1_TX_IRQHandler                0x080001e7   Thumb Code     0  startup_stm32f103xe.o(.text)
    USB_LP_CAN1_RX0_IRQHandler               0x080001e7   Thumb Code     0  startup_stm32f103xe.o(.text)
    WWDG_IRQHandler                          0x080001e7   Thumb Code     0  startup_stm32f103xe.o(.text)
    __user_initial_stackheap                 0x080001e9   Thumb Code     0  startup_stm32f103xe.o(.text)
    __use_no_semihosting                     0x0800020d   Thumb Code     2  use_no_semi_2.o(.text)
    __aeabi_memcpy                           0x0800020f   Thumb Code     0  rt_memcpy_v6.o(.text)
    __rt_memcpy                              0x0800020f   Thumb Code   138  rt_memcpy_v6.o(.text)
    _memcpy_lastbytes                        0x08000275   Thumb Code     0  rt_memcpy_v6.o(.text)
    __aeabi_memclr4                          0x08000299   Thumb Code     0  rt_memclr_w.o(.text)
    __aeabi_memclr8                          0x08000299   Thumb Code     0  rt_memclr_w.o(.text)
    __rt_memclr_w                            0x08000299   Thumb Code    78  rt_memclr_w.o(.text)
    _memset_w                                0x0800029d   Thumb Code     0  rt_memclr_w.o(.text)
    __use_two_region_memory                  0x080002e7   Thumb Code     2  heapauxi.o(.text)
    __rt_heap_escrow$2region                 0x080002e9   Thumb Code     2  heapauxi.o(.text)
    __rt_heap_expand$2region                 0x080002eb   Thumb Code     2  heapauxi.o(.text)
    __semihosting$guard                      0x080002ed   Thumb Code     0  use_no_semi.o(.text)
    __use_no_semihosting_swi                 0x080002ed   Thumb Code     2  use_no_semi.o(.text)
    __aeabi_memcpy4                          0x080002ef   Thumb Code     0  rt_memcpy_w.o(.text)
    __aeabi_memcpy8                          0x080002ef   Thumb Code     0  rt_memcpy_w.o(.text)
    __rt_memcpy_w                            0x080002ef   Thumb Code   100  rt_memcpy_w.o(.text)
    _memcpy_lastbytes_aligned                0x08000337   Thumb Code     0  rt_memcpy_w.o(.text)
    __user_setup_stackheap                   0x08000353   Thumb Code    74  sys_stackheap_outer.o(.text)
    exit                                     0x0800039d   Thumb Code    18  exit.o(.text)
    __user_libspace                          0x080003b1   Thumb Code     8  libspace.o(.text)
    __user_perproc_libspace                  0x080003b1   Thumb Code     0  libspace.o(.text)
    __user_perthread_libspace                0x080003b1   Thumb Code     0  libspace.o(.text)
    BusFault_Handler                         0x080003b9   Thumb Code     2  stm32f1xx_it.o(i.BusFault_Handler)
    Control_Pwm                              0x080003bd   Thumb Code    94  motor_control.o(i.Control_Pwm)
    DebugMon_Handler                         0x08000421   Thumb Code     2  stm32f1xx_it.o(i.DebugMon_Handler)
    Error_Handler                            0x08000423   Thumb Code     4  main.o(i.Error_Handler)
    HAL_DMA_Abort                            0x08000427   Thumb Code    70  stm32f1xx_hal_dma.o(i.HAL_DMA_Abort)
    HAL_DMA_Abort_IT                         0x0800046d   Thumb Code   296  stm32f1xx_hal_dma.o(i.HAL_DMA_Abort_IT)
    HAL_GPIO_Init                            0x0800059d   Thumb Code   462  stm32f1xx_hal_gpio.o(i.HAL_GPIO_Init)
    HAL_GPIO_TogglePin                       0x08000795   Thumb Code    16  stm32f1xx_hal_gpio.o(i.HAL_GPIO_TogglePin)
    HAL_GPIO_WritePin                        0x080007a5   Thumb Code    10  stm32f1xx_hal_gpio.o(i.HAL_GPIO_WritePin)
    HAL_GetTick                              0x080007b1   Thumb Code     6  stm32f1xx_hal.o(i.HAL_GetTick)
    HAL_IncTick                              0x080007bd   Thumb Code    12  stm32f1xx_hal.o(i.HAL_IncTick)
    HAL_Init                                 0x080007cd   Thumb Code    32  stm32f1xx_hal.o(i.HAL_Init)
    HAL_InitTick                             0x080007f1   Thumb Code    54  stm32f1xx_hal.o(i.HAL_InitTick)
    HAL_MspInit                              0x08000831   Thumb Code    58  stm32f1xx_hal_msp.o(i.HAL_MspInit)
    HAL_NVIC_EnableIRQ                       0x08000875   Thumb Code    26  stm32f1xx_hal_cortex.o(i.HAL_NVIC_EnableIRQ)
    HAL_NVIC_SetPriority                     0x08000891   Thumb Code    60  stm32f1xx_hal_cortex.o(i.HAL_NVIC_SetPriority)
    HAL_NVIC_SetPriorityGrouping             0x080008d1   Thumb Code    26  stm32f1xx_hal_cortex.o(i.HAL_NVIC_SetPriorityGrouping)
    HAL_RCC_ClockConfig                      0x080008f5   Thumb Code   280  stm32f1xx_hal_rcc.o(i.HAL_RCC_ClockConfig)
    HAL_RCC_GetPCLK1Freq                     0x08000a21   Thumb Code    20  stm32f1xx_hal_rcc.o(i.HAL_RCC_GetPCLK1Freq)
    HAL_RCC_GetPCLK2Freq                     0x08000a41   Thumb Code    20  stm32f1xx_hal_rcc.o(i.HAL_RCC_GetPCLK2Freq)
    HAL_RCC_GetSysClockFreq                  0x08000a61   Thumb Code    58  stm32f1xx_hal_rcc.o(i.HAL_RCC_GetSysClockFreq)
    HAL_RCC_OscConfig                        0x08000aad   Thumb Code   778  stm32f1xx_hal_rcc.o(i.HAL_RCC_OscConfig)
    HAL_SYSTICK_Config                       0x08000dcd   Thumb Code    40  stm32f1xx_hal_cortex.o(i.HAL_SYSTICK_Config)
    HAL_TIMEx_BreakCallback                  0x08000df5   Thumb Code     2  stm32f1xx_hal_tim_ex.o(i.HAL_TIMEx_BreakCallback)
    HAL_TIMEx_CommutCallback                 0x08000df7   Thumb Code     2  stm32f1xx_hal_tim_ex.o(i.HAL_TIMEx_CommutCallback)
    HAL_TIMEx_MasterConfigSynchronization    0x08000df9   Thumb Code   104  stm32f1xx_hal_tim_ex.o(i.HAL_TIMEx_MasterConfigSynchronization)
    HAL_TIM_Base_Init                        0x08000e75   Thumb Code    90  stm32f1xx_hal_tim.o(i.HAL_TIM_Base_Init)
    HAL_TIM_Base_MspInit                     0x08000ed1   Thumb Code    72  tim.o(i.HAL_TIM_Base_MspInit)
    HAL_TIM_Base_Start_IT                    0x08000f25   Thumb Code    88  stm32f1xx_hal_tim.o(i.HAL_TIM_Base_Start_IT)
    HAL_TIM_ConfigClockSource                0x08000f91   Thumb Code   220  stm32f1xx_hal_tim.o(i.HAL_TIM_ConfigClockSource)
    HAL_TIM_IC_CaptureCallback               0x0800106d   Thumb Code     2  stm32f1xx_hal_tim.o(i.HAL_TIM_IC_CaptureCallback)
    HAL_TIM_IRQHandler                       0x0800106f   Thumb Code   358  stm32f1xx_hal_tim.o(i.HAL_TIM_IRQHandler)
    HAL_TIM_MspPostInit                      0x080011d5   Thumb Code    64  tim.o(i.HAL_TIM_MspPostInit)
    HAL_TIM_OC_DelayElapsedCallback          0x08001221   Thumb Code     2  stm32f1xx_hal_tim.o(i.HAL_TIM_OC_DelayElapsedCallback)
    HAL_TIM_PWM_ConfigChannel                0x08001223   Thumb Code   204  stm32f1xx_hal_tim.o(i.HAL_TIM_PWM_ConfigChannel)
    HAL_TIM_PWM_Init                         0x080012ef   Thumb Code    90  stm32f1xx_hal_tim.o(i.HAL_TIM_PWM_Init)
    HAL_TIM_PWM_MspInit                      0x08001349   Thumb Code     2  stm32f1xx_hal_tim.o(i.HAL_TIM_PWM_MspInit)
    HAL_TIM_PWM_PulseFinishedCallback        0x0800134b   Thumb Code     2  stm32f1xx_hal_tim.o(i.HAL_TIM_PWM_PulseFinishedCallback)
    HAL_TIM_PWM_Start                        0x0800134d   Thumb Code   160  stm32f1xx_hal_tim.o(i.HAL_TIM_PWM_Start)
    HAL_TIM_PeriodElapsedCallback            0x08001401   Thumb Code    16  motor_control.o(i.HAL_TIM_PeriodElapsedCallback)
    HAL_TIM_TriggerCallback                  0x08001419   Thumb Code     2  stm32f1xx_hal_tim.o(i.HAL_TIM_TriggerCallback)
    HAL_UARTEx_RxEventCallback               0x0800141b   Thumb Code     2  stm32f1xx_hal_uart.o(i.HAL_UARTEx_RxEventCallback)
    HAL_UART_ErrorCallback                   0x0800141d   Thumb Code     2  stm32f1xx_hal_uart.o(i.HAL_UART_ErrorCallback)
    HAL_UART_IRQHandler                      0x08001421   Thumb Code   616  stm32f1xx_hal_uart.o(i.HAL_UART_IRQHandler)
    HAL_UART_Init                            0x0800168d   Thumb Code   100  stm32f1xx_hal_uart.o(i.HAL_UART_Init)
    HAL_UART_MspInit                         0x080016f1   Thumb Code   200  usart.o(i.HAL_UART_MspInit)
    HAL_UART_Receive                         0x080017cd   Thumb Code   172  stm32f1xx_hal_uart.o(i.HAL_UART_Receive)
    HAL_UART_RxCpltCallback                  0x08001879   Thumb Code     2  usart.o(i.HAL_UART_RxCpltCallback)
    HAL_UART_TxCpltCallback                  0x0800187b   Thumb Code     2  stm32f1xx_hal_uart.o(i.HAL_UART_TxCpltCallback)
    HardFault_Handler                        0x0800187d   Thumb Code     2  stm32f1xx_it.o(i.HardFault_Handler)
    Init_data_array                          0x0800187f   Thumb Code    16  receive_data.o(i.Init_data_array)
    MX_GPIO_Init                             0x08001891   Thumb Code   200  gpio.o(i.MX_GPIO_Init)
    MX_TIM3_Init                             0x08001969   Thumb Code   160  tim.o(i.MX_TIM3_Init)
    MX_TIM6_Init                             0x08001a11   Thumb Code    60  tim.o(i.MX_TIM6_Init)
    MX_USART2_UART_Init                      0x08001a55   Thumb Code    48  usart.o(i.MX_USART2_UART_Init)
    MX_USART3_UART_Init                      0x08001a8d   Thumb Code    48  usart.o(i.MX_USART3_UART_Init)
    MemManage_Handler                        0x08001ac5   Thumb Code     2  stm32f1xx_it.o(i.MemManage_Handler)
    Motor_CeTui_Set                          0x08001ac9   Thumb Code    74  motor_control.o(i.Motor_CeTui_Set)
    NMI_Handler                              0x08001b29   Thumb Code     2  stm32f1xx_it.o(i.NMI_Handler)
    PID_calc                                 0x08001b2d   Thumb Code   372  pid.o(i.PID_calc)
    PendSV_Handler                           0x08001ca5   Thumb Code     2  stm32f1xx_it.o(i.PendSV_Handler)
    Receive_Data                             0x08001ca7   Thumb Code   290  receive_data.o(i.Receive_Data)
    SVC_Handler                              0x08001dc9   Thumb Code     2  stm32f1xx_it.o(i.SVC_Handler)
    SysTick_Handler                          0x08001dcb   Thumb Code     4  stm32f1xx_it.o(i.SysTick_Handler)
    SystemClock_Config                       0x08001dcf   Thumb Code    94  main.o(i.SystemClock_Config)
    SystemInit                               0x08001e2d   Thumb Code     2  system_stm32f1xx.o(i.SystemInit)
    TIM6_IRQHandler                          0x08001e31   Thumb Code     6  stm32f1xx_it.o(i.TIM6_IRQHandler)
    TIM_Base_SetConfig                       0x08001e3d   Thumb Code   120  stm32f1xx_hal_tim.o(i.TIM_Base_SetConfig)
    TIM_CCxChannelCmd                        0x08001ec9   Thumb Code    26  stm32f1xx_hal_tim.o(i.TIM_CCxChannelCmd)
    TIM_ETR_SetConfig                        0x08001ee3   Thumb Code    20  stm32f1xx_hal_tim.o(i.TIM_ETR_SetConfig)
    TIM_OC2_SetConfig                        0x08001f69   Thumb Code    98  stm32f1xx_hal_tim.o(i.TIM_OC2_SetConfig)
    USART2_IRQHandler                        0x08002325   Thumb Code    82  stm32f1xx_it.o(i.USART2_IRQHandler)
    USART3_IRQHandler                        0x08002391   Thumb Code     6  stm32f1xx_it.o(i.USART3_IRQHandler)
    UsageFault_Handler                       0x0800239d   Thumb Code     2  stm32f1xx_it.o(i.UsageFault_Handler)
    _sys_exit                                0x080023bf   Thumb Code     2  usart.o(i._sys_exit)
    abs_limit                                0x080023c1   Thumb Code    34  pid.o(i.abs_limit)
    delay_init                               0x080023e5   Thumb Code     6  delay.o(i.delay_init)
    delay_ms                                 0x080023f1   Thumb Code    10  delay.o(i.delay_ms)
    delay_us                                 0x080023fd   Thumb Code    48  delay.o(i.delay_us)
    main                                     0x08002431   Thumb Code   218  main.o(i.main)
    pUartHandle_init                         0x08002545   Thumb Code    16  receive_data.o(i.pUartHandle_init)
    pid_param_init                           0x08002559   Thumb Code    26  pid.o(i.pid_param_init)
    pwmHandle_Init                           0x08002573   Thumb Code    16  motor_control.o(i.pwmHandle_Init)
    rol_reslving                             0x08002585   Thumb Code    48  receive_data.o(i.rol_reslving)
    __aeabi_d2f                              0x080025c1   Thumb Code     0  d2f.o(x$fpl$d2f)
    _d2f                                     0x080025c1   Thumb Code    98  d2f.o(x$fpl$d2f)
    __aeabi_dmul                             0x08002625   Thumb Code     0  dmul.o(x$fpl$dmul)
    _dmul                                    0x08002625   Thumb Code   332  dmul.o(x$fpl$dmul)
    __fpl_dnaninf                            0x08002779   Thumb Code   156  dnaninf.o(x$fpl$dnaninf)
    __fpl_dretinf                            0x08002815   Thumb Code    12  dretinf.o(x$fpl$dretinf)
    __aeabi_f2d                              0x08002821   Thumb Code     0  f2d.o(x$fpl$f2d)
    _f2d                                     0x08002821   Thumb Code    86  f2d.o(x$fpl$f2d)
    __aeabi_fadd                             0x08002879   Thumb Code     0  faddsub_clz.o(x$fpl$fadd)
    _fadd                                    0x08002879   Thumb Code   196  faddsub_clz.o(x$fpl$fadd)
    __fpl_fcheck_NaN1                        0x0800293d   Thumb Code     6  fcheck1.o(x$fpl$fcheck1)
    __fpl_fcmp_Inf                           0x08002949   Thumb Code    24  fcmpi.o(x$fpl$fcmpinf)
    __aeabi_f2iz                             0x08002961   Thumb Code     0  ffix.o(x$fpl$ffix)
    _ffix                                    0x08002961   Thumb Code    54  ffix.o(x$fpl$ffix)
    __aeabi_i2f                              0x08002999   Thumb Code     0  fflt_clz.o(x$fpl$fflt)
    _fflt                                    0x08002999   Thumb Code    48  fflt_clz.o(x$fpl$fflt)
    __aeabi_ui2f                             0x080029c9   Thumb Code     0  fflt_clz.o(x$fpl$ffltu)
    _ffltu                                   0x080029c9   Thumb Code    38  fflt_clz.o(x$fpl$ffltu)
    __aeabi_cfcmple                          0x080029f1   Thumb Code     0  fleqf.o(x$fpl$fleqf)
    _fcmple                                  0x080029f1   Thumb Code   104  fleqf.o(x$fpl$fleqf)
    __fpl_fcmple_InfNaN                      0x08002a43   Thumb Code     0  fleqf.o(x$fpl$fleqf)
    __aeabi_fmul                             0x08002a59   Thumb Code     0  fmul.o(x$fpl$fmul)
    _fmul                                    0x08002a59   Thumb Code   258  fmul.o(x$fpl$fmul)
    __fpl_fnaninf                            0x08002b5b   Thumb Code   140  fnaninf.o(x$fpl$fnaninf)
    __fpl_fretinf                            0x08002be7   Thumb Code    10  fretinf.o(x$fpl$fretinf)
    __aeabi_cfrcmple                         0x08002bf1   Thumb Code     0  frleqf.o(x$fpl$frleqf)
    _frcmple                                 0x08002bf1   Thumb Code    98  frleqf.o(x$fpl$frleqf)
    __aeabi_frsub                            0x08002c53   Thumb Code     0  faddsub_clz.o(x$fpl$frsb)
    _frsb                                    0x08002c53   Thumb Code    20  faddsub_clz.o(x$fpl$frsb)
    __aeabi_fsub                             0x08002c69   Thumb Code     0  faddsub_clz.o(x$fpl$fsub)
    _fsub                                    0x08002c69   Thumb Code   234  faddsub_clz.o(x$fpl$fsub)
    __fpl_return_NaN                         0x08002d53   Thumb Code   100  retnan.o(x$fpl$retnan)
    __ARM_scalbnf                            0x08002db7   Thumb Code    76  scalbnf.o(x$fpl$scalbnf)
    __fpl_cmpreturn                          0x08002e03   Thumb Code    48  trapv.o(x$fpl$trapveneer)
    __I$use$fp                               0x08002e32   Number         0  usenofp.o(x$fpl$usenofp)
    AHBPrescTable                            0x08002e44   Data          16  system_stm32f1xx.o(.constdata)
    APBPrescTable                            0x08002e54   Data           8  system_stm32f1xx.o(.constdata)
    Region$$Table$$Base                      0x08002e5c   Number         0  anon$$obj.o(Region$$Table)
    Region$$Table$$Limit                     0x08002e7c   Number         0  anon$$obj.o(Region$$Table)
    is_cemotor_en                            0x20000004   Data           1  motor_control.o(.data)
    ROL_Angle                                0x20000018   Data           4  usart.o(.data)
    res                                      0x2000001c   Data           1  usart.o(.data)
    uwTickFreq                               0x20000020   Data           1  stm32f1xx_hal.o(.data)
    uwTickPrio                               0x20000024   Data           4  stm32f1xx_hal.o(.data)
    uwTick                                   0x20000028   Data           4  stm32f1xx_hal.o(.data)
    SystemCoreClock                          0x2000002c   Data           4  system_stm32f1xx.o(.data)
    pUartHandle                              0x20000034   Data          56  receive_data.o(.bss)
    Motor_Ce                                 0x2000006c   Data         108  pid.o(.bss)
    pwmHandle_1                              0x200000d8   Data          12  motor_control.o(.bss)
    pwmHandle_2                              0x200000e4   Data          12  motor_control.o(.bss)
    htim3                                    0x200000f0   Data          72  tim.o(.bss)
    htim6                                    0x20000138   Data          72  tim.o(.bss)
    g_RS485_rx_buf                           0x20000180   Data          17  usart.o(.bss)
    huart2                                   0x20000194   Data          72  usart.o(.bss)
    huart3                                   0x200001dc   Data          72  usart.o(.bss)
    __libspace_start                         0x20000224   Data          96  libspace.o(.bss)
    __temporary_stack_top$libspace           0x20000284   Data           0  libspace.o(.bss)



==============================================================================

Memory Map of the image

  Image Entry point : 0x08000131

  Load Region LR_IROM1 (Base: 0x08000000, Size: 0x00002eb0, Max: 0x00080000, ABSOLUTE)

    Execution Region ER_IROM1 (Base: 0x08000000, Size: 0x00002e7c, Max: 0x00080000, ABSOLUTE)

    Base Addr    Size         Type   Attr      Idx    E Section Name        Object

    0x08000000   0x00000130   Data   RO            3    RESET               startup_stm32f103xe.o
    0x08000130   0x00000008   Code   RO         3143  * !!!main             c_w.l(__main.o)
    0x08000138   0x00000034   Code   RO         3352    !!!scatter          c_w.l(__scatter.o)
    0x0800016c   0x0000001a   Code   RO         3354    !!handler_copy      c_w.l(__scatter_copy.o)
    0x08000186   0x00000002   PAD
    0x08000188   0x0000001c   Code   RO         3356    !!handler_zi        c_w.l(__scatter_zi.o)
    0x080001a4   0x00000002   Code   RO         3229    .ARM.Collect$$libinit$$00000000  c_w.l(libinit.o)
    0x080001a6   0x00000000   Code   RO         3238    .ARM.Collect$$libinit$$00000002  c_w.l(libinit2.o)
    0x080001a6   0x00000000   Code   RO         3240    .ARM.Collect$$libinit$$00000004  c_w.l(libinit2.o)
    0x080001a6   0x00000000   Code   RO         3243    .ARM.Collect$$libinit$$0000000A  c_w.l(libinit2.o)
    0x080001a6   0x00000000   Code   RO         3245    .ARM.Collect$$libinit$$0000000C  c_w.l(libinit2.o)
    0x080001a6   0x00000000   Code   RO         3247    .ARM.Collect$$libinit$$0000000E  c_w.l(libinit2.o)
    0x080001a6   0x00000000   Code   RO         3250    .ARM.Collect$$libinit$$00000011  c_w.l(libinit2.o)
    0x080001a6   0x00000000   Code   RO         3252    .ARM.Collect$$libinit$$00000013  c_w.l(libinit2.o)
    0x080001a6   0x00000000   Code   RO         3254    .ARM.Collect$$libinit$$00000015  c_w.l(libinit2.o)
    0x080001a6   0x00000000   Code   RO         3256    .ARM.Collect$$libinit$$00000017  c_w.l(libinit2.o)
    0x080001a6   0x00000000   Code   RO         3258    .ARM.Collect$$libinit$$00000019  c_w.l(libinit2.o)
    0x080001a6   0x00000000   Code   RO         3260    .ARM.Collect$$libinit$$0000001B  c_w.l(libinit2.o)
    0x080001a6   0x00000000   Code   RO         3262    .ARM.Collect$$libinit$$0000001D  c_w.l(libinit2.o)
    0x080001a6   0x00000000   Code   RO         3264    .ARM.Collect$$libinit$$0000001F  c_w.l(libinit2.o)
    0x080001a6   0x00000000   Code   RO         3266    .ARM.Collect$$libinit$$00000021  c_w.l(libinit2.o)
    0x080001a6   0x00000000   Code   RO         3268    .ARM.Collect$$libinit$$00000023  c_w.l(libinit2.o)
    0x080001a6   0x00000000   Code   RO         3270    .ARM.Collect$$libinit$$00000025  c_w.l(libinit2.o)
    0x080001a6   0x00000000   Code   RO         3274    .ARM.Collect$$libinit$$0000002C  c_w.l(libinit2.o)
    0x080001a6   0x00000000   Code   RO         3276    .ARM.Collect$$libinit$$0000002E  c_w.l(libinit2.o)
    0x080001a6   0x00000000   Code   RO         3278    .ARM.Collect$$libinit$$00000030  c_w.l(libinit2.o)
    0x080001a6   0x00000000   Code   RO         3280    .ARM.Collect$$libinit$$00000032  c_w.l(libinit2.o)
    0x080001a6   0x00000002   Code   RO         3281    .ARM.Collect$$libinit$$00000033  c_w.l(libinit2.o)
    0x080001a8   0x00000002   Code   RO         3299    .ARM.Collect$$libshutdown$$00000000  c_w.l(libshutdown.o)
    0x080001aa   0x00000000   Code   RO         3307    .ARM.Collect$$libshutdown$$00000002  c_w.l(libshutdown2.o)
    0x080001aa   0x00000000   Code   RO         3309    .ARM.Collect$$libshutdown$$00000004  c_w.l(libshutdown2.o)
    0x080001aa   0x00000000   Code   RO         3312    .ARM.Collect$$libshutdown$$00000007  c_w.l(libshutdown2.o)
    0x080001aa   0x00000000   Code   RO         3315    .ARM.Collect$$libshutdown$$0000000A  c_w.l(libshutdown2.o)
    0x080001aa   0x00000000   Code   RO         3317    .ARM.Collect$$libshutdown$$0000000C  c_w.l(libshutdown2.o)
    0x080001aa   0x00000000   Code   RO         3320    .ARM.Collect$$libshutdown$$0000000F  c_w.l(libshutdown2.o)
    0x080001aa   0x00000002   Code   RO         3321    .ARM.Collect$$libshutdown$$00000010  c_w.l(libshutdown2.o)
    0x080001ac   0x00000000   Code   RO         3187    .ARM.Collect$$rtentry$$00000000  c_w.l(__rtentry.o)
    0x080001ac   0x00000000   Code   RO         3204    .ARM.Collect$$rtentry$$00000002  c_w.l(__rtentry2.o)
    0x080001ac   0x00000006   Code   RO         3216    .ARM.Collect$$rtentry$$00000004  c_w.l(__rtentry4.o)
    0x080001b2   0x00000000   Code   RO         3206    .ARM.Collect$$rtentry$$00000009  c_w.l(__rtentry2.o)
    0x080001b2   0x00000004   Code   RO         3207    .ARM.Collect$$rtentry$$0000000A  c_w.l(__rtentry2.o)
    0x080001b6   0x00000000   Code   RO         3209    .ARM.Collect$$rtentry$$0000000C  c_w.l(__rtentry2.o)
    0x080001b6   0x00000008   Code   RO         3210    .ARM.Collect$$rtentry$$0000000D  c_w.l(__rtentry2.o)
    0x080001be   0x00000002   Code   RO         3235    .ARM.Collect$$rtexit$$00000000  c_w.l(rtexit.o)
    0x080001c0   0x00000000   Code   RO         3283    .ARM.Collect$$rtexit$$00000002  c_w.l(rtexit2.o)
    0x080001c0   0x00000004   Code   RO         3284    .ARM.Collect$$rtexit$$00000003  c_w.l(rtexit2.o)
    0x080001c4   0x00000006   Code   RO         3285    .ARM.Collect$$rtexit$$00000004  c_w.l(rtexit2.o)
    0x080001ca   0x00000002   PAD
    0x080001cc   0x00000040   Code   RO            4    .text               startup_stm32f103xe.o
    0x0800020c   0x00000002   Code   RO         3133    .text               c_w.l(use_no_semi_2.o)
    0x0800020e   0x0000008a   Code   RO         3137    .text               c_w.l(rt_memcpy_v6.o)
    0x08000298   0x0000004e   Code   RO         3139    .text               c_w.l(rt_memclr_w.o)
    0x080002e6   0x00000006   Code   RO         3141    .text               c_w.l(heapauxi.o)
    0x080002ec   0x00000002   Code   RO         3185    .text               c_w.l(use_no_semi.o)
    0x080002ee   0x00000064   Code   RO         3188    .text               c_w.l(rt_memcpy_w.o)
    0x08000352   0x0000004a   Code   RO         3220    .text               c_w.l(sys_stackheap_outer.o)
    0x0800039c   0x00000012   Code   RO         3222    .text               c_w.l(exit.o)
    0x080003ae   0x00000002   PAD
    0x080003b0   0x00000008   Code   RO         3232    .text               c_w.l(libspace.o)
    0x080003b8   0x00000002   Code   RO          507    i.BusFault_Handler  stm32f1xx_it.o
    0x080003ba   0x00000002   PAD
    0x080003bc   0x00000064   Code   RO          215    i.Control_Pwm       motor_control.o
    0x08000420   0x00000002   Code   RO          508    i.DebugMon_Handler  stm32f1xx_it.o
    0x08000422   0x00000004   Code   RO          287    i.Error_Handler     main.o
    0x08000426   0x00000046   Code   RO         2014    i.HAL_DMA_Abort     stm32f1xx_hal_dma.o
    0x0800046c   0x00000130   Code   RO         2015    i.HAL_DMA_Abort_IT  stm32f1xx_hal_dma.o
    0x0800059c   0x000001f8   Code   RO         1950    i.HAL_GPIO_Init     stm32f1xx_hal_gpio.o
    0x08000794   0x00000010   Code   RO         1953    i.HAL_GPIO_TogglePin  stm32f1xx_hal_gpio.o
    0x080007a4   0x0000000a   Code   RO         1954    i.HAL_GPIO_WritePin  stm32f1xx_hal_gpio.o
    0x080007ae   0x00000002   PAD
    0x080007b0   0x0000000c   Code   RO         1644    i.HAL_GetTick       stm32f1xx_hal.o
    0x080007bc   0x00000010   Code   RO         1650    i.HAL_IncTick       stm32f1xx_hal.o
    0x080007cc   0x00000024   Code   RO         1651    i.HAL_Init          stm32f1xx_hal.o
    0x080007f0   0x00000040   Code   RO         1652    i.HAL_InitTick      stm32f1xx_hal.o
    0x08000830   0x00000044   Code   RO          600    i.HAL_MspInit       stm32f1xx_hal_msp.o
    0x08000874   0x0000001a   Code   RO         2110    i.HAL_NVIC_EnableIRQ  stm32f1xx_hal_cortex.o
    0x0800088e   0x00000002   PAD
    0x08000890   0x00000040   Code   RO         2116    i.HAL_NVIC_SetPriority  stm32f1xx_hal_cortex.o
    0x080008d0   0x00000024   Code   RO         2117    i.HAL_NVIC_SetPriorityGrouping  stm32f1xx_hal_cortex.o
    0x080008f4   0x0000012c   Code   RO         1808    i.HAL_RCC_ClockConfig  stm32f1xx_hal_rcc.o
    0x08000a20   0x00000020   Code   RO         1815    i.HAL_RCC_GetPCLK1Freq  stm32f1xx_hal_rcc.o
    0x08000a40   0x00000020   Code   RO         1816    i.HAL_RCC_GetPCLK2Freq  stm32f1xx_hal_rcc.o
    0x08000a60   0x0000004c   Code   RO         1817    i.HAL_RCC_GetSysClockFreq  stm32f1xx_hal_rcc.o
    0x08000aac   0x00000320   Code   RO         1820    i.HAL_RCC_OscConfig  stm32f1xx_hal_rcc.o
    0x08000dcc   0x00000028   Code   RO         2121    i.HAL_SYSTICK_Config  stm32f1xx_hal_cortex.o
    0x08000df4   0x00000002   Code   RO         1366    i.HAL_TIMEx_BreakCallback  stm32f1xx_hal_tim_ex.o
    0x08000df6   0x00000002   Code   RO         1367    i.HAL_TIMEx_CommutCallback  stm32f1xx_hal_tim_ex.o
    0x08000df8   0x0000007c   Code   RO         1385    i.HAL_TIMEx_MasterConfigSynchronization  stm32f1xx_hal_tim_ex.o
    0x08000e74   0x0000005a   Code   RO          662    i.HAL_TIM_Base_Init  stm32f1xx_hal_tim.o
    0x08000ece   0x00000002   PAD
    0x08000ed0   0x00000054   Code   RO          359    i.HAL_TIM_Base_MspInit  tim.o
    0x08000f24   0x0000006c   Code   RO          667    i.HAL_TIM_Base_Start_IT  stm32f1xx_hal_tim.o
    0x08000f90   0x000000dc   Code   RO          671    i.HAL_TIM_ConfigClockSource  stm32f1xx_hal_tim.o
    0x0800106c   0x00000002   Code   RO          696    i.HAL_TIM_IC_CaptureCallback  stm32f1xx_hal_tim.o
    0x0800106e   0x00000166   Code   RO          710    i.HAL_TIM_IRQHandler  stm32f1xx_hal_tim.o
    0x080011d4   0x0000004c   Code   RO          360    i.HAL_TIM_MspPostInit  tim.o
    0x08001220   0x00000002   Code   RO          713    i.HAL_TIM_OC_DelayElapsedCallback  stm32f1xx_hal_tim.o
    0x08001222   0x000000cc   Code   RO          734    i.HAL_TIM_PWM_ConfigChannel  stm32f1xx_hal_tim.o
    0x080012ee   0x0000005a   Code   RO          737    i.HAL_TIM_PWM_Init  stm32f1xx_hal_tim.o
    0x08001348   0x00000002   Code   RO          739    i.HAL_TIM_PWM_MspInit  stm32f1xx_hal_tim.o
    0x0800134a   0x00000002   Code   RO          740    i.HAL_TIM_PWM_PulseFinishedCallback  stm32f1xx_hal_tim.o
    0x0800134c   0x000000b4   Code   RO          742    i.HAL_TIM_PWM_Start  stm32f1xx_hal_tim.o
    0x08001400   0x00000018   Code   RO          216    i.HAL_TIM_PeriodElapsedCallback  motor_control.o
    0x08001418   0x00000002   Code   RO          753    i.HAL_TIM_TriggerCallback  stm32f1xx_hal_tim.o
    0x0800141a   0x00000002   Code   RO         2622    i.HAL_UARTEx_RxEventCallback  stm32f1xx_hal_uart.o
    0x0800141c   0x00000002   Code   RO         2636    i.HAL_UART_ErrorCallback  stm32f1xx_hal_uart.o
    0x0800141e   0x00000002   PAD
    0x08001420   0x0000026c   Code   RO         2639    i.HAL_UART_IRQHandler  stm32f1xx_hal_uart.o
    0x0800168c   0x00000064   Code   RO         2640    i.HAL_UART_Init     stm32f1xx_hal_uart.o
    0x080016f0   0x000000dc   Code   RO          418    i.HAL_UART_MspInit  usart.o
    0x080017cc   0x000000ac   Code   RO         2643    i.HAL_UART_Receive  stm32f1xx_hal_uart.o
    0x08001878   0x00000002   Code   RO          419    i.HAL_UART_RxCpltCallback  usart.o
    0x0800187a   0x00000002   Code   RO         2651    i.HAL_UART_TxCpltCallback  stm32f1xx_hal_uart.o
    0x0800187c   0x00000002   Code   RO          509    i.HardFault_Handler  stm32f1xx_it.o
    0x0800187e   0x00000010   Code   RO           10    i.Init_data_array   receive_data.o
    0x0800188e   0x00000002   PAD
    0x08001890   0x000000d8   Code   RO          333    i.MX_GPIO_Init      gpio.o
    0x08001968   0x000000a8   Code   RO          361    i.MX_TIM3_Init      tim.o
    0x08001a10   0x00000044   Code   RO          362    i.MX_TIM6_Init      tim.o
    0x08001a54   0x00000038   Code   RO          420    i.MX_USART2_UART_Init  usart.o
    0x08001a8c   0x00000038   Code   RO          421    i.MX_USART3_UART_Init  usart.o
    0x08001ac4   0x00000002   Code   RO          510    i.MemManage_Handler  stm32f1xx_it.o
    0x08001ac6   0x00000002   PAD
    0x08001ac8   0x00000060   Code   RO          217    i.Motor_CeTui_Set   motor_control.o
    0x08001b28   0x00000002   Code   RO          511    i.NMI_Handler       stm32f1xx_it.o
    0x08001b2a   0x00000002   PAD
    0x08001b2c   0x00000178   Code   RO           60    i.PID_calc          pid.o
    0x08001ca4   0x00000002   Code   RO          512    i.PendSV_Handler    stm32f1xx_it.o
    0x08001ca6   0x00000122   Code   RO           11    i.Receive_Data      receive_data.o
    0x08001dc8   0x00000002   Code   RO          513    i.SVC_Handler       stm32f1xx_it.o
    0x08001dca   0x00000004   Code   RO          514    i.SysTick_Handler   stm32f1xx_it.o
    0x08001dce   0x0000005e   Code   RO          288    i.SystemClock_Config  main.o
    0x08001e2c   0x00000002   Code   RO         2974    i.SystemInit        system_stm32f1xx.o
    0x08001e2e   0x00000002   PAD
    0x08001e30   0x0000000c   Code   RO          515    i.TIM6_IRQHandler   stm32f1xx_it.o
    0x08001e3c   0x0000008c   Code   RO          755    i.TIM_Base_SetConfig  stm32f1xx_hal_tim.o
    0x08001ec8   0x0000001a   Code   RO          756    i.TIM_CCxChannelCmd  stm32f1xx_hal_tim.o
    0x08001ee2   0x00000014   Code   RO          766    i.TIM_ETR_SetConfig  stm32f1xx_hal_tim.o
    0x08001ef6   0x00000010   Code   RO          767    i.TIM_ITRx_SetConfig  stm32f1xx_hal_tim.o
    0x08001f06   0x00000002   PAD
    0x08001f08   0x00000060   Code   RO          768    i.TIM_OC1_SetConfig  stm32f1xx_hal_tim.o
    0x08001f68   0x0000006c   Code   RO          769    i.TIM_OC2_SetConfig  stm32f1xx_hal_tim.o
    0x08001fd4   0x00000068   Code   RO          770    i.TIM_OC3_SetConfig  stm32f1xx_hal_tim.o
    0x0800203c   0x00000050   Code   RO          771    i.TIM_OC4_SetConfig  stm32f1xx_hal_tim.o
    0x0800208c   0x00000022   Code   RO          773    i.TIM_TI1_ConfigInputStage  stm32f1xx_hal_tim.o
    0x080020ae   0x00000024   Code   RO          775    i.TIM_TI2_ConfigInputStage  stm32f1xx_hal_tim.o
    0x080020d2   0x00000010   Code   RO         2653    i.UART_DMAAbortOnError  stm32f1xx_hal_uart.o
    0x080020e2   0x0000004e   Code   RO         2663    i.UART_EndRxTransfer  stm32f1xx_hal_uart.o
    0x08002130   0x000000c2   Code   RO         2665    i.UART_Receive_IT   stm32f1xx_hal_uart.o
    0x080021f2   0x00000002   PAD
    0x080021f4   0x000000b8   Code   RO         2666    i.UART_SetConfig    stm32f1xx_hal_uart.o
    0x080022ac   0x00000078   Code   RO         2669    i.UART_WaitOnFlagUntilTimeout  stm32f1xx_hal_uart.o
    0x08002324   0x0000006c   Code   RO          516    i.USART2_IRQHandler  stm32f1xx_it.o
    0x08002390   0x0000000c   Code   RO          517    i.USART3_IRQHandler  stm32f1xx_it.o
    0x0800239c   0x00000002   Code   RO          518    i.UsageFault_Handler  stm32f1xx_it.o
    0x0800239e   0x00000020   Code   RO         2123    i.__NVIC_SetPriority  stm32f1xx_hal_cortex.o
    0x080023be   0x00000002   Code   RO          423    i._sys_exit         usart.o
    0x080023c0   0x00000022   Code   RO           62    i.abs_limit         pid.o
    0x080023e2   0x00000002   PAD
    0x080023e4   0x0000000c   Code   RO         3012    i.delay_init        delay.o
    0x080023f0   0x0000000a   Code   RO         3013    i.delay_ms          delay.o
    0x080023fa   0x00000002   PAD
    0x080023fc   0x00000034   Code   RO         3014    i.delay_us          delay.o
    0x08002430   0x00000114   Code   RO          289    i.main              main.o
    0x08002544   0x00000014   Code   RO           12    i.pUartHandle_init  receive_data.o
    0x08002558   0x0000001a   Code   RO           64    i.pid_param_init    pid.o
    0x08002572   0x00000010   Code   RO          218    i.pwmHandle_Init    motor_control.o
    0x08002582   0x00000002   PAD
    0x08002584   0x0000003c   Code   RO           13    i.rol_reslving      receive_data.o
    0x080025c0   0x00000062   Code   RO         3145    x$fpl$d2f           fz_ws.l(d2f.o)
    0x08002622   0x00000002   PAD
    0x08002624   0x00000154   Code   RO         3153    x$fpl$dmul          fz_ws.l(dmul.o)
    0x08002778   0x0000009c   Code   RO         3190    x$fpl$dnaninf       fz_ws.l(dnaninf.o)
    0x08002814   0x0000000c   Code   RO         3192    x$fpl$dretinf       fz_ws.l(dretinf.o)
    0x08002820   0x00000056   Code   RO         3155    x$fpl$f2d           fz_ws.l(f2d.o)
    0x08002876   0x00000002   PAD
    0x08002878   0x000000c4   Code   RO         3157    x$fpl$fadd          fz_ws.l(faddsub_clz.o)
    0x0800293c   0x0000000c   Code   RO         3194    x$fpl$fcheck1       fz_ws.l(fcheck1.o)
    0x08002948   0x00000018   Code   RO         3196    x$fpl$fcmpinf       fz_ws.l(fcmpi.o)
    0x08002960   0x00000036   Code   RO         3167    x$fpl$ffix          fz_ws.l(ffix.o)
    0x08002996   0x00000002   PAD
    0x08002998   0x00000030   Code   RO         3172    x$fpl$fflt          fz_ws.l(fflt_clz.o)
    0x080029c8   0x00000026   Code   RO         3171    x$fpl$ffltu         fz_ws.l(fflt_clz.o)
    0x080029ee   0x00000002   PAD
    0x080029f0   0x00000068   Code   RO         3177    x$fpl$fleqf         fz_ws.l(fleqf.o)
    0x08002a58   0x00000102   Code   RO         3179    x$fpl$fmul          fz_ws.l(fmul.o)
    0x08002b5a   0x0000008c   Code   RO         3198    x$fpl$fnaninf       fz_ws.l(fnaninf.o)
    0x08002be6   0x0000000a   Code   RO         3200    x$fpl$fretinf       fz_ws.l(fretinf.o)
    0x08002bf0   0x00000062   Code   RO         3181    x$fpl$frleqf        fz_ws.l(frleqf.o)
    0x08002c52   0x00000014   Code   RO         3158    x$fpl$frsb          fz_ws.l(faddsub_clz.o)
    0x08002c66   0x00000002   PAD
    0x08002c68   0x000000ea   Code   RO         3159    x$fpl$fsub          fz_ws.l(faddsub_clz.o)
    0x08002d52   0x00000064   Code   RO         3218    x$fpl$retnan        fz_ws.l(retnan.o)
    0x08002db6   0x0000004c   Code   RO         3183    x$fpl$scalbnf       fz_ws.l(scalbnf.o)
    0x08002e02   0x00000030   Code   RO         3230    x$fpl$trapveneer    fz_ws.l(trapv.o)
    0x08002e32   0x00000000   Code   RO         3202    x$fpl$usenofp       fz_ws.l(usenofp.o)
    0x08002e32   0x00000012   Data   RO         1821    .constdata          stm32f1xx_hal_rcc.o
    0x08002e44   0x00000010   Data   RO         2975    .constdata          system_stm32f1xx.o
    0x08002e54   0x00000008   Data   RO         2976    .constdata          system_stm32f1xx.o
    0x08002e5c   0x00000020   Data   RO         3350    Region$$Table       anon$$obj.o


    Execution Region RW_IRAM1 (Base: 0x20000000, Size: 0x00000888, Max: 0x00010000, ABSOLUTE)

    Base Addr    Size         Type   Attr      Idx    E Section Name        Object

    0x20000000   0x00000004   Data   RW           69    .data               pid.o
    0x20000004   0x00000014   Data   RW          220    .data               motor_control.o
    0x20000018   0x00000004   Data   RW          432    .data               usart.o
    0x2000001c   0x00000001   Data   RW          434    .data               usart.o
    0x2000001d   0x00000003   PAD
    0x20000020   0x0000000c   Data   RW         1658    .data               stm32f1xx_hal.o
    0x2000002c   0x00000004   Data   RW         2977    .data               system_stm32f1xx.o
    0x20000030   0x00000004   Data   RW         3015    .data               delay.o
    0x20000034   0x00000038   Zero   RW           14    .bss                receive_data.o
    0x2000006c   0x0000006c   Zero   RW           68    .bss                pid.o
    0x200000d8   0x00000018   Zero   RW          219    .bss                motor_control.o
    0x200000f0   0x00000090   Zero   RW          363    .bss                tim.o
    0x20000180   0x00000011   Zero   RW          428    .bss                usart.o
    0x20000191   0x00000003   PAD
    0x20000194   0x00000090   Zero   RW          429    .bss                usart.o
    0x20000224   0x00000060   Zero   RW         3233    .bss                c_w.l(libspace.o)
    0x20000284   0x00000004   PAD
    0x20000288   0x00000200   Zero   RW            2    HEAP                startup_stm32f103xe.o
    0x20000488   0x00000400   Zero   RW            1    STACK               startup_stm32f103xe.o


==============================================================================

Image component sizes


      Code (inc. data)   RO Data    RW Data    ZI Data      Debug   Object Name

        74         10          0          4          0       2135   delay.o
       216         16          0          0          0        987   gpio.o
       374         58          0          0          0       2072   main.o
       236         36          0         20         24       3749   motor_control.o
       436          4          0          4        108     487869   pid.o
       386         28          0          0         56       5355   receive_data.o
        64         26        304          0       1536        816   startup_stm32f103xe.o
       128         24          0         12          0       5925   stm32f1xx_hal.o
       198         14          0          0          0      28975   stm32f1xx_hal_cortex.o
       374          8          0          0          0       1847   stm32f1xx_hal_dma.o
       530         42          0          0          0       3537   stm32f1xx_hal_gpio.o
        68         10          0          0          0        850   stm32f1xx_hal_msp.o
      1240         84         18          0          0       5140   stm32f1xx_hal_rcc.o
      1920         96          0          0          0      16302   stm32f1xx_hal_tim.o
       128         20          0          0          0       2417   stm32f1xx_hal_tim_ex.o
      1490         10          0          0          0       9557   stm32f1xx_hal_uart.o
       152         38          0          0          0       5200   stm32f1xx_it.o
         2          0         24          4          0       1107   system_stm32f1xx.o
       396         40          0          0        144       2901   tim.o
       336         36          0          5        161       4879   usart.o

    ----------------------------------------------------------------------
      8776        600        378         52       2032     591620   Object Totals
         0          0         32          0          0          0   (incl. Generated)
        28          0          0          3          3          0   (incl. Padding)

    ----------------------------------------------------------------------

      Code (inc. data)   RO Data    RW Data    ZI Data      Debug   Library Member Name

         8          0          0          0          0         68   __main.o
         0          0          0          0          0          0   __rtentry.o
        12          0          0          0          0          0   __rtentry2.o
         6          0          0          0          0          0   __rtentry4.o
        52          8          0          0          0          0   __scatter.o
        26          0          0          0          0          0   __scatter_copy.o
        28          0          0          0          0          0   __scatter_zi.o
        18          0          0          0          0         80   exit.o
         6          0          0          0          0        152   heapauxi.o
         2          0          0          0          0          0   libinit.o
         2          0          0          0          0          0   libinit2.o
         2          0          0          0          0          0   libshutdown.o
         2          0          0          0          0          0   libshutdown2.o
         8          4          0          0         96         68   libspace.o
        78          0          0          0          0         80   rt_memclr_w.o
       138          0          0          0          0         68   rt_memcpy_v6.o
       100          0          0          0          0         80   rt_memcpy_w.o
         2          0          0          0          0          0   rtexit.o
        10          0          0          0          0          0   rtexit2.o
        74          0          0          0          0         80   sys_stackheap_outer.o
         2          0          0          0          0         68   use_no_semi.o
         2          0          0          0          0         68   use_no_semi_2.o
        98          4          0          0          0         92   d2f.o
       340         12          0          0          0        104   dmul.o
       156          4          0          0          0         92   dnaninf.o
        12          0          0          0          0         68   dretinf.o
        86          4          0          0          0         84   f2d.o
       450          8          0          0          0        236   faddsub_clz.o
        12          4          0          0          0         68   fcheck1.o
        24          0          0          0          0         68   fcmpi.o
        54          4          0          0          0         84   ffix.o
        86          0          0          0          0        136   fflt_clz.o
       104          4          0          0          0         84   fleqf.o
       258          4          0          0          0         84   fmul.o
       140          4          0          0          0         84   fnaninf.o
        10          0          0          0          0         68   fretinf.o
        98          0          0          0          0         68   frleqf.o
       100          0          0          0          0         68   retnan.o
        76          0          0          0          0         68   scalbnf.o
        48          0          0          0          0         68   trapv.o
         0          0          0          0          0          0   usenofp.o

    ----------------------------------------------------------------------
      2746         64          0          0        100       2436   Library Totals
        16          0          0          0          4          0   (incl. Padding)

    ----------------------------------------------------------------------

      Code (inc. data)   RO Data    RW Data    ZI Data      Debug   Library Name

       578         12          0          0         96        812   c_w.l
      2152         52          0          0          0       1624   fz_ws.l

    ----------------------------------------------------------------------
      2746         64          0          0        100       2436   Library Totals

    ----------------------------------------------------------------------

==============================================================================


      Code (inc. data)   RO Data    RW Data    ZI Data      Debug   

     11522        664        378         52       2132     587916   Grand Totals
     11522        664        378         52       2132     587916   ELF Image Totals
     11522        664        378         52          0          0   ROM Totals

==============================================================================

    Total RO  Size (Code + RO Data)                11900 (  11.62kB)
    Total RW  Size (RW Data + ZI Data)              2184 (   2.13kB)
    Total ROM Size (Code + RO Data + RW Data)      11952 (  11.67kB)

==============================================================================

